2026-03-15 02:08:43 | INFO | JAX DEVICES: [CudaDevice(id=0)]
2026-03-15 02:08:43 | INFO | Starting training of REINFORCE agent with seed=1, num_episodes=500, max_steps=50
2026-03-15 02:08:43 | INFO | Environment parameters: EnvParams(grid_rows=5, grid_cols=5, max_steps=40, start_row=4, start_col=0, goal_row=0, goal_col=4, trap_row=1, trap_col=3, step_penalty=-0.05, trap_penalty=-2.0, invalid_penalty=-0.2, goal_reward=10.0)
2026-03-15 02:08:46 | INFO | Episode 1/500 - Reward: -3.80, Length: 40, Loss: -0.5583
2026-03-15 02:08:47 | INFO | Episode 2/500 - Reward: -4.70, Length: 40, Loss: -0.5528
2026-03-15 02:08:47 | INFO | Episode 3/500 - Reward: -4.85, Length: 40, Loss: -0.6311
2026-03-15 02:08:47 | INFO | Episode 4/500 - Reward: -4.55, Length: 40, Loss: -0.5549
2026-03-15 02:08:48 | INFO | Episode 5/500 - Reward: -3.80, Length: 40, Loss: -0.5402
2026-03-15 02:08:48 | INFO | Episode 6/500 - Reward: -4.55, Length: 40, Loss: -0.4684
2026-03-15 02:08:49 | INFO | Episode 7/500 - Reward: -4.10, Length: 40, Loss: -0.5475
2026-03-15 02:08:49 | INFO | Episode 8/500 - Reward: 8.15, Length: 26, Loss: 0.8146
2026-03-15 02:08:50 | INFO | Episode 9/500 - Reward: -5.60, Length: 40, Loss: -0.4793
2026-03-15 02:08:50 | INFO | Episode 10/500 - Reward: -4.55, Length: 40, Loss: -0.5644
2026-03-15 02:08:50 | INFO | Episode 11/500 - Reward: -5.75, Length: 40, Loss: -0.4008
2026-03-15 02:08:50 | INFO | Episode 12/500 - Reward: -4.25, Length: 40, Loss: -0.5790
2026-03-15 02:08:50 | INFO | Episode 13/500 - Reward: -5.15, Length: 40, Loss: -0.6345
2026-03-15 02:08:50 | INFO | Episode 14/500 - Reward: -3.50, Length: 40, Loss: -0.5284
2026-03-15 02:08:51 | INFO | Episode 15/500 - Reward: -5.90, Length: 40, Loss: -0.3776
2026-03-15 02:08:51 | INFO | Episode 16/500 - Reward: -3.35, Length: 40, Loss: -0.5075
2026-03-15 02:08:52 | INFO | Episode 17/500 - Reward: 5.30, Length: 35, Loss: 0.3357
2026-03-15 02:08:52 | INFO | Episode 18/500 - Reward: -4.25, Length: 40, Loss: -0.6522
2026-03-15 02:08:53 | INFO | Episode 19/500 - Reward: -4.25, Length: 40, Loss: -0.4378
2026-03-15 02:08:53 | INFO | Episode 20/500 - Reward: -3.65, Length: 40, Loss: -0.5398
2026-03-15 02:08:53 | INFO | Episode 21/500 - Reward: -4.85, Length: 40, Loss: -0.4247
2026-03-15 02:08:54 | INFO | Episode 22/500 - Reward: -3.50, Length: 40, Loss: -0.4988
2026-03-15 02:08:54 | INFO | Episode 23/500 - Reward: -3.65, Length: 40, Loss: -0.4552
2026-03-15 02:08:55 | INFO | Episode 24/500 - Reward: -4.10, Length: 40, Loss: -0.6500
2026-03-15 02:08:55 | INFO | Episode 25/500 - Reward: -3.95, Length: 40, Loss: -0.4089
2026-03-15 02:08:56 | INFO | Episode 26/500 - Reward: -2.90, Length: 40, Loss: -0.4710
2026-03-15 02:08:56 | INFO | Episode 27/500 - Reward: 7.25, Length: 35, Loss: 0.4710
2026-03-15 02:08:56 | INFO | Episode 28/500 - Reward: -3.05, Length: 40, Loss: -0.2952
2026-03-15 02:08:57 | INFO | Episode 29/500 - Reward: -3.65, Length: 40, Loss: -0.3856
2026-03-15 02:08:57 | INFO | Episode 30/500 - Reward: -3.05, Length: 40, Loss: -0.3569
2026-03-15 02:08:58 | INFO | Episode 31/500 - Reward: -3.65, Length: 40, Loss: -0.5407
2026-03-15 02:08:58 | INFO | Episode 32/500 - Reward: 0.50, Length: 35, Loss: 0.2661
2026-03-15 02:08:58 | INFO | Episode 33/500 - Reward: -5.90, Length: 40, Loss: -0.5274
2026-03-15 02:08:59 | INFO | Episode 34/500 - Reward: 3.05, Length: 32, Loss: 0.3297
2026-03-15 02:08:59 | INFO | Episode 35/500 - Reward: -9.05, Length: 40, Loss: -0.4467
2026-03-15 02:09:00 | INFO | Episode 36/500 - Reward: -4.40, Length: 40, Loss: -0.1880
2026-03-15 02:09:00 | INFO | Episode 37/500 - Reward: -8.75, Length: 40, Loss: -0.3669
2026-03-15 02:09:01 | INFO | Episode 38/500 - Reward: -5.45, Length: 40, Loss: -0.2337
2026-03-15 02:09:01 | INFO | Episode 39/500 - Reward: -5.30, Length: 40, Loss: -0.3138
2026-03-15 02:09:01 | INFO | Episode 40/500 - Reward: -3.50, Length: 40, Loss: -0.4326
2026-03-15 02:09:02 | INFO | Episode 41/500 - Reward: -3.80, Length: 40, Loss: -0.4725
2026-03-15 02:09:02 | INFO | Episode 42/500 - Reward: -5.60, Length: 40, Loss: -0.3668
2026-03-15 02:09:03 | INFO | Episode 43/500 - Reward: -2.90, Length: 40, Loss: -0.5786
2026-03-15 02:09:03 | INFO | Episode 44/500 - Reward: -4.25, Length: 40, Loss: -0.4159
2026-03-15 02:09:04 | INFO | Episode 45/500 - Reward: -3.20, Length: 40, Loss: -0.3301
2026-03-15 02:09:04 | INFO | Episode 46/500 - Reward: -3.20, Length: 40, Loss: -0.2587
2026-03-15 02:09:05 | INFO | Episode 47/500 - Reward: -2.90, Length: 40, Loss: -0.4091
2026-03-15 02:09:05 | INFO | Episode 48/500 - Reward: -3.20, Length: 40, Loss: -0.3606
2026-03-15 02:09:05 | INFO | Episode 49/500 - Reward: -2.90, Length: 40, Loss: -0.4072
2026-03-15 02:09:06 | INFO | Episode 50/500 - Reward: -3.20, Length: 40, Loss: -0.4122
2026-03-15 02:09:06 | INFO | Episode 50/500 - Avg Reward: -3.40, Avg Length: 39.26, Avg Loss: -0.3669
2026-03-15 02:09:06 | INFO | Episode 51/500 - Reward: -3.95, Length: 40, Loss: -0.3861
2026-03-15 02:09:07 | INFO | Episode 52/500 - Reward: -3.50, Length: 40, Loss: -0.5232
2026-03-15 02:09:07 | INFO | Episode 53/500 - Reward: -3.20, Length: 40, Loss: -0.4671
2026-03-15 02:09:08 | INFO | Episode 54/500 - Reward: -3.20, Length: 40, Loss: -0.5652
2026-03-15 02:09:08 | INFO | Episode 55/500 - Reward: -2.00, Length: 40, Loss: -0.2715
2026-03-15 02:09:09 | INFO | Episode 56/500 - Reward: -3.05, Length: 40, Loss: -0.3382
2026-03-15 02:09:09 | INFO | Episode 57/500 - Reward: -2.90, Length: 40, Loss: -0.2864
2026-03-15 02:09:09 | INFO | Episode 58/500 - Reward: -4.25, Length: 40, Loss: -0.2758
2026-03-15 02:09:10 | INFO | Episode 59/500 - Reward: -2.75, Length: 40, Loss: -0.3327
2026-03-15 02:09:10 | INFO | Episode 60/500 - Reward: -2.15, Length: 40, Loss: -0.2877
2026-03-15 02:09:11 | INFO | Episode 61/500 - Reward: -4.25, Length: 40, Loss: -0.3987
2026-03-15 02:09:11 | INFO | Episode 62/500 - Reward: -6.65, Length: 40, Loss: -0.5546
2026-03-15 02:09:12 | INFO | Episode 63/500 - Reward: -4.10, Length: 40, Loss: -0.2840
2026-03-15 02:09:12 | INFO | Episode 64/500 - Reward: -2.75, Length: 40, Loss: -0.4671
2026-03-15 02:09:12 | INFO | Episode 65/500 - Reward: -5.15, Length: 40, Loss: -0.1962
2026-03-15 02:09:13 | INFO | Episode 66/500 - Reward: -4.25, Length: 40, Loss: -0.3902
2026-03-15 02:09:13 | INFO | Episode 67/500 - Reward: -3.35, Length: 40, Loss: -0.4330
2026-03-15 02:09:14 | INFO | Episode 68/500 - Reward: -3.65, Length: 40, Loss: -0.3535
2026-03-15 02:09:14 | INFO | Episode 69/500 - Reward: -2.45, Length: 40, Loss: -0.3409
2026-03-15 02:09:15 | INFO | Episode 70/500 - Reward: 5.40, Length: 30, Loss: 0.7422
2026-03-15 02:09:15 | INFO | Episode 71/500 - Reward: -3.05, Length: 40, Loss: -0.3382
2026-03-15 02:09:15 | INFO | Episode 72/500 - Reward: -3.50, Length: 40, Loss: -0.4067
2026-03-15 02:09:16 | INFO | Episode 73/500 - Reward: -3.95, Length: 40, Loss: -0.6084
2026-03-15 02:09:16 | INFO | Episode 74/500 - Reward: -2.45, Length: 40, Loss: -0.2523
2026-03-15 02:09:17 | INFO | Episode 75/500 - Reward: -2.30, Length: 40, Loss: -0.3546
2026-03-15 02:09:17 | INFO | Episode 76/500 - Reward: -3.80, Length: 40, Loss: -0.3315
2026-03-15 02:09:18 | INFO | Episode 77/500 - Reward: -3.35, Length: 40, Loss: -0.6345
2026-03-15 02:09:18 | INFO | Episode 78/500 - Reward: -3.95, Length: 40, Loss: -0.4116
2026-03-15 02:09:18 | INFO | Episode 79/500 - Reward: -2.90, Length: 40, Loss: -0.1443
2026-03-15 02:09:19 | INFO | Episode 80/500 - Reward: -3.95, Length: 40, Loss: -0.4935
2026-03-15 02:09:19 | INFO | Episode 81/500 - Reward: -4.55, Length: 40, Loss: -0.4116
2026-03-15 02:09:20 | INFO | Episode 82/500 - Reward: -2.45, Length: 40, Loss: -0.3370
2026-03-15 02:09:20 | INFO | Episode 83/500 - Reward: -6.20, Length: 40, Loss: -0.4583
2026-03-15 02:09:21 | INFO | Episode 84/500 - Reward: -3.80, Length: 40, Loss: -0.3735
2026-03-15 02:09:21 | INFO | Episode 85/500 - Reward: -2.75, Length: 40, Loss: -0.3034
2026-03-15 02:09:21 | INFO | Episode 86/500 - Reward: -2.45, Length: 40, Loss: -0.3126
2026-03-15 02:09:21 | INFO | Episode 87/500 - Reward: -2.75, Length: 40, Loss: -0.5250
2026-03-15 02:09:21 | INFO | Episode 88/500 - Reward: -3.50, Length: 40, Loss: -0.4304
2026-03-15 02:09:21 | INFO | Episode 89/500 - Reward: -3.95, Length: 40, Loss: -0.5073
2026-03-15 02:09:22 | INFO | Episode 90/500 - Reward: -3.20, Length: 40, Loss: -0.3531
2026-03-15 02:09:22 | INFO | Episode 91/500 - Reward: -2.60, Length: 40, Loss: -0.3606
2026-03-15 02:09:23 | INFO | Episode 92/500 - Reward: -3.35, Length: 40, Loss: -0.3933
2026-03-15 02:09:23 | INFO | Episode 93/500 - Reward: -2.30, Length: 40, Loss: -0.4993
2026-03-15 02:09:23 | INFO | Episode 94/500 - Reward: -2.45, Length: 40, Loss: -0.3863
2026-03-15 02:09:24 | INFO | Episode 95/500 - Reward: -3.05, Length: 40, Loss: -0.4407
2026-03-15 02:09:24 | INFO | Episode 96/500 - Reward: -2.30, Length: 40, Loss: -0.3003
2026-03-15 02:09:25 | INFO | Episode 97/500 - Reward: -9.05, Length: 40, Loss: -0.5887
2026-03-15 02:09:25 | INFO | Episode 98/500 - Reward: -2.45, Length: 40, Loss: -0.3041
2026-03-15 02:09:26 | INFO | Episode 99/500 - Reward: -2.00, Length: 40, Loss: -0.2064
2026-03-15 02:09:26 | INFO | Episode 100/500 - Reward: -3.20, Length: 40, Loss: -0.5917
2026-03-15 02:09:26 | INFO | Episode 100/500 - Avg Reward: -3.27, Avg Length: 39.80, Avg Loss: -0.3694
2026-03-15 02:09:26 | INFO | Episode 101/500 - Reward: -2.15, Length: 40, Loss: -0.2177
2026-03-15 02:09:27 | INFO | Episode 102/500 - Reward: -2.45, Length: 40, Loss: -0.3724
2026-03-15 02:09:27 | INFO | Episode 103/500 - Reward: -2.75, Length: 40, Loss: -0.5348
2026-03-15 02:09:28 | INFO | Episode 104/500 - Reward: -2.45, Length: 40, Loss: -0.3477
2026-03-15 02:09:28 | INFO | Episode 105/500 - Reward: -2.30, Length: 40, Loss: -0.3783
2026-03-15 02:09:29 | INFO | Episode 106/500 - Reward: -2.30, Length: 40, Loss: -0.3172
2026-03-15 02:09:29 | INFO | Episode 107/500 - Reward: -2.15, Length: 40, Loss: -0.3177
2026-03-15 02:09:29 | INFO | Episode 108/500 - Reward: -2.15, Length: 40, Loss: -0.2283
2026-03-15 02:09:30 | INFO | Episode 109/500 - Reward: -2.45, Length: 40, Loss: -0.3685
2026-03-15 02:09:30 | INFO | Episode 110/500 - Reward: -2.90, Length: 40, Loss: -0.3237
2026-03-15 02:09:31 | INFO | Episode 111/500 - Reward: -2.15, Length: 40, Loss: -0.2738
2026-03-15 02:09:31 | INFO | Episode 112/500 - Reward: -2.00, Length: 40, Loss: -0.2335
2026-03-15 02:09:32 | INFO | Episode 113/500 - Reward: -2.30, Length: 40, Loss: -0.3880
2026-03-15 02:09:32 | INFO | Episode 114/500 - Reward: -5.30, Length: 40, Loss: 0.0160
2026-03-15 02:09:33 | INFO | Episode 115/500 - Reward: -2.15, Length: 40, Loss: -0.2556
2026-03-15 02:09:33 | INFO | Episode 116/500 - Reward: -5.45, Length: 40, Loss: -0.3324
2026-03-15 02:09:34 | INFO | Episode 117/500 - Reward: -2.15, Length: 40, Loss: -0.2563
2026-03-15 02:09:34 | INFO | Episode 118/500 - Reward: -2.45, Length: 40, Loss: -0.4622
2026-03-15 02:09:34 | INFO | Episode 119/500 - Reward: -3.20, Length: 40, Loss: -0.4527
2026-03-15 02:09:35 | INFO | Episode 120/500 - Reward: -2.00, Length: 40, Loss: -0.1957
2026-03-15 02:09:35 | INFO | Episode 121/500 - Reward: -2.45, Length: 40, Loss: -0.2478
2026-03-15 02:09:36 | INFO | Episode 122/500 - Reward: -2.15, Length: 40, Loss: -0.2009
2026-03-15 02:09:36 | INFO | Episode 123/500 - Reward: -2.00, Length: 40, Loss: -0.2186
2026-03-15 02:09:37 | INFO | Episode 124/500 - Reward: -2.45, Length: 40, Loss: -0.4926
2026-03-15 02:09:37 | INFO | Episode 125/500 - Reward: -2.15, Length: 40, Loss: -0.2929
2026-03-15 02:09:37 | INFO | Episode 126/500 - Reward: -2.15, Length: 40, Loss: -0.3857
2026-03-15 02:09:38 | INFO | Episode 127/500 - Reward: -2.15, Length: 40, Loss: -0.2056
2026-03-15 02:09:38 | INFO | Episode 128/500 - Reward: -2.30, Length: 40, Loss: -0.3553
2026-03-15 02:09:39 | INFO | Episode 129/500 - Reward: -3.05, Length: 40, Loss: -0.3450
2026-03-15 02:09:39 | INFO | Episode 130/500 - Reward: -2.15, Length: 40, Loss: -0.2410
2026-03-15 02:09:40 | INFO | Episode 131/500 - Reward: -2.00, Length: 40, Loss: -0.2536
2026-03-15 02:09:40 | INFO | Episode 132/500 - Reward: -2.00, Length: 40, Loss: -0.2285
2026-03-15 02:09:40 | INFO | Episode 133/500 - Reward: -2.30, Length: 40, Loss: -0.3206
2026-03-15 02:09:41 | INFO | Episode 134/500 - Reward: -2.00, Length: 40, Loss: -0.1240
2026-03-15 02:09:41 | INFO | Episode 135/500 - Reward: -2.15, Length: 40, Loss: -0.2263
2026-03-15 02:09:42 | INFO | Episode 136/500 - Reward: -2.15, Length: 40, Loss: -0.3405
2026-03-15 02:09:42 | INFO | Episode 137/500 - Reward: -2.00, Length: 40, Loss: -0.2015
2026-03-15 02:09:43 | INFO | Episode 138/500 - Reward: -2.00, Length: 40, Loss: -0.1870
2026-03-15 02:09:43 | INFO | Episode 139/500 - Reward: -3.20, Length: 40, Loss: -0.2670
2026-03-15 02:09:44 | INFO | Episode 140/500 - Reward: -2.30, Length: 40, Loss: -0.3858
2026-03-15 02:09:44 | INFO | Episode 141/500 - Reward: -3.95, Length: 40, Loss: -0.3177
2026-03-15 02:09:44 | INFO | Episode 142/500 - Reward: -3.35, Length: 40, Loss: -0.3483
2026-03-15 02:09:45 | INFO | Episode 143/500 - Reward: -2.90, Length: 40, Loss: -0.4966
2026-03-15 02:09:45 | INFO | Episode 144/500 - Reward: -2.00, Length: 40, Loss: -0.1050
2026-03-15 02:09:46 | INFO | Episode 145/500 - Reward: -2.15, Length: 40, Loss: -0.1772
2026-03-15 02:09:46 | INFO | Episode 146/500 - Reward: -2.00, Length: 40, Loss: -0.0685
2026-03-15 02:09:47 | INFO | Episode 147/500 - Reward: -3.50, Length: 40, Loss: -0.2386
2026-03-15 02:09:47 | INFO | Episode 148/500 - Reward: -3.65, Length: 40, Loss: -0.3458
2026-03-15 02:09:47 | INFO | Episode 149/500 - Reward: -2.60, Length: 40, Loss: -0.3947
2026-03-15 02:09:48 | INFO | Episode 150/500 - Reward: -2.15, Length: 40, Loss: -0.2284
2026-03-15 02:09:48 | INFO | Episode 150/500 - Avg Reward: -2.53, Avg Length: 40.00, Avg Loss: -0.2896
2026-03-15 02:09:48 | INFO | Episode 151/500 - Reward: -2.45, Length: 40, Loss: -0.2272
2026-03-15 02:09:49 | INFO | Episode 152/500 - Reward: -2.00, Length: 40, Loss: -0.1857
2026-03-15 02:09:49 | INFO | Episode 153/500 - Reward: -2.75, Length: 40, Loss: -0.2936
2026-03-15 02:09:50 | INFO | Episode 154/500 - Reward: -3.35, Length: 40, Loss: -0.3048
2026-03-15 02:09:50 | INFO | Episode 155/500 - Reward: -2.15, Length: 40, Loss: -0.3218
2026-03-15 02:09:51 | INFO | Episode 156/500 - Reward: -2.30, Length: 40, Loss: -0.3541
2026-03-15 02:09:51 | INFO | Episode 157/500 - Reward: -2.00, Length: 40, Loss: -0.1970
2026-03-15 02:09:51 | INFO | Episode 158/500 - Reward: -2.30, Length: 40, Loss: -0.1920
2026-03-15 02:09:52 | INFO | Episode 159/500 - Reward: -2.00, Length: 40, Loss: -0.2243
2026-03-15 02:09:52 | INFO | Episode 160/500 - Reward: -2.00, Length: 40, Loss: -0.2132
2026-03-15 02:09:51 | INFO | Episode 161/500 - Reward: -3.50, Length: 40, Loss: -0.2349
2026-03-15 02:09:52 | INFO | Episode 162/500 - Reward: -3.80, Length: 40, Loss: -0.1968
2026-03-15 02:09:52 | INFO | Episode 163/500 - Reward: -2.00, Length: 40, Loss: -0.2897
2026-03-15 02:09:53 | INFO | Episode 164/500 - Reward: -2.00, Length: 40, Loss: -0.2348
2026-03-15 02:09:53 | INFO | Episode 165/500 - Reward: -3.05, Length: 40, Loss: -0.4194
2026-03-15 02:09:54 | INFO | Episode 166/500 - Reward: -3.50, Length: 40, Loss: -0.2970
2026-03-15 02:09:54 | INFO | Episode 167/500 - Reward: -2.15, Length: 40, Loss: -0.3110
2026-03-15 02:09:55 | INFO | Episode 168/500 - Reward: -3.05, Length: 40, Loss: -0.3170
2026-03-15 02:09:55 | INFO | Episode 169/500 - Reward: -2.90, Length: 40, Loss: -0.2430
2026-03-15 02:09:55 | INFO | Episode 170/500 - Reward: -2.00, Length: 40, Loss: -0.2336
2026-03-15 02:09:56 | INFO | Episode 171/500 - Reward: -2.60, Length: 40, Loss: -0.2647
2026-03-15 02:09:56 | INFO | Episode 172/500 - Reward: -2.00, Length: 40, Loss: -0.0871
2026-03-15 02:09:57 | INFO | Episode 173/500 - Reward: -2.15, Length: 40, Loss: -0.2444
2026-03-15 02:09:57 | INFO | Episode 174/500 - Reward: -2.75, Length: 40, Loss: -0.3369
2026-03-15 02:09:58 | INFO | Episode 175/500 - Reward: -2.00, Length: 40, Loss: -0.1539
2026-03-15 02:09:58 | INFO | Episode 176/500 - Reward: -4.25, Length: 40, Loss: -0.3606
2026-03-15 02:09:58 | INFO | Episode 177/500 - Reward: -2.15, Length: 40, Loss: -0.2540
2026-03-15 02:09:59 | INFO | Episode 178/500 - Reward: -2.00, Length: 40, Loss: -0.1690
2026-03-15 02:09:59 | INFO | Episode 179/500 - Reward: -2.30, Length: 40, Loss: -0.4086
2026-03-15 02:10:00 | INFO | Episode 180/500 - Reward: -2.15, Length: 40, Loss: -0.2087
2026-03-15 02:10:00 | INFO | Episode 181/500 - Reward: -2.00, Length: 40, Loss: -0.1650
2026-03-15 02:10:01 | INFO | Episode 182/500 - Reward: -2.00, Length: 40, Loss: -0.1756
2026-03-15 02:10:01 | INFO | Episode 183/500 - Reward: -2.00, Length: 40, Loss: -0.1872
2026-03-15 02:10:01 | INFO | Episode 184/500 - Reward: -4.55, Length: 40, Loss: -0.3991
2026-03-15 02:10:02 | INFO | Episode 185/500 - Reward: -2.90, Length: 40, Loss: -0.1987
2026-03-15 02:10:02 | INFO | Episode 186/500 - Reward: -3.05, Length: 40, Loss: -0.4790
2026-03-15 02:10:03 | INFO | Episode 187/500 - Reward: -2.00, Length: 40, Loss: -0.2196
2026-03-15 02:10:03 | INFO | Episode 188/500 - Reward: -2.00, Length: 40, Loss: -0.1655
2026-03-15 02:10:04 | INFO | Episode 189/500 - Reward: -2.00, Length: 40, Loss: -0.2193
2026-03-15 02:10:04 | INFO | Episode 190/500 - Reward: -2.15, Length: 40, Loss: -0.3105
2026-03-15 02:10:04 | INFO | Episode 191/500 - Reward: -2.00, Length: 40, Loss: -0.1696
2026-03-15 02:10:05 | INFO | Episode 192/500 - Reward: -2.30, Length: 40, Loss: -0.3247
2026-03-15 02:10:05 | INFO | Episode 193/500 - Reward: -2.45, Length: 40, Loss: -0.2862
2026-03-15 02:10:06 | INFO | Episode 194/500 - Reward: -2.00, Length: 40, Loss: -0.1420
2026-03-15 02:10:06 | INFO | Episode 195/500 - Reward: -2.45, Length: 40, Loss: -0.3173
2026-03-15 02:10:07 | INFO | Episode 196/500 - Reward: -2.00, Length: 40, Loss: -0.1303
2026-03-15 02:10:07 | INFO | Episode 197/500 - Reward: -2.00, Length: 40, Loss: -0.1762
2026-03-15 02:10:08 | INFO | Episode 198/500 - Reward: -2.00, Length: 40, Loss: -0.1971
2026-03-15 02:10:08 | INFO | Episode 199/500 - Reward: -2.00, Length: 40, Loss: -0.1268
2026-03-15 02:10:08 | INFO | Episode 200/500 - Reward: -2.00, Length: 40, Loss: -0.1898
2026-03-15 02:10:08 | INFO | Episode 200/500 - Avg Reward: -2.43, Avg Length: 40.00, Avg Loss: -0.2472
2026-03-15 02:10:09 | INFO | Episode 201/500 - Reward: -2.15, Length: 40, Loss: -0.3738
2026-03-15 02:10:09 | INFO | Episode 202/500 - Reward: -2.00, Length: 40, Loss: -0.2022
2026-03-15 02:10:10 | INFO | Episode 203/500 - Reward: -2.15, Length: 40, Loss: -0.3125
2026-03-15 02:10:10 | INFO | Episode 204/500 - Reward: -2.60, Length: 40, Loss: -0.3004
2026-03-15 02:10:11 | INFO | Episode 205/500 - Reward: -2.00, Length: 40, Loss: -0.2406
2026-03-15 02:10:11 | INFO | Episode 206/500 - Reward: -2.00, Length: 40, Loss: -0.2111
2026-03-15 02:10:11 | INFO | Episode 207/500 - Reward: -2.00, Length: 40, Loss: -0.1519
2026-03-15 02:10:12 | INFO | Episode 208/500 - Reward: -2.00, Length: 40, Loss: -0.1763
2026-03-15 02:10:12 | INFO | Episode 209/500 - Reward: -2.00, Length: 40, Loss: -0.2193
2026-03-15 02:10:13 | INFO | Episode 210/500 - Reward: -2.00, Length: 40, Loss: -0.2233
2026-03-15 02:10:13 | INFO | Episode 211/500 - Reward: -2.45, Length: 40, Loss: -0.4910
2026-03-15 02:10:14 | INFO | Episode 212/500 - Reward: -2.00, Length: 40, Loss: -0.0693
2026-03-15 02:10:14 | INFO | Episode 213/500 - Reward: -2.00, Length: 40, Loss: -0.1859
2026-03-15 02:10:15 | INFO | Episode 214/500 - Reward: -2.00, Length: 40, Loss: -0.2289
2026-03-15 02:10:15 | INFO | Episode 215/500 - Reward: -2.15, Length: 40, Loss: -0.2497
2026-03-15 02:10:15 | INFO | Episode 216/500 - Reward: -2.15, Length: 40, Loss: -0.2231
2026-03-15 02:10:16 | INFO | Episode 217/500 - Reward: -2.75, Length: 40, Loss: -0.4723
2026-03-15 02:10:16 | INFO | Episode 218/500 - Reward: -2.00, Length: 40, Loss: -0.1339
2026-03-15 02:10:17 | INFO | Episode 219/500 - Reward: -2.15, Length: 40, Loss: -0.3531
2026-03-15 02:10:17 | INFO | Episode 220/500 - Reward: -2.00, Length: 40, Loss: -0.2016
2026-03-15 02:10:18 | INFO | Episode 221/500 - Reward: -2.00, Length: 40, Loss: -0.1655
2026-03-15 02:10:18 | INFO | Episode 222/500 - Reward: -2.00, Length: 40, Loss: -0.1847
2026-03-15 02:10:18 | INFO | Episode 223/500 - Reward: -2.15, Length: 40, Loss: -0.3120
2026-03-15 02:10:19 | INFO | Episode 224/500 - Reward: -2.00, Length: 40, Loss: -0.1876
2026-03-15 02:10:19 | INFO | Episode 225/500 - Reward: -2.15, Length: 40, Loss: -0.3586
2026-03-15 02:10:20 | INFO | Episode 226/500 - Reward: -2.00, Length: 40, Loss: -0.2103
2026-03-15 02:10:20 | INFO | Episode 227/500 - Reward: -2.30, Length: 40, Loss: -0.1993
2026-03-15 02:10:21 | INFO | Episode 228/500 - Reward: -2.00, Length: 40, Loss: -0.2257
2026-03-15 02:10:21 | INFO | Episode 229/500 - Reward: -2.30, Length: 40, Loss: -0.3455
2026-03-15 02:10:22 | INFO | Episode 230/500 - Reward: -2.00, Length: 40, Loss: -0.2271
2026-03-15 02:10:22 | INFO | Episode 231/500 - Reward: -2.00, Length: 40, Loss: -0.1830
2026-03-15 02:10:23 | INFO | Episode 232/500 - Reward: -2.00, Length: 40, Loss: -0.1900
2026-03-15 02:10:23 | INFO | Episode 233/500 - Reward: -2.00, Length: 40, Loss: -0.2052
2026-03-15 02:10:22 | INFO | Episode 234/500 - Reward: -2.00, Length: 40, Loss: -0.2178
2026-03-15 02:10:23 | INFO | Episode 235/500 - Reward: -2.00, Length: 40, Loss: -0.2021
2026-03-15 02:10:23 | INFO | Episode 236/500 - Reward: -2.15, Length: 40, Loss: -0.2492
2026-03-15 02:10:23 | INFO | Episode 237/500 - Reward: -2.00, Length: 40, Loss: -0.2430
2026-03-15 02:10:24 | INFO | Episode 238/500 - Reward: -2.15, Length: 40, Loss: -0.2759
2026-03-15 02:10:24 | INFO | Episode 239/500 - Reward: -2.00, Length: 40, Loss: -0.1274
2026-03-15 02:10:25 | INFO | Episode 240/500 - Reward: -2.00, Length: 40, Loss: -0.1952
2026-03-15 02:10:25 | INFO | Episode 241/500 - Reward: -2.00, Length: 40, Loss: -0.1502
2026-03-15 02:10:26 | INFO | Episode 242/500 - Reward: -2.00, Length: 40, Loss: -0.1657
2026-03-15 02:10:26 | INFO | Episode 243/500 - Reward: -2.30, Length: 40, Loss: -0.4810
2026-03-15 02:10:26 | INFO | Episode 244/500 - Reward: -2.15, Length: 40, Loss: -0.3725
2026-03-15 02:10:27 | INFO | Episode 245/500 - Reward: -2.00, Length: 40, Loss: -0.1758
2026-03-15 02:10:27 | INFO | Episode 246/500 - Reward: -2.00, Length: 40, Loss: -0.1769
2026-03-15 02:10:28 | INFO | Episode 247/500 - Reward: -2.15, Length: 40, Loss: -0.3783
2026-03-15 02:10:28 | INFO | Episode 248/500 - Reward: -2.00, Length: 40, Loss: -0.2126
2026-03-15 02:10:29 | INFO | Episode 249/500 - Reward: -2.15, Length: 40, Loss: -0.1830
2026-03-15 02:10:29 | INFO | Episode 250/500 - Reward: -2.00, Length: 40, Loss: -0.2242
2026-03-15 02:10:29 | INFO | Episode 250/500 - Avg Reward: -2.09, Avg Length: 40.00, Avg Loss: -0.2409
2026-03-15 02:10:30 | INFO | Episode 251/500 - Reward: -2.15, Length: 40, Loss: -0.1920
2026-03-15 02:10:30 | INFO | Episode 252/500 - Reward: -2.00, Length: 40, Loss: -0.2327
2026-03-15 02:10:31 | INFO | Episode 253/500 - Reward: -2.00, Length: 40, Loss: -0.2985
2026-03-15 02:10:31 | INFO | Episode 254/500 - Reward: -2.00, Length: 40, Loss: -0.1275
2026-03-15 02:10:31 | INFO | Episode 255/500 - Reward: -2.15, Length: 40, Loss: -0.2766
2026-03-15 02:10:32 | INFO | Episode 256/500 - Reward: -2.30, Length: 40, Loss: -0.1872
2026-03-15 02:10:32 | INFO | Episode 257/500 - Reward: -2.00, Length: 40, Loss: -0.1993
2026-03-15 02:10:33 | INFO | Episode 258/500 - Reward: -2.00, Length: 40, Loss: -0.1105
2026-03-15 02:10:33 | INFO | Episode 259/500 - Reward: -2.15, Length: 40, Loss: -0.3531
2026-03-15 02:10:34 | INFO | Episode 260/500 - Reward: -2.00, Length: 40, Loss: -0.2022
2026-03-15 02:10:34 | INFO | Episode 261/500 - Reward: -3.80, Length: 40, Loss: -0.3527
2026-03-15 02:10:35 | INFO | Episode 262/500 - Reward: -2.15, Length: 40, Loss: -0.2574
2026-03-15 02:10:35 | INFO | Episode 263/500 - Reward: -2.00, Length: 40, Loss: -0.2017
2026-03-15 02:10:36 | INFO | Episode 264/500 - Reward: -2.00, Length: 40, Loss: -0.1442
2026-03-15 02:10:36 | INFO | Episode 265/500 - Reward: -2.15, Length: 40, Loss: -0.1941
2026-03-15 02:10:37 | INFO | Episode 266/500 - Reward: -2.30, Length: 40, Loss: -0.2274
2026-03-15 02:10:37 | INFO | Episode 267/500 - Reward: -2.15, Length: 40, Loss: -0.2891
2026-03-15 02:10:38 | INFO | Episode 268/500 - Reward: -2.00, Length: 40, Loss: -0.1818
2026-03-15 02:10:38 | INFO | Episode 269/500 - Reward: -2.00, Length: 40, Loss: -0.1657
2026-03-15 02:10:39 | INFO | Episode 270/500 - Reward: -2.15, Length: 40, Loss: -0.2795
2026-03-15 02:10:39 | INFO | Episode 271/500 - Reward: -2.15, Length: 40, Loss: -0.2519
2026-03-15 02:10:39 | INFO | Episode 272/500 - Reward: -2.15, Length: 40, Loss: -0.2783
2026-03-15 02:10:40 | INFO | Episode 273/500 - Reward: -2.00, Length: 40, Loss: -0.1701
2026-03-15 02:10:40 | INFO | Episode 274/500 - Reward: -2.00, Length: 40, Loss: -0.1579
2026-03-15 02:10:41 | INFO | Episode 275/500 - Reward: -2.00, Length: 40, Loss: -0.2213
2026-03-15 02:10:41 | INFO | Episode 276/500 - Reward: -4.70, Length: 40, Loss: -0.1520
2026-03-15 02:10:42 | INFO | Episode 277/500 - Reward: -2.00, Length: 40, Loss: -0.2005
2026-03-15 02:10:42 | INFO | Episode 278/500 - Reward: -2.00, Length: 40, Loss: -0.1411
2026-03-15 02:10:43 | INFO | Episode 279/500 - Reward: -2.00, Length: 40, Loss: -0.1380
2026-03-15 02:10:43 | INFO | Episode 280/500 - Reward: -2.00, Length: 40, Loss: -0.1893
2026-03-15 02:10:44 | INFO | Episode 281/500 - Reward: -2.00, Length: 40, Loss: -0.1569
2026-03-15 02:10:44 | INFO | Episode 282/500 - Reward: -2.00, Length: 40, Loss: -0.1914
2026-03-15 02:10:44 | INFO | Episode 283/500 - Reward: -2.00, Length: 40, Loss: -0.1406
2026-03-15 02:10:45 | INFO | Episode 284/500 - Reward: -2.00, Length: 40, Loss: -0.1294
2026-03-15 02:10:45 | INFO | Episode 285/500 - Reward: -2.00, Length: 40, Loss: -0.2351
2026-03-15 02:10:46 | INFO | Episode 286/500 - Reward: -2.00, Length: 40, Loss: -0.2611
2026-03-15 02:10:46 | INFO | Episode 287/500 - Reward: -2.30, Length: 40, Loss: -0.1920
2026-03-15 02:10:47 | INFO | Episode 288/500 - Reward: -2.60, Length: 40, Loss: -0.2935
2026-03-15 02:10:47 | INFO | Episode 289/500 - Reward: -2.60, Length: 40, Loss: -0.6223
2026-03-15 02:10:48 | INFO | Episode 290/500 - Reward: -2.00, Length: 40, Loss: -0.1821
2026-03-15 02:10:48 | INFO | Episode 291/500 - Reward: -2.75, Length: 40, Loss: -0.3954
2026-03-15 02:10:48 | INFO | Episode 292/500 - Reward: -2.15, Length: 40, Loss: -0.3622
2026-03-15 02:10:49 | INFO | Episode 293/500 - Reward: -2.00, Length: 40, Loss: -0.1721
2026-03-15 02:10:49 | INFO | Episode 294/500 - Reward: -2.00, Length: 40, Loss: -0.1672
2026-03-15 02:10:50 | INFO | Episode 295/500 - Reward: -6.35, Length: 40, Loss: -0.1832
2026-03-15 02:10:50 | INFO | Episode 296/500 - Reward: -2.00, Length: 40, Loss: -0.1591
2026-03-15 02:10:51 | INFO | Episode 297/500 - Reward: -2.00, Length: 40, Loss: -0.2137
2026-03-15 02:10:51 | INFO | Episode 298/500 - Reward: -2.00, Length: 40, Loss: -0.0976
2026-03-15 02:10:51 | INFO | Episode 299/500 - Reward: -2.00, Length: 40, Loss: -0.1803
2026-03-15 02:10:52 | INFO | Episode 300/500 - Reward: -2.15, Length: 40, Loss: -0.3396
2026-03-15 02:10:52 | INFO | Episode 300/500 - Avg Reward: -2.27, Avg Length: 40.00, Avg Loss: -0.2210
2026-03-15 02:10:52 | INFO | Episode 301/500 - Reward: -2.00, Length: 40, Loss: -0.1516
2026-03-15 02:10:53 | INFO | Episode 302/500 - Reward: -2.00, Length: 40, Loss: -0.1680
2026-03-15 02:10:53 | INFO | Episode 303/500 - Reward: -2.00, Length: 40, Loss: -0.1686
2026-03-15 02:10:54 | INFO | Episode 304/500 - Reward: -2.60, Length: 40, Loss: -0.3898
2026-03-15 02:10:54 | INFO | Episode 305/500 - Reward: -2.15, Length: 40, Loss: -0.2189
2026-03-15 02:10:53 | INFO | Episode 306/500 - Reward: -2.30, Length: 40, Loss: -0.3157
2026-03-15 02:10:54 | INFO | Episode 307/500 - Reward: -2.00, Length: 40, Loss: -0.2480
2026-03-15 02:10:54 | INFO | Episode 308/500 - Reward: -2.00, Length: 40, Loss: -0.1898
2026-03-15 02:10:54 | INFO | Episode 309/500 - Reward: -2.60, Length: 40, Loss: -0.2790
2026-03-15 02:10:55 | INFO | Episode 310/500 - Reward: -2.00, Length: 40, Loss: -0.1495
2026-03-15 02:10:55 | INFO | Episode 311/500 - Reward: -2.00, Length: 40, Loss: -0.1707
2026-03-15 02:10:56 | INFO | Episode 312/500 - Reward: -2.00, Length: 40, Loss: -0.1214
2026-03-15 02:10:56 | INFO | Episode 313/500 - Reward: -2.00, Length: 40, Loss: -0.1562
2026-03-15 02:10:57 | INFO | Episode 314/500 - Reward: -2.00, Length: 40, Loss: -0.2127
2026-03-15 02:10:57 | INFO | Episode 315/500 - Reward: -2.00, Length: 40, Loss: -0.1240
2026-03-15 02:10:57 | INFO | Episode 316/500 - Reward: -2.00, Length: 40, Loss: -0.1853
2026-03-15 02:10:58 | INFO | Episode 317/500 - Reward: -2.00, Length: 40, Loss: -0.1843
2026-03-15 02:10:58 | INFO | Episode 318/500 - Reward: -2.00, Length: 40, Loss: -0.1586
2026-03-15 02:10:59 | INFO | Episode 319/500 - Reward: -2.15, Length: 40, Loss: -0.2953
2026-03-15 02:10:59 | INFO | Episode 320/500 - Reward: -2.00, Length: 40, Loss: -0.2476
2026-03-15 02:11:00 | INFO | Episode 321/500 - Reward: -2.00, Length: 40, Loss: -0.1946
2026-03-15 02:11:00 | INFO | Episode 322/500 - Reward: -2.00, Length: 40, Loss: -0.2274
2026-03-15 02:11:01 | INFO | Episode 323/500 - Reward: -2.00, Length: 40, Loss: -0.2221
2026-03-15 02:11:01 | INFO | Episode 324/500 - Reward: -2.45, Length: 40, Loss: -0.2690
2026-03-15 02:11:02 | INFO | Episode 325/500 - Reward: -2.15, Length: 40, Loss: -0.1860
2026-03-15 02:11:02 | INFO | Episode 326/500 - Reward: -2.00, Length: 40, Loss: -0.2019
2026-03-15 02:11:02 | INFO | Episode 327/500 - Reward: -2.15, Length: 40, Loss: -0.2190
2026-03-15 02:11:03 | INFO | Episode 328/500 - Reward: -2.00, Length: 40, Loss: -0.1983
2026-03-15 02:11:03 | INFO | Episode 329/500 - Reward: -2.00, Length: 40, Loss: -0.1931
2026-03-15 02:11:04 | INFO | Episode 330/500 - Reward: -2.00, Length: 40, Loss: -0.1830
2026-03-15 02:11:04 | INFO | Episode 331/500 - Reward: -2.00, Length: 40, Loss: -0.1877
2026-03-15 02:11:05 | INFO | Episode 332/500 - Reward: -2.00, Length: 40, Loss: -0.2178
2026-03-15 02:11:05 | INFO | Episode 333/500 - Reward: -2.00, Length: 40, Loss: -0.1971
2026-03-15 02:11:06 | INFO | Episode 334/500 - Reward: -2.30, Length: 40, Loss: -0.3086
2026-03-15 02:11:06 | INFO | Episode 335/500 - Reward: -2.00, Length: 40, Loss: -0.2305
2026-03-15 02:11:06 | INFO | Episode 336/500 - Reward: -2.00, Length: 40, Loss: -0.2239
2026-03-15 02:11:07 | INFO | Episode 337/500 - Reward: -2.00, Length: 40, Loss: -0.1111
2026-03-15 02:11:07 | INFO | Episode 338/500 - Reward: -2.00, Length: 40, Loss: -0.1601
2026-03-15 02:11:08 | INFO | Episode 339/500 - Reward: -2.00, Length: 40, Loss: -0.2254
2026-03-15 02:11:08 | INFO | Episode 340/500 - Reward: -2.00, Length: 40, Loss: -0.2277
2026-03-15 02:11:09 | INFO | Episode 341/500 - Reward: -2.45, Length: 40, Loss: -0.1961
2026-03-15 02:11:09 | INFO | Episode 342/500 - Reward: -2.15, Length: 40, Loss: -0.1812
2026-03-15 02:11:10 | INFO | Episode 343/500 - Reward: -2.15, Length: 40, Loss: -0.1381
2026-03-15 02:11:10 | INFO | Episode 344/500 - Reward: -2.15, Length: 40, Loss: -0.2234
2026-03-15 02:11:10 | INFO | Episode 345/500 - Reward: -2.00, Length: 40, Loss: -0.1842
2026-03-15 02:11:11 | INFO | Episode 346/500 - Reward: -2.00, Length: 40, Loss: -0.2074
2026-03-15 02:11:11 | INFO | Episode 347/500 - Reward: -2.00, Length: 40, Loss: -0.1518
2026-03-15 02:11:12 | INFO | Episode 348/500 - Reward: -2.00, Length: 40, Loss: -0.1832
2026-03-15 02:11:12 | INFO | Episode 349/500 - Reward: -2.00, Length: 40, Loss: -0.2279
2026-03-15 02:11:13 | INFO | Episode 350/500 - Reward: -2.15, Length: 40, Loss: -0.3395
2026-03-15 02:11:13 | INFO | Episode 350/500 - Avg Reward: -2.08, Avg Length: 40.00, Avg Loss: -0.2070
2026-03-15 02:11:13 | INFO | Episode 351/500 - Reward: -2.00, Length: 40, Loss: -0.1905
2026-03-15 02:11:14 | INFO | Episode 352/500 - Reward: -2.00, Length: 40, Loss: -0.1576
2026-03-15 02:11:14 | INFO | Episode 353/500 - Reward: -2.00, Length: 40, Loss: -0.1222
2026-03-15 02:11:15 | INFO | Episode 354/500 - Reward: -2.00, Length: 40, Loss: -0.1615
2026-03-15 02:11:15 | INFO | Episode 355/500 - Reward: -2.00, Length: 40, Loss: -0.1599
2026-03-15 02:11:15 | INFO | Episode 356/500 - Reward: -2.00, Length: 40, Loss: -0.1974
2026-03-15 02:11:16 | INFO | Episode 357/500 - Reward: -2.00, Length: 40, Loss: -0.2076
2026-03-15 02:11:16 | INFO | Episode 358/500 - Reward: -2.00, Length: 40, Loss: -0.1778
2026-03-15 02:11:17 | INFO | Episode 359/500 - Reward: -2.15, Length: 40, Loss: -0.2369
2026-03-15 02:11:17 | INFO | Episode 360/500 - Reward: -2.00, Length: 40, Loss: -0.1405
2026-03-15 02:11:18 | INFO | Episode 361/500 - Reward: -2.00, Length: 40, Loss: -0.2196
2026-03-15 02:11:18 | INFO | Episode 362/500 - Reward: -2.15, Length: 40, Loss: -0.3054
2026-03-15 02:11:18 | INFO | Episode 363/500 - Reward: -2.00, Length: 40, Loss: -0.2211
2026-03-15 02:11:19 | INFO | Episode 364/500 - Reward: -2.15, Length: 40, Loss: -0.2198
2026-03-15 02:11:19 | INFO | Episode 365/500 - Reward: -2.00, Length: 40, Loss: -0.1731
2026-03-15 02:11:20 | INFO | Episode 366/500 - Reward: -2.00, Length: 40, Loss: -0.1551
2026-03-15 02:11:20 | INFO | Episode 367/500 - Reward: -2.00, Length: 40, Loss: -0.2095
2026-03-15 02:11:21 | INFO | Episode 368/500 - Reward: -2.15, Length: 40, Loss: -0.1822
2026-03-15 02:11:21 | INFO | Episode 369/500 - Reward: -2.00, Length: 40, Loss: -0.1397
2026-03-15 02:11:22 | INFO | Episode 370/500 - Reward: -2.00, Length: 40, Loss: -0.1413
2026-03-15 02:11:22 | INFO | Episode 371/500 - Reward: -2.15, Length: 40, Loss: -0.3267
2026-03-15 02:11:22 | INFO | Episode 372/500 - Reward: -2.00, Length: 40, Loss: -0.1699
2026-03-15 02:11:23 | INFO | Episode 373/500 - Reward: -2.00, Length: 40, Loss: -0.2226
2026-03-15 02:11:23 | INFO | Episode 374/500 - Reward: -2.00, Length: 40, Loss: -0.1328
2026-03-15 02:11:24 | INFO | Episode 375/500 - Reward: -2.30, Length: 40, Loss: -0.3314
2026-03-15 02:11:24 | INFO | Episode 376/500 - Reward: -2.00, Length: 40, Loss: -0.1215
2026-03-15 02:11:25 | INFO | Episode 377/500 - Reward: -2.00, Length: 40, Loss: -0.1615
2026-03-15 02:11:24 | INFO | Episode 378/500 - Reward: -2.00, Length: 40, Loss: -0.1174
2026-03-15 02:11:24 | INFO | Episode 379/500 - Reward: -2.15, Length: 40, Loss: -0.2115
2026-03-15 02:11:25 | INFO | Episode 380/500 - Reward: -2.15, Length: 40, Loss: -0.2591
2026-03-15 02:11:25 | INFO | Episode 381/500 - Reward: -2.60, Length: 40, Loss: -0.3043
2026-03-15 02:11:26 | INFO | Episode 382/500 - Reward: -2.00, Length: 40, Loss: -0.1611
2026-03-15 02:11:26 | INFO | Episode 383/500 - Reward: -2.00, Length: 40, Loss: -0.1360
2026-03-15 02:11:27 | INFO | Episode 384/500 - Reward: -2.00, Length: 40, Loss: -0.1990
2026-03-15 02:11:27 | INFO | Episode 385/500 - Reward: -2.00, Length: 40, Loss: -0.1719
2026-03-15 02:11:27 | INFO | Episode 386/500 - Reward: -2.00, Length: 40, Loss: -0.1285
2026-03-15 02:11:28 | INFO | Episode 387/500 - Reward: -2.00, Length: 40, Loss: -0.1205
2026-03-15 02:11:28 | INFO | Episode 388/500 - Reward: -2.00, Length: 40, Loss: -0.2580
2026-03-15 02:11:29 | INFO | Episode 389/500 - Reward: -2.00, Length: 40, Loss: -0.1781
2026-03-15 02:11:29 | INFO | Episode 390/500 - Reward: -2.00, Length: 40, Loss: -0.1559
2026-03-15 02:11:30 | INFO | Episode 391/500 - Reward: -2.00, Length: 40, Loss: -0.1610
2026-03-15 02:11:30 | INFO | Episode 392/500 - Reward: -2.00, Length: 40, Loss: -0.1227
2026-03-15 02:11:30 | INFO | Episode 393/500 - Reward: -2.15, Length: 40, Loss: -0.2253
2026-03-15 02:11:31 | INFO | Episode 394/500 - Reward: -2.00, Length: 40, Loss: -0.1144
2026-03-15 02:11:31 | INFO | Episode 395/500 - Reward: -2.00, Length: 40, Loss: -0.1140
2026-03-15 02:11:32 | INFO | Episode 396/500 - Reward: -2.00, Length: 40, Loss: -0.1882
2026-03-15 02:11:32 | INFO | Episode 397/500 - Reward: -2.00, Length: 40, Loss: -0.1847
2026-03-15 02:11:33 | INFO | Episode 398/500 - Reward: -2.00, Length: 40, Loss: -0.2435
2026-03-15 02:11:33 | INFO | Episode 399/500 - Reward: -2.00, Length: 40, Loss: -0.1601
2026-03-15 02:11:34 | INFO | Episode 400/500 - Reward: -2.45, Length: 40, Loss: -0.4156
2026-03-15 02:11:34 | INFO | Episode 400/500 - Avg Reward: -2.05, Avg Length: 40.00, Avg Loss: -0.1903
2026-03-15 02:11:34 | INFO | Episode 401/500 - Reward: -2.00, Length: 40, Loss: -0.2017
2026-03-15 02:11:35 | INFO | Episode 402/500 - Reward: -2.00, Length: 40, Loss: -0.1685
2026-03-15 02:11:35 | INFO | Episode 403/500 - Reward: -2.00, Length: 40, Loss: -0.1772
2026-03-15 02:11:35 | INFO | Episode 404/500 - Reward: -2.00, Length: 40, Loss: -0.0858
2026-03-15 02:11:36 | INFO | Episode 405/500 - Reward: -2.00, Length: 40, Loss: -0.2132
2026-03-15 02:11:36 | INFO | Episode 406/500 - Reward: -2.00, Length: 40, Loss: -0.1633
2026-03-15 02:11:37 | INFO | Episode 407/500 - Reward: -2.00, Length: 40, Loss: -0.1910
2026-03-15 02:11:37 | INFO | Episode 408/500 - Reward: -2.30, Length: 40, Loss: -0.2223
2026-03-15 02:11:38 | INFO | Episode 409/500 - Reward: -2.00, Length: 40, Loss: -0.2036
2026-03-15 02:11:38 | INFO | Episode 410/500 - Reward: -2.00, Length: 40, Loss: -0.2701
2026-03-15 02:11:39 | INFO | Episode 411/500 - Reward: -2.00, Length: 40, Loss: -0.0993
2026-03-15 02:11:39 | INFO | Episode 412/500 - Reward: -2.00, Length: 40, Loss: -0.1645
2026-03-15 02:11:39 | INFO | Episode 413/500 - Reward: -2.15, Length: 40, Loss: -0.3404
2026-03-15 02:11:40 | INFO | Episode 414/500 - Reward: -2.15, Length: 40, Loss: -0.2784
2026-03-15 02:11:40 | INFO | Episode 415/500 - Reward: -2.00, Length: 40, Loss: -0.1227
2026-03-15 02:11:41 | INFO | Episode 416/500 - Reward: -2.00, Length: 40, Loss: -0.1520
2026-03-15 02:11:41 | INFO | Episode 417/500 - Reward: -2.15, Length: 40, Loss: -0.2383
2026-03-15 02:11:42 | INFO | Episode 418/500 - Reward: -2.00, Length: 40, Loss: -0.1303
2026-03-15 02:11:42 | INFO | Episode 419/500 - Reward: -2.00, Length: 40, Loss: -0.2149
2026-03-15 02:11:43 | INFO | Episode 420/500 - Reward: -2.45, Length: 40, Loss: -0.3016
2026-03-15 02:11:43 | INFO | Episode 421/500 - Reward: -2.30, Length: 40, Loss: -0.2122
2026-03-15 02:11:43 | INFO | Episode 422/500 - Reward: -2.00, Length: 40, Loss: -0.1172
2026-03-15 02:11:44 | INFO | Episode 423/500 - Reward: -2.00, Length: 40, Loss: -0.1467
2026-03-15 02:11:44 | INFO | Episode 424/500 - Reward: -2.00, Length: 40, Loss: -0.1450
2026-03-15 02:11:45 | INFO | Episode 425/500 - Reward: -2.00, Length: 40, Loss: -0.1828
2026-03-15 02:11:45 | INFO | Episode 426/500 - Reward: -2.00, Length: 40, Loss: -0.1338
2026-03-15 02:11:46 | INFO | Episode 427/500 - Reward: -2.00, Length: 40, Loss: -0.1581
2026-03-15 02:11:46 | INFO | Episode 428/500 - Reward: -2.00, Length: 40, Loss: -0.1145
2026-03-15 02:11:46 | INFO | Episode 429/500 - Reward: -2.45, Length: 40, Loss: -0.3362
2026-03-15 02:11:47 | INFO | Episode 430/500 - Reward: -2.00, Length: 40, Loss: -0.1506
2026-03-15 02:11:47 | INFO | Episode 431/500 - Reward: -2.15, Length: 40, Loss: -0.3130
2026-03-15 02:11:48 | INFO | Episode 432/500 - Reward: -2.00, Length: 40, Loss: -0.2051
2026-03-15 02:11:48 | INFO | Episode 433/500 - Reward: -2.00, Length: 40, Loss: -0.2546
2026-03-15 02:11:49 | INFO | Episode 434/500 - Reward: -2.00, Length: 40, Loss: -0.2269
2026-03-15 02:11:49 | INFO | Episode 435/500 - Reward: -2.00, Length: 40, Loss: -0.1908
2026-03-15 02:11:49 | INFO | Episode 436/500 - Reward: -2.15, Length: 40, Loss: -0.2622
2026-03-15 02:11:50 | INFO | Episode 437/500 - Reward: -2.00, Length: 40, Loss: -0.1848
2026-03-15 02:11:50 | INFO | Episode 438/500 - Reward: -2.00, Length: 40, Loss: -0.1159
2026-03-15 02:11:51 | INFO | Episode 439/500 - Reward: -2.00, Length: 40, Loss: -0.1135
2026-03-15 02:11:51 | INFO | Episode 440/500 - Reward: -2.00, Length: 40, Loss: -0.1260
2026-03-15 02:11:52 | INFO | Episode 441/500 - Reward: -2.00, Length: 40, Loss: -0.2275
2026-03-15 02:11:52 | INFO | Episode 442/500 - Reward: -2.30, Length: 40, Loss: -0.2855
2026-03-15 02:11:52 | INFO | Episode 443/500 - Reward: -2.00, Length: 40, Loss: -0.1915
2026-03-15 02:11:53 | INFO | Episode 444/500 - Reward: -2.00, Length: 40, Loss: -0.1758
2026-03-15 02:11:53 | INFO | Episode 445/500 - Reward: -2.00, Length: 40, Loss: -0.2008
2026-03-15 02:11:54 | INFO | Episode 446/500 - Reward: -2.00, Length: 40, Loss: -0.1994
2026-03-15 02:11:54 | INFO | Episode 447/500 - Reward: -2.00, Length: 40, Loss: -0.1140
2026-03-15 02:11:55 | INFO | Episode 448/500 - Reward: -2.00, Length: 40, Loss: -0.0839
2026-03-15 02:11:55 | INFO | Episode 449/500 - Reward: -2.00, Length: 40, Loss: -0.1462
2026-03-15 02:11:55 | INFO | Episode 450/500 - Reward: -2.00, Length: 40, Loss: -0.1232
2026-03-15 02:11:55 | INFO | Episode 450/500 - Avg Reward: -2.05, Avg Length: 40.00, Avg Loss: -0.1875
2026-03-15 02:11:56 | INFO | Episode 451/500 - Reward: -2.00, Length: 40, Loss: -0.1890
2026-03-15 02:11:55 | INFO | Episode 452/500 - Reward: -2.00, Length: 40, Loss: -0.0649
2026-03-15 02:11:55 | INFO | Episode 453/500 - Reward: -2.00, Length: 40, Loss: -0.1130
2026-03-15 02:11:56 | INFO | Episode 454/500 - Reward: -2.00, Length: 40, Loss: -0.1541
2026-03-15 02:11:56 | INFO | Episode 455/500 - Reward: -2.00, Length: 40, Loss: -0.1115
2026-03-15 02:11:57 | INFO | Episode 456/500 - Reward: -2.00, Length: 40, Loss: -0.1270
2026-03-15 02:11:57 | INFO | Episode 457/500 - Reward: -2.00, Length: 40, Loss: -0.1593
2026-03-15 02:11:58 | INFO | Episode 458/500 - Reward: -2.15, Length: 40, Loss: -0.3478
2026-03-15 02:11:58 | INFO | Episode 459/500 - Reward: -2.00, Length: 40, Loss: -0.1321
2026-03-15 02:11:58 | INFO | Episode 460/500 - Reward: -2.00, Length: 40, Loss: -0.1661
2026-03-15 02:11:59 | INFO | Episode 461/500 - Reward: -2.00, Length: 40, Loss: -0.1414
2026-03-15 02:11:59 | INFO | Episode 462/500 - Reward: -2.00, Length: 40, Loss: -0.1702
2026-03-15 02:12:00 | INFO | Episode 463/500 - Reward: -2.15, Length: 40, Loss: -0.2331
2026-03-15 02:12:00 | INFO | Episode 464/500 - Reward: -2.15, Length: 40, Loss: -0.3679
2026-03-15 02:12:01 | INFO | Episode 465/500 - Reward: -2.00, Length: 40, Loss: -0.1539
2026-03-15 02:12:01 | INFO | Episode 466/500 - Reward: -2.00, Length: 40, Loss: -0.1512
2026-03-15 02:12:02 | INFO | Episode 467/500 - Reward: -2.15, Length: 40, Loss: -0.2326
2026-03-15 02:12:02 | INFO | Episode 468/500 - Reward: -2.00, Length: 40, Loss: -0.1841
2026-03-15 02:12:03 | INFO | Episode 469/500 - Reward: -2.00, Length: 40, Loss: -0.1512
2026-03-15 02:12:03 | INFO | Episode 470/500 - Reward: -4.25, Length: 40, Loss: -0.4088
2026-03-15 02:12:04 | INFO | Episode 471/500 - Reward: -2.00, Length: 40, Loss: -0.1628
2026-03-15 02:12:04 | INFO | Episode 472/500 - Reward: -2.00, Length: 40, Loss: -0.2486
2026-03-15 02:12:05 | INFO | Episode 473/500 - Reward: -2.00, Length: 40, Loss: -0.1904
2026-03-15 02:12:05 | INFO | Episode 474/500 - Reward: -2.15, Length: 40, Loss: -0.1944
2026-03-15 02:12:06 | INFO | Episode 475/500 - Reward: -2.30, Length: 40, Loss: -0.2172
2026-03-15 02:12:06 | INFO | Episode 476/500 - Reward: -2.00, Length: 40, Loss: -0.1713
2026-03-15 02:12:06 | INFO | Episode 477/500 - Reward: -2.00, Length: 40, Loss: -0.2031
2026-03-15 02:12:07 | INFO | Episode 478/500 - Reward: -2.00, Length: 40, Loss: -0.1828
2026-03-15 02:12:07 | INFO | Episode 479/500 - Reward: -2.30, Length: 40, Loss: -0.1868
2026-03-15 02:12:08 | INFO | Episode 480/500 - Reward: -2.15, Length: 40, Loss: -0.2363
2026-03-15 02:12:08 | INFO | Episode 481/500 - Reward: -2.15, Length: 40, Loss: -0.1872
2026-03-15 02:12:09 | INFO | Episode 482/500 - Reward: -2.00, Length: 40, Loss: -0.1351
2026-03-15 02:12:09 | INFO | Episode 483/500 - Reward: -2.30, Length: 40, Loss: -0.2469
2026-03-15 02:12:10 | INFO | Episode 484/500 - Reward: -2.00, Length: 40, Loss: -0.2230
2026-03-15 02:12:10 | INFO | Episode 485/500 - Reward: -2.15, Length: 40, Loss: -0.2240
2026-03-15 02:12:11 | INFO | Episode 486/500 - Reward: -2.00, Length: 40, Loss: -0.1469
2026-03-15 02:12:11 | INFO | Episode 487/500 - Reward: -2.00, Length: 40, Loss: -0.1481
2026-03-15 02:12:12 | INFO | Episode 488/500 - Reward: -2.00, Length: 40, Loss: -0.1849
2026-03-15 02:12:12 | INFO | Episode 489/500 - Reward: -2.00, Length: 40, Loss: -0.1433
2026-03-15 02:12:12 | INFO | Episode 490/500 - Reward: -2.15, Length: 40, Loss: -0.3697
2026-03-15 02:12:13 | INFO | Episode 491/500 - Reward: -3.35, Length: 40, Loss: -0.3480
2026-03-15 02:12:13 | INFO | Episode 492/500 - Reward: -2.00, Length: 40, Loss: -0.1550
2026-03-15 02:12:14 | INFO | Episode 493/500 - Reward: -2.00, Length: 40, Loss: -0.1430
2026-03-15 02:12:14 | INFO | Episode 494/500 - Reward: -2.15, Length: 40, Loss: -0.1703
2026-03-15 02:12:15 | INFO | Episode 495/500 - Reward: -2.15, Length: 40, Loss: -0.2996
2026-03-15 02:12:15 | INFO | Episode 496/500 - Reward: -2.00, Length: 40, Loss: -0.2285
2026-03-15 02:12:16 | INFO | Episode 497/500 - Reward: -2.15, Length: 40, Loss: -0.2232
2026-03-15 02:12:16 | INFO | Episode 498/500 - Reward: -2.15, Length: 40, Loss: -0.3333
2026-03-15 02:12:17 | INFO | Episode 499/500 - Reward: -2.00, Length: 40, Loss: -0.2667
2026-03-15 02:12:17 | INFO | Episode 500/500 - Reward: -2.15, Length: 40, Loss: -0.1934
2026-03-15 02:12:17 | INFO | Episode 500/500 - Avg Reward: -2.13, Avg Length: 40.00, Avg Loss: -0.2025
