2026-03-15 01:36:42 | INFO | JAX DEVICES: [CudaDevice(id=0)]
2026-03-15 01:36:42 | INFO | Starting training of REINFORCE agent with seed=1, num_episodes=500, max_steps=50
2026-03-15 01:36:42 | INFO | Environment parameters: EnvParams(grid_rows=5, grid_cols=5, max_steps=40, start_row=4, start_col=0, goal_row=0, goal_col=4, trap_row=1, trap_col=3, step_penalty=-0.05, trap_penalty=-2.0, invalid_penalty=-0.2, goal_reward=10.0)
2026-03-15 01:36:43 | INFO | Episode 1/500 - Reward: -3.80, Length: 40, Loss: -0.4983
2026-03-15 01:36:43 | INFO | Episode 2/500 - Reward: -4.70, Length: 40, Loss: -0.5107
2026-03-15 01:36:44 | INFO | Episode 3/500 - Reward: -4.85, Length: 40, Loss: -0.5563
2026-03-15 01:36:44 | INFO | Episode 4/500 - Reward: -5.15, Length: 40, Loss: -0.5464
2026-03-15 01:36:45 | INFO | Episode 5/500 - Reward: -3.65, Length: 40, Loss: -0.4975
2026-03-15 01:36:45 | INFO | Episode 6/500 - Reward: -4.55, Length: 40, Loss: -0.4866
2026-03-15 01:36:46 | INFO | Episode 7/500 - Reward: -3.50, Length: 40, Loss: -0.5406
2026-03-15 01:36:46 | INFO | Episode 8/500 - Reward: 8.15, Length: 26, Loss: 1.0917
2026-03-15 01:36:47 | INFO | Episode 9/500 - Reward: -6.50, Length: 40, Loss: -0.6227
2026-03-15 01:36:47 | INFO | Episode 10/500 - Reward: -4.85, Length: 40, Loss: -0.5521
2026-03-15 01:36:48 | INFO | Episode 11/500 - Reward: -3.65, Length: 40, Loss: -0.5078
2026-03-15 01:36:48 | INFO | Episode 12/500 - Reward: -10.40, Length: 40, Loss: -0.5621
2026-03-15 01:36:49 | INFO | Episode 13/500 - Reward: -6.95, Length: 40, Loss: -0.6959
2026-03-15 01:36:49 | INFO | Episode 14/500 - Reward: -4.70, Length: 40, Loss: -0.5543
2026-03-15 01:36:49 | INFO | Episode 15/500 - Reward: -3.80, Length: 40, Loss: -0.5429
2026-03-15 01:36:50 | INFO | Episode 16/500 - Reward: 1.80, Length: 30, Loss: 0.3840
2026-03-15 01:36:50 | INFO | Episode 17/500 - Reward: -3.80, Length: 40, Loss: -0.5022
2026-03-15 01:36:51 | INFO | Episode 18/500 - Reward: 6.05, Length: 35, Loss: 0.5133
2026-03-15 01:36:51 | INFO | Episode 19/500 - Reward: -5.45, Length: 40, Loss: -0.5276
2026-03-15 01:36:52 | INFO | Episode 20/500 - Reward: -4.55, Length: 40, Loss: -0.5162
2026-03-15 01:36:52 | INFO | Episode 21/500 - Reward: -9.80, Length: 40, Loss: -0.4156
2026-03-15 01:36:53 | INFO | Episode 22/500 - Reward: -3.65, Length: 40, Loss: -0.4405
2026-03-15 01:36:53 | INFO | Episode 23/500 - Reward: -4.55, Length: 40, Loss: -0.5298
2026-03-15 01:36:54 | INFO | Episode 24/500 - Reward: -5.00, Length: 40, Loss: -0.5210
2026-03-15 01:36:54 | INFO | Episode 25/500 - Reward: 5.65, Length: 34, Loss: 0.5091
2026-03-15 01:36:55 | INFO | Episode 26/500 - Reward: -15.50, Length: 40, Loss: -0.4197
2026-03-15 01:36:55 | INFO | Episode 27/500 - Reward: -4.85, Length: 40, Loss: -0.4905
2026-03-15 01:36:56 | INFO | Episode 28/500 - Reward: -4.40, Length: 40, Loss: -0.5011
2026-03-15 01:36:56 | INFO | Episode 29/500 - Reward: -4.70, Length: 40, Loss: -0.5232
2026-03-15 01:36:57 | INFO | Episode 30/500 - Reward: -4.40, Length: 40, Loss: -0.3980
2026-03-15 01:36:57 | INFO | Episode 31/500 - Reward: -4.55, Length: 40, Loss: -0.4850
2026-03-15 01:36:58 | INFO | Episode 32/500 - Reward: -6.20, Length: 40, Loss: -0.5920
2026-03-15 01:36:58 | INFO | Episode 33/500 - Reward: 4.45, Length: 19, Loss: 1.4106
2026-03-15 01:36:59 | INFO | Episode 34/500 - Reward: 6.55, Length: 31, Loss: 0.7217
2026-03-15 01:36:59 | INFO | Episode 35/500 - Reward: -3.50, Length: 40, Loss: -0.5099
2026-03-15 01:37:00 | INFO | Episode 36/500 - Reward: -5.45, Length: 40, Loss: -0.4580
2026-03-15 01:37:00 | INFO | Episode 37/500 - Reward: -5.60, Length: 40, Loss: -0.5262
2026-03-15 01:37:01 | INFO | Episode 38/500 - Reward: -5.60, Length: 40, Loss: -0.4235
2026-03-15 01:37:01 | INFO | Episode 39/500 - Reward: -3.35, Length: 40, Loss: -0.4788
2026-03-15 01:37:01 | INFO | Episode 40/500 - Reward: -3.50, Length: 40, Loss: -0.5110
2026-03-15 01:37:02 | INFO | Episode 41/500 - Reward: -4.70, Length: 40, Loss: -0.5116
2026-03-15 01:37:02 | INFO | Episode 42/500 - Reward: -3.65, Length: 40, Loss: -0.4615
2026-03-15 01:37:03 | INFO | Episode 43/500 - Reward: -6.20, Length: 40, Loss: -0.5485
2026-03-15 01:37:03 | INFO | Episode 44/500 - Reward: -4.85, Length: 40, Loss: -0.4812
2026-03-15 01:37:04 | INFO | Episode 45/500 - Reward: -4.85, Length: 40, Loss: -0.5672
2026-03-15 01:37:04 | INFO | Episode 46/500 - Reward: -1.55, Length: 37, Loss: 0.0527
2026-03-15 01:37:05 | INFO | Episode 47/500 - Reward: -4.70, Length: 40, Loss: -0.5074
2026-03-15 01:37:05 | INFO | Episode 48/500 - Reward: -4.25, Length: 40, Loss: -0.4951
2026-03-15 01:37:06 | INFO | Episode 49/500 - Reward: -4.85, Length: 40, Loss: -0.5190
2026-03-15 01:37:06 | INFO | Episode 50/500 - Reward: -4.10, Length: 40, Loss: -0.4558
2026-03-15 01:37:06 | INFO | Episode 50/500 - Avg Reward: -3.81, Avg Length: 38.64, Avg Loss: -0.3462
2026-03-15 01:37:07 | INFO | Episode 51/500 - Reward: -5.15, Length: 40, Loss: -0.4955
2026-03-15 01:37:07 | INFO | Episode 52/500 - Reward: -3.65, Length: 40, Loss: -0.5536
2026-03-15 01:37:08 | INFO | Episode 53/500 - Reward: -5.15, Length: 40, Loss: -0.5727
2026-03-15 01:37:08 | INFO | Episode 54/500 - Reward: -9.65, Length: 40, Loss: -0.4351
2026-03-15 01:37:09 | INFO | Episode 55/500 - Reward: -4.85, Length: 40, Loss: -0.5204
2026-03-15 01:37:09 | INFO | Episode 56/500 - Reward: -3.20, Length: 40, Loss: -0.4815
2026-03-15 01:37:10 | INFO | Episode 57/500 - Reward: -3.95, Length: 40, Loss: -0.5291
2026-03-15 01:37:10 | INFO | Episode 58/500 - Reward: 4.70, Length: 32, Loss: 0.6059
2026-03-15 01:37:10 | INFO | Episode 59/500 - Reward: -3.95, Length: 40, Loss: -0.4966
2026-03-15 01:37:11 | INFO | Episode 60/500 - Reward: 6.30, Length: 24, Loss: 1.1531
2026-03-15 01:37:10 | INFO | Episode 61/500 - Reward: -3.80, Length: 40, Loss: -0.5374
2026-03-15 01:37:11 | INFO | Episode 62/500 - Reward: -7.40, Length: 40, Loss: -0.4466
2026-03-15 01:37:11 | INFO | Episode 63/500 - Reward: -6.35, Length: 40, Loss: -0.4296
2026-03-15 01:37:12 | INFO | Episode 64/500 - Reward: -4.25, Length: 40, Loss: -0.4484
2026-03-15 01:37:12 | INFO | Episode 65/500 - Reward: -4.55, Length: 40, Loss: -0.4467
2026-03-15 01:37:13 | INFO | Episode 66/500 - Reward: -5.15, Length: 40, Loss: -0.5460
2026-03-15 01:37:13 | INFO | Episode 67/500 - Reward: -6.35, Length: 40, Loss: -0.5757
2026-03-15 01:37:14 | INFO | Episode 68/500 - Reward: 1.10, Length: 32, Loss: 0.2925
2026-03-15 01:37:14 | INFO | Episode 69/500 - Reward: -5.60, Length: 40, Loss: -0.4930
2026-03-15 01:37:15 | INFO | Episode 70/500 - Reward: -4.25, Length: 40, Loss: -0.4728
2026-03-15 01:37:15 | INFO | Episode 71/500 - Reward: -4.25, Length: 40, Loss: -0.5071
2026-03-15 01:37:16 | INFO | Episode 72/500 - Reward: -4.55, Length: 40, Loss: -0.4787
2026-03-15 01:37:16 | INFO | Episode 73/500 - Reward: -5.60, Length: 40, Loss: -0.5156
2026-03-15 01:37:17 | INFO | Episode 74/500 - Reward: 6.85, Length: 37, Loss: 0.4472
2026-03-15 01:37:17 | INFO | Episode 75/500 - Reward: -4.70, Length: 40, Loss: -0.4663
2026-03-15 01:37:18 | INFO | Episode 76/500 - Reward: -4.40, Length: 40, Loss: -0.4849
2026-03-15 01:37:18 | INFO | Episode 77/500 - Reward: -4.10, Length: 40, Loss: -0.5579
2026-03-15 01:37:19 | INFO | Episode 78/500 - Reward: -4.10, Length: 40, Loss: -0.4448
2026-03-15 01:37:19 | INFO | Episode 79/500 - Reward: -8.30, Length: 40, Loss: -0.3723
2026-03-15 01:37:20 | INFO | Episode 80/500 - Reward: -3.80, Length: 40, Loss: -0.4527
2026-03-15 01:37:20 | INFO | Episode 81/500 - Reward: 8.85, Length: 15, Loss: 2.0374
2026-03-15 01:37:21 | INFO | Episode 82/500 - Reward: -5.45, Length: 40, Loss: -0.4974
2026-03-15 01:37:21 | INFO | Episode 83/500 - Reward: -5.45, Length: 40, Loss: -0.5069
2026-03-15 01:37:22 | INFO | Episode 84/500 - Reward: -4.55, Length: 40, Loss: -0.4951
2026-03-15 01:37:22 | INFO | Episode 85/500 - Reward: -5.00, Length: 40, Loss: -0.5041
2026-03-15 01:37:23 | INFO | Episode 86/500 - Reward: -4.10, Length: 40, Loss: -0.4382
2026-03-15 01:37:24 | INFO | Episode 87/500 - Reward: 4.15, Length: 25, Loss: 0.8837
2026-03-15 01:37:24 | INFO | Episode 88/500 - Reward: -3.65, Length: 40, Loss: -0.4658
2026-03-15 01:37:24 | INFO | Episode 89/500 - Reward: -10.55, Length: 40, Loss: -0.6152
2026-03-15 01:37:25 | INFO | Episode 90/500 - Reward: -7.55, Length: 40, Loss: -0.4060
2026-03-15 01:37:25 | INFO | Episode 91/500 - Reward: -6.05, Length: 40, Loss: -0.4682
2026-03-15 01:37:26 | INFO | Episode 92/500 - Reward: -4.55, Length: 40, Loss: -0.5034
2026-03-15 01:37:26 | INFO | Episode 93/500 - Reward: -4.40, Length: 40, Loss: -0.5328
2026-03-15 01:37:27 | INFO | Episode 94/500 - Reward: -5.00, Length: 40, Loss: -0.5012
2026-03-15 01:37:27 | INFO | Episode 95/500 - Reward: -4.55, Length: 40, Loss: -0.4882
2026-03-15 01:37:28 | INFO | Episode 96/500 - Reward: 5.90, Length: 23, Loss: 1.1070
2026-03-15 01:37:28 | INFO | Episode 97/500 - Reward: 4.00, Length: 34, Loss: 0.4505
2026-03-15 01:37:29 | INFO | Episode 98/500 - Reward: -4.55, Length: 40, Loss: -0.5386
2026-03-15 01:37:29 | INFO | Episode 99/500 - Reward: -7.55, Length: 40, Loss: -0.6177
2026-03-15 01:37:30 | INFO | Episode 100/500 - Reward: -5.45, Length: 40, Loss: -0.5287
2026-03-15 01:37:30 | INFO | Episode 100/500 - Avg Reward: -3.55, Avg Length: 38.04, Avg Loss: -0.2778
2026-03-15 01:37:30 | INFO | Episode 101/500 - Reward: -5.00, Length: 40, Loss: -0.4898
2026-03-15 01:37:31 | INFO | Episode 102/500 - Reward: -4.10, Length: 40, Loss: -0.4820
2026-03-15 01:37:31 | INFO | Episode 103/500 - Reward: -4.55, Length: 40, Loss: -0.5577
2026-03-15 01:37:31 | INFO | Episode 104/500 - Reward: -5.15, Length: 40, Loss: -0.5053
2026-03-15 01:37:32 | INFO | Episode 105/500 - Reward: -3.80, Length: 40, Loss: -0.4944
2026-03-15 01:37:32 | INFO | Episode 106/500 - Reward: -5.45, Length: 40, Loss: -0.5532
2026-03-15 01:37:33 | INFO | Episode 107/500 - Reward: -5.75, Length: 40, Loss: -0.5296
2026-03-15 01:37:33 | INFO | Episode 108/500 - Reward: -5.90, Length: 40, Loss: -0.4148
2026-03-15 01:37:34 | INFO | Episode 109/500 - Reward: -6.20, Length: 40, Loss: -0.4624
2026-03-15 01:37:34 | INFO | Episode 110/500 - Reward: -6.20, Length: 40, Loss: -0.6217
2026-03-15 01:37:35 | INFO | Episode 111/500 - Reward: 9.15, Length: 12, Loss: 2.3490
2026-03-15 01:37:35 | INFO | Episode 112/500 - Reward: -5.45, Length: 40, Loss: -0.4959
2026-03-15 01:37:36 | INFO | Episode 113/500 - Reward: -6.05, Length: 40, Loss: -0.4766
2026-03-15 01:37:36 | INFO | Episode 114/500 - Reward: -6.05, Length: 40, Loss: -0.5322
2026-03-15 01:37:37 | INFO | Episode 115/500 - Reward: 0.80, Length: 35, Loss: 0.1480
2026-03-15 01:37:37 | INFO | Episode 116/500 - Reward: 7.00, Length: 13, Loss: 2.1709
2026-03-15 01:37:38 | INFO | Episode 117/500 - Reward: -4.85, Length: 40, Loss: -0.4985
2026-03-15 01:37:38 | INFO | Episode 118/500 - Reward: 6.95, Length: 26, Loss: 1.0207
2026-03-15 01:37:39 | INFO | Episode 119/500 - Reward: -3.65, Length: 40, Loss: -0.5092
2026-03-15 01:37:39 | INFO | Episode 120/500 - Reward: -6.80, Length: 40, Loss: -0.5977
2026-03-15 01:37:39 | INFO | Episode 121/500 - Reward: -3.80, Length: 40, Loss: -0.5587
2026-03-15 01:37:40 | INFO | Episode 122/500 - Reward: -3.50, Length: 40, Loss: -0.4840
2026-03-15 01:37:40 | INFO | Episode 123/500 - Reward: -5.30, Length: 40, Loss: -0.4891
2026-03-15 01:37:41 | INFO | Episode 124/500 - Reward: -4.85, Length: 40, Loss: -0.4646
2026-03-15 01:37:41 | INFO | Episode 125/500 - Reward: -4.10, Length: 40, Loss: -0.5085
2026-03-15 01:37:42 | INFO | Episode 126/500 - Reward: 4.00, Length: 31, Loss: 0.5225
2026-03-15 01:37:41 | INFO | Episode 127/500 - Reward: 6.15, Length: 39, Loss: 0.3467
2026-03-15 01:37:41 | INFO | Episode 128/500 - Reward: -4.40, Length: 40, Loss: -0.5464
2026-03-15 01:37:42 | INFO | Episode 129/500 - Reward: -4.85, Length: 40, Loss: -0.5056
2026-03-15 01:37:42 | INFO | Episode 130/500 - Reward: -2.90, Length: 40, Loss: -0.4621
2026-03-15 01:37:42 | INFO | Episode 131/500 - Reward: -6.95, Length: 40, Loss: -0.5259
2026-03-15 01:37:43 | INFO | Episode 132/500 - Reward: -4.40, Length: 40, Loss: -0.4683
2026-03-15 01:37:43 | INFO | Episode 133/500 - Reward: -4.25, Length: 40, Loss: -0.5012
2026-03-15 01:37:44 | INFO | Episode 134/500 - Reward: -3.50, Length: 40, Loss: -0.4545
2026-03-15 01:37:44 | INFO | Episode 135/500 - Reward: -5.00, Length: 40, Loss: -0.4726
2026-03-15 01:37:45 | INFO | Episode 136/500 - Reward: -9.65, Length: 40, Loss: -0.6139
2026-03-15 01:37:45 | INFO | Episode 137/500 - Reward: -4.10, Length: 40, Loss: -0.5579
2026-03-15 01:37:45 | INFO | Episode 138/500 - Reward: 3.95, Length: 29, Loss: 0.6364
2026-03-15 01:37:46 | INFO | Episode 139/500 - Reward: 7.65, Length: 27, Loss: 0.9925
2026-03-15 01:37:46 | INFO | Episode 140/500 - Reward: -4.10, Length: 40, Loss: -0.5089
2026-03-15 01:37:47 | INFO | Episode 141/500 - Reward: -4.85, Length: 40, Loss: -0.5417
2026-03-15 01:37:47 | INFO | Episode 142/500 - Reward: -4.85, Length: 40, Loss: -0.5545
2026-03-15 01:37:48 | INFO | Episode 143/500 - Reward: -6.65, Length: 40, Loss: -0.5427
2026-03-15 01:37:48 | INFO | Episode 144/500 - Reward: -7.40, Length: 40, Loss: -0.2629
2026-03-15 01:37:48 | INFO | Episode 145/500 - Reward: 7.15, Length: 28, Loss: 0.9155
2026-03-15 01:37:49 | INFO | Episode 146/500 - Reward: -10.10, Length: 40, Loss: -0.3966
2026-03-15 01:37:49 | INFO | Episode 147/500 - Reward: -4.10, Length: 40, Loss: -0.4878
2026-03-15 01:37:50 | INFO | Episode 148/500 - Reward: -3.65, Length: 40, Loss: -0.4439
2026-03-15 01:37:50 | INFO | Episode 149/500 - Reward: -4.55, Length: 40, Loss: -0.5309
2026-03-15 01:37:51 | INFO | Episode 150/500 - Reward: -4.25, Length: 40, Loss: -0.4789
2026-03-15 01:37:51 | INFO | Episode 150/500 - Avg Reward: -3.16, Avg Length: 37.60, Avg Loss: -0.2296
2026-03-15 01:37:51 | INFO | Episode 151/500 - Reward: -3.65, Length: 40, Loss: -0.5232
2026-03-15 01:37:51 | INFO | Episode 152/500 - Reward: -4.85, Length: 40, Loss: -0.4953
2026-03-15 01:37:52 | INFO | Episode 153/500 - Reward: -6.05, Length: 40, Loss: -0.5494
2026-03-15 01:37:52 | INFO | Episode 154/500 - Reward: -5.90, Length: 40, Loss: -0.4761
2026-03-15 01:37:53 | INFO | Episode 155/500 - Reward: 2.65, Length: 31, Loss: 0.4290
2026-03-15 01:37:53 | INFO | Episode 156/500 - Reward: -5.15, Length: 40, Loss: -0.5422
2026-03-15 01:37:54 | INFO | Episode 157/500 - Reward: -3.20, Length: 40, Loss: -0.4541
2026-03-15 01:37:54 | INFO | Episode 158/500 - Reward: 6.45, Length: 30, Loss: 0.7535
2026-03-15 01:37:54 | INFO | Episode 159/500 - Reward: 7.45, Length: 25, Loss: 1.1229
2026-03-15 01:37:55 | INFO | Episode 160/500 - Reward: -4.25, Length: 40, Loss: -0.5334
2026-03-15 01:37:55 | INFO | Episode 161/500 - Reward: -4.25, Length: 40, Loss: -0.5382
2026-03-15 01:37:56 | INFO | Episode 162/500 - Reward: -4.40, Length: 40, Loss: -0.5176
2026-03-15 01:37:56 | INFO | Episode 163/500 - Reward: 5.80, Length: 22, Loss: 1.1878
2026-03-15 01:37:57 | INFO | Episode 164/500 - Reward: -4.25, Length: 40, Loss: -0.4824
2026-03-15 01:37:57 | INFO | Episode 165/500 - Reward: -4.85, Length: 40, Loss: -0.4605
2026-03-15 01:37:57 | INFO | Episode 166/500 - Reward: -7.40, Length: 40, Loss: -0.2956
2026-03-15 01:37:58 | INFO | Episode 167/500 - Reward: -7.70, Length: 40, Loss: -0.5693
2026-03-15 01:37:58 | INFO | Episode 168/500 - Reward: 1.00, Length: 34, Loss: 0.2151
2026-03-15 01:37:59 | INFO | Episode 169/500 - Reward: 3.85, Length: 28, Loss: 0.6396
2026-03-15 01:37:59 | INFO | Episode 170/500 - Reward: -5.30, Length: 40, Loss: -0.4898
2026-03-15 01:38:00 | INFO | Episode 171/500 - Reward: -4.85, Length: 40, Loss: -0.5793
2026-03-15 01:38:00 | INFO | Episode 172/500 - Reward: -4.40, Length: 40, Loss: -0.5325
2026-03-15 01:38:00 | INFO | Episode 173/500 - Reward: -3.05, Length: 40, Loss: -0.4784
2026-03-15 01:38:01 | INFO | Episode 174/500 - Reward: 4.70, Length: 35, Loss: 0.4591
2026-03-15 01:38:01 | INFO | Episode 175/500 - Reward: -5.00, Length: 40, Loss: -0.4850
2026-03-15 01:38:02 | INFO | Episode 176/500 - Reward: -5.00, Length: 40, Loss: -0.4869
2026-03-15 01:38:02 | INFO | Episode 177/500 - Reward: -5.60, Length: 40, Loss: -0.4869
2026-03-15 01:38:03 | INFO | Episode 178/500 - Reward: 2.45, Length: 38, Loss: 0.1962
2026-03-15 01:38:03 | INFO | Episode 179/500 - Reward: -5.00, Length: 40, Loss: -0.5142
2026-03-15 01:38:03 | INFO | Episode 180/500 - Reward: -5.45, Length: 40, Loss: -0.5196
2026-03-15 01:38:04 | INFO | Episode 181/500 - Reward: -5.15, Length: 40, Loss: -0.6674
2026-03-15 01:38:04 | INFO | Episode 182/500 - Reward: -5.45, Length: 40, Loss: -0.4757
2026-03-15 01:38:05 | INFO | Episode 183/500 - Reward: -4.10, Length: 40, Loss: -0.4586
2026-03-15 01:38:05 | INFO | Episode 184/500 - Reward: -3.95, Length: 40, Loss: -0.4530
2026-03-15 01:38:06 | INFO | Episode 185/500 - Reward: -4.25, Length: 40, Loss: -0.4764
2026-03-15 01:38:06 | INFO | Episode 186/500 - Reward: -5.60, Length: 40, Loss: -0.5543
2026-03-15 01:38:07 | INFO | Episode 187/500 - Reward: -3.95, Length: 40, Loss: -0.5001
2026-03-15 01:38:07 | INFO | Episode 188/500 - Reward: -3.95, Length: 40, Loss: -0.4406
2026-03-15 01:38:08 | INFO | Episode 189/500 - Reward: 3.85, Length: 25, Loss: 0.8071
2026-03-15 01:38:08 | INFO | Episode 190/500 - Reward: -4.40, Length: 40, Loss: -0.4848
2026-03-15 01:38:08 | INFO | Episode 191/500 - Reward: -5.15, Length: 40, Loss: -0.4714
2026-03-15 01:38:09 | INFO | Episode 192/500 - Reward: -5.90, Length: 40, Loss: -0.5437
2026-03-15 01:38:09 | INFO | Episode 193/500 - Reward: -4.10, Length: 40, Loss: -0.5419
2026-03-15 01:38:10 | INFO | Episode 194/500 - Reward: -6.05, Length: 40, Loss: -0.5265
2026-03-15 01:38:10 | INFO | Episode 195/500 - Reward: -5.15, Length: 40, Loss: -0.5421
2026-03-15 01:38:11 | INFO | Episode 196/500 - Reward: -6.20, Length: 34, Loss: -0.0733
2026-03-15 01:38:11 | INFO | Episode 197/500 - Reward: 7.55, Length: 29, Loss: 0.8898
2026-03-15 01:38:11 | INFO | Episode 198/500 - Reward: -4.85, Length: 40, Loss: -0.4371
2026-03-15 01:38:12 | INFO | Episode 199/500 - Reward: -5.15, Length: 40, Loss: -0.4970
2026-03-15 01:38:12 | INFO | Episode 200/500 - Reward: 8.85, Length: 12, Loss: 2.3142
2026-03-15 01:38:12 | INFO | Episode 200/500 - Avg Reward: -2.77, Avg Length: 37.26, Avg Loss: -0.2028
2026-03-15 01:38:13 | INFO | Episode 201/500 - Reward: -4.40, Length: 40, Loss: -0.4914
2026-03-15 01:38:12 | INFO | Episode 202/500 - Reward: -3.80, Length: 40, Loss: -0.4907
2026-03-15 01:38:12 | INFO | Episode 203/500 - Reward: -11.15, Length: 40, Loss: -0.5447
2026-03-15 01:38:13 | INFO | Episode 204/500 - Reward: -7.10, Length: 40, Loss: -0.4326
2026-03-15 01:38:13 | INFO | Episode 205/500 - Reward: -7.85, Length: 40, Loss: -0.4539
2026-03-15 01:38:14 | INFO | Episode 206/500 - Reward: -5.30, Length: 40, Loss: -0.5500
2026-03-15 01:38:14 | INFO | Episode 207/500 - Reward: -3.80, Length: 40, Loss: -0.4850
2026-03-15 01:38:14 | INFO | Episode 208/500 - Reward: -4.10, Length: 40, Loss: -0.4335
2026-03-15 01:38:15 | INFO | Episode 209/500 - Reward: -3.95, Length: 40, Loss: -0.4923
2026-03-15 01:38:15 | INFO | Episode 210/500 - Reward: -2.60, Length: 40, Loss: -0.4733
2026-03-15 01:38:16 | INFO | Episode 211/500 - Reward: -4.85, Length: 40, Loss: -0.6005
2026-03-15 01:38:16 | INFO | Episode 212/500 - Reward: -3.50, Length: 40, Loss: -0.5101
2026-03-15 01:38:17 | INFO | Episode 213/500 - Reward: 8.15, Length: 17, Loss: 1.7689
2026-03-15 01:38:17 | INFO | Episode 214/500 - Reward: 6.55, Length: 31, Loss: 0.7043
2026-03-15 01:38:17 | INFO | Episode 215/500 - Reward: -5.30, Length: 40, Loss: -0.5521
2026-03-15 01:38:18 | INFO | Episode 216/500 - Reward: -3.50, Length: 40, Loss: -0.4822
2026-03-15 01:38:18 | INFO | Episode 217/500 - Reward: 2.75, Length: 32, Loss: 0.4276
2026-03-15 01:38:19 | INFO | Episode 218/500 - Reward: -4.10, Length: 40, Loss: -0.4521
2026-03-15 01:38:19 | INFO | Episode 219/500 - Reward: -5.90, Length: 40, Loss: -0.4750
2026-03-15 01:38:20 | INFO | Episode 220/500 - Reward: -4.70, Length: 40, Loss: -0.4612
2026-03-15 01:38:20 | INFO | Episode 221/500 - Reward: -4.10, Length: 40, Loss: -0.4735
2026-03-15 01:38:20 | INFO | Episode 222/500 - Reward: -6.80, Length: 40, Loss: -0.4763
2026-03-15 01:38:21 | INFO | Episode 223/500 - Reward: -7.10, Length: 40, Loss: -0.4385
2026-03-15 01:38:21 | INFO | Episode 224/500 - Reward: 7.05, Length: 30, Loss: 0.7857
2026-03-15 01:38:22 | INFO | Episode 225/500 - Reward: -6.20, Length: 40, Loss: -0.5358
2026-03-15 01:38:22 | INFO | Episode 226/500 - Reward: -5.15, Length: 40, Loss: -0.5660
2026-03-15 01:38:23 | INFO | Episode 227/500 - Reward: 4.75, Length: 19, Loss: 1.2526
2026-03-15 01:38:23 | INFO | Episode 228/500 - Reward: -4.55, Length: 40, Loss: -0.4645
2026-03-15 01:38:23 | INFO | Episode 229/500 - Reward: -4.10, Length: 40, Loss: -0.5096
2026-03-15 01:38:24 | INFO | Episode 230/500 - Reward: -4.85, Length: 40, Loss: -0.4533
2026-03-15 01:38:24 | INFO | Episode 231/500 - Reward: 2.10, Length: 24, Loss: 0.6343
2026-03-15 01:38:25 | INFO | Episode 232/500 - Reward: -6.35, Length: 40, Loss: -0.6735
2026-03-15 01:38:25 | INFO | Episode 233/500 - Reward: -4.70, Length: 40, Loss: -0.4827
2026-03-15 01:38:26 | INFO | Episode 234/500 - Reward: -3.65, Length: 40, Loss: -0.5464
2026-03-15 01:38:26 | INFO | Episode 235/500 - Reward: -8.15, Length: 40, Loss: -0.5998
2026-03-15 01:38:26 | INFO | Episode 236/500 - Reward: -10.40, Length: 40, Loss: -0.5508
2026-03-15 01:38:27 | INFO | Episode 237/500 - Reward: -3.35, Length: 40, Loss: -0.5297
2026-03-15 01:38:27 | INFO | Episode 238/500 - Reward: -4.70, Length: 40, Loss: -0.4784
2026-03-15 01:38:28 | INFO | Episode 239/500 - Reward: -1.25, Length: 40, Loss: 0.0242
2026-03-15 01:38:28 | INFO | Episode 240/500 - Reward: -17.15, Length: 40, Loss: -0.4746
2026-03-15 01:38:29 | INFO | Episode 241/500 - Reward: -3.80, Length: 40, Loss: -0.5488
2026-03-15 01:38:29 | INFO | Episode 242/500 - Reward: -5.30, Length: 40, Loss: -0.4815
2026-03-15 01:38:30 | INFO | Episode 243/500 - Reward: -5.00, Length: 40, Loss: -0.5233
2026-03-15 01:38:30 | INFO | Episode 244/500 - Reward: 6.45, Length: 36, Loss: 0.4606
2026-03-15 01:38:30 | INFO | Episode 245/500 - Reward: -4.10, Length: 40, Loss: -0.5206
2026-03-15 01:38:31 | INFO | Episode 246/500 - Reward: -15.20, Length: 40, Loss: -0.4909
2026-03-15 01:38:31 | INFO | Episode 247/500 - Reward: 4.40, Length: 35, Loss: 0.3886
2026-03-15 01:38:32 | INFO | Episode 248/500 - Reward: -4.70, Length: 40, Loss: -0.4895
2026-03-15 01:38:32 | INFO | Episode 249/500 - Reward: -5.30, Length: 40, Loss: -0.3622
2026-03-15 01:38:33 | INFO | Episode 250/500 - Reward: -6.35, Length: 40, Loss: -0.6689
2026-03-15 01:38:33 | INFO | Episode 250/500 - Avg Reward: -3.92, Avg Length: 38.08, Avg Loss: -0.2855
2026-03-15 01:38:33 | INFO | Episode 251/500 - Reward: -3.50, Length: 40, Loss: -0.4473
2026-03-15 01:38:33 | INFO | Episode 252/500 - Reward: -8.15, Length: 40, Loss: -0.5453
2026-03-15 01:38:34 | INFO | Episode 253/500 - Reward: -5.90, Length: 40, Loss: -0.6256
2026-03-15 01:38:34 | INFO | Episode 254/500 - Reward: 2.55, Length: 39, Loss: 0.2144
2026-03-15 01:38:35 | INFO | Episode 255/500 - Reward: -3.80, Length: 40, Loss: -0.5066
2026-03-15 01:38:35 | INFO | Episode 256/500 - Reward: -5.15, Length: 40, Loss: -0.5211
2026-03-15 01:38:36 | INFO | Episode 257/500 - Reward: -5.60, Length: 40, Loss: -0.4385
2026-03-15 01:38:36 | INFO | Episode 258/500 - Reward: 6.45, Length: 27, Loss: 0.9306
2026-03-15 01:38:36 | INFO | Episode 259/500 - Reward: -5.45, Length: 40, Loss: -0.6815
2026-03-15 01:38:37 | INFO | Episode 260/500 - Reward: 5.90, Length: 26, Loss: 0.9263
2026-03-15 01:38:37 | INFO | Episode 261/500 - Reward: -3.65, Length: 40, Loss: -0.5073
2026-03-15 01:38:38 | INFO | Episode 262/500 - Reward: -3.50, Length: 40, Loss: -0.4234
2026-03-15 01:38:38 | INFO | Episode 263/500 - Reward: -4.85, Length: 40, Loss: -0.5001
2026-03-15 01:38:39 | INFO | Episode 264/500 - Reward: -4.10, Length: 40, Loss: -0.5045
2026-03-15 01:38:39 | INFO | Episode 265/500 - Reward: -4.10, Length: 40, Loss: -0.4492
2026-03-15 01:38:39 | INFO | Episode 266/500 - Reward: -4.25, Length: 40, Loss: -0.5165
2026-03-15 01:38:40 | INFO | Episode 267/500 - Reward: -7.40, Length: 40, Loss: -0.6269
2026-03-15 01:38:40 | INFO | Episode 268/500 - Reward: -5.15, Length: 40, Loss: -0.4569
2026-03-15 01:38:41 | INFO | Episode 269/500 - Reward: 7.35, Length: 24, Loss: 1.1550
2026-03-15 01:38:41 | INFO | Episode 270/500 - Reward: 8.05, Length: 16, Loss: 1.8393
2026-03-15 01:38:42 | INFO | Episode 271/500 - Reward: 3.75, Length: 24, Loss: 0.8355
2026-03-15 01:38:42 | INFO | Episode 272/500 - Reward: -11.90, Length: 40, Loss: -0.5400
2026-03-15 01:38:42 | INFO | Episode 273/500 - Reward: -4.10, Length: 40, Loss: -0.5744
2026-03-15 01:38:43 | INFO | Episode 274/500 - Reward: -3.80, Length: 40, Loss: -0.5282
2026-03-15 01:38:43 | INFO | Episode 275/500 - Reward: -3.95, Length: 40, Loss: -0.4245
2026-03-15 01:38:42 | INFO | Episode 276/500 - Reward: -3.80, Length: 40, Loss: -0.5275
2026-03-15 01:38:43 | INFO | Episode 277/500 - Reward: -5.30, Length: 40, Loss: -0.4501
2026-03-15 01:38:43 | INFO | Episode 278/500 - Reward: -5.45, Length: 40, Loss: -0.5575
2026-03-15 01:38:44 | INFO | Episode 279/500 - Reward: -4.85, Length: 40, Loss: -0.5488
2026-03-15 01:38:44 | INFO | Episode 280/500 - Reward: -4.40, Length: 40, Loss: -0.5396
2026-03-15 01:38:45 | INFO | Episode 281/500 - Reward: -5.30, Length: 40, Loss: -0.4749
2026-03-15 01:38:45 | INFO | Episode 282/500 - Reward: -4.10, Length: 40, Loss: -0.5367
2026-03-15 01:38:45 | INFO | Episode 283/500 - Reward: 2.65, Length: 31, Loss: 0.4574
2026-03-15 01:38:46 | INFO | Episode 284/500 - Reward: -7.85, Length: 40, Loss: -0.4792
2026-03-15 01:38:46 | INFO | Episode 285/500 - Reward: -5.30, Length: 40, Loss: -0.5106
2026-03-15 01:38:47 | INFO | Episode 286/500 - Reward: -4.55, Length: 40, Loss: -0.4378
2026-03-15 01:38:47 | INFO | Episode 287/500 - Reward: -3.80, Length: 40, Loss: -0.4526
2026-03-15 01:38:48 | INFO | Episode 288/500 - Reward: -4.55, Length: 40, Loss: -0.4751
2026-03-15 01:38:48 | INFO | Episode 289/500 - Reward: -5.45, Length: 40, Loss: -0.5490
2026-03-15 01:38:48 | INFO | Episode 290/500 - Reward: -4.40, Length: 40, Loss: -0.4921
2026-03-15 01:38:49 | INFO | Episode 291/500 - Reward: -11.30, Length: 40, Loss: -0.4876
2026-03-15 01:38:49 | INFO | Episode 292/500 - Reward: -4.10, Length: 40, Loss: -0.5863
2026-03-15 01:38:50 | INFO | Episode 293/500 - Reward: -5.60, Length: 40, Loss: -0.5928
2026-03-15 01:38:50 | INFO | Episode 294/500 - Reward: -8.60, Length: 40, Loss: -0.4821
2026-03-15 01:38:51 | INFO | Episode 295/500 - Reward: 7.15, Length: 37, Loss: 0.4611
2026-03-15 01:38:51 | INFO | Episode 296/500 - Reward: 6.05, Length: 32, Loss: 0.6302
2026-03-15 01:38:51 | INFO | Episode 297/500 - Reward: -8.90, Length: 40, Loss: -0.3051
2026-03-15 01:38:52 | INFO | Episode 298/500 - Reward: -5.45, Length: 40, Loss: -0.5767
2026-03-15 01:38:52 | INFO | Episode 299/500 - Reward: -3.65, Length: 40, Loss: -0.4825
2026-03-15 01:38:53 | INFO | Episode 300/500 - Reward: -4.70, Length: 40, Loss: -0.5407
2026-03-15 01:38:53 | INFO | Episode 300/500 - Avg Reward: -3.40, Avg Length: 37.92, Avg Loss: -0.2691
2026-03-15 01:38:53 | INFO | Episode 301/500 - Reward: -5.30, Length: 40, Loss: -0.4929
2026-03-15 01:38:54 | INFO | Episode 302/500 - Reward: -8.15, Length: 40, Loss: -0.4989
2026-03-15 01:38:54 | INFO | Episode 303/500 - Reward: -5.75, Length: 40, Loss: -0.5459
2026-03-15 01:38:55 | INFO | Episode 304/500 - Reward: -4.25, Length: 40, Loss: -0.5101
2026-03-15 01:38:55 | INFO | Episode 305/500 - Reward: -4.55, Length: 40, Loss: -0.4610
2026-03-15 01:38:55 | INFO | Episode 306/500 - Reward: -11.45, Length: 40, Loss: -0.5323
2026-03-15 01:38:56 | INFO | Episode 307/500 - Reward: -4.70, Length: 40, Loss: -0.4813
2026-03-15 01:38:56 | INFO | Episode 308/500 - Reward: -4.25, Length: 40, Loss: -0.5512
2026-03-15 01:38:57 | INFO | Episode 309/500 - Reward: -4.10, Length: 40, Loss: -0.4330
2026-03-15 01:38:57 | INFO | Episode 310/500 - Reward: -3.50, Length: 40, Loss: -0.5024
2026-03-15 01:38:58 | INFO | Episode 311/500 - Reward: -4.85, Length: 40, Loss: -0.5336
2026-03-15 01:38:58 | INFO | Episode 312/500 - Reward: -5.15, Length: 40, Loss: -0.5176
2026-03-15 01:38:59 | INFO | Episode 313/500 - Reward: -4.25, Length: 40, Loss: -0.4947
2026-03-15 01:38:59 | INFO | Episode 314/500 - Reward: 8.75, Length: 14, Loss: 2.1295
2026-03-15 01:39:00 | INFO | Episode 315/500 - Reward: -4.40, Length: 40, Loss: -0.5165
2026-03-15 01:39:00 | INFO | Episode 316/500 - Reward: -3.95, Length: 40, Loss: -0.5323
2026-03-15 01:39:00 | INFO | Episode 317/500 - Reward: -3.80, Length: 40, Loss: -0.5329
2026-03-15 01:39:01 | INFO | Episode 318/500 - Reward: -5.15, Length: 40, Loss: -0.4951
2026-03-15 01:39:01 | INFO | Episode 319/500 - Reward: -4.40, Length: 40, Loss: -0.5533
2026-03-15 01:39:02 | INFO | Episode 320/500 - Reward: 0.70, Length: 34, Loss: 0.2056
2026-03-15 01:39:02 | INFO | Episode 321/500 - Reward: -4.85, Length: 40, Loss: -0.5161
2026-03-15 01:39:03 | INFO | Episode 322/500 - Reward: -4.85, Length: 40, Loss: -0.5410
2026-03-15 01:39:03 | INFO | Episode 323/500 - Reward: -10.40, Length: 40, Loss: -0.5812
2026-03-15 01:39:03 | INFO | Episode 324/500 - Reward: -3.65, Length: 40, Loss: -0.4787
2026-03-15 01:39:04 | INFO | Episode 325/500 - Reward: -6.20, Length: 40, Loss: -0.6348
2026-03-15 01:39:04 | INFO | Episode 326/500 - Reward: -8.60, Length: 40, Loss: -0.5119
2026-03-15 01:39:05 | INFO | Episode 327/500 - Reward: 1.00, Length: 34, Loss: 0.2343
2026-03-15 01:39:05 | INFO | Episode 328/500 - Reward: -3.95, Length: 40, Loss: -0.5176
2026-03-15 01:39:06 | INFO | Episode 329/500 - Reward: -3.65, Length: 40, Loss: -0.4773
2026-03-15 01:39:06 | INFO | Episode 330/500 - Reward: -3.80, Length: 40, Loss: -0.4486
2026-03-15 01:39:06 | INFO | Episode 331/500 - Reward: 3.25, Length: 28, Loss: 0.6072
2026-03-15 01:39:07 | INFO | Episode 332/500 - Reward: -4.70, Length: 40, Loss: -0.5374
2026-03-15 01:39:07 | INFO | Episode 333/500 - Reward: -7.70, Length: 40, Loss: -0.4621
2026-03-15 01:39:08 | INFO | Episode 334/500 - Reward: -4.85, Length: 40, Loss: -0.5498
2026-03-15 01:39:08 | INFO | Episode 335/500 - Reward: -6.35, Length: 40, Loss: -0.5120
2026-03-15 01:39:09 | INFO | Episode 336/500 - Reward: -0.95, Length: 34, Loss: 0.0874
2026-03-15 01:39:09 | INFO | Episode 337/500 - Reward: -5.45, Length: 40, Loss: -0.5362
2026-03-15 01:39:10 | INFO | Episode 338/500 - Reward: -4.70, Length: 40, Loss: -0.5057
2026-03-15 01:39:10 | INFO | Episode 339/500 - Reward: -5.75, Length: 40, Loss: -0.5801
2026-03-15 01:39:10 | INFO | Episode 340/500 - Reward: -5.60, Length: 40, Loss: -0.5097
2026-03-15 01:39:11 | INFO | Episode 341/500 - Reward: 4.90, Length: 34, Loss: 0.4517
2026-03-15 01:39:11 | INFO | Episode 342/500 - Reward: -4.85, Length: 40, Loss: -0.5438
2026-03-15 01:39:12 | INFO | Episode 343/500 - Reward: -9.80, Length: 40, Loss: -0.5732
2026-03-15 01:39:12 | INFO | Episode 344/500 - Reward: -7.25, Length: 40, Loss: -0.4769
2026-03-15 01:39:13 | INFO | Episode 345/500 - Reward: -10.10, Length: 40, Loss: -0.4480
2026-03-15 01:39:13 | INFO | Episode 346/500 - Reward: -3.80, Length: 40, Loss: -0.4246
2026-03-15 01:39:13 | INFO | Episode 347/500 - Reward: -4.70, Length: 40, Loss: -0.5272
2026-03-15 01:39:14 | INFO | Episode 348/500 - Reward: -5.60, Length: 40, Loss: -0.5154
2026-03-15 01:39:14 | INFO | Episode 349/500 - Reward: -3.50, Length: 40, Loss: -0.4890
2026-03-15 01:39:13 | INFO | Episode 350/500 - Reward: -6.35, Length: 40, Loss: -0.4168
2026-03-15 01:39:13 | INFO | Episode 350/500 - Avg Reward: -4.51, Avg Length: 38.76, Avg Loss: -0.3757
2026-03-15 01:39:14 | INFO | Episode 351/500 - Reward: -6.20, Length: 40, Loss: -0.4112
2026-03-15 01:39:14 | INFO | Episode 352/500 - Reward: 6.70, Length: 16, Loss: 1.7258
2026-03-15 01:39:15 | INFO | Episode 353/500 - Reward: -3.95, Length: 40, Loss: -0.4486
2026-03-15 01:39:15 | INFO | Episode 354/500 - Reward: 6.60, Length: 15, Loss: 1.9050
2026-03-15 01:39:16 | INFO | Episode 355/500 - Reward: -7.85, Length: 40, Loss: -0.3423
2026-03-15 01:39:16 | INFO | Episode 356/500 - Reward: -4.40, Length: 40, Loss: -0.5471
2026-03-15 01:39:17 | INFO | Episode 357/500 - Reward: -4.25, Length: 40, Loss: -0.5148
2026-03-15 01:39:17 | INFO | Episode 358/500 - Reward: -4.10, Length: 40, Loss: -0.4712
2026-03-15 01:39:17 | INFO | Episode 359/500 - Reward: -3.65, Length: 40, Loss: -0.4945
2026-03-15 01:39:18 | INFO | Episode 360/500 - Reward: -3.50, Length: 40, Loss: -0.4881
2026-03-15 01:39:18 | INFO | Episode 361/500 - Reward: -13.55, Length: 40, Loss: -0.5049
2026-03-15 01:39:19 | INFO | Episode 362/500 - Reward: -4.55, Length: 40, Loss: -0.5231
2026-03-15 01:39:19 | INFO | Episode 363/500 - Reward: -5.15, Length: 40, Loss: -0.6000
2026-03-15 01:39:20 | INFO | Episode 364/500 - Reward: -4.40, Length: 40, Loss: -0.5274
2026-03-15 01:39:20 | INFO | Episode 365/500 - Reward: -4.25, Length: 40, Loss: -0.4428
2026-03-15 01:39:20 | INFO | Episode 366/500 - Reward: -3.95, Length: 40, Loss: -0.4763
2026-03-15 01:39:21 | INFO | Episode 367/500 - Reward: -4.70, Length: 40, Loss: -0.5312
2026-03-15 01:39:21 | INFO | Episode 368/500 - Reward: -5.45, Length: 40, Loss: -0.5312
2026-03-15 01:39:22 | INFO | Episode 369/500 - Reward: -5.45, Length: 40, Loss: -0.5972
2026-03-15 01:39:22 | INFO | Episode 370/500 - Reward: 5.75, Length: 38, Loss: 0.3265
2026-03-15 01:39:23 | INFO | Episode 371/500 - Reward: -5.45, Length: 40, Loss: -0.3830
2026-03-15 01:39:23 | INFO | Episode 372/500 - Reward: -4.40, Length: 40, Loss: -0.4685
2026-03-15 01:39:24 | INFO | Episode 373/500 - Reward: -0.65, Length: 34, Loss: 0.1311
2026-03-15 01:39:24 | INFO | Episode 374/500 - Reward: -4.25, Length: 40, Loss: -0.5218
2026-03-15 01:39:24 | INFO | Episode 375/500 - Reward: -6.65, Length: 40, Loss: -0.5433
2026-03-15 01:39:25 | INFO | Episode 376/500 - Reward: -4.85, Length: 40, Loss: -0.4761
2026-03-15 01:39:25 | INFO | Episode 377/500 - Reward: -6.35, Length: 40, Loss: -0.4170
2026-03-15 01:39:26 | INFO | Episode 378/500 - Reward: 4.90, Length: 40, Loss: 0.2330
2026-03-15 01:39:26 | INFO | Episode 379/500 - Reward: -4.85, Length: 40, Loss: -0.5153
2026-03-15 01:39:27 | INFO | Episode 380/500 - Reward: -3.95, Length: 40, Loss: -0.5349
2026-03-15 01:39:27 | INFO | Episode 381/500 - Reward: -3.80, Length: 40, Loss: -0.5229
2026-03-15 01:39:28 | INFO | Episode 382/500 - Reward: -5.75, Length: 40, Loss: -0.4753
2026-03-15 01:39:28 | INFO | Episode 383/500 - Reward: -4.55, Length: 40, Loss: -0.5300
2026-03-15 01:39:28 | INFO | Episode 384/500 - Reward: 7.45, Length: 22, Loss: 1.3267
2026-03-15 01:39:29 | INFO | Episode 385/500 - Reward: -5.75, Length: 40, Loss: -0.5335
2026-03-15 01:39:29 | INFO | Episode 386/500 - Reward: -3.65, Length: 40, Loss: -0.4611
2026-03-15 01:39:30 | INFO | Episode 387/500 - Reward: -5.90, Length: 40, Loss: -0.4548
2026-03-15 01:39:30 | INFO | Episode 388/500 - Reward: -6.20, Length: 40, Loss: -0.5563
2026-03-15 01:39:31 | INFO | Episode 389/500 - Reward: -3.50, Length: 40, Loss: -0.4784
2026-03-15 01:39:31 | INFO | Episode 390/500 - Reward: -11.60, Length: 40, Loss: -0.5768
2026-03-15 01:39:32 | INFO | Episode 391/500 - Reward: -4.25, Length: 40, Loss: -0.4472
2026-03-15 01:39:32 | INFO | Episode 392/500 - Reward: -3.95, Length: 40, Loss: -0.5046
2026-03-15 01:39:32 | INFO | Episode 393/500 - Reward: -5.75, Length: 40, Loss: -0.5112
2026-03-15 01:39:33 | INFO | Episode 394/500 - Reward: -5.00, Length: 40, Loss: -0.5175
2026-03-15 01:39:33 | INFO | Episode 395/500 - Reward: 4.20, Length: 39, Loss: 0.2832
2026-03-15 01:39:34 | INFO | Episode 396/500 - Reward: -3.95, Length: 40, Loss: -0.4816
2026-03-15 01:39:34 | INFO | Episode 397/500 - Reward: -3.65, Length: 40, Loss: -0.4798
2026-03-15 01:39:35 | INFO | Episode 398/500 - Reward: -4.55, Length: 40, Loss: -0.4443
2026-03-15 01:39:35 | INFO | Episode 399/500 - Reward: -8.45, Length: 40, Loss: -0.4666
2026-03-15 01:39:36 | INFO | Episode 400/500 - Reward: 7.10, Length: 11, Loss: 2.3827
2026-03-15 01:39:36 | INFO | Episode 400/500 - Avg Reward: -3.57, Avg Length: 37.90, Avg Loss: -0.2488
2026-03-15 01:39:36 | INFO | Episode 401/500 - Reward: -5.15, Length: 40, Loss: -0.4187
2026-03-15 01:39:37 | INFO | Episode 402/500 - Reward: 3.25, Length: 31, Loss: 0.5368
2026-03-15 01:39:37 | INFO | Episode 403/500 - Reward: 7.75, Length: 22, Loss: 1.2855
2026-03-15 01:39:37 | INFO | Episode 404/500 - Reward: -6.35, Length: 40, Loss: -0.4985
2026-03-15 01:39:38 | INFO | Episode 405/500 - Reward: -5.30, Length: 40, Loss: -0.4784
2026-03-15 01:39:38 | INFO | Episode 406/500 - Reward: -4.10, Length: 40, Loss: -0.5473
2026-03-15 01:39:39 | INFO | Episode 407/500 - Reward: -11.90, Length: 40, Loss: -0.4052
2026-03-15 01:39:39 | INFO | Episode 408/500 - Reward: -3.20, Length: 40, Loss: -0.5733
2026-03-15 01:39:40 | INFO | Episode 409/500 - Reward: -4.85, Length: 40, Loss: -0.4309
2026-03-15 01:39:40 | INFO | Episode 410/500 - Reward: 5.60, Length: 23, Loss: 1.0895
2026-03-15 01:39:40 | INFO | Episode 411/500 - Reward: -8.45, Length: 40, Loss: -0.4648
2026-03-15 01:39:41 | INFO | Episode 412/500 - Reward: -5.30, Length: 40, Loss: -0.5175
2026-03-15 01:39:41 | INFO | Episode 413/500 - Reward: 2.30, Length: 29, Loss: 0.4244
2026-03-15 01:39:42 | INFO | Episode 414/500 - Reward: -5.45, Length: 40, Loss: -0.4058
2026-03-15 01:39:42 | INFO | Episode 415/500 - Reward: -3.65, Length: 40, Loss: -0.5243
2026-03-15 01:39:43 | INFO | Episode 416/500 - Reward: -2.60, Length: 40, Loss: -0.4741
2026-03-15 01:39:43 | INFO | Episode 417/500 - Reward: -4.40, Length: 40, Loss: -0.4892
2026-03-15 01:39:44 | INFO | Episode 418/500 - Reward: 6.85, Length: 34, Loss: 0.5549
2026-03-15 01:39:44 | INFO | Episode 419/500 - Reward: -4.70, Length: 40, Loss: -0.4963
2026-03-15 01:39:44 | INFO | Episode 420/500 - Reward: -4.35, Length: 39, Loss: -0.0684
2026-03-15 01:39:45 | INFO | Episode 421/500 - Reward: -5.15, Length: 40, Loss: -0.4751
2026-03-15 01:39:45 | INFO | Episode 422/500 - Reward: -4.10, Length: 40, Loss: -0.4484
2026-03-15 01:39:44 | INFO | Episode 423/500 - Reward: -6.05, Length: 40, Loss: -0.4128
2026-03-15 01:39:45 | INFO | Episode 424/500 - Reward: -5.30, Length: 40, Loss: -0.5701
2026-03-15 01:39:45 | INFO | Episode 425/500 - Reward: -4.25, Length: 40, Loss: -0.5152
2026-03-15 01:39:46 | INFO | Episode 426/500 - Reward: 5.10, Length: 27, Loss: 0.8782
2026-03-15 01:39:46 | INFO | Episode 427/500 - Reward: -9.95, Length: 40, Loss: -0.4030
2026-03-15 01:39:47 | INFO | Episode 428/500 - Reward: -4.10, Length: 40, Loss: -0.4680
2026-03-15 01:39:47 | INFO | Episode 429/500 - Reward: -5.15, Length: 40, Loss: -0.5183
2026-03-15 01:39:47 | INFO | Episode 430/500 - Reward: 2.55, Length: 36, Loss: 0.2623
2026-03-15 01:39:48 | INFO | Episode 431/500 - Reward: 5.95, Length: 40, Loss: 0.2947
2026-03-15 01:39:48 | INFO | Episode 432/500 - Reward: -5.75, Length: 40, Loss: -0.4803
2026-03-15 01:39:49 | INFO | Episode 433/500 - Reward: -5.75, Length: 40, Loss: -0.6123
2026-03-15 01:39:49 | INFO | Episode 434/500 - Reward: -16.70, Length: 40, Loss: -0.4862
2026-03-15 01:39:50 | INFO | Episode 435/500 - Reward: -4.25, Length: 40, Loss: -0.4434
2026-03-15 01:39:50 | INFO | Episode 436/500 - Reward: -4.70, Length: 40, Loss: -0.5501
2026-03-15 01:39:51 | INFO | Episode 437/500 - Reward: -11.60, Length: 40, Loss: -0.5310
2026-03-15 01:39:51 | INFO | Episode 438/500 - Reward: -4.70, Length: 40, Loss: -0.5643
2026-03-15 01:39:52 | INFO | Episode 439/500 - Reward: -3.95, Length: 40, Loss: -0.4688
2026-03-15 01:39:52 | INFO | Episode 440/500 - Reward: -4.40, Length: 40, Loss: -0.4830
2026-03-15 01:39:53 | INFO | Episode 441/500 - Reward: -5.75, Length: 40, Loss: -0.5498
2026-03-15 01:39:53 | INFO | Episode 442/500 - Reward: -5.00, Length: 40, Loss: -0.4998
2026-03-15 01:39:53 | INFO | Episode 443/500 - Reward: 6.65, Length: 29, Loss: 0.7812
2026-03-15 01:39:54 | INFO | Episode 444/500 - Reward: -5.60, Length: 40, Loss: -0.5245
2026-03-15 01:39:54 | INFO | Episode 445/500 - Reward: -6.35, Length: 40, Loss: -0.5569
2026-03-15 01:39:55 | INFO | Episode 446/500 - Reward: -5.45, Length: 40, Loss: -0.4413
2026-03-15 01:39:55 | INFO | Episode 447/500 - Reward: 7.85, Length: 20, Loss: 1.4615
2026-03-15 01:39:56 | INFO | Episode 448/500 - Reward: -5.90, Length: 40, Loss: -0.3373
2026-03-15 01:39:56 | INFO | Episode 449/500 - Reward: 8.85, Length: 15, Loss: 1.9152
2026-03-15 01:39:57 | INFO | Episode 450/500 - Reward: 6.80, Length: 17, Loss: 1.6335
2026-03-15 01:39:57 | INFO | Episode 450/500 - Avg Reward: -3.00, Avg Length: 36.84, Avg Loss: -0.1403
2026-03-15 01:39:57 | INFO | Episode 451/500 - Reward: 7.25, Length: 26, Loss: 0.9878
2026-03-15 01:39:58 | INFO | Episode 452/500 - Reward: -8.30, Length: 40, Loss: -0.3950
2026-03-15 01:39:58 | INFO | Episode 453/500 - Reward: -11.45, Length: 40, Loss: -0.4470
2026-03-15 01:39:58 | INFO | Episode 454/500 - Reward: -4.55, Length: 40, Loss: -0.5011
2026-03-15 01:39:59 | INFO | Episode 455/500 - Reward: -4.70, Length: 40, Loss: -0.5201
2026-03-15 01:39:59 | INFO | Episode 456/500 - Reward: -4.10, Length: 40, Loss: -0.5157
2026-03-15 01:40:00 | INFO | Episode 457/500 - Reward: -4.55, Length: 40, Loss: -0.5659
2026-03-15 01:40:00 | INFO | Episode 458/500 - Reward: 5.30, Length: 29, Loss: 0.7446
2026-03-15 01:40:01 | INFO | Episode 459/500 - Reward: -5.30, Length: 40, Loss: -0.4512
2026-03-15 01:40:01 | INFO | Episode 460/500 - Reward: 8.45, Length: 20, Loss: 1.5026
2026-03-15 01:40:02 | INFO | Episode 461/500 - Reward: -3.95, Length: 40, Loss: -0.4575
2026-03-15 01:40:02 | INFO | Episode 462/500 - Reward: -5.00, Length: 40, Loss: -0.4725
2026-03-15 01:40:02 | INFO | Episode 463/500 - Reward: -4.55, Length: 40, Loss: -0.4759
2026-03-15 01:40:03 | INFO | Episode 464/500 - Reward: 5.30, Length: 32, Loss: 0.5446
2026-03-15 01:40:03 | INFO | Episode 465/500 - Reward: 5.30, Length: 23, Loss: 1.0860
2026-03-15 01:40:04 | INFO | Episode 466/500 - Reward: -4.55, Length: 40, Loss: -0.5485
2026-03-15 01:40:04 | INFO | Episode 467/500 - Reward: 7.85, Length: 23, Loss: 1.2317
2026-03-15 01:40:05 | INFO | Episode 468/500 - Reward: 2.60, Length: 20, Loss: 0.9220
2026-03-15 01:40:05 | INFO | Episode 469/500 - Reward: -8.00, Length: 40, Loss: -0.6298
2026-03-15 01:40:06 | INFO | Episode 470/500 - Reward: -6.20, Length: 40, Loss: -0.3940
2026-03-15 01:40:06 | INFO | Episode 471/500 - Reward: -18.20, Length: 40, Loss: -0.4514
2026-03-15 01:40:06 | INFO | Episode 472/500 - Reward: -6.65, Length: 40, Loss: -0.5086
2026-03-15 01:40:07 | INFO | Episode 473/500 - Reward: -5.30, Length: 40, Loss: -0.5187
2026-03-15 01:40:07 | INFO | Episode 474/500 - Reward: 4.15, Length: 25, Loss: 0.8343
2026-03-15 01:40:08 | INFO | Episode 475/500 - Reward: -3.95, Length: 40, Loss: -0.5043
2026-03-15 01:40:08 | INFO | Episode 476/500 - Reward: -4.85, Length: 40, Loss: -0.4919
2026-03-15 01:40:09 | INFO | Episode 477/500 - Reward: -4.25, Length: 40, Loss: -0.5320
2026-03-15 01:40:09 | INFO | Episode 478/500 - Reward: -9.35, Length: 40, Loss: -0.4045
2026-03-15 01:40:10 | INFO | Episode 479/500 - Reward: -4.55, Length: 40, Loss: -0.5100
2026-03-15 01:40:10 | INFO | Episode 480/500 - Reward: -4.85, Length: 40, Loss: -0.5120
2026-03-15 01:40:10 | INFO | Episode 481/500 - Reward: -3.80, Length: 40, Loss: -0.4990
2026-03-15 01:40:11 | INFO | Episode 482/500 - Reward: -11.90, Length: 40, Loss: -0.5978
2026-03-15 01:40:11 | INFO | Episode 483/500 - Reward: -5.30, Length: 40, Loss: -0.5008
2026-03-15 01:40:12 | INFO | Episode 484/500 - Reward: -4.40, Length: 40, Loss: -0.4988
2026-03-15 01:40:12 | INFO | Episode 485/500 - Reward: -3.80, Length: 40, Loss: -0.5076
2026-03-15 01:40:13 | INFO | Episode 486/500 - Reward: -12.20, Length: 40, Loss: -0.4219
2026-03-15 01:40:13 | INFO | Episode 487/500 - Reward: 6.50, Length: 20, Loss: 1.3546
2026-03-15 01:40:13 | INFO | Episode 488/500 - Reward: -9.65, Length: 40, Loss: -0.3104
2026-03-15 01:40:14 | INFO | Episode 489/500 - Reward: -4.85, Length: 40, Loss: -0.5887
2026-03-15 01:40:14 | INFO | Episode 490/500 - Reward: -6.05, Length: 40, Loss: -0.5525
2026-03-15 01:40:15 | INFO | Episode 491/500 - Reward: 8.25, Length: 21, Loss: 1.3926
2026-03-15 01:40:15 | INFO | Episode 492/500 - Reward: -4.85, Length: 40, Loss: -0.5477
2026-03-15 01:40:16 | INFO | Episode 493/500 - Reward: -4.85, Length: 40, Loss: -0.5054
2026-03-15 01:40:16 | INFO | Episode 494/500 - Reward: -4.10, Length: 40, Loss: -0.5359
2026-03-15 01:40:15 | INFO | Episode 495/500 - Reward: -5.15, Length: 40, Loss: -0.5141
2026-03-15 01:40:16 | INFO | Episode 496/500 - Reward: -4.25, Length: 40, Loss: -0.5644
2026-03-15 01:40:16 | INFO | Episode 497/500 - Reward: -4.85, Length: 40, Loss: -0.5295
2026-03-15 01:40:16 | INFO | Episode 498/500 - Reward: 5.10, Length: 33, Loss: 0.5270
2026-03-15 01:40:17 | INFO | Episode 499/500 - Reward: -4.55, Length: 40, Loss: -0.5374
2026-03-15 01:40:17 | INFO | Episode 500/500 - Reward: -6.50, Length: 40, Loss: -0.6464
2026-03-15 01:40:17 | INFO | Episode 500/500 - Avg Reward: -3.44, Avg Length: 36.64, Avg Loss: -0.1708
