2026-03-15 01:55:19 | INFO | JAX DEVICES: [CudaDevice(id=0)]
2026-03-15 01:55:19 | INFO | Starting training of REINFORCE agent with seed=1, num_episodes=500, max_steps=50
2026-03-15 01:55:19 | INFO | Environment parameters: EnvParams(grid_rows=5, grid_cols=5, max_steps=40, start_row=4, start_col=0, goal_row=0, goal_col=4, trap_row=1, trap_col=3, step_penalty=-0.05, trap_penalty=-2.0, invalid_penalty=-0.2, goal_reward=10.0)
2026-03-15 01:55:19 | INFO | Episode 1/500 - Reward: -3.80, Length: 40, Loss: -0.4269
2026-03-15 01:55:20 | INFO | Episode 2/500 - Reward: -4.70, Length: 40, Loss: -0.4526
2026-03-15 01:55:20 | INFO | Episode 3/500 - Reward: -4.85, Length: 40, Loss: -0.4783
2026-03-15 01:55:21 | INFO | Episode 4/500 - Reward: -5.15, Length: 40, Loss: -0.4876
2026-03-15 01:55:21 | INFO | Episode 5/500 - Reward: -3.65, Length: 40, Loss: -0.4431
2026-03-15 01:55:22 | INFO | Episode 6/500 - Reward: -4.55, Length: 40, Loss: -0.4420
2026-03-15 01:55:22 | INFO | Episode 7/500 - Reward: -3.50, Length: 40, Loss: -0.4737
2026-03-15 01:55:23 | INFO | Episode 8/500 - Reward: 8.15, Length: 26, Loss: 1.2968
2026-03-15 01:55:23 | INFO | Episode 9/500 - Reward: -6.50, Length: 40, Loss: -0.5700
2026-03-15 01:55:24 | INFO | Episode 10/500 - Reward: -4.85, Length: 40, Loss: -0.4863
2026-03-15 01:55:24 | INFO | Episode 11/500 - Reward: -3.65, Length: 40, Loss: -0.4500
2026-03-15 01:55:25 | INFO | Episode 12/500 - Reward: -10.40, Length: 40, Loss: -0.5780
2026-03-15 01:55:25 | INFO | Episode 13/500 - Reward: -6.95, Length: 40, Loss: -0.6280
2026-03-15 01:55:26 | INFO | Episode 14/500 - Reward: -4.70, Length: 40, Loss: -0.4822
2026-03-15 01:55:26 | INFO | Episode 15/500 - Reward: -3.80, Length: 40, Loss: -0.4594
2026-03-15 01:55:27 | INFO | Episode 16/500 - Reward: 1.80, Length: 30, Loss: 0.6891
2026-03-15 01:55:27 | INFO | Episode 17/500 - Reward: -3.80, Length: 40, Loss: -0.4412
2026-03-15 01:55:28 | INFO | Episode 18/500 - Reward: 6.05, Length: 35, Loss: 0.8186
2026-03-15 01:55:28 | INFO | Episode 19/500 - Reward: -5.45, Length: 40, Loss: -0.4568
2026-03-15 01:55:29 | INFO | Episode 20/500 - Reward: -4.55, Length: 40, Loss: -0.4665
2026-03-15 01:55:29 | INFO | Episode 21/500 - Reward: -9.80, Length: 40, Loss: -0.3787
2026-03-15 01:55:30 | INFO | Episode 22/500 - Reward: -3.65, Length: 40, Loss: -0.4008
2026-03-15 01:55:30 | INFO | Episode 23/500 - Reward: -4.55, Length: 40, Loss: -0.4643
2026-03-15 01:55:31 | INFO | Episode 24/500 - Reward: -5.00, Length: 40, Loss: -0.4542
2026-03-15 01:55:31 | INFO | Episode 25/500 - Reward: 5.65, Length: 34, Loss: 0.8296
2026-03-15 01:55:32 | INFO | Episode 26/500 - Reward: -15.50, Length: 40, Loss: -0.3911
2026-03-15 01:55:32 | INFO | Episode 27/500 - Reward: -4.85, Length: 40, Loss: -0.4254
2026-03-15 01:55:33 | INFO | Episode 28/500 - Reward: -4.40, Length: 40, Loss: -0.4395
2026-03-15 01:55:33 | INFO | Episode 29/500 - Reward: -4.70, Length: 40, Loss: -0.4577
2026-03-15 01:55:34 | INFO | Episode 30/500 - Reward: -4.40, Length: 40, Loss: -0.3581
2026-03-15 01:55:34 | INFO | Episode 31/500 - Reward: -4.55, Length: 40, Loss: -0.4342
2026-03-15 01:55:35 | INFO | Episode 32/500 - Reward: -6.20, Length: 40, Loss: -0.5546
2026-03-15 01:55:35 | INFO | Episode 33/500 - Reward: 4.45, Length: 19, Loss: 1.7083
2026-03-15 01:55:36 | INFO | Episode 34/500 - Reward: 6.55, Length: 31, Loss: 1.0307
2026-03-15 01:55:36 | INFO | Episode 35/500 - Reward: -3.50, Length: 40, Loss: -0.4478
2026-03-15 01:55:37 | INFO | Episode 36/500 - Reward: -5.45, Length: 40, Loss: -0.4137
2026-03-15 01:55:37 | INFO | Episode 37/500 - Reward: -5.60, Length: 40, Loss: -0.4610
2026-03-15 01:55:38 | INFO | Episode 38/500 - Reward: -5.60, Length: 40, Loss: -0.3949
2026-03-15 01:55:38 | INFO | Episode 39/500 - Reward: -3.35, Length: 40, Loss: -0.4348
2026-03-15 01:55:39 | INFO | Episode 40/500 - Reward: -3.50, Length: 40, Loss: -0.4571
2026-03-15 01:55:39 | INFO | Episode 41/500 - Reward: -4.70, Length: 40, Loss: -0.4532
2026-03-15 01:55:40 | INFO | Episode 42/500 - Reward: -3.65, Length: 40, Loss: -0.4141
2026-03-15 01:55:40 | INFO | Episode 43/500 - Reward: -6.20, Length: 40, Loss: -0.5015
2026-03-15 01:55:41 | INFO | Episode 44/500 - Reward: -4.85, Length: 40, Loss: -0.4235
2026-03-15 01:55:41 | INFO | Episode 45/500 - Reward: -4.85, Length: 40, Loss: -0.5023
2026-03-15 01:55:42 | INFO | Episode 46/500 - Reward: -1.55, Length: 37, Loss: 0.1925
2026-03-15 01:55:42 | INFO | Episode 47/500 - Reward: -4.70, Length: 40, Loss: -0.4474
2026-03-15 01:55:43 | INFO | Episode 48/500 - Reward: -3.95, Length: 40, Loss: -0.4644
2026-03-15 01:55:43 | INFO | Episode 49/500 - Reward: -4.85, Length: 40, Loss: -0.4524
2026-03-15 01:55:42 | INFO | Episode 50/500 - Reward: -4.10, Length: 40, Loss: -0.4135
2026-03-15 01:55:42 | INFO | Episode 50/500 - Avg Reward: -3.80, Avg Length: 38.64, Avg Loss: -0.2619
2026-03-15 01:55:43 | INFO | Episode 51/500 - Reward: -5.15, Length: 40, Loss: -0.4457
2026-03-15 01:55:43 | INFO | Episode 52/500 - Reward: -3.65, Length: 40, Loss: -0.4833
2026-03-15 01:55:44 | INFO | Episode 53/500 - Reward: -5.15, Length: 40, Loss: -0.5101
2026-03-15 01:55:44 | INFO | Episode 54/500 - Reward: -9.65, Length: 40, Loss: -0.4125
2026-03-15 01:55:45 | INFO | Episode 55/500 - Reward: -4.85, Length: 40, Loss: -0.4556
2026-03-15 01:55:45 | INFO | Episode 56/500 - Reward: -3.20, Length: 40, Loss: -0.4241
2026-03-15 01:55:46 | INFO | Episode 57/500 - Reward: -3.95, Length: 40, Loss: -0.4725
2026-03-15 01:55:46 | INFO | Episode 58/500 - Reward: 4.70, Length: 32, Loss: 0.9274
2026-03-15 01:55:47 | INFO | Episode 59/500 - Reward: -3.95, Length: 40, Loss: -0.4333
2026-03-15 01:55:47 | INFO | Episode 60/500 - Reward: 6.30, Length: 24, Loss: 1.3894
2026-03-15 01:55:48 | INFO | Episode 61/500 - Reward: -3.80, Length: 40, Loss: -0.4688
2026-03-15 01:55:48 | INFO | Episode 62/500 - Reward: -7.40, Length: 40, Loss: -0.4095
2026-03-15 01:55:49 | INFO | Episode 63/500 - Reward: -6.35, Length: 40, Loss: -0.4016
2026-03-15 01:55:49 | INFO | Episode 64/500 - Reward: -4.25, Length: 40, Loss: -0.4018
2026-03-15 01:55:50 | INFO | Episode 65/500 - Reward: -4.55, Length: 40, Loss: -0.3993
2026-03-15 01:55:50 | INFO | Episode 66/500 - Reward: -5.15, Length: 40, Loss: -0.4760
2026-03-15 01:55:51 | INFO | Episode 67/500 - Reward: -6.35, Length: 40, Loss: -0.5099
2026-03-15 01:55:51 | INFO | Episode 68/500 - Reward: 1.10, Length: 32, Loss: 0.5700
2026-03-15 01:55:52 | INFO | Episode 69/500 - Reward: -5.60, Length: 40, Loss: -0.4362
2026-03-15 01:55:52 | INFO | Episode 70/500 - Reward: -4.25, Length: 40, Loss: -0.4301
2026-03-15 01:55:53 | INFO | Episode 71/500 - Reward: -4.25, Length: 40, Loss: -0.4360
2026-03-15 01:55:53 | INFO | Episode 72/500 - Reward: -4.55, Length: 40, Loss: -0.4417
2026-03-15 01:55:54 | INFO | Episode 73/500 - Reward: -5.60, Length: 40, Loss: -0.5005
2026-03-15 01:55:54 | INFO | Episode 74/500 - Reward: 6.85, Length: 37, Loss: 0.7307
2026-03-15 01:55:55 | INFO | Episode 75/500 - Reward: -4.70, Length: 40, Loss: -0.4097
2026-03-15 01:55:55 | INFO | Episode 76/500 - Reward: -4.40, Length: 40, Loss: -0.4316
2026-03-15 01:55:56 | INFO | Episode 77/500 - Reward: -4.10, Length: 40, Loss: -0.4857
2026-03-15 01:55:56 | INFO | Episode 78/500 - Reward: -4.10, Length: 40, Loss: -0.3986
2026-03-15 01:55:57 | INFO | Episode 79/500 - Reward: -8.30, Length: 40, Loss: -0.3473
2026-03-15 01:55:57 | INFO | Episode 80/500 - Reward: -3.80, Length: 40, Loss: -0.4131
2026-03-15 01:55:58 | INFO | Episode 81/500 - Reward: 8.85, Length: 15, Loss: 2.1270
2026-03-15 01:55:58 | INFO | Episode 82/500 - Reward: -5.45, Length: 40, Loss: -0.4515
2026-03-15 01:55:59 | INFO | Episode 83/500 - Reward: -5.45, Length: 40, Loss: -0.4542
2026-03-15 01:55:59 | INFO | Episode 84/500 - Reward: -4.55, Length: 40, Loss: -0.4371
2026-03-15 01:56:00 | INFO | Episode 85/500 - Reward: -5.00, Length: 40, Loss: -0.4447
2026-03-15 01:56:00 | INFO | Episode 86/500 - Reward: -4.10, Length: 40, Loss: -0.4039
2026-03-15 01:56:01 | INFO | Episode 87/500 - Reward: 4.15, Length: 25, Loss: 1.2082
2026-03-15 01:56:01 | INFO | Episode 88/500 - Reward: -3.65, Length: 40, Loss: -0.4007
2026-03-15 01:56:02 | INFO | Episode 89/500 - Reward: -10.55, Length: 40, Loss: -0.5653
2026-03-15 01:56:02 | INFO | Episode 90/500 - Reward: -7.55, Length: 40, Loss: -0.3814
2026-03-15 01:56:03 | INFO | Episode 91/500 - Reward: -6.05, Length: 40, Loss: -0.4147
2026-03-15 01:56:03 | INFO | Episode 92/500 - Reward: -4.55, Length: 40, Loss: -0.4425
2026-03-15 01:56:04 | INFO | Episode 93/500 - Reward: -4.40, Length: 40, Loss: -0.4726
2026-03-15 01:56:04 | INFO | Episode 94/500 - Reward: -5.00, Length: 40, Loss: -0.4330
2026-03-15 01:56:05 | INFO | Episode 95/500 - Reward: -4.55, Length: 40, Loss: -0.4295
2026-03-15 01:56:05 | INFO | Episode 96/500 - Reward: 5.90, Length: 23, Loss: 1.3767
2026-03-15 01:56:06 | INFO | Episode 97/500 - Reward: 4.70, Length: 29, Loss: 1.0885
2026-03-15 01:56:06 | INFO | Episode 98/500 - Reward: -4.55, Length: 40, Loss: -0.4708
2026-03-15 01:56:07 | INFO | Episode 99/500 - Reward: -7.55, Length: 40, Loss: -0.5990
2026-03-15 01:56:07 | INFO | Episode 100/500 - Reward: -5.45, Length: 40, Loss: -0.4630
2026-03-15 01:56:07 | INFO | Episode 100/500 - Avg Reward: -3.54, Avg Length: 37.94, Avg Loss: -0.1856
2026-03-15 01:56:08 | INFO | Episode 101/500 - Reward: -5.00, Length: 40, Loss: -0.4343
2026-03-15 01:56:08 | INFO | Episode 102/500 - Reward: -4.10, Length: 40, Loss: -0.4147
2026-03-15 01:56:09 | INFO | Episode 103/500 - Reward: -4.55, Length: 40, Loss: -0.4861
2026-03-15 01:56:09 | INFO | Episode 104/500 - Reward: -5.15, Length: 40, Loss: -0.4525
2026-03-15 01:56:10 | INFO | Episode 105/500 - Reward: -3.80, Length: 40, Loss: -0.4412
2026-03-15 01:56:10 | INFO | Episode 106/500 - Reward: -5.45, Length: 40, Loss: -0.4695
2026-03-15 01:56:11 | INFO | Episode 107/500 - Reward: -5.75, Length: 40, Loss: -0.4620
2026-03-15 01:56:11 | INFO | Episode 108/500 - Reward: -5.90, Length: 40, Loss: -0.3608
2026-03-15 01:56:12 | INFO | Episode 109/500 - Reward: -6.20, Length: 40, Loss: -0.4332
2026-03-15 01:56:12 | INFO | Episode 110/500 - Reward: -6.20, Length: 40, Loss: -0.5525
2026-03-15 01:56:13 | INFO | Episode 111/500 - Reward: 9.15, Length: 12, Loss: 2.3838
2026-03-15 01:56:13 | INFO | Episode 112/500 - Reward: -5.45, Length: 40, Loss: -0.4402
2026-03-15 01:56:14 | INFO | Episode 113/500 - Reward: -6.05, Length: 40, Loss: -0.4120
2026-03-15 01:56:14 | INFO | Episode 114/500 - Reward: -6.05, Length: 40, Loss: -0.4957
2026-03-15 01:56:13 | INFO | Episode 115/500 - Reward: 0.80, Length: 35, Loss: 0.3905
2026-03-15 01:56:14 | INFO | Episode 116/500 - Reward: 7.00, Length: 13, Loss: 2.2860
2026-03-15 01:56:14 | INFO | Episode 117/500 - Reward: -4.85, Length: 40, Loss: -0.4475
2026-03-15 01:56:15 | INFO | Episode 118/500 - Reward: 6.95, Length: 26, Loss: 1.2684
2026-03-15 01:56:15 | INFO | Episode 119/500 - Reward: -3.65, Length: 40, Loss: -0.4488
2026-03-15 01:56:16 | INFO | Episode 120/500 - Reward: -6.80, Length: 40, Loss: -0.5364
2026-03-15 01:56:16 | INFO | Episode 121/500 - Reward: -3.80, Length: 40, Loss: -0.4779
2026-03-15 01:56:17 | INFO | Episode 122/500 - Reward: -3.50, Length: 40, Loss: -0.4267
2026-03-15 01:56:17 | INFO | Episode 123/500 - Reward: -5.30, Length: 40, Loss: -0.4301
2026-03-15 01:56:18 | INFO | Episode 124/500 - Reward: -4.85, Length: 40, Loss: -0.4124
2026-03-15 01:56:18 | INFO | Episode 125/500 - Reward: -4.10, Length: 40, Loss: -0.4453
2026-03-15 01:56:19 | INFO | Episode 126/500 - Reward: 4.00, Length: 31, Loss: 0.8920
2026-03-15 01:56:19 | INFO | Episode 127/500 - Reward: 6.15, Length: 39, Loss: 0.6359
2026-03-15 01:56:20 | INFO | Episode 128/500 - Reward: -4.55, Length: 40, Loss: -0.4782
2026-03-15 01:56:20 | INFO | Episode 129/500 - Reward: -10.55, Length: 40, Loss: -0.5402
2026-03-15 01:56:21 | INFO | Episode 130/500 - Reward: -2.90, Length: 40, Loss: -0.3921
2026-03-15 01:56:21 | INFO | Episode 131/500 - Reward: -6.95, Length: 40, Loss: -0.4685
2026-03-15 01:56:22 | INFO | Episode 132/500 - Reward: -4.40, Length: 40, Loss: -0.4111
2026-03-15 01:56:22 | INFO | Episode 133/500 - Reward: -4.25, Length: 40, Loss: -0.4378
2026-03-15 01:56:23 | INFO | Episode 134/500 - Reward: -3.50, Length: 40, Loss: -0.4125
2026-03-15 01:56:23 | INFO | Episode 135/500 - Reward: -5.00, Length: 40, Loss: -0.4245
2026-03-15 01:56:24 | INFO | Episode 136/500 - Reward: -9.65, Length: 40, Loss: -0.5876
2026-03-15 01:56:24 | INFO | Episode 137/500 - Reward: -4.10, Length: 40, Loss: -0.4784
2026-03-15 01:56:25 | INFO | Episode 138/500 - Reward: -5.60, Length: 40, Loss: -0.5255
2026-03-15 01:56:25 | INFO | Episode 139/500 - Reward: 7.65, Length: 27, Loss: 1.2113
2026-03-15 01:56:26 | INFO | Episode 140/500 - Reward: -4.10, Length: 40, Loss: -0.4545
2026-03-15 01:56:26 | INFO | Episode 141/500 - Reward: -5.15, Length: 40, Loss: -0.4658
2026-03-15 01:56:27 | INFO | Episode 142/500 - Reward: -4.85, Length: 40, Loss: -0.4969
2026-03-15 01:56:27 | INFO | Episode 143/500 - Reward: -6.65, Length: 40, Loss: -0.4899
2026-03-15 01:56:28 | INFO | Episode 144/500 - Reward: -7.40, Length: 40, Loss: -0.2450
2026-03-15 01:56:28 | INFO | Episode 145/500 - Reward: 7.15, Length: 28, Loss: 1.1852
2026-03-15 01:56:29 | INFO | Episode 146/500 - Reward: -10.10, Length: 40, Loss: -0.3915
2026-03-15 01:56:29 | INFO | Episode 147/500 - Reward: -4.10, Length: 40, Loss: -0.4285
2026-03-15 01:56:30 | INFO | Episode 148/500 - Reward: -3.65, Length: 40, Loss: -0.3848
2026-03-15 01:56:30 | INFO | Episode 149/500 - Reward: -4.55, Length: 40, Loss: -0.4667
2026-03-15 01:56:31 | INFO | Episode 150/500 - Reward: -4.25, Length: 40, Loss: -0.4184
2026-03-15 01:56:31 | INFO | Episode 150/500 - Avg Reward: -3.48, Avg Length: 37.82, Avg Loss: -0.1725
2026-03-15 01:56:31 | INFO | Episode 151/500 - Reward: -3.65, Length: 40, Loss: -0.4572
2026-03-15 01:56:32 | INFO | Episode 152/500 - Reward: -4.85, Length: 40, Loss: -0.4408
2026-03-15 01:56:32 | INFO | Episode 153/500 - Reward: -6.05, Length: 40, Loss: -0.4916
2026-03-15 01:56:33 | INFO | Episode 154/500 - Reward: -5.90, Length: 40, Loss: -0.4166
2026-03-15 01:56:33 | INFO | Episode 155/500 - Reward: 2.65, Length: 31, Loss: 0.7752
2026-03-15 01:56:34 | INFO | Episode 156/500 - Reward: -5.15, Length: 40, Loss: -0.4940
2026-03-15 01:56:34 | INFO | Episode 157/500 - Reward: -3.20, Length: 40, Loss: -0.4034
2026-03-15 01:56:35 | INFO | Episode 158/500 - Reward: 6.45, Length: 30, Loss: 1.0499
2026-03-15 01:56:35 | INFO | Episode 159/500 - Reward: 7.45, Length: 25, Loss: 1.3445
2026-03-15 01:56:36 | INFO | Episode 160/500 - Reward: -4.25, Length: 40, Loss: -0.4624
2026-03-15 01:56:37 | INFO | Episode 161/500 - Reward: -4.25, Length: 40, Loss: -0.4706
2026-03-15 01:56:37 | INFO | Episode 162/500 - Reward: -4.40, Length: 40, Loss: -0.4615
2026-03-15 01:56:38 | INFO | Episode 163/500 - Reward: 5.80, Length: 22, Loss: 1.4700
2026-03-15 01:56:38 | INFO | Episode 164/500 - Reward: -4.25, Length: 40, Loss: -0.4254
2026-03-15 01:56:39 | INFO | Episode 165/500 - Reward: -4.85, Length: 40, Loss: -0.4186
2026-03-15 01:56:39 | INFO | Episode 166/500 - Reward: -7.40, Length: 40, Loss: -0.2700
2026-03-15 01:56:39 | INFO | Episode 167/500 - Reward: -7.70, Length: 40, Loss: -0.5373
2026-03-15 01:56:40 | INFO | Episode 168/500 - Reward: 1.00, Length: 34, Loss: 0.4879
2026-03-15 01:56:40 | INFO | Episode 169/500 - Reward: 5.80, Length: 25, Loss: 1.2647
2026-03-15 01:56:41 | INFO | Episode 170/500 - Reward: -6.80, Length: 40, Loss: -0.5014
2026-03-15 01:56:41 | INFO | Episode 171/500 - Reward: -4.85, Length: 40, Loss: -0.5028
2026-03-15 01:56:42 | INFO | Episode 172/500 - Reward: -4.40, Length: 40, Loss: -0.4803
2026-03-15 01:56:42 | INFO | Episode 173/500 - Reward: -3.05, Length: 40, Loss: -0.4302
2026-03-15 01:56:43 | INFO | Episode 174/500 - Reward: 4.70, Length: 35, Loss: 0.7773
2026-03-15 01:56:43 | INFO | Episode 175/500 - Reward: -5.00, Length: 40, Loss: -0.4368
2026-03-15 01:56:44 | INFO | Episode 176/500 - Reward: -5.00, Length: 40, Loss: -0.4241
2026-03-15 01:56:44 | INFO | Episode 177/500 - Reward: -5.60, Length: 40, Loss: -0.4482
2026-03-15 01:56:44 | INFO | Episode 178/500 - Reward: -8.00, Length: 40, Loss: -0.3925
2026-03-15 01:56:45 | INFO | Episode 179/500 - Reward: -5.00, Length: 40, Loss: -0.4445
2026-03-15 01:56:44 | INFO | Episode 180/500 - Reward: -5.45, Length: 40, Loss: -0.4628
2026-03-15 01:56:44 | INFO | Episode 181/500 - Reward: -5.15, Length: 40, Loss: -0.6384
2026-03-15 01:56:45 | INFO | Episode 182/500 - Reward: -5.45, Length: 40, Loss: -0.4154
2026-03-15 01:56:45 | INFO | Episode 183/500 - Reward: -4.10, Length: 40, Loss: -0.4119
2026-03-15 01:56:46 | INFO | Episode 184/500 - Reward: -3.95, Length: 40, Loss: -0.4089
2026-03-15 01:56:46 | INFO | Episode 185/500 - Reward: -4.25, Length: 40, Loss: -0.4091
2026-03-15 01:56:47 | INFO | Episode 186/500 - Reward: -5.60, Length: 40, Loss: -0.4972
2026-03-15 01:56:47 | INFO | Episode 187/500 - Reward: -3.95, Length: 40, Loss: -0.4393
2026-03-15 01:56:48 | INFO | Episode 188/500 - Reward: -3.95, Length: 40, Loss: -0.3929
2026-03-15 01:56:48 | INFO | Episode 189/500 - Reward: 3.85, Length: 25, Loss: 1.1325
2026-03-15 01:56:49 | INFO | Episode 190/500 - Reward: -4.70, Length: 40, Loss: -0.4410
2026-03-15 01:56:49 | INFO | Episode 191/500 - Reward: -5.15, Length: 40, Loss: -0.4105
2026-03-15 01:56:49 | INFO | Episode 192/500 - Reward: -5.90, Length: 40, Loss: -0.5226
2026-03-15 01:56:50 | INFO | Episode 193/500 - Reward: -4.10, Length: 40, Loss: -0.4657
2026-03-15 01:56:50 | INFO | Episode 194/500 - Reward: -6.05, Length: 40, Loss: -0.4703
2026-03-15 01:56:51 | INFO | Episode 195/500 - Reward: -5.15, Length: 40, Loss: -0.4778
2026-03-15 01:56:51 | INFO | Episode 196/500 - Reward: -6.20, Length: 34, Loss: 0.0163
2026-03-15 01:56:52 | INFO | Episode 197/500 - Reward: 7.55, Length: 29, Loss: 1.1198
2026-03-15 01:56:52 | INFO | Episode 198/500 - Reward: -4.85, Length: 40, Loss: -0.3935
2026-03-15 01:56:53 | INFO | Episode 199/500 - Reward: -5.15, Length: 40, Loss: -0.4378
2026-03-15 01:56:53 | INFO | Episode 200/500 - Reward: 8.85, Length: 12, Loss: 2.3688
2026-03-15 01:56:53 | INFO | Episode 200/500 - Avg Reward: -2.97, Avg Length: 37.24, Avg Loss: -0.1140
2026-03-15 01:56:53 | INFO | Episode 201/500 - Reward: -4.40, Length: 40, Loss: -0.4262
2026-03-15 01:56:54 | INFO | Episode 202/500 - Reward: -3.80, Length: 40, Loss: -0.4297
2026-03-15 01:56:54 | INFO | Episode 203/500 - Reward: -11.15, Length: 40, Loss: -0.4833
2026-03-15 01:56:55 | INFO | Episode 204/500 - Reward: -7.55, Length: 40, Loss: -0.4127
2026-03-15 01:56:55 | INFO | Episode 205/500 - Reward: -7.85, Length: 40, Loss: -0.4568
2026-03-15 01:56:56 | INFO | Episode 206/500 - Reward: -5.30, Length: 40, Loss: -0.5012
2026-03-15 01:56:56 | INFO | Episode 207/500 - Reward: -3.80, Length: 40, Loss: -0.4232
2026-03-15 01:56:57 | INFO | Episode 208/500 - Reward: -4.10, Length: 40, Loss: -0.3758
2026-03-15 01:56:57 | INFO | Episode 209/500 - Reward: -3.95, Length: 40, Loss: -0.4274
2026-03-15 01:56:58 | INFO | Episode 210/500 - Reward: -5.30, Length: 40, Loss: -0.4826
2026-03-15 01:56:58 | INFO | Episode 211/500 - Reward: -4.85, Length: 40, Loss: -0.5236
2026-03-15 01:56:58 | INFO | Episode 212/500 - Reward: -3.50, Length: 40, Loss: -0.4449
2026-03-15 01:56:59 | INFO | Episode 213/500 - Reward: 8.15, Length: 17, Loss: 1.8805
2026-03-15 01:56:59 | INFO | Episode 214/500 - Reward: 6.55, Length: 31, Loss: 1.0083
2026-03-15 01:57:00 | INFO | Episode 215/500 - Reward: -5.30, Length: 40, Loss: -0.4939
2026-03-15 01:57:00 | INFO | Episode 216/500 - Reward: -3.50, Length: 40, Loss: -0.4120
2026-03-15 01:57:01 | INFO | Episode 217/500 - Reward: 2.75, Length: 32, Loss: 0.7818
2026-03-15 01:57:01 | INFO | Episode 218/500 - Reward: -4.10, Length: 40, Loss: -0.4048
2026-03-15 01:57:02 | INFO | Episode 219/500 - Reward: -5.90, Length: 40, Loss: -0.4230
2026-03-15 01:57:02 | INFO | Episode 220/500 - Reward: -4.70, Length: 40, Loss: -0.4096
2026-03-15 01:57:03 | INFO | Episode 221/500 - Reward: -4.10, Length: 40, Loss: -0.4259
2026-03-15 01:57:03 | INFO | Episode 222/500 - Reward: -7.10, Length: 40, Loss: -0.4601
2026-03-15 01:57:03 | INFO | Episode 223/500 - Reward: -7.10, Length: 40, Loss: -0.4043
2026-03-15 01:57:04 | INFO | Episode 224/500 - Reward: 7.05, Length: 30, Loss: 1.0651
2026-03-15 01:57:04 | INFO | Episode 225/500 - Reward: -6.20, Length: 40, Loss: -0.4984
2026-03-15 01:57:05 | INFO | Episode 226/500 - Reward: -5.15, Length: 40, Loss: -0.4971
2026-03-15 01:57:05 | INFO | Episode 227/500 - Reward: 4.75, Length: 19, Loss: 1.5459
2026-03-15 01:57:06 | INFO | Episode 228/500 - Reward: -4.55, Length: 40, Loss: -0.4122
2026-03-15 01:57:06 | INFO | Episode 229/500 - Reward: -4.10, Length: 40, Loss: -0.4541
2026-03-15 01:57:07 | INFO | Episode 230/500 - Reward: -4.85, Length: 40, Loss: -0.4022
2026-03-15 01:57:07 | INFO | Episode 231/500 - Reward: 2.10, Length: 24, Loss: 1.0400
2026-03-15 01:57:08 | INFO | Episode 232/500 - Reward: -4.55, Length: 40, Loss: -0.4416
2026-03-15 01:57:08 | INFO | Episode 233/500 - Reward: -4.70, Length: 40, Loss: -0.4242
2026-03-15 01:57:08 | INFO | Episode 234/500 - Reward: -3.65, Length: 40, Loss: -0.4739
2026-03-15 01:57:09 | INFO | Episode 235/500 - Reward: -3.95, Length: 40, Loss: -0.4193
2026-03-15 01:57:09 | INFO | Episode 236/500 - Reward: -10.40, Length: 40, Loss: -0.5770
2026-03-15 01:57:10 | INFO | Episode 237/500 - Reward: -3.35, Length: 40, Loss: -0.4599
2026-03-15 01:57:10 | INFO | Episode 238/500 - Reward: -4.70, Length: 40, Loss: -0.4179
2026-03-15 01:57:11 | INFO | Episode 239/500 - Reward: -1.25, Length: 40, Loss: 0.1273
2026-03-15 01:57:11 | INFO | Episode 240/500 - Reward: -17.15, Length: 40, Loss: -0.4477
2026-03-15 01:57:12 | INFO | Episode 241/500 - Reward: -3.80, Length: 40, Loss: -0.4765
2026-03-15 01:57:12 | INFO | Episode 242/500 - Reward: -5.30, Length: 40, Loss: -0.4106
2026-03-15 01:57:13 | INFO | Episode 243/500 - Reward: -5.00, Length: 40, Loss: -0.4573
2026-03-15 01:57:13 | INFO | Episode 244/500 - Reward: 6.45, Length: 36, Loss: 0.7448
2026-03-15 01:57:13 | INFO | Episode 245/500 - Reward: -4.10, Length: 40, Loss: -0.4635
2026-03-15 01:57:14 | INFO | Episode 246/500 - Reward: -15.20, Length: 40, Loss: -0.4813
2026-03-15 01:57:14 | INFO | Episode 247/500 - Reward: 4.40, Length: 35, Loss: 0.7060
2026-03-15 01:57:15 | INFO | Episode 248/500 - Reward: -4.70, Length: 40, Loss: -0.4249
2026-03-15 01:57:15 | INFO | Episode 249/500 - Reward: -5.30, Length: 40, Loss: -0.3416
2026-03-15 01:57:16 | INFO | Episode 250/500 - Reward: -6.35, Length: 40, Loss: -0.5872
2026-03-15 01:57:16 | INFO | Episode 250/500 - Avg Reward: -3.87, Avg Length: 38.08, Avg Loss: -0.1898
2026-03-15 01:57:15 | INFO | Episode 251/500 - Reward: -3.50, Length: 40, Loss: -0.4027
2026-03-15 01:57:15 | INFO | Episode 252/500 - Reward: -8.15, Length: 40, Loss: -0.5357
2026-03-15 01:57:16 | INFO | Episode 253/500 - Reward: -5.90, Length: 40, Loss: -0.5969
2026-03-15 01:57:16 | INFO | Episode 254/500 - Reward: 2.55, Length: 39, Loss: 0.4759
2026-03-15 01:57:17 | INFO | Episode 255/500 - Reward: -3.80, Length: 40, Loss: -0.4427
2026-03-15 01:57:17 | INFO | Episode 256/500 - Reward: -5.15, Length: 40, Loss: -0.4621
2026-03-15 01:57:18 | INFO | Episode 257/500 - Reward: -5.30, Length: 40, Loss: -0.3791
2026-03-15 01:57:18 | INFO | Episode 258/500 - Reward: 6.45, Length: 27, Loss: 1.2132
2026-03-15 01:57:19 | INFO | Episode 259/500 - Reward: -5.45, Length: 40, Loss: -0.6337
2026-03-15 01:57:19 | INFO | Episode 260/500 - Reward: 5.90, Length: 26, Loss: 1.2074
2026-03-15 01:57:19 | INFO | Episode 261/500 - Reward: -3.65, Length: 40, Loss: -0.4589
2026-03-15 01:57:20 | INFO | Episode 262/500 - Reward: -3.50, Length: 40, Loss: -0.3719
2026-03-15 01:57:20 | INFO | Episode 263/500 - Reward: -4.85, Length: 40, Loss: -0.4467
2026-03-15 01:57:21 | INFO | Episode 264/500 - Reward: -4.10, Length: 40, Loss: -0.4438
2026-03-15 01:57:21 | INFO | Episode 265/500 - Reward: -4.10, Length: 40, Loss: -0.4137
2026-03-15 01:57:22 | INFO | Episode 266/500 - Reward: -4.25, Length: 40, Loss: -0.4452
2026-03-15 01:57:22 | INFO | Episode 267/500 - Reward: -7.40, Length: 40, Loss: -0.6541
2026-03-15 01:57:23 | INFO | Episode 268/500 - Reward: -5.15, Length: 40, Loss: -0.4027
2026-03-15 01:57:23 | INFO | Episode 269/500 - Reward: 7.35, Length: 24, Loss: 1.3450
2026-03-15 01:57:24 | INFO | Episode 270/500 - Reward: 8.05, Length: 16, Loss: 1.9745
2026-03-15 01:57:24 | INFO | Episode 271/500 - Reward: 3.75, Length: 24, Loss: 1.2017
2026-03-15 01:57:25 | INFO | Episode 272/500 - Reward: -11.90, Length: 40, Loss: -0.5247
2026-03-15 01:57:25 | INFO | Episode 273/500 - Reward: -3.95, Length: 40, Loss: -0.4728
2026-03-15 01:57:25 | INFO | Episode 274/500 - Reward: -3.80, Length: 40, Loss: -0.4568
2026-03-15 01:57:26 | INFO | Episode 275/500 - Reward: -3.95, Length: 40, Loss: -0.3877
2026-03-15 01:57:26 | INFO | Episode 276/500 - Reward: -3.80, Length: 40, Loss: -0.4657
2026-03-15 01:57:27 | INFO | Episode 277/500 - Reward: -5.30, Length: 40, Loss: -0.4038
2026-03-15 01:57:27 | INFO | Episode 278/500 - Reward: -5.45, Length: 40, Loss: -0.4854
2026-03-15 01:57:28 | INFO | Episode 279/500 - Reward: -4.85, Length: 40, Loss: -0.4764
2026-03-15 01:57:28 | INFO | Episode 280/500 - Reward: -4.40, Length: 40, Loss: -0.4597
2026-03-15 01:57:29 | INFO | Episode 281/500 - Reward: -5.30, Length: 40, Loss: -0.4265
2026-03-15 01:57:29 | INFO | Episode 282/500 - Reward: -3.80, Length: 40, Loss: -0.4426
2026-03-15 01:57:30 | INFO | Episode 283/500 - Reward: 2.65, Length: 31, Loss: 0.8168
2026-03-15 01:57:30 | INFO | Episode 284/500 - Reward: -7.85, Length: 40, Loss: -0.4706
2026-03-15 01:57:30 | INFO | Episode 285/500 - Reward: -5.30, Length: 40, Loss: -0.4585
2026-03-15 01:57:31 | INFO | Episode 286/500 - Reward: -4.40, Length: 40, Loss: -0.3628
2026-03-15 01:57:31 | INFO | Episode 287/500 - Reward: -3.80, Length: 40, Loss: -0.4082
2026-03-15 01:57:32 | INFO | Episode 288/500 - Reward: -4.55, Length: 40, Loss: -0.4262
2026-03-15 01:57:32 | INFO | Episode 289/500 - Reward: -5.45, Length: 40, Loss: -0.4976
2026-03-15 01:57:33 | INFO | Episode 290/500 - Reward: -4.40, Length: 40, Loss: -0.4273
2026-03-15 01:57:33 | INFO | Episode 291/500 - Reward: -11.30, Length: 40, Loss: -0.4968
2026-03-15 01:57:34 | INFO | Episode 292/500 - Reward: -4.10, Length: 40, Loss: -0.4914
2026-03-15 01:57:34 | INFO | Episode 293/500 - Reward: -5.60, Length: 40, Loss: -0.5641
2026-03-15 01:57:34 | INFO | Episode 294/500 - Reward: -8.60, Length: 40, Loss: -0.4741
2026-03-15 01:57:35 | INFO | Episode 295/500 - Reward: 7.15, Length: 37, Loss: 0.7389
2026-03-15 01:57:35 | INFO | Episode 296/500 - Reward: 6.05, Length: 32, Loss: 0.9466
2026-03-15 01:57:36 | INFO | Episode 297/500 - Reward: -8.90, Length: 40, Loss: -0.2850
2026-03-15 01:57:36 | INFO | Episode 298/500 - Reward: -5.15, Length: 40, Loss: -0.5222
2026-03-15 01:57:37 | INFO | Episode 299/500 - Reward: -3.65, Length: 40, Loss: -0.4218
2026-03-15 01:57:37 | INFO | Episode 300/500 - Reward: -4.70, Length: 40, Loss: -0.4795
2026-03-15 01:57:37 | INFO | Episode 300/500 - Avg Reward: -3.37, Avg Length: 37.92, Avg Loss: -0.1792
2026-03-15 01:57:38 | INFO | Episode 301/500 - Reward: -5.30, Length: 40, Loss: -0.4379
2026-03-15 01:57:38 | INFO | Episode 302/500 - Reward: -8.15, Length: 40, Loss: -0.4739
2026-03-15 01:57:39 | INFO | Episode 303/500 - Reward: -5.75, Length: 40, Loss: -0.4705
2026-03-15 01:57:39 | INFO | Episode 304/500 - Reward: -4.25, Length: 40, Loss: -0.4393
2026-03-15 01:57:40 | INFO | Episode 305/500 - Reward: -4.55, Length: 40, Loss: -0.4038
2026-03-15 01:57:40 | INFO | Episode 306/500 - Reward: -11.45, Length: 40, Loss: -0.4936
2026-03-15 01:57:40 | INFO | Episode 307/500 - Reward: -4.70, Length: 40, Loss: -0.4229
2026-03-15 01:57:41 | INFO | Episode 308/500 - Reward: -4.25, Length: 40, Loss: -0.4853
2026-03-15 01:57:41 | INFO | Episode 309/500 - Reward: -4.10, Length: 40, Loss: -0.3856
2026-03-15 01:57:42 | INFO | Episode 310/500 - Reward: -3.50, Length: 40, Loss: -0.4372
2026-03-15 01:57:42 | INFO | Episode 311/500 - Reward: -4.85, Length: 40, Loss: -0.4762
2026-03-15 01:57:43 | INFO | Episode 312/500 - Reward: -5.45, Length: 40, Loss: -0.4481
2026-03-15 01:57:43 | INFO | Episode 313/500 - Reward: -4.25, Length: 40, Loss: -0.4367
2026-03-15 01:57:44 | INFO | Episode 314/500 - Reward: 8.75, Length: 14, Loss: 2.2240
2026-03-15 01:57:44 | INFO | Episode 315/500 - Reward: -4.40, Length: 40, Loss: -0.4566
2026-03-15 01:57:45 | INFO | Episode 316/500 - Reward: -4.25, Length: 40, Loss: -0.4946
2026-03-15 01:57:45 | INFO | Episode 317/500 - Reward: -3.80, Length: 40, Loss: -0.4690
2026-03-15 01:57:45 | INFO | Episode 318/500 - Reward: -5.15, Length: 40, Loss: -0.4412
2026-03-15 01:57:46 | INFO | Episode 319/500 - Reward: -4.40, Length: 40, Loss: -0.4745
2026-03-15 01:57:46 | INFO | Episode 320/500 - Reward: 0.70, Length: 34, Loss: 0.4675
2026-03-15 01:57:47 | INFO | Episode 321/500 - Reward: -4.85, Length: 40, Loss: -0.4603
2026-03-15 01:57:46 | INFO | Episode 322/500 - Reward: -4.85, Length: 40, Loss: -0.4678
2026-03-15 01:57:46 | INFO | Episode 323/500 - Reward: -10.40, Length: 40, Loss: -0.5939
2026-03-15 01:57:47 | INFO | Episode 324/500 - Reward: -3.65, Length: 40, Loss: -0.4130
2026-03-15 01:57:47 | INFO | Episode 325/500 - Reward: -6.20, Length: 40, Loss: -0.5604
2026-03-15 01:57:48 | INFO | Episode 326/500 - Reward: -8.60, Length: 40, Loss: -0.4888
2026-03-15 01:57:48 | INFO | Episode 327/500 - Reward: 1.00, Length: 34, Loss: 0.5036
2026-03-15 01:57:49 | INFO | Episode 328/500 - Reward: -4.25, Length: 40, Loss: -0.4469
2026-03-15 01:57:49 | INFO | Episode 329/500 - Reward: -3.65, Length: 40, Loss: -0.4257
2026-03-15 01:57:50 | INFO | Episode 330/500 - Reward: -3.80, Length: 40, Loss: -0.4049
2026-03-15 01:57:50 | INFO | Episode 331/500 - Reward: 3.25, Length: 28, Loss: 0.9712
2026-03-15 01:57:51 | INFO | Episode 332/500 - Reward: -4.70, Length: 40, Loss: -0.4773
2026-03-15 01:57:51 | INFO | Episode 333/500 - Reward: -7.70, Length: 40, Loss: -0.4466
2026-03-15 01:57:51 | INFO | Episode 334/500 - Reward: -4.85, Length: 40, Loss: -0.4844
2026-03-15 01:57:52 | INFO | Episode 335/500 - Reward: -6.35, Length: 40, Loss: -0.4636
2026-03-15 01:57:52 | INFO | Episode 336/500 - Reward: -0.95, Length: 34, Loss: 0.2856
2026-03-15 01:57:53 | INFO | Episode 337/500 - Reward: -5.45, Length: 40, Loss: -0.4805
2026-03-15 01:57:53 | INFO | Episode 338/500 - Reward: -4.70, Length: 40, Loss: -0.4500
2026-03-15 01:57:54 | INFO | Episode 339/500 - Reward: -5.75, Length: 40, Loss: -0.5078
2026-03-15 01:57:54 | INFO | Episode 340/500 - Reward: -5.60, Length: 40, Loss: -0.4572
2026-03-15 01:57:55 | INFO | Episode 341/500 - Reward: 4.90, Length: 34, Loss: 0.7857
2026-03-15 01:57:55 | INFO | Episode 342/500 - Reward: -4.85, Length: 40, Loss: -0.4700
2026-03-15 01:57:56 | INFO | Episode 343/500 - Reward: -9.80, Length: 40, Loss: -0.5300
2026-03-15 01:57:56 | INFO | Episode 344/500 - Reward: -7.25, Length: 40, Loss: -0.4523
2026-03-15 01:57:56 | INFO | Episode 345/500 - Reward: -10.10, Length: 40, Loss: -0.4438
2026-03-15 01:57:57 | INFO | Episode 346/500 - Reward: -3.80, Length: 40, Loss: -0.3768
2026-03-15 01:57:57 | INFO | Episode 347/500 - Reward: -4.70, Length: 40, Loss: -0.4747
2026-03-15 01:57:59 | INFO | Episode 348/500 - Reward: -5.60, Length: 40, Loss: -0.4502
2026-03-15 01:57:59 | INFO | Episode 349/500 - Reward: -3.50, Length: 40, Loss: -0.4442
2026-03-15 01:57:59 | INFO | Episode 350/500 - Reward: -6.35, Length: 40, Loss: -0.3936
2026-03-15 01:57:59 | INFO | Episode 350/500 - Avg Reward: -4.52, Avg Length: 38.76, Avg Loss: -0.2995
2026-03-15 01:58:00 | INFO | Episode 351/500 - Reward: -6.20, Length: 40, Loss: -0.3878
2026-03-15 01:58:00 | INFO | Episode 352/500 - Reward: 6.70, Length: 16, Loss: 1.8480
2026-03-15 01:58:01 | INFO | Episode 353/500 - Reward: -3.95, Length: 40, Loss: -0.3874
2026-03-15 01:58:01 | INFO | Episode 354/500 - Reward: 6.60, Length: 15, Loss: 2.0588
2026-03-15 01:58:02 | INFO | Episode 355/500 - Reward: -7.85, Length: 40, Loss: -0.3197
2026-03-15 01:58:02 | INFO | Episode 356/500 - Reward: -4.40, Length: 40, Loss: -0.4853
2026-03-15 01:58:03 | INFO | Episode 357/500 - Reward: -4.25, Length: 40, Loss: -0.4385
2026-03-15 01:58:03 | INFO | Episode 358/500 - Reward: -4.10, Length: 40, Loss: -0.4094
2026-03-15 01:58:04 | INFO | Episode 359/500 - Reward: -3.65, Length: 40, Loss: -0.4176
2026-03-15 01:58:04 | INFO | Episode 360/500 - Reward: -3.50, Length: 40, Loss: -0.4086
2026-03-15 01:58:04 | INFO | Episode 361/500 - Reward: -13.55, Length: 40, Loss: -0.5519
2026-03-15 01:58:05 | INFO | Episode 362/500 - Reward: -4.55, Length: 40, Loss: -0.4542
2026-03-15 01:58:05 | INFO | Episode 363/500 - Reward: -5.15, Length: 40, Loss: -0.5302
2026-03-15 01:58:06 | INFO | Episode 364/500 - Reward: -4.25, Length: 40, Loss: -0.4514
2026-03-15 01:58:06 | INFO | Episode 365/500 - Reward: -4.25, Length: 40, Loss: -0.4085
2026-03-15 01:58:07 | INFO | Episode 366/500 - Reward: -3.80, Length: 40, Loss: -0.4221
2026-03-15 01:58:07 | INFO | Episode 367/500 - Reward: -4.70, Length: 40, Loss: -0.4697
2026-03-15 01:58:08 | INFO | Episode 368/500 - Reward: -5.45, Length: 40, Loss: -0.4694
2026-03-15 01:58:08 | INFO | Episode 369/500 - Reward: -5.45, Length: 40, Loss: -0.5266
2026-03-15 01:58:09 | INFO | Episode 370/500 - Reward: 5.75, Length: 38, Loss: 0.6274
2026-03-15 01:58:09 | INFO | Episode 371/500 - Reward: -5.45, Length: 40, Loss: -0.3470
2026-03-15 01:58:10 | INFO | Episode 372/500 - Reward: -4.55, Length: 40, Loss: -0.4067
2026-03-15 01:58:10 | INFO | Episode 373/500 - Reward: -0.65, Length: 34, Loss: 0.3369
2026-03-15 01:58:10 | INFO | Episode 374/500 - Reward: -4.25, Length: 40, Loss: -0.4591
2026-03-15 01:58:11 | INFO | Episode 375/500 - Reward: -6.65, Length: 40, Loss: -0.4833
2026-03-15 01:58:11 | INFO | Episode 376/500 - Reward: -4.85, Length: 40, Loss: -0.4291
2026-03-15 01:58:12 | INFO | Episode 377/500 - Reward: -6.35, Length: 40, Loss: -0.3840
2026-03-15 01:58:12 | INFO | Episode 378/500 - Reward: 7.65, Length: 27, Loss: 1.2698
2026-03-15 01:58:13 | INFO | Episode 379/500 - Reward: -4.85, Length: 40, Loss: -0.4538
2026-03-15 01:58:13 | INFO | Episode 380/500 - Reward: -3.95, Length: 40, Loss: -0.4635
2026-03-15 01:58:14 | INFO | Episode 381/500 - Reward: -3.80, Length: 40, Loss: -0.4521
2026-03-15 01:58:14 | INFO | Episode 382/500 - Reward: -5.75, Length: 40, Loss: -0.4103
2026-03-15 01:58:15 | INFO | Episode 383/500 - Reward: -4.55, Length: 40, Loss: -0.4717
2026-03-15 01:58:15 | INFO | Episode 384/500 - Reward: 7.45, Length: 22, Loss: 1.5256
2026-03-15 01:58:16 | INFO | Episode 385/500 - Reward: -5.75, Length: 40, Loss: -0.5092
2026-03-15 01:58:16 | INFO | Episode 386/500 - Reward: -3.65, Length: 40, Loss: -0.4010
2026-03-15 01:58:17 | INFO | Episode 387/500 - Reward: -5.90, Length: 40, Loss: -0.4104
2026-03-15 01:58:17 | INFO | Episode 388/500 - Reward: -6.20, Length: 40, Loss: -0.4937
2026-03-15 01:58:17 | INFO | Episode 389/500 - Reward: -3.50, Length: 40, Loss: -0.4126
2026-03-15 01:58:17 | INFO | Episode 390/500 - Reward: -11.60, Length: 40, Loss: -0.5760
2026-03-15 01:58:17 | INFO | Episode 391/500 - Reward: -4.25, Length: 40, Loss: -0.4041
2026-03-15 01:58:17 | INFO | Episode 392/500 - Reward: -3.95, Length: 40, Loss: -0.4574
2026-03-15 01:58:18 | INFO | Episode 393/500 - Reward: -5.75, Length: 40, Loss: -0.4567
2026-03-15 01:58:18 | INFO | Episode 394/500 - Reward: -5.00, Length: 40, Loss: -0.4522
2026-03-15 01:58:19 | INFO | Episode 395/500 - Reward: 4.20, Length: 39, Loss: 0.5568
2026-03-15 01:58:19 | INFO | Episode 396/500 - Reward: -3.95, Length: 40, Loss: -0.4445
2026-03-15 01:58:20 | INFO | Episode 397/500 - Reward: -3.65, Length: 40, Loss: -0.4180
2026-03-15 01:58:20 | INFO | Episode 398/500 - Reward: -4.55, Length: 40, Loss: -0.3988
2026-03-15 01:58:21 | INFO | Episode 399/500 - Reward: -8.45, Length: 40, Loss: -0.4354
2026-03-15 01:58:21 | INFO | Episode 400/500 - Reward: 7.10, Length: 11, Loss: 2.4865
2026-03-15 01:58:21 | INFO | Episode 400/500 - Avg Reward: -3.51, Avg Length: 37.64, Avg Loss: -0.1572
2026-03-15 01:58:22 | INFO | Episode 401/500 - Reward: -5.15, Length: 40, Loss: -0.3772
2026-03-15 01:58:22 | INFO | Episode 402/500 - Reward: 3.25, Length: 31, Loss: 0.8780
2026-03-15 01:58:23 | INFO | Episode 403/500 - Reward: 7.75, Length: 22, Loss: 1.4967
2026-03-15 01:58:23 | INFO | Episode 404/500 - Reward: -6.35, Length: 40, Loss: -0.4596
2026-03-15 01:58:23 | INFO | Episode 405/500 - Reward: -5.30, Length: 40, Loss: -0.4275
2026-03-15 01:58:24 | INFO | Episode 406/500 - Reward: -4.10, Length: 40, Loss: -0.4726
2026-03-15 01:58:24 | INFO | Episode 407/500 - Reward: -11.90, Length: 40, Loss: -0.3693
2026-03-15 01:58:25 | INFO | Episode 408/500 - Reward: -3.50, Length: 40, Loss: -0.4591
2026-03-15 01:58:25 | INFO | Episode 409/500 - Reward: -4.85, Length: 40, Loss: -0.3900
2026-03-15 01:58:26 | INFO | Episode 410/500 - Reward: 5.60, Length: 23, Loss: 1.3429
2026-03-15 01:58:26 | INFO | Episode 411/500 - Reward: -8.45, Length: 40, Loss: -0.4167
2026-03-15 01:58:27 | INFO | Episode 412/500 - Reward: -5.30, Length: 40, Loss: -0.4707
2026-03-15 01:58:27 | INFO | Episode 413/500 - Reward: 2.30, Length: 29, Loss: 0.7833
2026-03-15 01:58:28 | INFO | Episode 414/500 - Reward: -5.45, Length: 40, Loss: -0.3694
2026-03-15 01:58:28 | INFO | Episode 415/500 - Reward: -3.65, Length: 40, Loss: -0.4509
2026-03-15 01:58:29 | INFO | Episode 416/500 - Reward: -2.60, Length: 40, Loss: -0.4224
2026-03-15 01:58:29 | INFO | Episode 417/500 - Reward: -4.40, Length: 40, Loss: -0.4344
2026-03-15 01:58:30 | INFO | Episode 418/500 - Reward: 6.85, Length: 34, Loss: 0.8470
2026-03-15 01:58:30 | INFO | Episode 419/500 - Reward: -4.70, Length: 40, Loss: -0.4493
2026-03-15 01:58:30 | INFO | Episode 420/500 - Reward: -4.35, Length: 39, Loss: 0.0071
2026-03-15 01:58:31 | INFO | Episode 421/500 - Reward: -5.15, Length: 40, Loss: -0.4250
2026-03-15 01:58:31 | INFO | Episode 422/500 - Reward: -4.10, Length: 40, Loss: -0.4017
2026-03-15 01:58:32 | INFO | Episode 423/500 - Reward: -4.10, Length: 40, Loss: -0.3991
2026-03-15 01:58:32 | INFO | Episode 424/500 - Reward: -5.30, Length: 40, Loss: -0.5024
2026-03-15 01:58:33 | INFO | Episode 425/500 - Reward: -4.25, Length: 40, Loss: -0.4550
2026-03-15 01:58:33 | INFO | Episode 426/500 - Reward: 5.10, Length: 27, Loss: 1.1933
2026-03-15 01:58:34 | INFO | Episode 427/500 - Reward: -9.95, Length: 40, Loss: -0.3708
2026-03-15 01:58:34 | INFO | Episode 428/500 - Reward: -4.40, Length: 40, Loss: -0.4099
2026-03-15 01:58:35 | INFO | Episode 429/500 - Reward: -5.15, Length: 40, Loss: -0.4719
2026-03-15 01:58:35 | INFO | Episode 430/500 - Reward: 2.55, Length: 36, Loss: 0.5336
2026-03-15 01:58:36 | INFO | Episode 431/500 - Reward: 5.95, Length: 40, Loss: 0.5777
2026-03-15 01:58:36 | INFO | Episode 432/500 - Reward: -5.75, Length: 40, Loss: -0.4279
2026-03-15 01:58:37 | INFO | Episode 433/500 - Reward: -5.75, Length: 40, Loss: -0.5774
2026-03-15 01:58:37 | INFO | Episode 434/500 - Reward: -16.70, Length: 40, Loss: -0.4551
2026-03-15 01:58:37 | INFO | Episode 435/500 - Reward: -4.25, Length: 40, Loss: -0.3871
2026-03-15 01:58:38 | INFO | Episode 436/500 - Reward: -4.70, Length: 40, Loss: -0.4901
2026-03-15 01:58:38 | INFO | Episode 437/500 - Reward: -11.60, Length: 40, Loss: -0.5474
2026-03-15 01:58:39 | INFO | Episode 438/500 - Reward: -4.70, Length: 40, Loss: -0.4954
2026-03-15 01:58:39 | INFO | Episode 439/500 - Reward: -3.95, Length: 40, Loss: -0.4127
2026-03-15 01:58:40 | INFO | Episode 440/500 - Reward: -4.40, Length: 40, Loss: -0.4313
2026-03-15 01:58:40 | INFO | Episode 441/500 - Reward: -5.75, Length: 40, Loss: -0.4950
2026-03-15 01:58:41 | INFO | Episode 442/500 - Reward: -5.00, Length: 40, Loss: -0.4304
2026-03-15 01:58:41 | INFO | Episode 443/500 - Reward: -6.05, Length: 40, Loss: -0.5169
2026-03-15 01:58:42 | INFO | Episode 444/500 - Reward: -5.60, Length: 40, Loss: -0.4523
2026-03-15 01:58:42 | INFO | Episode 445/500 - Reward: -6.35, Length: 40, Loss: -0.5173
2026-03-15 01:58:43 | INFO | Episode 446/500 - Reward: -5.45, Length: 40, Loss: -0.3941
2026-03-15 01:58:43 | INFO | Episode 447/500 - Reward: 7.85, Length: 20, Loss: 1.6490
2026-03-15 01:58:44 | INFO | Episode 448/500 - Reward: -5.90, Length: 40, Loss: -0.3240
2026-03-15 01:58:44 | INFO | Episode 449/500 - Reward: -13.25, Length: 40, Loss: -0.5210
2026-03-15 01:58:45 | INFO | Episode 450/500 - Reward: 6.80, Length: 17, Loss: 1.7717
2026-03-15 01:58:45 | INFO | Episode 450/500 - Avg Reward: -3.67, Avg Length: 37.56, Avg Loss: -0.1240
2026-03-15 01:58:45 | INFO | Episode 451/500 - Reward: 7.25, Length: 26, Loss: 1.2418
2026-03-15 01:58:46 | INFO | Episode 452/500 - Reward: -13.10, Length: 40, Loss: -0.5488
2026-03-15 01:58:46 | INFO | Episode 453/500 - Reward: -11.45, Length: 40, Loss: -0.4334
2026-03-15 01:58:47 | INFO | Episode 454/500 - Reward: -4.55, Length: 40, Loss: -0.4456
2026-03-15 01:58:47 | INFO | Episode 455/500 - Reward: -4.70, Length: 40, Loss: -0.4557
2026-03-15 01:58:47 | INFO | Episode 456/500 - Reward: -4.10, Length: 40, Loss: -0.4480
2026-03-15 01:58:48 | INFO | Episode 457/500 - Reward: -4.55, Length: 40, Loss: -0.5082
2026-03-15 01:58:48 | INFO | Episode 458/500 - Reward: -9.50, Length: 40, Loss: -0.5361
2026-03-15 01:58:47 | INFO | Episode 459/500 - Reward: -5.30, Length: 40, Loss: -0.4089
2026-03-15 01:58:48 | INFO | Episode 460/500 - Reward: 8.45, Length: 20, Loss: 1.6530
2026-03-15 01:58:48 | INFO | Episode 461/500 - Reward: -3.95, Length: 40, Loss: -0.3975
2026-03-15 01:58:49 | INFO | Episode 462/500 - Reward: -5.00, Length: 40, Loss: -0.4308
2026-03-15 01:58:49 | INFO | Episode 463/500 - Reward: -4.55, Length: 40, Loss: -0.4289
2026-03-15 01:58:50 | INFO | Episode 464/500 - Reward: 5.30, Length: 32, Loss: 0.8716
2026-03-15 01:58:50 | INFO | Episode 465/500 - Reward: 5.30, Length: 23, Loss: 1.3834
2026-03-15 01:58:51 | INFO | Episode 466/500 - Reward: -4.55, Length: 40, Loss: -0.4989
2026-03-15 01:58:51 | INFO | Episode 467/500 - Reward: 7.85, Length: 23, Loss: 1.4664
2026-03-15 01:58:52 | INFO | Episode 468/500 - Reward: 2.60, Length: 20, Loss: 1.3099
2026-03-15 01:58:52 | INFO | Episode 469/500 - Reward: -8.00, Length: 40, Loss: -0.6114
2026-03-15 01:58:53 | INFO | Episode 470/500 - Reward: -6.20, Length: 40, Loss: -0.3630
2026-03-15 01:58:53 | INFO | Episode 471/500 - Reward: -18.20, Length: 40, Loss: -0.4235
2026-03-15 01:58:54 | INFO | Episode 472/500 - Reward: -6.65, Length: 40, Loss: -0.4799
2026-03-15 01:58:54 | INFO | Episode 473/500 - Reward: -5.30, Length: 40, Loss: -0.4618
2026-03-15 01:58:54 | INFO | Episode 474/500 - Reward: 2.40, Length: 24, Loss: 1.0604
2026-03-15 01:58:55 | INFO | Episode 475/500 - Reward: -3.95, Length: 40, Loss: -0.4450
2026-03-15 01:58:55 | INFO | Episode 476/500 - Reward: -4.85, Length: 40, Loss: -0.4339
2026-03-15 01:58:56 | INFO | Episode 477/500 - Reward: -4.25, Length: 40, Loss: -0.4739
2026-03-15 01:58:56 | INFO | Episode 478/500 - Reward: -9.35, Length: 40, Loss: -0.3943
2026-03-15 01:58:57 | INFO | Episode 479/500 - Reward: -4.55, Length: 40, Loss: -0.4477
2026-03-15 01:58:57 | INFO | Episode 480/500 - Reward: -4.85, Length: 40, Loss: -0.4609
2026-03-15 01:58:58 | INFO | Episode 481/500 - Reward: -3.80, Length: 40, Loss: -0.4278
2026-03-15 01:58:58 | INFO | Episode 482/500 - Reward: -11.90, Length: 40, Loss: -0.5375
2026-03-15 01:58:59 | INFO | Episode 483/500 - Reward: -5.15, Length: 40, Loss: -0.4327
2026-03-15 01:58:59 | INFO | Episode 484/500 - Reward: -4.40, Length: 40, Loss: -0.4337
2026-03-15 01:59:00 | INFO | Episode 485/500 - Reward: -3.80, Length: 40, Loss: -0.4385
2026-03-15 01:59:00 | INFO | Episode 486/500 - Reward: -12.20, Length: 40, Loss: -0.3870
2026-03-15 01:59:01 | INFO | Episode 487/500 - Reward: 6.60, Length: 18, Loss: 1.7518
2026-03-15 01:59:01 | INFO | Episode 488/500 - Reward: -9.65, Length: 40, Loss: -0.2733
2026-03-15 01:59:02 | INFO | Episode 489/500 - Reward: -4.85, Length: 40, Loss: -0.4934
2026-03-15 01:59:02 | INFO | Episode 490/500 - Reward: -6.05, Length: 40, Loss: -0.4936
2026-03-15 01:59:02 | INFO | Episode 491/500 - Reward: 8.25, Length: 21, Loss: 1.5361
2026-03-15 01:59:03 | INFO | Episode 492/500 - Reward: -4.85, Length: 40, Loss: -0.4686
2026-03-15 01:59:03 | INFO | Episode 493/500 - Reward: -4.40, Length: 40, Loss: -0.4615
2026-03-15 01:59:04 | INFO | Episode 494/500 - Reward: -4.10, Length: 40, Loss: -0.4751
2026-03-15 01:59:04 | INFO | Episode 495/500 - Reward: -5.15, Length: 40, Loss: -0.4554
2026-03-15 01:59:05 | INFO | Episode 496/500 - Reward: -4.25, Length: 40, Loss: -0.4915
2026-03-15 01:59:05 | INFO | Episode 497/500 - Reward: -4.85, Length: 40, Loss: -0.4651
2026-03-15 01:59:06 | INFO | Episode 498/500 - Reward: 5.10, Length: 33, Loss: 0.8573
2026-03-15 01:59:06 | INFO | Episode 499/500 - Reward: -4.55, Length: 40, Loss: -0.4775
2026-03-15 01:59:07 | INFO | Episode 500/500 - Reward: -6.50, Length: 40, Loss: -0.5756
2026-03-15 01:59:07 | INFO | Episode 500/500 - Avg Reward: -3.86, Avg Length: 36.80, Avg Loss: -0.1038
