2026-03-15 01:45:59 | INFO | JAX DEVICES: [CudaDevice(id=0)]
2026-03-15 01:45:59 | INFO | Starting training of REINFORCE agent with seed=1, num_episodes=500, max_steps=50
2026-03-15 01:45:59 | INFO | Environment parameters: EnvParams(grid_rows=5, grid_cols=5, max_steps=40, start_row=4, start_col=0, goal_row=0, goal_col=4, trap_row=1, trap_col=3, step_penalty=-0.05, trap_penalty=-2.0, invalid_penalty=-0.2, goal_reward=10.0)
2026-03-15 01:46:00 | INFO | Episode 1/500 - Reward: -3.80, Length: 40, Loss: -0.4269
2026-03-15 01:46:00 | INFO | Episode 2/500 - Reward: -4.70, Length: 40, Loss: -0.4532
2026-03-15 01:46:01 | INFO | Episode 3/500 - Reward: -4.85, Length: 40, Loss: -0.4828
2026-03-15 01:46:01 | INFO | Episode 4/500 - Reward: -5.15, Length: 40, Loss: -0.4917
2026-03-15 01:46:02 | INFO | Episode 5/500 - Reward: -3.65, Length: 40, Loss: -0.4407
2026-03-15 01:46:02 | INFO | Episode 6/500 - Reward: -4.55, Length: 40, Loss: -0.4496
2026-03-15 01:46:03 | INFO | Episode 7/500 - Reward: -3.50, Length: 40, Loss: -0.4718
2026-03-15 01:46:03 | INFO | Episode 8/500 - Reward: 8.15, Length: 26, Loss: 1.3010
2026-03-15 01:46:04 | INFO | Episode 9/500 - Reward: -6.50, Length: 40, Loss: -0.5660
2026-03-15 01:46:04 | INFO | Episode 10/500 - Reward: -4.55, Length: 40, Loss: -0.4835
2026-03-15 01:46:05 | INFO | Episode 11/500 - Reward: -3.95, Length: 40, Loss: -0.4132
2026-03-15 01:46:05 | INFO | Episode 12/500 - Reward: -10.40, Length: 40, Loss: -0.5783
2026-03-15 01:46:06 | INFO | Episode 13/500 - Reward: -5.15, Length: 40, Loss: -0.5037
2026-03-15 01:46:06 | INFO | Episode 14/500 - Reward: -4.70, Length: 40, Loss: -0.4762
2026-03-15 01:46:07 | INFO | Episode 15/500 - Reward: -4.10, Length: 40, Loss: -0.4385
2026-03-15 01:46:07 | INFO | Episode 16/500 - Reward: 1.80, Length: 30, Loss: 0.6923
2026-03-15 01:46:08 | INFO | Episode 17/500 - Reward: -3.80, Length: 40, Loss: -0.4385
2026-03-15 01:46:08 | INFO | Episode 18/500 - Reward: -5.00, Length: 40, Loss: -0.4759
2026-03-15 01:46:08 | INFO | Episode 19/500 - Reward: -5.45, Length: 40, Loss: -0.4604
2026-03-15 01:46:09 | INFO | Episode 20/500 - Reward: -4.10, Length: 40, Loss: -0.4587
2026-03-15 01:46:09 | INFO | Episode 21/500 - Reward: -9.80, Length: 40, Loss: -0.3677
2026-03-15 01:46:10 | INFO | Episode 22/500 - Reward: -3.65, Length: 40, Loss: -0.4095
2026-03-15 01:46:10 | INFO | Episode 23/500 - Reward: -4.55, Length: 40, Loss: -0.4704
2026-03-15 01:46:11 | INFO | Episode 24/500 - Reward: -5.00, Length: 40, Loss: -0.4580
2026-03-15 01:46:11 | INFO | Episode 25/500 - Reward: -5.75, Length: 40, Loss: -0.5281
2026-03-15 01:46:12 | INFO | Episode 26/500 - Reward: -15.50, Length: 40, Loss: -0.3940
2026-03-15 01:46:12 | INFO | Episode 27/500 - Reward: -4.85, Length: 40, Loss: -0.4013
2026-03-15 01:46:13 | INFO | Episode 28/500 - Reward: -4.40, Length: 40, Loss: -0.4476
2026-03-15 01:46:13 | INFO | Episode 29/500 - Reward: -4.70, Length: 40, Loss: -0.4640
2026-03-15 01:46:14 | INFO | Episode 30/500 - Reward: -12.95, Length: 40, Loss: -0.3827
2026-03-15 01:46:14 | INFO | Episode 31/500 - Reward: -4.85, Length: 40, Loss: -0.4443
2026-03-15 01:46:15 | INFO | Episode 32/500 - Reward: -5.90, Length: 40, Loss: -0.5512
2026-03-15 01:46:15 | INFO | Episode 33/500 - Reward: 4.15, Length: 19, Loss: 1.6594
2026-03-15 01:46:16 | INFO | Episode 34/500 - Reward: 3.15, Length: 30, Loss: 0.8925
2026-03-15 01:46:16 | INFO | Episode 35/500 - Reward: -3.50, Length: 40, Loss: -0.4623
2026-03-15 01:46:17 | INFO | Episode 36/500 - Reward: -5.45, Length: 40, Loss: -0.4301
2026-03-15 01:46:17 | INFO | Episode 37/500 - Reward: -5.30, Length: 40, Loss: -0.4704
2026-03-15 01:46:18 | INFO | Episode 38/500 - Reward: -5.90, Length: 40, Loss: -0.3445
2026-03-15 01:46:18 | INFO | Episode 39/500 - Reward: -3.35, Length: 40, Loss: -0.4619
2026-03-15 01:46:19 | INFO | Episode 40/500 - Reward: -3.50, Length: 40, Loss: -0.4613
2026-03-15 01:46:19 | INFO | Episode 41/500 - Reward: -4.70, Length: 40, Loss: -0.4572
2026-03-15 01:46:20 | INFO | Episode 42/500 - Reward: -3.35, Length: 40, Loss: -0.3879
2026-03-15 01:46:20 | INFO | Episode 43/500 - Reward: -4.55, Length: 40, Loss: -0.4396
2026-03-15 01:46:21 | INFO | Episode 44/500 - Reward: -4.85, Length: 40, Loss: -0.4231
2026-03-15 01:46:21 | INFO | Episode 45/500 - Reward: -5.15, Length: 40, Loss: -0.4946
2026-03-15 01:46:22 | INFO | Episode 46/500 - Reward: -1.55, Length: 37, Loss: 0.1900
2026-03-15 01:46:22 | INFO | Episode 47/500 - Reward: -4.55, Length: 40, Loss: -0.4342
2026-03-15 01:46:23 | INFO | Episode 48/500 - Reward: -4.25, Length: 40, Loss: -0.4529
2026-03-15 01:46:23 | INFO | Episode 49/500 - Reward: -4.85, Length: 40, Loss: -0.4608
2026-03-15 01:46:24 | INFO | Episode 50/500 - Reward: -4.10, Length: 40, Loss: -0.4217
2026-03-15 01:46:24 | INFO | Episode 50/500 - Avg Reward: -4.43, Avg Length: 38.84, Avg Loss: -0.3139
2026-03-15 01:46:24 | INFO | Episode 51/500 - Reward: -5.15, Length: 40, Loss: -0.4501
2026-03-15 01:46:25 | INFO | Episode 52/500 - Reward: -3.95, Length: 40, Loss: -0.4915
2026-03-15 01:46:25 | INFO | Episode 53/500 - Reward: -5.00, Length: 40, Loss: -0.5241
2026-03-15 01:46:25 | INFO | Episode 54/500 - Reward: -3.95, Length: 40, Loss: -0.4256
2026-03-15 01:46:26 | INFO | Episode 55/500 - Reward: -4.85, Length: 40, Loss: -0.4533
2026-03-15 01:46:26 | INFO | Episode 56/500 - Reward: -3.20, Length: 40, Loss: -0.4336
2026-03-15 01:46:27 | INFO | Episode 57/500 - Reward: -4.25, Length: 40, Loss: -0.4794
2026-03-15 01:46:26 | INFO | Episode 58/500 - Reward: 4.70, Length: 32, Loss: 0.9346
2026-03-15 01:46:27 | INFO | Episode 59/500 - Reward: -3.95, Length: 40, Loss: -0.4247
2026-03-15 01:46:27 | INFO | Episode 60/500 - Reward: 8.25, Length: 21, Loss: 1.6217
2026-03-15 01:46:28 | INFO | Episode 61/500 - Reward: -4.40, Length: 40, Loss: -0.5518
2026-03-15 01:46:28 | INFO | Episode 62/500 - Reward: -7.10, Length: 40, Loss: -0.4167
2026-03-15 01:46:28 | INFO | Episode 63/500 - Reward: -4.40, Length: 40, Loss: -0.4513
2026-03-15 01:46:29 | INFO | Episode 64/500 - Reward: -3.65, Length: 40, Loss: -0.4350
2026-03-15 01:46:29 | INFO | Episode 65/500 - Reward: -7.55, Length: 40, Loss: -0.4457
2026-03-15 01:46:30 | INFO | Episode 66/500 - Reward: -5.15, Length: 40, Loss: -0.4857
2026-03-15 01:46:30 | INFO | Episode 67/500 - Reward: 4.50, Length: 30, Loss: 1.0224
2026-03-15 01:46:31 | INFO | Episode 68/500 - Reward: -2.20, Length: 32, Loss: 0.2721
2026-03-15 01:46:31 | INFO | Episode 69/500 - Reward: -5.60, Length: 40, Loss: -0.4493
2026-03-15 01:46:32 | INFO | Episode 70/500 - Reward: -4.25, Length: 40, Loss: -0.4586
2026-03-15 01:46:32 | INFO | Episode 71/500 - Reward: -4.40, Length: 40, Loss: -0.4025
2026-03-15 01:46:33 | INFO | Episode 72/500 - Reward: -8.15, Length: 40, Loss: -0.4186
2026-03-15 01:46:33 | INFO | Episode 73/500 - Reward: -6.20, Length: 40, Loss: -0.4471
2026-03-15 01:46:34 | INFO | Episode 74/500 - Reward: 6.85, Length: 37, Loss: 0.7246
2026-03-15 01:46:34 | INFO | Episode 75/500 - Reward: -5.45, Length: 40, Loss: -0.4512
2026-03-15 01:46:35 | INFO | Episode 76/500 - Reward: -3.35, Length: 40, Loss: -0.3626
2026-03-15 01:46:35 | INFO | Episode 77/500 - Reward: -9.20, Length: 40, Loss: -0.3796
2026-03-15 01:46:36 | INFO | Episode 78/500 - Reward: -8.75, Length: 40, Loss: -0.2943
2026-03-15 01:46:36 | INFO | Episode 79/500 - Reward: -8.00, Length: 40, Loss: -0.3313
2026-03-15 01:46:37 | INFO | Episode 80/500 - Reward: -4.10, Length: 40, Loss: -0.4199
2026-03-15 01:46:37 | INFO | Episode 81/500 - Reward: 8.85, Length: 15, Loss: 2.1496
2026-03-15 01:46:38 | INFO | Episode 82/500 - Reward: -5.90, Length: 40, Loss: -0.4269
2026-03-15 01:46:38 | INFO | Episode 83/500 - Reward: -5.45, Length: 40, Loss: -0.4647
2026-03-15 01:46:38 | INFO | Episode 84/500 - Reward: -4.40, Length: 40, Loss: -0.4200
2026-03-15 01:46:39 | INFO | Episode 85/500 - Reward: -5.00, Length: 40, Loss: -0.4384
2026-03-15 01:46:39 | INFO | Episode 86/500 - Reward: -4.40, Length: 40, Loss: -0.4497
2026-03-15 01:46:40 | INFO | Episode 87/500 - Reward: 4.15, Length: 25, Loss: 1.2026
2026-03-15 01:46:40 | INFO | Episode 88/500 - Reward: -5.30, Length: 40, Loss: -0.3940
2026-03-15 01:46:41 | INFO | Episode 89/500 - Reward: -0.30, Length: 39, Loss: 0.2233
2026-03-15 01:46:41 | INFO | Episode 90/500 - Reward: -7.55, Length: 40, Loss: -0.3827
2026-03-15 01:46:42 | INFO | Episode 91/500 - Reward: -6.05, Length: 40, Loss: -0.4186
2026-03-15 01:46:42 | INFO | Episode 92/500 - Reward: -4.55, Length: 40, Loss: -0.4367
2026-03-15 01:46:43 | INFO | Episode 93/500 - Reward: -4.40, Length: 40, Loss: -0.4977
2026-03-15 01:46:43 | INFO | Episode 94/500 - Reward: -5.60, Length: 40, Loss: -0.4160
2026-03-15 01:46:44 | INFO | Episode 95/500 - Reward: -4.25, Length: 40, Loss: -0.4247
2026-03-15 01:46:44 | INFO | Episode 96/500 - Reward: 5.90, Length: 23, Loss: 1.3393
2026-03-15 01:46:45 | INFO | Episode 97/500 - Reward: 4.00, Length: 34, Loss: 0.7772
2026-03-15 01:46:46 | INFO | Episode 98/500 - Reward: -4.85, Length: 40, Loss: -0.4433
2026-03-15 01:46:46 | INFO | Episode 99/500 - Reward: -3.65, Length: 40, Loss: -0.3816
2026-03-15 01:46:47 | INFO | Episode 100/500 - Reward: -4.40, Length: 40, Loss: -0.3905
2026-03-15 01:46:47 | INFO | Episode 100/500 - Avg Reward: -3.30, Avg Length: 37.76, Avg Loss: -0.1400
2026-03-15 01:46:47 | INFO | Episode 101/500 - Reward: -4.85, Length: 40, Loss: -0.4666
2026-03-15 01:46:48 | INFO | Episode 102/500 - Reward: -3.65, Length: 40, Loss: -0.3211
2026-03-15 01:46:48 | INFO | Episode 103/500 - Reward: -4.10, Length: 40, Loss: -0.4623
2026-03-15 01:46:49 | INFO | Episode 104/500 - Reward: -4.85, Length: 40, Loss: -0.4765
2026-03-15 01:46:49 | INFO | Episode 105/500 - Reward: -3.50, Length: 40, Loss: -0.4158
2026-03-15 01:46:50 | INFO | Episode 106/500 - Reward: -3.95, Length: 40, Loss: -0.3970
2026-03-15 01:46:50 | INFO | Episode 107/500 - Reward: -5.45, Length: 40, Loss: -0.4401
2026-03-15 01:46:51 | INFO | Episode 108/500 - Reward: 9.15, Length: 12, Loss: 2.3374
2026-03-15 01:46:51 | INFO | Episode 109/500 - Reward: -6.50, Length: 40, Loss: -0.3905
2026-03-15 01:46:52 | INFO | Episode 110/500 - Reward: -5.90, Length: 40, Loss: -0.5534
2026-03-15 01:46:52 | INFO | Episode 111/500 - Reward: -2.50, Length: 32, Loss: 0.3264
2026-03-15 01:46:53 | INFO | Episode 112/500 - Reward: -4.55, Length: 40, Loss: -0.4560
2026-03-15 01:46:53 | INFO | Episode 113/500 - Reward: -4.25, Length: 40, Loss: -0.3944
2026-03-15 01:46:54 | INFO | Episode 114/500 - Reward: -6.05, Length: 40, Loss: -0.5204
2026-03-15 01:46:54 | INFO | Episode 115/500 - Reward: 0.80, Length: 35, Loss: 0.3866
2026-03-15 01:46:55 | INFO | Episode 116/500 - Reward: 9.35, Length: 11, Loss: 2.4093
2026-03-15 01:46:55 | INFO | Episode 117/500 - Reward: 4.60, Length: 34, Loss: 0.7256
2026-03-15 01:46:56 | INFO | Episode 118/500 - Reward: 8.35, Length: 16, Loss: 1.8057
2026-03-15 01:46:56 | INFO | Episode 119/500 - Reward: -5.30, Length: 40, Loss: -0.3906
2026-03-15 01:46:56 | INFO | Episode 120/500 - Reward: 3.25, Length: 34, Loss: 0.7096
2026-03-15 01:46:57 | INFO | Episode 121/500 - Reward: 7.75, Length: 25, Loss: 1.2878
2026-03-15 01:46:57 | INFO | Episode 122/500 - Reward: -3.95, Length: 40, Loss: -0.4382
2026-03-15 01:46:58 | INFO | Episode 123/500 - Reward: -5.60, Length: 40, Loss: -0.4479
2026-03-15 01:46:57 | INFO | Episode 124/500 - Reward: -5.15, Length: 40, Loss: -0.4809
2026-03-15 01:46:58 | INFO | Episode 125/500 - Reward: -4.70, Length: 40, Loss: -0.4403
2026-03-15 01:46:58 | INFO | Episode 126/500 - Reward: 4.00, Length: 31, Loss: 0.8294
2026-03-15 01:46:58 | INFO | Episode 127/500 - Reward: 6.15, Length: 39, Loss: 0.6208
2026-03-15 01:46:59 | INFO | Episode 128/500 - Reward: -3.65, Length: 40, Loss: -0.3698
2026-03-15 01:46:59 | INFO | Episode 129/500 - Reward: -4.85, Length: 40, Loss: -0.4254
2026-03-15 01:47:00 | INFO | Episode 130/500 - Reward: -3.65, Length: 40, Loss: -0.3553
2026-03-15 01:47:00 | INFO | Episode 131/500 - Reward: -6.95, Length: 40, Loss: -0.4404
2026-03-15 01:47:01 | INFO | Episode 132/500 - Reward: -5.00, Length: 40, Loss: -0.4023
2026-03-15 01:47:01 | INFO | Episode 133/500 - Reward: -3.80, Length: 40, Loss: -0.4663
2026-03-15 01:47:02 | INFO | Episode 134/500 - Reward: -4.10, Length: 40, Loss: -0.4108
2026-03-15 01:47:03 | INFO | Episode 135/500 - Reward: -5.00, Length: 40, Loss: -0.4509
2026-03-15 01:47:03 | INFO | Episode 136/500 - Reward: 2.60, Length: 26, Loss: 0.9392
2026-03-15 01:47:04 | INFO | Episode 137/500 - Reward: 6.55, Length: 37, Loss: 0.7277
2026-03-15 01:47:04 | INFO | Episode 138/500 - Reward: 2.00, Length: 26, Loss: 0.8177
2026-03-15 01:47:05 | INFO | Episode 139/500 - Reward: 7.35, Length: 27, Loss: 1.1172
2026-03-15 01:47:05 | INFO | Episode 140/500 - Reward: -4.40, Length: 40, Loss: -0.4393
2026-03-15 01:47:06 | INFO | Episode 141/500 - Reward: -4.40, Length: 40, Loss: -0.4403
2026-03-15 01:47:06 | INFO | Episode 142/500 - Reward: 2.25, Length: 36, Loss: 0.4794
2026-03-15 01:47:07 | INFO | Episode 143/500 - Reward: -6.65, Length: 40, Loss: -0.5396
2026-03-15 01:47:07 | INFO | Episode 144/500 - Reward: 1.90, Length: 25, Loss: 0.9869
2026-03-15 01:47:08 | INFO | Episode 145/500 - Reward: -6.65, Length: 40, Loss: -0.4363
2026-03-15 01:47:08 | INFO | Episode 146/500 - Reward: -9.80, Length: 40, Loss: -0.2984
2026-03-15 01:47:09 | INFO | Episode 147/500 - Reward: -3.80, Length: 40, Loss: -0.4419
2026-03-15 01:47:09 | INFO | Episode 148/500 - Reward: 8.05, Length: 28, Loss: 1.1197
2026-03-15 01:47:10 | INFO | Episode 149/500 - Reward: -4.25, Length: 40, Loss: -0.4751
2026-03-15 01:47:10 | INFO | Episode 150/500 - Reward: -3.65, Length: 40, Loss: -0.4141
2026-03-15 01:47:10 | INFO | Episode 150/500 - Avg Reward: -1.63, Avg Length: 35.88, Avg Loss: 0.0666
2026-03-15 01:47:10 | INFO | Episode 151/500 - Reward: -1.05, Length: 39, Loss: 0.2053
2026-03-15 01:47:11 | INFO | Episode 152/500 - Reward: -5.30, Length: 40, Loss: -0.4408
2026-03-15 01:47:11 | INFO | Episode 153/500 - Reward: 6.15, Length: 36, Loss: 0.7112
2026-03-15 01:47:12 | INFO | Episode 154/500 - Reward: -6.05, Length: 40, Loss: -0.4115
2026-03-15 01:47:12 | INFO | Episode 155/500 - Reward: 4.90, Length: 31, Loss: 0.8775
2026-03-15 01:47:13 | INFO | Episode 156/500 - Reward: -4.55, Length: 40, Loss: -0.5919
2026-03-15 01:47:13 | INFO | Episode 157/500 - Reward: -5.75, Length: 40, Loss: -0.4472
2026-03-15 01:47:14 | INFO | Episode 158/500 - Reward: 6.75, Length: 30, Loss: 1.0293
2026-03-15 01:47:14 | INFO | Episode 159/500 - Reward: 4.85, Length: 17, Loss: 1.7005
2026-03-15 01:47:15 | INFO | Episode 160/500 - Reward: -9.35, Length: 40, Loss: -0.5025
2026-03-15 01:47:15 | INFO | Episode 161/500 - Reward: 5.40, Length: 27, Loss: 1.1454
2026-03-15 01:47:16 | INFO | Episode 162/500 - Reward: -4.85, Length: 40, Loss: -0.4960
2026-03-15 01:47:16 | INFO | Episode 163/500 - Reward: 8.15, Length: 17, Loss: 1.8313
2026-03-15 01:47:16 | INFO | Episode 164/500 - Reward: 7.25, Length: 32, Loss: 0.9164
2026-03-15 01:47:17 | INFO | Episode 165/500 - Reward: -6.20, Length: 40, Loss: -0.5691
2026-03-15 01:47:17 | INFO | Episode 166/500 - Reward: -7.70, Length: 40, Loss: -0.2292
2026-03-15 01:47:18 | INFO | Episode 167/500 - Reward: 6.95, Length: 32, Loss: 0.9584
2026-03-15 01:47:18 | INFO | Episode 168/500 - Reward: 3.65, Length: 29, Loss: 0.9318
2026-03-15 01:47:19 | INFO | Episode 169/500 - Reward: 6.30, Length: 18, Loss: 1.5897
2026-03-15 01:47:19 | INFO | Episode 170/500 - Reward: 6.30, Length: 18, Loss: 1.5415
2026-03-15 01:47:20 | INFO | Episode 171/500 - Reward: -5.15, Length: 40, Loss: -0.4815
2026-03-15 01:47:20 | INFO | Episode 172/500 - Reward: -4.40, Length: 40, Loss: -0.5153
2026-03-15 01:47:21 | INFO | Episode 173/500 - Reward: -5.45, Length: 40, Loss: -0.4722
2026-03-15 01:47:21 | INFO | Episode 174/500 - Reward: 4.60, Length: 34, Loss: 0.7586
2026-03-15 01:47:21 | INFO | Episode 175/500 - Reward: -3.80, Length: 40, Loss: -0.4695
2026-03-15 01:47:22 | INFO | Episode 176/500 - Reward: -5.15, Length: 40, Loss: -0.3957
2026-03-15 01:47:22 | INFO | Episode 177/500 - Reward: 6.45, Length: 27, Loss: 1.1080
2026-03-15 01:47:23 | INFO | Episode 178/500 - Reward: 8.75, Length: 17, Loss: 1.8101
2026-03-15 01:47:23 | INFO | Episode 179/500 - Reward: -4.70, Length: 40, Loss: -0.5545
2026-03-15 01:47:24 | INFO | Episode 180/500 - Reward: -4.40, Length: 40, Loss: -0.4944
2026-03-15 01:47:24 | INFO | Episode 181/500 - Reward: 5.10, Length: 39, Loss: 0.5450
2026-03-15 01:47:25 | INFO | Episode 182/500 - Reward: -11.15, Length: 40, Loss: -0.4576
2026-03-15 01:47:25 | INFO | Episode 183/500 - Reward: 7.75, Length: 22, Loss: 1.4014
2026-03-15 01:47:25 | INFO | Episode 184/500 - Reward: 7.15, Length: 28, Loss: 1.0432
2026-03-15 01:47:26 | INFO | Episode 185/500 - Reward: -4.85, Length: 40, Loss: -0.3304
2026-03-15 01:47:26 | INFO | Episode 186/500 - Reward: 8.05, Length: 19, Loss: 1.5299
2026-03-15 01:47:27 | INFO | Episode 187/500 - Reward: -3.35, Length: 40, Loss: -0.4622
2026-03-15 01:47:27 | INFO | Episode 188/500 - Reward: -4.10, Length: 40, Loss: -0.3019
2026-03-15 01:47:28 | INFO | Episode 189/500 - Reward: 3.85, Length: 25, Loss: 1.0806
2026-03-15 01:47:28 | INFO | Episode 190/500 - Reward: -3.80, Length: 40, Loss: -0.4260
2026-03-15 01:47:28 | INFO | Episode 191/500 - Reward: 4.55, Length: 17, Loss: 1.5028
2026-03-15 01:47:29 | INFO | Episode 192/500 - Reward: 6.65, Length: 26, Loss: 1.2146
2026-03-15 01:47:28 | INFO | Episode 193/500 - Reward: 2.40, Length: 24, Loss: 0.9291
2026-03-15 01:47:28 | INFO | Episode 194/500 - Reward: -6.05, Length: 40, Loss: -0.5218
2026-03-15 01:47:29 | INFO | Episode 195/500 - Reward: 4.95, Length: 18, Loss: 1.5649
2026-03-15 01:47:29 | INFO | Episode 196/500 - Reward: 8.55, Length: 15, Loss: 1.6719
2026-03-15 01:47:30 | INFO | Episode 197/500 - Reward: 4.85, Length: 17, Loss: 1.6028
2026-03-15 01:47:30 | INFO | Episode 198/500 - Reward: 8.55, Length: 18, Loss: 1.6774
2026-03-15 01:47:31 | INFO | Episode 199/500 - Reward: -5.90, Length: 40, Loss: -0.3977
2026-03-15 01:47:31 | INFO | Episode 200/500 - Reward: 9.25, Length: 10, Loss: 2.0795
2026-03-15 01:47:31 | INFO | Episode 200/500 - Avg Reward: 0.90, Avg Length: 31.24, Avg Loss: 0.4998
2026-03-15 01:47:32 | INFO | Episode 201/500 - Reward: -4.85, Length: 40, Loss: -0.4384
2026-03-15 01:47:32 | INFO | Episode 202/500 - Reward: 3.95, Length: 23, Loss: 1.1938
2026-03-15 01:47:33 | INFO | Episode 203/500 - Reward: 3.55, Length: 28, Loss: 0.9955
2026-03-15 01:47:33 | INFO | Episode 204/500 - Reward: 6.40, Length: 22, Loss: 1.4497
2026-03-15 01:47:33 | INFO | Episode 205/500 - Reward: 6.65, Length: 32, Loss: 0.8233
2026-03-15 01:47:34 | INFO | Episode 206/500 - Reward: 2.60, Length: 20, Loss: 1.3807
2026-03-15 01:47:34 | INFO | Episode 207/500 - Reward: 5.90, Length: 23, Loss: 1.2197
2026-03-15 01:47:35 | INFO | Episode 208/500 - Reward: 5.00, Length: 29, Loss: 0.8865
2026-03-15 01:47:35 | INFO | Episode 209/500 - Reward: 8.75, Length: 17, Loss: 1.5711
2026-03-15 01:47:36 | INFO | Episode 210/500 - Reward: 8.05, Length: 19, Loss: 1.4600
2026-03-15 01:47:36 | INFO | Episode 211/500 - Reward: 5.00, Length: 32, Loss: 0.8254
2026-03-15 01:47:37 | INFO | Episode 212/500 - Reward: 8.65, Length: 16, Loss: 1.6691
2026-03-15 01:47:37 | INFO | Episode 213/500 - Reward: 8.15, Length: 17, Loss: 1.4852
2026-03-15 01:47:37 | INFO | Episode 214/500 - Reward: 7.65, Length: 21, Loss: 1.3186
2026-03-15 01:47:38 | INFO | Episode 215/500 - Reward: -5.60, Length: 40, Loss: -0.5394
2026-03-15 01:47:38 | INFO | Episode 216/500 - Reward: 8.25, Length: 18, Loss: 1.5293
2026-03-15 01:47:39 | INFO | Episode 217/500 - Reward: 4.35, Length: 39, Loss: 0.4857
2026-03-15 01:47:39 | INFO | Episode 218/500 - Reward: -4.10, Length: 40, Loss: -0.4171
2026-03-15 01:47:40 | INFO | Episode 219/500 - Reward: -6.20, Length: 40, Loss: -0.4357
2026-03-15 01:47:40 | INFO | Episode 220/500 - Reward: -7.10, Length: 40, Loss: -0.2499
2026-03-15 01:47:41 | INFO | Episode 221/500 - Reward: 8.75, Length: 17, Loss: 1.6215
2026-03-15 01:47:41 | INFO | Episode 222/500 - Reward: -1.15, Length: 32, Loss: 0.3912
2026-03-15 01:47:42 | INFO | Episode 223/500 - Reward: 7.10, Length: 11, Loss: 1.9899
2026-03-15 01:47:42 | INFO | Episode 224/500 - Reward: 8.45, Length: 20, Loss: 1.5373
2026-03-15 01:47:42 | INFO | Episode 225/500 - Reward: 4.90, Length: 34, Loss: 0.8115
2026-03-15 01:47:43 | INFO | Episode 226/500 - Reward: 6.90, Length: 15, Loss: 1.6957
2026-03-15 01:47:43 | INFO | Episode 227/500 - Reward: 9.35, Length: 11, Loss: 1.9365
2026-03-15 01:47:44 | INFO | Episode 228/500 - Reward: -6.05, Length: 40, Loss: -0.3933
2026-03-15 01:47:44 | INFO | Episode 229/500 - Reward: 8.45, Length: 14, Loss: 1.4464
2026-03-15 01:47:45 | INFO | Episode 230/500 - Reward: 5.65, Length: 31, Loss: 0.9234
2026-03-15 01:47:45 | INFO | Episode 231/500 - Reward: 7.05, Length: 27, Loss: 1.0843
2026-03-15 01:47:46 | INFO | Episode 232/500 - Reward: 8.45, Length: 17, Loss: 1.6781
2026-03-15 01:47:46 | INFO | Episode 233/500 - Reward: 9.45, Length: 9, Loss: 1.8930
2026-03-15 01:47:47 | INFO | Episode 234/500 - Reward: -5.75, Length: 40, Loss: -0.4534
2026-03-15 01:47:47 | INFO | Episode 235/500 - Reward: 8.15, Length: 20, Loss: 1.4440
2026-03-15 01:47:47 | INFO | Episode 236/500 - Reward: -6.95, Length: 40, Loss: -0.3548
2026-03-15 01:47:48 | INFO | Episode 237/500 - Reward: 6.00, Length: 24, Loss: 1.2186
2026-03-15 01:47:48 | INFO | Episode 238/500 - Reward: 5.45, Length: 11, Loss: 2.1054
2026-03-15 01:47:49 | INFO | Episode 239/500 - Reward: -1.10, Length: 22, Loss: 0.5628
2026-03-15 01:47:49 | INFO | Episode 240/500 - Reward: 6.90, Length: 18, Loss: 1.6522
2026-03-15 01:47:50 | INFO | Episode 241/500 - Reward: -6.20, Length: 40, Loss: -0.3932
2026-03-15 01:47:50 | INFO | Episode 242/500 - Reward: 7.35, Length: 30, Loss: 1.0342
2026-03-15 01:47:51 | INFO | Episode 243/500 - Reward: 2.95, Length: 34, Loss: 0.7425
2026-03-15 01:47:51 | INFO | Episode 244/500 - Reward: 8.05, Length: 19, Loss: 1.4074
2026-03-15 01:47:51 | INFO | Episode 245/500 - Reward: 9.15, Length: 12, Loss: 1.8866
2026-03-15 01:47:52 | INFO | Episode 246/500 - Reward: 4.85, Length: 17, Loss: 1.6235
2026-03-15 01:47:52 | INFO | Episode 247/500 - Reward: 6.20, Length: 20, Loss: 1.6008
2026-03-15 01:47:53 | INFO | Episode 248/500 - Reward: 9.15, Length: 12, Loss: 1.9024
2026-03-15 01:47:53 | INFO | Episode 249/500 - Reward: 9.25, Length: 10, Loss: 1.7104
2026-03-15 01:47:54 | INFO | Episode 250/500 - Reward: 4.10, Length: 32, Loss: 0.7168
2026-03-15 01:47:54 | INFO | Episode 250/500 - Avg Reward: 4.20, Avg Length: 24.70, Avg Loss: 1.0247
2026-03-15 01:47:54 | INFO | Episode 251/500 - Reward: 8.05, Length: 22, Loss: 1.3121
2026-03-15 01:47:55 | INFO | Episode 252/500 - Reward: 6.65, Length: 32, Loss: 0.8034
2026-03-15 01:47:55 | INFO | Episode 253/500 - Reward: -6.65, Length: 40, Loss: -0.5028
2026-03-15 01:47:56 | INFO | Episode 254/500 - Reward: -3.60, Length: 39, Loss: -0.0085
2026-03-15 01:47:56 | INFO | Episode 255/500 - Reward: 3.35, Length: 29, Loss: 0.7370
2026-03-15 01:47:56 | INFO | Episode 256/500 - Reward: 8.15, Length: 23, Loss: 1.3087
2026-03-15 01:47:57 | INFO | Episode 257/500 - Reward: -5.90, Length: 40, Loss: -0.2939
2026-03-15 01:47:57 | INFO | Episode 258/500 - Reward: 6.45, Length: 27, Loss: 1.0996
2026-03-15 01:47:58 | INFO | Episode 259/500 - Reward: 8.05, Length: 19, Loss: 1.3206
2026-03-15 01:47:58 | INFO | Episode 260/500 - Reward: 6.50, Length: 17, Loss: 1.6673
2026-03-15 01:47:59 | INFO | Episode 261/500 - Reward: 0.40, Length: 37, Loss: 0.3019
2026-03-15 01:47:59 | INFO | Episode 262/500 - Reward: -5.60, Length: 40, Loss: -0.2083
2026-03-15 01:47:59 | INFO | Episode 263/500 - Reward: -5.30, Length: 40, Loss: -0.4225
2026-03-15 01:47:59 | INFO | Episode 264/500 - Reward: 6.70, Length: 16, Loss: 1.6022
2026-03-15 01:47:59 | INFO | Episode 265/500 - Reward: 8.55, Length: 18, Loss: 1.5570
2026-03-15 01:47:59 | INFO | Episode 266/500 - Reward: -6.05, Length: 40, Loss: -0.2291
2026-03-15 01:48:00 | INFO | Episode 267/500 - Reward: 7.20, Length: 12, Loss: 2.0250
2026-03-15 01:48:01 | INFO | Episode 268/500 - Reward: -8.45, Length: 40, Loss: -0.5356
2026-03-15 01:48:01 | INFO | Episode 269/500 - Reward: 6.20, Length: 17, Loss: 1.4899
2026-03-15 01:48:02 | INFO | Episode 270/500 - Reward: 8.45, Length: 14, Loss: 1.7224
2026-03-15 01:48:02 | INFO | Episode 271/500 - Reward: -5.75, Length: 40, Loss: -0.2283
2026-03-15 01:48:03 | INFO | Episode 272/500 - Reward: 8.95, Length: 13, Loss: 1.6261
2026-03-15 01:48:03 | INFO | Episode 273/500 - Reward: 8.25, Length: 18, Loss: 1.6611
2026-03-15 01:48:03 | INFO | Episode 274/500 - Reward: 8.45, Length: 14, Loss: 1.7068
2026-03-15 01:48:04 | INFO | Episode 275/500 - Reward: 4.85, Length: 17, Loss: 1.7874
2026-03-15 01:48:04 | INFO | Episode 276/500 - Reward: 6.80, Length: 17, Loss: 1.6847
2026-03-15 01:48:05 | INFO | Episode 277/500 - Reward: 4.85, Length: 14, Loss: 1.4802
2026-03-15 01:48:05 | INFO | Episode 278/500 - Reward: 9.25, Length: 10, Loss: 1.9104
2026-03-15 01:48:06 | INFO | Episode 279/500 - Reward: 2.85, Length: 27, Loss: 0.8411
2026-03-15 01:48:06 | INFO | Episode 280/500 - Reward: 9.25, Length: 10, Loss: 1.9057
2026-03-15 01:48:07 | INFO | Episode 281/500 - Reward: 9.45, Length: 9, Loss: 1.6489
2026-03-15 01:48:07 | INFO | Episode 282/500 - Reward: 9.65, Length: 8, Loss: 1.8010
2026-03-15 01:48:08 | INFO | Episode 283/500 - Reward: -9.20, Length: 40, Loss: -0.4653
2026-03-15 01:48:08 | INFO | Episode 284/500 - Reward: 8.75, Length: 14, Loss: 1.6722
2026-03-15 01:48:08 | INFO | Episode 285/500 - Reward: 6.10, Length: 22, Loss: 1.4203
2026-03-15 01:48:09 | INFO | Episode 286/500 - Reward: 6.80, Length: 14, Loss: 1.5839
2026-03-15 01:48:09 | INFO | Episode 287/500 - Reward: 7.70, Length: 8, Loss: 1.7894
2026-03-15 01:48:10 | INFO | Episode 288/500 - Reward: 9.05, Length: 14, Loss: 1.8241
2026-03-15 01:48:10 | INFO | Episode 289/500 - Reward: 8.65, Length: 16, Loss: 1.9414
2026-03-15 01:48:11 | INFO | Episode 290/500 - Reward: 4.90, Length: 34, Loss: 0.7669
2026-03-15 01:48:11 | INFO | Episode 291/500 - Reward: 6.70, Length: 16, Loss: 1.5915
2026-03-15 01:48:12 | INFO | Episode 292/500 - Reward: 8.05, Length: 19, Loss: 1.2683
2026-03-15 01:48:12 | INFO | Episode 293/500 - Reward: -6.20, Length: 40, Loss: -0.2517
2026-03-15 01:48:12 | INFO | Episode 294/500 - Reward: 8.95, Length: 13, Loss: 1.6189
2026-03-15 01:48:13 | INFO | Episode 295/500 - Reward: 6.35, Length: 35, Loss: 0.7290
2026-03-15 01:48:13 | INFO | Episode 296/500 - Reward: 9.45, Length: 12, Loss: 1.8385
2026-03-15 01:48:14 | INFO | Episode 297/500 - Reward: 7.70, Length: 8, Loss: 1.8412
2026-03-15 01:48:14 | INFO | Episode 298/500 - Reward: 8.65, Length: 13, Loss: 1.4803
2026-03-15 01:48:15 | INFO | Episode 299/500 - Reward: 4.85, Length: 14, Loss: 1.4309
2026-03-15 01:48:15 | INFO | Episode 300/500 - Reward: 3.90, Length: 39, Loss: 0.4043
2026-03-15 01:48:15 | INFO | Episode 300/500 - Avg Reward: 4.42, Avg Length: 22.60, Avg Loss: 1.1011
2026-03-15 01:48:16 | INFO | Episode 301/500 - Reward: -10.10, Length: 40, Loss: -0.2210
2026-03-15 01:48:16 | INFO | Episode 302/500 - Reward: -1.50, Length: 21, Loss: 0.8571
2026-03-15 01:48:17 | INFO | Episode 303/500 - Reward: 7.40, Length: 11, Loss: 1.8343
2026-03-15 01:48:17 | INFO | Episode 304/500 - Reward: 9.15, Length: 12, Loss: 1.6482
2026-03-15 01:48:17 | INFO | Episode 305/500 - Reward: 6.80, Length: 14, Loss: 1.3673
2026-03-15 01:48:18 | INFO | Episode 306/500 - Reward: -5.60, Length: 40, Loss: -0.2997
2026-03-15 01:48:18 | INFO | Episode 307/500 - Reward: 7.30, Length: 13, Loss: 1.9613
2026-03-15 01:48:19 | INFO | Episode 308/500 - Reward: 7.85, Length: 20, Loss: 1.2922
2026-03-15 01:48:19 | INFO | Episode 309/500 - Reward: 6.90, Length: 15, Loss: 1.6777
2026-03-15 01:48:20 | INFO | Episode 310/500 - Reward: 2.70, Length: 18, Loss: 1.3017
2026-03-15 01:48:20 | INFO | Episode 311/500 - Reward: -5.45, Length: 40, Loss: -0.4511
2026-03-15 01:48:21 | INFO | Episode 312/500 - Reward: 9.25, Length: 10, Loss: 1.5316
2026-03-15 01:48:21 | INFO | Episode 313/500 - Reward: 8.35, Length: 16, Loss: 1.4641
2026-03-15 01:48:21 | INFO | Episode 314/500 - Reward: 8.35, Length: 16, Loss: 1.4235
2026-03-15 01:48:22 | INFO | Episode 315/500 - Reward: -6.05, Length: 40, Loss: -0.4197
2026-03-15 01:48:22 | INFO | Episode 316/500 - Reward: 9.45, Length: 9, Loss: 1.4840
2026-03-15 01:48:23 | INFO | Episode 317/500 - Reward: 8.85, Length: 12, Loss: 1.6701
2026-03-15 01:48:23 | INFO | Episode 318/500 - Reward: 5.20, Length: 28, Loss: 0.9287
2026-03-15 01:48:24 | INFO | Episode 319/500 - Reward: 4.75, Length: 16, Loss: 1.5037
2026-03-15 01:48:24 | INFO | Episode 320/500 - Reward: 4.15, Length: 19, Loss: 1.3082
2026-03-15 01:48:25 | INFO | Episode 321/500 - Reward: 6.45, Length: 27, Loss: 0.9509
2026-03-15 01:48:25 | INFO | Episode 322/500 - Reward: -6.05, Length: 40, Loss: -0.2897
2026-03-15 01:48:25 | INFO | Episode 323/500 - Reward: 8.85, Length: 12, Loss: 1.8500
2026-03-15 01:48:26 | INFO | Episode 324/500 - Reward: -11.75, Length: 40, Loss: -0.4219
2026-03-15 01:48:26 | INFO | Episode 325/500 - Reward: 8.85, Length: 15, Loss: 1.5763
2026-03-15 01:48:27 | INFO | Episode 326/500 - Reward: 9.05, Length: 11, Loss: 1.3407
2026-03-15 01:48:27 | INFO | Episode 327/500 - Reward: 9.05, Length: 11, Loss: 1.5352
2026-03-15 01:48:28 | INFO | Episode 328/500 - Reward: -6.20, Length: 40, Loss: -0.3626
2026-03-15 01:48:28 | INFO | Episode 329/500 - Reward: 9.45, Length: 9, Loss: 1.5383
2026-03-15 01:48:29 | INFO | Episode 330/500 - Reward: 5.70, Length: 24, Loss: 1.3068
2026-03-15 01:48:29 | INFO | Episode 331/500 - Reward: 7.30, Length: 10, Loss: 1.6645
2026-03-15 01:48:30 | INFO | Episode 332/500 - Reward: -4.70, Length: 40, Loss: -0.4362
2026-03-15 01:48:30 | INFO | Episode 333/500 - Reward: 9.15, Length: 12, Loss: 1.6822
2026-03-15 01:48:31 | INFO | Episode 334/500 - Reward: -6.20, Length: 40, Loss: -0.2473
2026-03-15 01:48:30 | INFO | Episode 335/500 - Reward: 8.35, Length: 16, Loss: 1.9812
2026-03-15 01:48:30 | INFO | Episode 336/500 - Reward: 2.50, Length: 40, Loss: 0.4237
2026-03-15 01:48:31 | INFO | Episode 337/500 - Reward: 9.05, Length: 11, Loss: 2.1040
2026-03-15 01:48:31 | INFO | Episode 338/500 - Reward: 9.15, Length: 12, Loss: 1.6278
2026-03-15 01:48:31 | INFO | Episode 339/500 - Reward: 1.80, Length: 24, Loss: 0.9987
2026-03-15 01:48:32 | INFO | Episode 340/500 - Reward: 9.35, Length: 14, Loss: 1.9263
2026-03-15 01:48:32 | INFO | Episode 341/500 - Reward: 9.05, Length: 14, Loss: 1.8399
2026-03-15 01:48:33 | INFO | Episode 342/500 - Reward: 9.45, Length: 9, Loss: 1.8287
2026-03-15 01:48:33 | INFO | Episode 343/500 - Reward: 9.25, Length: 10, Loss: 1.8305
2026-03-15 01:48:34 | INFO | Episode 344/500 - Reward: 8.65, Length: 13, Loss: 1.4203
2026-03-15 01:48:34 | INFO | Episode 345/500 - Reward: 8.65, Length: 13, Loss: 1.7237
2026-03-15 01:48:35 | INFO | Episode 346/500 - Reward: 5.00, Length: 23, Loss: 1.0546
2026-03-15 01:48:35 | INFO | Episode 347/500 - Reward: 8.55, Length: 18, Loss: 1.5130
2026-03-15 01:48:36 | INFO | Episode 348/500 - Reward: 9.45, Length: 9, Loss: 1.5163
2026-03-15 01:48:36 | INFO | Episode 349/500 - Reward: -5.75, Length: 40, Loss: -0.3741
2026-03-15 01:48:36 | INFO | Episode 350/500 - Reward: 9.55, Length: 10, Loss: 1.8059
2026-03-15 01:48:37 | INFO | Episode 350/500 - Avg Reward: 4.57, Avg Length: 20.34, Avg Loss: 1.1354
2026-03-15 01:48:37 | INFO | Episode 351/500 - Reward: 7.40, Length: 11, Loss: 2.1340
2026-03-15 01:48:37 | INFO | Episode 352/500 - Reward: 9.05, Length: 11, Loss: 1.3159
2026-03-15 01:48:38 | INFO | Episode 353/500 - Reward: 8.85, Length: 12, Loss: 1.3176
2026-03-15 01:48:38 | INFO | Episode 354/500 - Reward: 9.25, Length: 10, Loss: 1.3885
2026-03-15 01:48:39 | INFO | Episode 355/500 - Reward: 9.25, Length: 10, Loss: 1.3490
2026-03-15 01:48:39 | INFO | Episode 356/500 - Reward: 8.75, Length: 14, Loss: 1.5419
2026-03-15 01:48:40 | INFO | Episode 357/500 - Reward: 8.75, Length: 14, Loss: 1.5277
2026-03-15 01:48:40 | INFO | Episode 358/500 - Reward: 9.65, Length: 8, Loss: 1.5110
2026-03-15 01:48:41 | INFO | Episode 359/500 - Reward: 8.65, Length: 13, Loss: 1.2615
2026-03-15 01:48:41 | INFO | Episode 360/500 - Reward: 7.25, Length: 32, Loss: 1.0706
2026-03-15 01:48:42 | INFO | Episode 361/500 - Reward: 8.15, Length: 17, Loss: 1.3306
2026-03-15 01:48:42 | INFO | Episode 362/500 - Reward: 6.70, Length: 16, Loss: 1.8605
2026-03-15 01:48:42 | INFO | Episode 363/500 - Reward: 8.45, Length: 17, Loss: 1.4986
2026-03-15 01:48:43 | INFO | Episode 364/500 - Reward: -6.65, Length: 40, Loss: -0.4390
2026-03-15 01:48:43 | INFO | Episode 365/500 - Reward: -6.95, Length: 40, Loss: -0.3808
2026-03-15 01:48:44 | INFO | Episode 366/500 - Reward: 8.35, Length: 16, Loss: 1.2858
2026-03-15 01:48:44 | INFO | Episode 367/500 - Reward: 6.40, Length: 16, Loss: 1.2025
2026-03-15 01:48:45 | INFO | Episode 368/500 - Reward: -5.15, Length: 40, Loss: -0.4989
2026-03-15 01:48:45 | INFO | Episode 369/500 - Reward: 9.25, Length: 10, Loss: 1.2353
2026-03-15 01:48:46 | INFO | Episode 370/500 - Reward: 9.25, Length: 10, Loss: 1.6855
2026-03-15 01:48:46 | INFO | Episode 371/500 - Reward: 9.05, Length: 11, Loss: 1.4517
2026-03-15 01:48:47 | INFO | Episode 372/500 - Reward: -7.10, Length: 40, Loss: -0.2172
2026-03-15 01:48:47 | INFO | Episode 373/500 - Reward: 9.45, Length: 9, Loss: 1.4993
2026-03-15 01:48:47 | INFO | Episode 374/500 - Reward: -6.65, Length: 40, Loss: -0.5241
2026-03-15 01:48:48 | INFO | Episode 375/500 - Reward: 8.95, Length: 13, Loss: 1.6101
2026-03-15 01:48:48 | INFO | Episode 376/500 - Reward: 9.15, Length: 12, Loss: 1.5396
2026-03-15 01:48:49 | INFO | Episode 377/500 - Reward: 9.65, Length: 8, Loss: 1.2629
2026-03-15 01:48:49 | INFO | Episode 378/500 - Reward: 8.15, Length: 17, Loss: 1.1372
2026-03-15 01:48:50 | INFO | Episode 379/500 - Reward: 9.45, Length: 9, Loss: 1.7752
2026-03-15 01:48:50 | INFO | Episode 380/500 - Reward: 7.00, Length: 16, Loss: 1.6974
2026-03-15 01:48:51 | INFO | Episode 381/500 - Reward: 9.05, Length: 11, Loss: 1.2275
2026-03-15 01:48:51 | INFO | Episode 382/500 - Reward: -6.65, Length: 40, Loss: -0.3665
2026-03-15 01:48:52 | INFO | Episode 383/500 - Reward: 7.10, Length: 14, Loss: 1.6636
2026-03-15 01:48:52 | INFO | Episode 384/500 - Reward: -6.95, Length: 40, Loss: -0.3207
2026-03-15 01:48:52 | INFO | Episode 385/500 - Reward: 9.25, Length: 10, Loss: 1.4120
2026-03-15 01:48:53 | INFO | Episode 386/500 - Reward: 9.05, Length: 11, Loss: 1.2669
2026-03-15 01:48:53 | INFO | Episode 387/500 - Reward: -6.95, Length: 40, Loss: -0.2800
2026-03-15 01:48:54 | INFO | Episode 388/500 - Reward: 8.25, Length: 15, Loss: 1.2136
2026-03-15 01:48:54 | INFO | Episode 389/500 - Reward: 8.05, Length: 16, Loss: 1.0510
2026-03-15 01:48:55 | INFO | Episode 390/500 - Reward: -6.20, Length: 40, Loss: -0.2897
2026-03-15 01:48:55 | INFO | Episode 391/500 - Reward: -6.80, Length: 40, Loss: 0.0144
2026-03-15 01:48:56 | INFO | Episode 392/500 - Reward: 7.60, Length: 10, Loss: 1.8151
2026-03-15 01:48:56 | INFO | Episode 393/500 - Reward: 4.65, Length: 15, Loss: 1.6669
2026-03-15 01:48:57 | INFO | Episode 394/500 - Reward: 9.05, Length: 11, Loss: 1.4297
2026-03-15 01:48:57 | INFO | Episode 395/500 - Reward: 6.90, Length: 15, Loss: 1.6479
2026-03-15 01:48:58 | INFO | Episode 396/500 - Reward: 9.25, Length: 10, Loss: 1.3080
2026-03-15 01:48:58 | INFO | Episode 397/500 - Reward: 7.00, Length: 16, Loss: 1.7830
2026-03-15 01:48:58 | INFO | Episode 398/500 - Reward: 8.55, Length: 15, Loss: 1.2216
2026-03-15 01:48:59 | INFO | Episode 399/500 - Reward: 9.25, Length: 10, Loss: 1.6348
2026-03-15 01:48:59 | INFO | Episode 400/500 - Reward: 9.45, Length: 9, Loss: 1.6738
2026-03-15 01:48:59 | INFO | Episode 400/500 - Avg Reward: 5.41, Avg Length: 18.40, Avg Loss: 1.1041
2026-03-15 01:49:00 | INFO | Episode 401/500 - Reward: 9.15, Length: 12, Loss: 1.5804
2026-03-15 01:49:00 | INFO | Episode 402/500 - Reward: 9.55, Length: 10, Loss: 1.5636
2026-03-15 01:49:01 | INFO | Episode 403/500 - Reward: 6.20, Length: 17, Loss: 1.4911
2026-03-15 01:49:01 | INFO | Episode 404/500 - Reward: 7.40, Length: 11, Loss: 1.6587
2026-03-15 01:49:00 | INFO | Episode 405/500 - Reward: 8.55, Length: 15, Loss: 1.2808
2026-03-15 01:49:01 | INFO | Episode 406/500 - Reward: 8.65, Length: 13, Loss: 1.1627
2026-03-15 01:49:01 | INFO | Episode 407/500 - Reward: 8.95, Length: 13, Loss: 1.3667
2026-03-15 01:49:02 | INFO | Episode 408/500 - Reward: 9.25, Length: 10, Loss: 1.4783
2026-03-15 01:49:02 | INFO | Episode 409/500 - Reward: 9.15, Length: 12, Loss: 1.4348
2026-03-15 01:49:03 | INFO | Episode 410/500 - Reward: 8.05, Length: 16, Loss: 1.4371
2026-03-15 01:49:03 | INFO | Episode 411/500 - Reward: 8.95, Length: 13, Loss: 1.3214
2026-03-15 01:49:04 | INFO | Episode 412/500 - Reward: 6.10, Length: 22, Loss: 1.4424
2026-03-15 01:49:04 | INFO | Episode 413/500 - Reward: 9.25, Length: 13, Loss: 1.8148
2026-03-15 01:49:04 | INFO | Episode 414/500 - Reward: 8.85, Length: 12, Loss: 1.1260
2026-03-15 01:49:05 | INFO | Episode 415/500 - Reward: 6.00, Length: 18, Loss: 1.3767
2026-03-15 01:49:05 | INFO | Episode 416/500 - Reward: 8.85, Length: 12, Loss: 1.2858
2026-03-15 01:49:06 | INFO | Episode 417/500 - Reward: 8.55, Length: 15, Loss: 1.6195
2026-03-15 01:49:06 | INFO | Episode 418/500 - Reward: 8.15, Length: 20, Loss: 1.2758
2026-03-15 01:49:07 | INFO | Episode 419/500 - Reward: 9.45, Length: 9, Loss: 1.1993
2026-03-15 01:49:07 | INFO | Episode 420/500 - Reward: 9.45, Length: 9, Loss: 1.8389
2026-03-15 01:49:08 | INFO | Episode 421/500 - Reward: 9.45, Length: 9, Loss: 1.4599
2026-03-15 01:49:08 | INFO | Episode 422/500 - Reward: 9.55, Length: 10, Loss: 1.6798
2026-03-15 01:49:09 | INFO | Episode 423/500 - Reward: 8.85, Length: 12, Loss: 1.2427
2026-03-15 01:49:09 | INFO | Episode 424/500 - Reward: 8.45, Length: 20, Loss: 1.2665
2026-03-15 01:49:10 | INFO | Episode 425/500 - Reward: -5.45, Length: 40, Loss: -0.5278
2026-03-15 01:49:10 | INFO | Episode 426/500 - Reward: 8.15, Length: 20, Loss: 1.3191
2026-03-15 01:49:10 | INFO | Episode 427/500 - Reward: 0.80, Length: 26, Loss: 0.4145
2026-03-15 01:49:11 | INFO | Episode 428/500 - Reward: 8.85, Length: 15, Loss: 1.5024
2026-03-15 01:49:11 | INFO | Episode 429/500 - Reward: 9.65, Length: 8, Loss: 1.2172
2026-03-15 01:49:12 | INFO | Episode 430/500 - Reward: 9.05, Length: 11, Loss: 1.9912
2026-03-15 01:49:12 | INFO | Episode 431/500 - Reward: -5.00, Length: 40, Loss: -0.4678
2026-03-15 01:49:13 | INFO | Episode 432/500 - Reward: 9.15, Length: 12, Loss: 1.4768
2026-03-15 01:49:13 | INFO | Episode 433/500 - Reward: 7.30, Length: 10, Loss: 1.7355
2026-03-15 01:49:14 | INFO | Episode 434/500 - Reward: 6.60, Length: 18, Loss: 1.6199
2026-03-15 01:49:14 | INFO | Episode 435/500 - Reward: 5.25, Length: 12, Loss: 1.4999
2026-03-15 01:49:15 | INFO | Episode 436/500 - Reward: 9.25, Length: 10, Loss: 1.3958
2026-03-15 01:49:15 | INFO | Episode 437/500 - Reward: 8.05, Length: 16, Loss: 1.1717
2026-03-15 01:49:16 | INFO | Episode 438/500 - Reward: 9.45, Length: 9, Loss: 1.8656
2026-03-15 01:49:16 | INFO | Episode 439/500 - Reward: 9.45, Length: 9, Loss: 1.1945
2026-03-15 01:49:17 | INFO | Episode 440/500 - Reward: 4.45, Length: 19, Loss: 1.1816
2026-03-15 01:49:17 | INFO | Episode 441/500 - Reward: 9.25, Length: 10, Loss: 1.7831
2026-03-15 01:49:18 | INFO | Episode 442/500 - Reward: 9.45, Length: 9, Loss: 1.5980
2026-03-15 01:49:18 | INFO | Episode 443/500 - Reward: 9.15, Length: 12, Loss: 1.7226
2026-03-15 01:49:18 | INFO | Episode 444/500 - Reward: 7.30, Length: 10, Loss: 1.5877
2026-03-15 01:49:19 | INFO | Episode 445/500 - Reward: -0.65, Length: 25, Loss: 0.5163
2026-03-15 01:49:19 | INFO | Episode 446/500 - Reward: 9.55, Length: 10, Loss: 1.3920
2026-03-15 01:49:20 | INFO | Episode 447/500 - Reward: 9.05, Length: 11, Loss: 1.5125
2026-03-15 01:49:20 | INFO | Episode 448/500 - Reward: 9.45, Length: 9, Loss: 1.0494
2026-03-15 01:49:21 | INFO | Episode 449/500 - Reward: 7.30, Length: 10, Loss: 1.5655
2026-03-15 01:49:21 | INFO | Episode 450/500 - Reward: 9.45, Length: 9, Loss: 1.5775
2026-03-15 01:49:21 | INFO | Episode 450/500 - Avg Reward: 7.58, Avg Length: 14.26, Avg Loss: 1.3460
2026-03-15 01:49:22 | INFO | Episode 451/500 - Reward: 9.65, Length: 8, Loss: 1.2407
2026-03-15 01:49:22 | INFO | Episode 452/500 - Reward: 9.05, Length: 11, Loss: 1.6431
2026-03-15 01:49:23 | INFO | Episode 453/500 - Reward: 8.25, Length: 18, Loss: 1.3629
2026-03-15 01:49:23 | INFO | Episode 454/500 - Reward: 8.65, Length: 13, Loss: 1.4292
2026-03-15 01:49:23 | INFO | Episode 455/500 - Reward: 8.85, Length: 15, Loss: 1.5136
2026-03-15 01:49:24 | INFO | Episode 456/500 - Reward: 9.25, Length: 10, Loss: 1.2214
2026-03-15 01:49:25 | INFO | Episode 457/500 - Reward: 9.45, Length: 9, Loss: 1.8250
2026-03-15 01:49:25 | INFO | Episode 458/500 - Reward: 7.85, Length: 20, Loss: 1.4290
2026-03-15 01:49:26 | INFO | Episode 459/500 - Reward: 7.50, Length: 9, Loss: 1.5858
2026-03-15 01:49:26 | INFO | Episode 460/500 - Reward: 8.65, Length: 13, Loss: 1.3251
2026-03-15 01:49:27 | INFO | Episode 461/500 - Reward: 8.85, Length: 12, Loss: 1.1340
2026-03-15 01:49:27 | INFO | Episode 462/500 - Reward: 9.25, Length: 13, Loss: 1.7387
2026-03-15 01:49:28 | INFO | Episode 463/500 - Reward: 5.80, Length: 19, Loss: 0.9278
2026-03-15 01:49:28 | INFO | Episode 464/500 - Reward: 7.30, Length: 13, Loss: 1.8485
2026-03-15 01:49:29 | INFO | Episode 465/500 - Reward: 6.30, Length: 18, Loss: 1.1047
2026-03-15 01:49:29 | INFO | Episode 466/500 - Reward: 8.35, Length: 16, Loss: 1.3493
2026-03-15 01:49:30 | INFO | Episode 467/500 - Reward: 8.45, Length: 17, Loss: 1.9269
2026-03-15 01:49:30 | INFO | Episode 468/500 - Reward: 9.45, Length: 9, Loss: 1.3839
2026-03-15 01:49:31 | INFO | Episode 469/500 - Reward: 9.45, Length: 9, Loss: 1.2523
2026-03-15 01:49:31 | INFO | Episode 470/500 - Reward: 9.45, Length: 9, Loss: 1.0757
2026-03-15 01:49:32 | INFO | Episode 471/500 - Reward: 9.05, Length: 11, Loss: 1.2148
2026-03-15 01:49:32 | INFO | Episode 472/500 - Reward: 8.55, Length: 15, Loss: 1.5991
2026-03-15 01:49:32 | INFO | Episode 473/500 - Reward: -6.95, Length: 40, Loss: -0.2919
2026-03-15 01:49:32 | INFO | Episode 474/500 - Reward: 8.95, Length: 13, Loss: 1.5193
2026-03-15 01:49:32 | INFO | Episode 475/500 - Reward: 9.45, Length: 9, Loss: 1.9149
2026-03-15 01:49:32 | INFO | Episode 476/500 - Reward: -6.65, Length: 40, Loss: -0.2959
2026-03-15 01:49:33 | INFO | Episode 477/500 - Reward: 9.05, Length: 14, Loss: 1.8639
2026-03-15 01:49:33 | INFO | Episode 478/500 - Reward: -9.05, Length: 40, Loss: -0.1824
2026-03-15 01:49:34 | INFO | Episode 479/500 - Reward: 4.60, Length: 25, Loss: 0.4394
2026-03-15 01:49:34 | INFO | Episode 480/500 - Reward: 9.15, Length: 12, Loss: 1.8008
2026-03-15 01:49:35 | INFO | Episode 481/500 - Reward: 9.65, Length: 8, Loss: 0.9621
2026-03-15 01:49:35 | INFO | Episode 482/500 - Reward: 7.15, Length: 22, Loss: 0.9828
2026-03-15 01:49:36 | INFO | Episode 483/500 - Reward: 9.15, Length: 12, Loss: 1.3738
2026-03-15 01:49:36 | INFO | Episode 484/500 - Reward: 9.05, Length: 11, Loss: 1.5137
2026-03-15 01:49:37 | INFO | Episode 485/500 - Reward: 9.45, Length: 9, Loss: 1.2409
2026-03-15 01:49:37 | INFO | Episode 486/500 - Reward: -6.35, Length: 40, Loss: -0.2695
2026-03-15 01:49:37 | INFO | Episode 487/500 - Reward: 7.40, Length: 11, Loss: 1.8103
2026-03-15 01:49:38 | INFO | Episode 488/500 - Reward: 9.45, Length: 9, Loss: 1.1533
2026-03-15 01:49:38 | INFO | Episode 489/500 - Reward: 9.65, Length: 8, Loss: 1.0752
2026-03-15 01:49:39 | INFO | Episode 490/500 - Reward: 5.00, Length: 29, Loss: 1.0213
2026-03-15 01:49:39 | INFO | Episode 491/500 - Reward: 9.65, Length: 8, Loss: 0.9163
2026-03-15 01:49:40 | INFO | Episode 492/500 - Reward: -0.65, Length: 25, Loss: 0.4414
2026-03-15 01:49:40 | INFO | Episode 493/500 - Reward: 9.45, Length: 9, Loss: 1.6933
2026-03-15 01:49:41 | INFO | Episode 494/500 - Reward: 9.45, Length: 9, Loss: 1.0162
2026-03-15 01:49:41 | INFO | Episode 495/500 - Reward: -6.65, Length: 40, Loss: -0.5046
2026-03-15 01:49:42 | INFO | Episode 496/500 - Reward: 9.45, Length: 9, Loss: 1.6809
2026-03-15 01:49:42 | INFO | Episode 497/500 - Reward: 5.65, Length: 31, Loss: 0.7687
2026-03-15 01:49:43 | INFO | Episode 498/500 - Reward: -6.35, Length: 40, Loss: -0.2486
2026-03-15 01:49:43 | INFO | Episode 499/500 - Reward: 9.45, Length: 12, Loss: 1.5319
2026-03-15 01:49:44 | INFO | Episode 500/500 - Reward: 9.15, Length: 12, Loss: 1.5076
2026-03-15 01:49:44 | INFO | Episode 500/500 - Avg Reward: 6.48, Avg Length: 16.68, Avg Loss: 1.1513
