2026-03-15 01:28:29 | INFO | JAX DEVICES: [CudaDevice(id=0)]
2026-03-15 01:28:29 | INFO | Starting training of REINFORCE agent with seed=1, num_episodes=500, max_steps=50
2026-03-15 01:28:29 | INFO | Environment parameters: EnvParams(grid_rows=5, grid_cols=5, max_steps=40, start_row=4, start_col=0, goal_row=0, goal_col=4, trap_row=1, trap_col=3, step_penalty=-0.05, trap_penalty=-2.0, invalid_penalty=-0.2, goal_reward=10.0)
2026-03-15 01:28:32 | INFO | Episode 1/500 - Reward: -3.80, Length: 40, Loss: -0.4983
2026-03-15 01:28:33 | INFO | Episode 2/500 - Reward: -4.70, Length: 40, Loss: -0.5114
2026-03-15 01:28:33 | INFO | Episode 3/500 - Reward: -4.85, Length: 40, Loss: -0.5610
2026-03-15 01:28:34 | INFO | Episode 4/500 - Reward: -5.15, Length: 40, Loss: -0.5496
2026-03-15 01:28:34 | INFO | Episode 5/500 - Reward: -3.65, Length: 40, Loss: -0.4959
2026-03-15 01:28:34 | INFO | Episode 6/500 - Reward: -4.55, Length: 40, Loss: -0.4919
2026-03-15 01:28:35 | INFO | Episode 7/500 - Reward: -3.50, Length: 40, Loss: -0.5388
2026-03-15 01:28:35 | INFO | Episode 8/500 - Reward: 8.15, Length: 26, Loss: 1.0951
2026-03-15 01:28:36 | INFO | Episode 9/500 - Reward: -6.50, Length: 40, Loss: -0.6185
2026-03-15 01:28:36 | INFO | Episode 10/500 - Reward: -4.55, Length: 40, Loss: -0.5457
2026-03-15 01:28:36 | INFO | Episode 11/500 - Reward: -3.80, Length: 40, Loss: -0.5298
2026-03-15 01:28:37 | INFO | Episode 12/500 - Reward: -10.40, Length: 40, Loss: -0.5620
2026-03-15 01:28:37 | INFO | Episode 13/500 - Reward: -5.15, Length: 40, Loss: -0.5682
2026-03-15 01:28:38 | INFO | Episode 14/500 - Reward: -4.70, Length: 40, Loss: -0.5495
2026-03-15 01:28:38 | INFO | Episode 15/500 - Reward: -4.10, Length: 40, Loss: -0.5129
2026-03-15 01:28:38 | INFO | Episode 16/500 - Reward: 1.80, Length: 30, Loss: 0.3897
2026-03-15 01:28:39 | INFO | Episode 17/500 - Reward: -3.80, Length: 40, Loss: -0.5005
2026-03-15 01:28:39 | INFO | Episode 18/500 - Reward: -5.00, Length: 40, Loss: -0.5510
2026-03-15 01:28:40 | INFO | Episode 19/500 - Reward: -5.45, Length: 40, Loss: -0.5297
2026-03-15 01:28:40 | INFO | Episode 20/500 - Reward: -4.10, Length: 40, Loss: -0.4957
2026-03-15 01:28:41 | INFO | Episode 21/500 - Reward: -9.80, Length: 40, Loss: -0.4101
2026-03-15 01:28:41 | INFO | Episode 22/500 - Reward: -3.65, Length: 40, Loss: -0.4482
2026-03-15 01:28:41 | INFO | Episode 23/500 - Reward: -4.55, Length: 40, Loss: -0.5355
2026-03-15 01:28:42 | INFO | Episode 24/500 - Reward: -5.00, Length: 40, Loss: -0.5260
2026-03-15 01:28:42 | INFO | Episode 25/500 - Reward: -5.75, Length: 40, Loss: -0.5893
2026-03-15 01:28:43 | INFO | Episode 26/500 - Reward: -15.50, Length: 40, Loss: -0.4214
2026-03-15 01:28:43 | INFO | Episode 27/500 - Reward: -4.85, Length: 40, Loss: -0.4701
2026-03-15 01:28:44 | INFO | Episode 28/500 - Reward: -4.40, Length: 40, Loss: -0.5086
2026-03-15 01:28:44 | INFO | Episode 29/500 - Reward: -4.70, Length: 40, Loss: -0.5303
2026-03-15 01:28:44 | INFO | Episode 30/500 - Reward: -12.95, Length: 40, Loss: -0.4187
2026-03-15 01:28:45 | INFO | Episode 31/500 - Reward: -4.85, Length: 40, Loss: -0.5005
2026-03-15 01:28:45 | INFO | Episode 32/500 - Reward: -5.90, Length: 40, Loss: -0.5832
2026-03-15 01:28:46 | INFO | Episode 33/500 - Reward: 4.15, Length: 19, Loss: 1.3573
2026-03-15 01:28:46 | INFO | Episode 34/500 - Reward: 3.15, Length: 30, Loss: 0.5158
2026-03-15 01:28:46 | INFO | Episode 35/500 - Reward: -3.50, Length: 40, Loss: -0.5076
2026-03-15 01:28:47 | INFO | Episode 36/500 - Reward: -5.45, Length: 40, Loss: -0.4618
2026-03-15 01:28:47 | INFO | Episode 37/500 - Reward: -5.30, Length: 40, Loss: -0.5391
2026-03-15 01:28:48 | INFO | Episode 38/500 - Reward: -5.90, Length: 40, Loss: -0.3849
2026-03-15 01:28:48 | INFO | Episode 39/500 - Reward: -19.25, Length: 40, Loss: -0.4848
2026-03-15 01:28:48 | INFO | Episode 40/500 - Reward: -3.50, Length: 40, Loss: -0.5160
2026-03-15 01:28:49 | INFO | Episode 41/500 - Reward: -4.70, Length: 40, Loss: -0.5139
2026-03-15 01:28:49 | INFO | Episode 42/500 - Reward: -3.35, Length: 40, Loss: -0.4157
2026-03-15 01:28:50 | INFO | Episode 43/500 - Reward: -4.55, Length: 40, Loss: -0.5188
2026-03-15 01:28:50 | INFO | Episode 44/500 - Reward: -4.85, Length: 40, Loss: -0.4781
2026-03-15 01:28:50 | INFO | Episode 45/500 - Reward: -5.15, Length: 40, Loss: -0.5563
2026-03-15 01:28:51 | INFO | Episode 46/500 - Reward: -1.55, Length: 37, Loss: 0.0510
2026-03-15 01:28:51 | INFO | Episode 47/500 - Reward: -4.55, Length: 40, Loss: -0.4896
2026-03-15 01:28:52 | INFO | Episode 48/500 - Reward: -4.25, Length: 40, Loss: -0.4987
2026-03-15 01:28:52 | INFO | Episode 49/500 - Reward: -4.85, Length: 40, Loss: -0.5250
2026-03-15 01:28:53 | INFO | Episode 50/500 - Reward: -4.10, Length: 40, Loss: -0.4621
2026-03-15 01:28:53 | INFO | Episode 50/500 - Avg Reward: -4.74, Avg Length: 38.84, Avg Loss: -0.3899
2026-03-15 01:28:53 | INFO | Episode 51/500 - Reward: -5.15, Length: 40, Loss: -0.4998
2026-03-15 01:28:54 | INFO | Episode 52/500 - Reward: -3.95, Length: 40, Loss: -0.5582
2026-03-15 01:28:54 | INFO | Episode 53/500 - Reward: -5.15, Length: 40, Loss: -0.5918
2026-03-15 01:28:54 | INFO | Episode 54/500 - Reward: -9.35, Length: 40, Loss: -0.3891
2026-03-15 01:28:55 | INFO | Episode 55/500 - Reward: -4.85, Length: 40, Loss: -0.5184
2026-03-15 01:28:55 | INFO | Episode 56/500 - Reward: -3.20, Length: 40, Loss: -0.4885
2026-03-15 01:28:56 | INFO | Episode 57/500 - Reward: -3.95, Length: 40, Loss: -0.5493
2026-03-15 01:28:56 | INFO | Episode 58/500 - Reward: 4.70, Length: 32, Loss: 0.6173
2026-03-15 01:28:56 | INFO | Episode 59/500 - Reward: -3.95, Length: 40, Loss: -0.4958
2026-03-15 01:28:56 | INFO | Episode 60/500 - Reward: 8.25, Length: 21, Loss: 1.4989
2026-03-15 01:28:56 | INFO | Episode 61/500 - Reward: -4.10, Length: 40, Loss: -0.5894
2026-03-15 01:28:56 | INFO | Episode 62/500 - Reward: -7.10, Length: 40, Loss: -0.4494
2026-03-15 01:28:57 | INFO | Episode 63/500 - Reward: -4.10, Length: 40, Loss: -0.5581
2026-03-15 01:28:57 | INFO | Episode 64/500 - Reward: -3.65, Length: 40, Loss: -0.4869
2026-03-15 01:28:58 | INFO | Episode 65/500 - Reward: -4.25, Length: 40, Loss: -0.4892
2026-03-15 01:28:58 | INFO | Episode 66/500 - Reward: -5.15, Length: 40, Loss: -0.5522
2026-03-15 01:28:58 | INFO | Episode 67/500 - Reward: -6.35, Length: 40, Loss: -0.5969
2026-03-15 01:28:59 | INFO | Episode 68/500 - Reward: 1.70, Length: 32, Loss: 0.3735
2026-03-15 01:28:59 | INFO | Episode 69/500 - Reward: -5.60, Length: 40, Loss: -0.5007
2026-03-15 01:29:00 | INFO | Episode 70/500 - Reward: -4.25, Length: 40, Loss: -0.4949
2026-03-15 01:29:00 | INFO | Episode 71/500 - Reward: -4.40, Length: 40, Loss: -0.4736
2026-03-15 01:29:00 | INFO | Episode 72/500 - Reward: -8.15, Length: 40, Loss: -0.4087
2026-03-15 01:29:01 | INFO | Episode 73/500 - Reward: -6.20, Length: 40, Loss: -0.4885
2026-03-15 01:29:01 | INFO | Episode 74/500 - Reward: 6.85, Length: 37, Loss: 0.4405
2026-03-15 01:29:02 | INFO | Episode 75/500 - Reward: -5.45, Length: 40, Loss: -0.5202
2026-03-15 01:29:02 | INFO | Episode 76/500 - Reward: -3.35, Length: 40, Loss: -0.4118
2026-03-15 01:29:03 | INFO | Episode 77/500 - Reward: -11.15, Length: 40, Loss: -0.3742
2026-03-15 01:29:03 | INFO | Episode 78/500 - Reward: -11.00, Length: 40, Loss: -0.3331
2026-03-15 01:29:03 | INFO | Episode 79/500 - Reward: -8.00, Length: 40, Loss: -0.3680
2026-03-15 01:29:04 | INFO | Episode 80/500 - Reward: -3.80, Length: 40, Loss: -0.4560
2026-03-15 01:29:04 | INFO | Episode 81/500 - Reward: 8.85, Length: 15, Loss: 2.0152
2026-03-15 01:29:05 | INFO | Episode 82/500 - Reward: -5.60, Length: 40, Loss: -0.4663
2026-03-15 01:29:05 | INFO | Episode 83/500 - Reward: -5.45, Length: 40, Loss: -0.5253
2026-03-15 01:29:05 | INFO | Episode 84/500 - Reward: -4.40, Length: 40, Loss: -0.4699
2026-03-15 01:29:06 | INFO | Episode 85/500 - Reward: -5.00, Length: 40, Loss: -0.4932
2026-03-15 01:29:06 | INFO | Episode 86/500 - Reward: -4.40, Length: 40, Loss: -0.4995
2026-03-15 01:29:07 | INFO | Episode 87/500 - Reward: 4.15, Length: 25, Loss: 0.8745
2026-03-15 01:29:07 | INFO | Episode 88/500 - Reward: 7.65, Length: 30, Loss: 0.8157
2026-03-15 01:29:08 | INFO | Episode 89/500 - Reward: -0.30, Length: 39, Loss: 0.0490
2026-03-15 01:29:08 | INFO | Episode 90/500 - Reward: -7.55, Length: 40, Loss: -0.4112
2026-03-15 01:29:08 | INFO | Episode 91/500 - Reward: -6.05, Length: 40, Loss: -0.4606
2026-03-15 01:29:09 | INFO | Episode 92/500 - Reward: -5.45, Length: 40, Loss: -0.4742
2026-03-15 01:29:09 | INFO | Episode 93/500 - Reward: -4.40, Length: 40, Loss: -0.5694
2026-03-15 01:29:10 | INFO | Episode 94/500 - Reward: -5.75, Length: 40, Loss: -0.4842
2026-03-15 01:29:10 | INFO | Episode 95/500 - Reward: -4.25, Length: 40, Loss: -0.4715
2026-03-15 01:29:10 | INFO | Episode 96/500 - Reward: 5.90, Length: 23, Loss: 1.0737
2026-03-15 01:29:11 | INFO | Episode 97/500 - Reward: 4.00, Length: 34, Loss: 0.4236
2026-03-15 01:29:11 | INFO | Episode 98/500 - Reward: -4.85, Length: 40, Loss: -0.5076
2026-03-15 01:29:12 | INFO | Episode 99/500 - Reward: -3.65, Length: 40, Loss: -0.4467
2026-03-15 01:29:12 | INFO | Episode 100/500 - Reward: -4.40, Length: 40, Loss: -0.4255
2026-03-15 01:29:12 | INFO | Episode 100/500 - Avg Reward: -3.30, Avg Length: 37.76, Avg Loss: -0.2233
2026-03-15 01:29:12 | INFO | Episode 101/500 - Reward: -4.85, Length: 40, Loss: -0.5286
2026-03-15 01:29:13 | INFO | Episode 102/500 - Reward: -3.80, Length: 40, Loss: -0.4201
2026-03-15 01:29:13 | INFO | Episode 103/500 - Reward: -4.70, Length: 40, Loss: -0.4038
2026-03-15 01:29:14 | INFO | Episode 104/500 - Reward: -4.25, Length: 40, Loss: -0.5139
2026-03-15 01:29:14 | INFO | Episode 105/500 - Reward: -3.50, Length: 40, Loss: -0.4676
2026-03-15 01:29:15 | INFO | Episode 106/500 - Reward: -4.85, Length: 40, Loss: -0.3836
2026-03-15 01:29:15 | INFO | Episode 107/500 - Reward: -5.45, Length: 40, Loss: -0.5161
2026-03-15 01:29:15 | INFO | Episode 108/500 - Reward: 3.05, Length: 38, Loss: 0.3009
2026-03-15 01:29:16 | INFO | Episode 109/500 - Reward: -6.50, Length: 40, Loss: -0.4212
2026-03-15 01:29:16 | INFO | Episode 110/500 - Reward: -6.50, Length: 40, Loss: -0.6356
2026-03-15 01:29:17 | INFO | Episode 111/500 - Reward: 3.85, Length: 31, Loss: 0.5407
2026-03-15 01:29:17 | INFO | Episode 112/500 - Reward: -4.55, Length: 40, Loss: -0.4948
2026-03-15 01:29:18 | INFO | Episode 113/500 - Reward: -4.10, Length: 40, Loss: -0.4549
2026-03-15 01:29:18 | INFO | Episode 114/500 - Reward: -6.05, Length: 40, Loss: -0.5508
2026-03-15 01:29:18 | INFO | Episode 115/500 - Reward: 0.80, Length: 35, Loss: 0.1464
2026-03-15 01:29:19 | INFO | Episode 116/500 - Reward: 9.35, Length: 11, Loss: 2.3516
2026-03-15 01:29:19 | INFO | Episode 117/500 - Reward: 2.05, Length: 40, Loss: 0.1562
2026-03-15 01:29:20 | INFO | Episode 118/500 - Reward: 6.60, Length: 15, Loss: 1.7925
2026-03-15 01:29:20 | INFO | Episode 119/500 - Reward: 6.00, Length: 24, Loss: 1.0811
2026-03-15 01:29:20 | INFO | Episode 120/500 - Reward: 3.25, Length: 34, Loss: 0.3860
2026-03-15 01:29:21 | INFO | Episode 121/500 - Reward: 7.75, Length: 25, Loss: 1.0981
2026-03-15 01:29:21 | INFO | Episode 122/500 - Reward: -3.95, Length: 40, Loss: -0.4990
2026-03-15 01:29:22 | INFO | Episode 123/500 - Reward: -5.60, Length: 40, Loss: -0.4989
2026-03-15 01:29:22 | INFO | Episode 124/500 - Reward: -5.15, Length: 40, Loss: -0.5411
2026-03-15 01:29:22 | INFO | Episode 125/500 - Reward: -4.70, Length: 40, Loss: -0.5125
2026-03-15 01:29:23 | INFO | Episode 126/500 - Reward: 4.00, Length: 31, Loss: 0.4233
2026-03-15 01:29:23 | INFO | Episode 127/500 - Reward: 6.35, Length: 38, Loss: 0.3820
2026-03-15 01:29:24 | INFO | Episode 128/500 - Reward: -4.10, Length: 40, Loss: -0.4831
2026-03-15 01:29:24 | INFO | Episode 129/500 - Reward: -4.85, Length: 40, Loss: -0.4943
2026-03-15 01:29:25 | INFO | Episode 130/500 - Reward: -3.65, Length: 40, Loss: -0.4506
2026-03-15 01:29:25 | INFO | Episode 131/500 - Reward: -6.95, Length: 40, Loss: -0.5179
2026-03-15 01:29:25 | INFO | Episode 132/500 - Reward: -4.25, Length: 40, Loss: -0.4043
2026-03-15 01:29:26 | INFO | Episode 133/500 - Reward: -3.80, Length: 40, Loss: -0.4657
2026-03-15 01:29:26 | INFO | Episode 134/500 - Reward: -3.50, Length: 40, Loss: -0.4607
2026-03-15 01:29:27 | INFO | Episode 135/500 - Reward: -5.00, Length: 40, Loss: -0.4942
2026-03-15 01:29:27 | INFO | Episode 136/500 - Reward: 2.60, Length: 26, Loss: 0.5982
2026-03-15 01:29:27 | INFO | Episode 137/500 - Reward: 4.80, Length: 36, Loss: 0.4037
2026-03-15 01:29:26 | INFO | Episode 138/500 - Reward: 5.40, Length: 30, Loss: 0.6244
2026-03-15 01:29:27 | INFO | Episode 139/500 - Reward: 8.55, Length: 18, Loss: 1.5512
2026-03-15 01:29:27 | INFO | Episode 140/500 - Reward: -4.40, Length: 40, Loss: -0.4724
2026-03-15 01:29:28 | INFO | Episode 141/500 - Reward: -4.40, Length: 40, Loss: -0.4889
2026-03-15 01:29:28 | INFO | Episode 142/500 - Reward: 4.50, Length: 33, Loss: 0.4125
2026-03-15 01:29:29 | INFO | Episode 143/500 - Reward: -6.65, Length: 40, Loss: -0.5627
2026-03-15 01:29:29 | INFO | Episode 144/500 - Reward: 1.60, Length: 28, Loss: 0.4953
2026-03-15 01:29:29 | INFO | Episode 145/500 - Reward: -6.65, Length: 40, Loss: -0.4550
2026-03-15 01:29:30 | INFO | Episode 146/500 - Reward: 4.25, Length: 26, Loss: 0.7287
2026-03-15 01:29:30 | INFO | Episode 147/500 - Reward: -6.05, Length: 40, Loss: -0.4684
2026-03-15 01:29:31 | INFO | Episode 148/500 - Reward: 8.05, Length: 28, Loss: 0.9067
2026-03-15 01:29:31 | INFO | Episode 149/500 - Reward: -4.55, Length: 40, Loss: -0.5582
2026-03-15 01:29:31 | INFO | Episode 150/500 - Reward: 7.95, Length: 27, Loss: 0.9812
2026-03-15 01:29:31 | INFO | Episode 150/500 - Avg Reward: -0.93, Avg Length: 35.48, Avg Loss: 0.0148
2026-03-15 01:29:32 | INFO | Episode 151/500 - Reward: -11.15, Length: 40, Loss: -0.3125
2026-03-15 01:29:32 | INFO | Episode 152/500 - Reward: -4.85, Length: 40, Loss: -0.4935
2026-03-15 01:29:33 | INFO | Episode 153/500 - Reward: 6.45, Length: 36, Loss: 0.4029
2026-03-15 01:29:33 | INFO | Episode 154/500 - Reward: -6.05, Length: 40, Loss: -0.4533
2026-03-15 01:29:34 | INFO | Episode 155/500 - Reward: 0.40, Length: 34, Loss: 0.1496
2026-03-15 01:29:34 | INFO | Episode 156/500 - Reward: -4.55, Length: 40, Loss: -0.6252
2026-03-15 01:29:34 | INFO | Episode 157/500 - Reward: -5.75, Length: 40, Loss: -0.4884
2026-03-15 01:29:35 | INFO | Episode 158/500 - Reward: 6.75, Length: 30, Loss: 0.7343
2026-03-15 01:29:35 | INFO | Episode 159/500 - Reward: 7.45, Length: 25, Loss: 1.0850
2026-03-15 01:29:36 | INFO | Episode 160/500 - Reward: -4.55, Length: 40, Loss: -0.5148
2026-03-15 01:29:36 | INFO | Episode 161/500 - Reward: 5.70, Length: 27, Loss: 0.8690
2026-03-15 01:29:36 | INFO | Episode 162/500 - Reward: -4.10, Length: 40, Loss: -0.5197
2026-03-15 01:29:37 | INFO | Episode 163/500 - Reward: 8.15, Length: 17, Loss: 1.5841
2026-03-15 01:29:37 | INFO | Episode 164/500 - Reward: -5.45, Length: 40, Loss: -0.5140
2026-03-15 01:29:38 | INFO | Episode 165/500 - Reward: 5.85, Length: 39, Loss: 0.2511
2026-03-15 01:29:38 | INFO | Episode 166/500 - Reward: -7.70, Length: 40, Loss: -0.2704
2026-03-15 01:29:39 | INFO | Episode 167/500 - Reward: 6.95, Length: 32, Loss: 0.6608
2026-03-15 01:29:39 | INFO | Episode 168/500 - Reward: 3.65, Length: 29, Loss: 0.5684
2026-03-15 01:29:39 | INFO | Episode 169/500 - Reward: 9.25, Length: 10, Loss: 2.2241
2026-03-15 01:29:40 | INFO | Episode 170/500 - Reward: -6.35, Length: 40, Loss: -0.4306
2026-03-15 01:29:40 | INFO | Episode 171/500 - Reward: -5.15, Length: 40, Loss: -0.5613
2026-03-15 01:29:41 | INFO | Episode 172/500 - Reward: -4.40, Length: 40, Loss: -0.5242
2026-03-15 01:29:41 | INFO | Episode 173/500 - Reward: -5.00, Length: 40, Loss: -0.4535
2026-03-15 01:29:41 | INFO | Episode 174/500 - Reward: 2.85, Length: 36, Loss: 0.2656
2026-03-15 01:29:42 | INFO | Episode 175/500 - Reward: -5.00, Length: 40, Loss: -0.5057
2026-03-15 01:29:42 | INFO | Episode 176/500 - Reward: -5.15, Length: 40, Loss: -0.4581
2026-03-15 01:29:43 | INFO | Episode 177/500 - Reward: 6.45, Length: 27, Loss: 0.7356
2026-03-15 01:29:43 | INFO | Episode 178/500 - Reward: -6.65, Length: 40, Loss: -0.4556
2026-03-15 01:29:44 | INFO | Episode 179/500 - Reward: 5.50, Length: 37, Loss: 0.3917
2026-03-15 01:29:44 | INFO | Episode 180/500 - Reward: -4.70, Length: 40, Loss: -0.5859
2026-03-15 01:29:44 | INFO | Episode 181/500 - Reward: 5.70, Length: 33, Loss: 0.5511
2026-03-15 01:29:45 | INFO | Episode 182/500 - Reward: 1.60, Length: 34, Loss: 0.3160
2026-03-15 01:29:45 | INFO | Episode 183/500 - Reward: -5.30, Length: 40, Loss: -0.3745
2026-03-15 01:29:46 | INFO | Episode 184/500 - Reward: 5.40, Length: 27, Loss: 0.7586
2026-03-15 01:29:46 | INFO | Episode 185/500 - Reward: 6.15, Length: 39, Loss: 0.2769
2026-03-15 01:29:46 | INFO | Episode 186/500 - Reward: -6.50, Length: 40, Loss: -0.4880
2026-03-15 01:29:47 | INFO | Episode 187/500 - Reward: 3.05, Length: 32, Loss: 0.3804
2026-03-15 01:29:47 | INFO | Episode 188/500 - Reward: -5.60, Length: 40, Loss: -0.5328
2026-03-15 01:29:48 | INFO | Episode 189/500 - Reward: 4.15, Length: 25, Loss: 0.7226
2026-03-15 01:29:48 | INFO | Episode 190/500 - Reward: -3.80, Length: 40, Loss: -0.4403
2026-03-15 01:29:48 | INFO | Episode 191/500 - Reward: -5.15, Length: 40, Loss: -0.4484
2026-03-15 01:29:49 | INFO | Episode 192/500 - Reward: -5.30, Length: 40, Loss: -0.4698
2026-03-15 01:29:49 | INFO | Episode 193/500 - Reward: 8.45, Length: 20, Loss: 1.3102
2026-03-15 01:29:50 | INFO | Episode 194/500 - Reward: -6.05, Length: 40, Loss: -0.5807
2026-03-15 01:29:50 | INFO | Episode 195/500 - Reward: 5.70, Length: 24, Loss: 0.9852
2026-03-15 01:29:51 | INFO | Episode 196/500 - Reward: 8.45, Length: 17, Loss: 1.4949
2026-03-15 01:29:51 | INFO | Episode 197/500 - Reward: 6.10, Length: 22, Loss: 1.0844
2026-03-15 01:29:51 | INFO | Episode 198/500 - Reward: 2.90, Length: 17, Loss: 1.1966
2026-03-15 01:29:52 | INFO | Episode 199/500 - Reward: -5.60, Length: 40, Loss: -0.4388
2026-03-15 01:29:52 | INFO | Episode 200/500 - Reward: 9.25, Length: 10, Loss: 2.0122
2026-03-15 01:29:52 | INFO | Episode 200/500 - Avg Reward: 0.05, Avg Length: 33.58, Avg Loss: 0.1814
2026-03-15 01:29:53 | INFO | Episode 201/500 - Reward: -7.70, Length: 40, Loss: -0.5566
2026-03-15 01:29:53 | INFO | Episode 202/500 - Reward: 4.25, Length: 23, Loss: 0.9361
2026-03-15 01:29:54 | INFO | Episode 203/500 - Reward: 3.45, Length: 27, Loss: 0.6365
2026-03-15 01:29:54 | INFO | Episode 204/500 - Reward: 6.40, Length: 22, Loss: 1.1829
2026-03-15 01:29:54 | INFO | Episode 205/500 - Reward: -5.75, Length: 40, Loss: -0.4358
2026-03-15 01:29:55 | INFO | Episode 206/500 - Reward: -8.60, Length: 40, Loss: -0.2904
2026-03-15 01:29:55 | INFO | Episode 207/500 - Reward: 7.85, Length: 23, Loss: 1.0854
2026-03-15 01:29:56 | INFO | Episode 208/500 - Reward: 5.00, Length: 29, Loss: 0.5668
2026-03-15 01:29:56 | INFO | Episode 209/500 - Reward: 8.85, Length: 18, Loss: 1.5038
2026-03-15 01:29:56 | INFO | Episode 210/500 - Reward: 8.05, Length: 19, Loss: 1.3628
2026-03-15 01:29:57 | INFO | Episode 211/500 - Reward: -3.95, Length: 40, Loss: -0.4542
2026-03-15 01:29:57 | INFO | Episode 212/500 - Reward: 9.05, Length: 14, Loss: 1.7721
2026-03-15 01:29:58 | INFO | Episode 213/500 - Reward: 8.55, Length: 15, Loss: 1.5691
2026-03-15 01:29:58 | INFO | Episode 214/500 - Reward: 6.10, Length: 19, Loss: 1.1551
2026-03-15 01:29:59 | INFO | Episode 215/500 - Reward: -5.60, Length: 40, Loss: -0.5527
2026-03-15 01:29:58 | INFO | Episode 216/500 - Reward: 8.25, Length: 18, Loss: 1.4632
2026-03-15 01:29:58 | INFO | Episode 217/500 - Reward: -5.75, Length: 40, Loss: -0.4214
2026-03-15 01:29:58 | INFO | Episode 218/500 - Reward: -4.10, Length: 40, Loss: -0.4416
2026-03-15 01:29:59 | INFO | Episode 219/500 - Reward: -5.90, Length: 40, Loss: -0.4679
2026-03-15 01:29:59 | INFO | Episode 220/500 - Reward: -5.15, Length: 40, Loss: -0.5113
2026-03-15 01:30:00 | INFO | Episode 221/500 - Reward: 6.40, Length: 19, Loss: 1.2559
2026-03-15 01:30:00 | INFO | Episode 222/500 - Reward: 7.50, Length: 9, Loss: 1.9470
2026-03-15 01:30:00 | INFO | Episode 223/500 - Reward: 8.25, Length: 15, Loss: 1.3673
2026-03-15 01:30:01 | INFO | Episode 224/500 - Reward: 8.45, Length: 20, Loss: 1.4175
2026-03-15 01:30:01 | INFO | Episode 225/500 - Reward: 4.90, Length: 34, Loss: 0.5229
2026-03-15 01:30:02 | INFO | Episode 226/500 - Reward: 6.60, Length: 15, Loss: 1.5918
2026-03-15 01:30:02 | INFO | Episode 227/500 - Reward: 7.00, Length: 13, Loss: 1.5691
2026-03-15 01:30:03 | INFO | Episode 228/500 - Reward: -6.05, Length: 40, Loss: -0.4509
2026-03-15 01:30:03 | INFO | Episode 229/500 - Reward: -6.05, Length: 40, Loss: -0.3941
2026-03-15 01:30:03 | INFO | Episode 230/500 - Reward: -7.55, Length: 40, Loss: -0.5940
2026-03-15 01:30:04 | INFO | Episode 231/500 - Reward: 6.95, Length: 26, Loss: 0.8390
2026-03-15 01:30:04 | INFO | Episode 232/500 - Reward: -6.05, Length: 40, Loss: -0.5335
2026-03-15 01:30:05 | INFO | Episode 233/500 - Reward: 6.95, Length: 26, Loss: 0.7880
2026-03-15 01:30:05 | INFO | Episode 234/500 - Reward: -5.15, Length: 40, Loss: -0.4236
2026-03-15 01:30:05 | INFO | Episode 235/500 - Reward: 6.40, Length: 19, Loss: 1.2931
2026-03-15 01:30:06 | INFO | Episode 236/500 - Reward: -6.95, Length: 40, Loss: -0.4991
2026-03-15 01:30:06 | INFO | Episode 237/500 - Reward: 1.90, Length: 25, Loss: 0.5470
2026-03-15 01:30:07 | INFO | Episode 238/500 - Reward: 5.45, Length: 11, Loss: 1.9749
2026-03-15 01:30:07 | INFO | Episode 239/500 - Reward: -1.80, Length: 27, Loss: 0.0655
2026-03-15 01:30:07 | INFO | Episode 240/500 - Reward: 5.90, Length: 20, Loss: 1.1605
2026-03-15 01:30:08 | INFO | Episode 241/500 - Reward: -5.90, Length: 40, Loss: -0.4752
2026-03-15 01:30:08 | INFO | Episode 242/500 - Reward: -5.45, Length: 40, Loss: -0.4051
2026-03-15 01:30:09 | INFO | Episode 243/500 - Reward: 2.25, Length: 39, Loss: 0.0965
2026-03-15 01:30:09 | INFO | Episode 244/500 - Reward: 8.05, Length: 19, Loss: 1.3272
2026-03-15 01:30:10 | INFO | Episode 245/500 - Reward: -6.35, Length: 40, Loss: -0.5178
2026-03-15 01:30:10 | INFO | Episode 246/500 - Reward: 2.20, Length: 22, Loss: 0.6002
2026-03-15 01:30:10 | INFO | Episode 247/500 - Reward: 6.20, Length: 20, Loss: 1.3297
2026-03-15 01:30:11 | INFO | Episode 248/500 - Reward: 4.55, Length: 20, Loss: 1.0699
2026-03-15 01:30:11 | INFO | Episode 249/500 - Reward: 9.45, Length: 9, Loss: 2.0149
2026-03-15 01:30:12 | INFO | Episode 250/500 - Reward: 6.60, Length: 18, Loss: 1.3542
2026-03-15 01:30:12 | INFO | Episode 250/500 - Avg Reward: 1.76, Avg Length: 27.46, Avg Loss: 0.5788
2026-03-15 01:30:12 | INFO | Episode 251/500 - Reward: 8.75, Length: 17, Loss: 1.5105
2026-03-15 01:30:13 | INFO | Episode 252/500 - Reward: 7.35, Length: 27, Loss: 0.8266
2026-03-15 01:30:13 | INFO | Episode 253/500 - Reward: -6.20, Length: 40, Loss: -0.4508
2026-03-15 01:30:14 | INFO | Episode 254/500 - Reward: 3.45, Length: 27, Loss: 0.5903
2026-03-15 01:30:14 | INFO | Episode 255/500 - Reward: -4.40, Length: 40, Loss: -0.4328
2026-03-15 01:30:14 | INFO | Episode 256/500 - Reward: -5.45, Length: 40, Loss: -0.4839
2026-03-15 01:30:15 | INFO | Episode 257/500 - Reward: -6.35, Length: 40, Loss: -0.3179
2026-03-15 01:30:15 | INFO | Episode 258/500 - Reward: 6.25, Length: 28, Loss: 0.7334
2026-03-15 01:30:16 | INFO | Episode 259/500 - Reward: 8.45, Length: 17, Loss: 1.3269
2026-03-15 01:30:16 | INFO | Episode 260/500 - Reward: 6.50, Length: 17, Loss: 1.5569
2026-03-15 01:30:16 | INFO | Episode 261/500 - Reward: 6.70, Length: 16, Loss: 1.7996
2026-03-15 01:30:17 | INFO | Episode 262/500 - Reward: 9.25, Length: 13, Loss: 1.6910
2026-03-15 01:30:17 | INFO | Episode 263/500 - Reward: 6.05, Length: 32, Loss: 0.5462
2026-03-15 01:30:18 | INFO | Episode 264/500 - Reward: 6.70, Length: 16, Loss: 1.3269
2026-03-15 01:30:18 | INFO | Episode 265/500 - Reward: -6.65, Length: 40, Loss: -0.5742
2026-03-15 01:30:19 | INFO | Episode 266/500 - Reward: -5.75, Length: 40, Loss: -0.2775
2026-03-15 01:30:19 | INFO | Episode 267/500 - Reward: 7.95, Length: 18, Loss: 1.2793
2026-03-15 01:30:19 | INFO | Episode 268/500 - Reward: -5.75, Length: 40, Loss: -0.4337
2026-03-15 01:30:20 | INFO | Episode 269/500 - Reward: 9.05, Length: 11, Loss: 1.9061
2026-03-15 01:30:20 | INFO | Episode 270/500 - Reward: -5.90, Length: 40, Loss: -0.3840
2026-03-15 01:30:21 | INFO | Episode 271/500 - Reward: -5.75, Length: 40, Loss: -0.3364
2026-03-15 01:30:21 | INFO | Episode 272/500 - Reward: 3.85, Length: 19, Loss: 0.8373
2026-03-15 01:30:21 | INFO | Episode 273/500 - Reward: 7.75, Length: 19, Loss: 1.2243
2026-03-15 01:30:22 | INFO | Episode 274/500 - Reward: 8.45, Length: 14, Loss: 1.5949
2026-03-15 01:30:22 | INFO | Episode 275/500 - Reward: 4.55, Length: 17, Loss: 1.4634
2026-03-15 01:30:23 | INFO | Episode 276/500 - Reward: 8.75, Length: 17, Loss: 1.4642
2026-03-15 01:30:23 | INFO | Episode 277/500 - Reward: 7.50, Length: 9, Loss: 1.8807
2026-03-15 01:30:24 | INFO | Episode 278/500 - Reward: 6.30, Length: 15, Loss: 1.1962
2026-03-15 01:30:24 | INFO | Episode 279/500 - Reward: 3.15, Length: 27, Loss: 0.4742
2026-03-15 01:30:24 | INFO | Episode 280/500 - Reward: 9.25, Length: 10, Loss: 1.8754
2026-03-15 01:30:25 | INFO | Episode 281/500 - Reward: 5.40, Length: 27, Loss: 0.8194
2026-03-15 01:30:25 | INFO | Episode 282/500 - Reward: 9.35, Length: 11, Loss: 1.7753
2026-03-15 01:30:26 | INFO | Episode 283/500 - Reward: 3.00, Length: 39, Loss: 0.2307
2026-03-15 01:30:26 | INFO | Episode 284/500 - Reward: 8.75, Length: 14, Loss: 1.4923
2026-03-15 01:30:26 | INFO | Episode 285/500 - Reward: 7.25, Length: 26, Loss: 1.0055
2026-03-15 01:30:27 | INFO | Episode 286/500 - Reward: -6.05, Length: 40, Loss: -0.4784
2026-03-15 01:30:27 | INFO | Episode 287/500 - Reward: 4.80, Length: 30, Loss: 0.5141
2026-03-15 01:30:28 | INFO | Episode 288/500 - Reward: 7.00, Length: 13, Loss: 1.7514
2026-03-15 01:30:28 | INFO | Episode 289/500 - Reward: 8.65, Length: 16, Loss: 1.7243
2026-03-15 01:30:28 | INFO | Episode 290/500 - Reward: 9.05, Length: 14, Loss: 1.7087
2026-03-15 01:30:29 | INFO | Episode 291/500 - Reward: 6.70, Length: 16, Loss: 1.5023
2026-03-15 01:30:29 | INFO | Episode 292/500 - Reward: 8.05, Length: 19, Loss: 1.1724
2026-03-15 01:30:28 | INFO | Episode 293/500 - Reward: -6.20, Length: 40, Loss: -0.3155
2026-03-15 01:30:29 | INFO | Episode 294/500 - Reward: 8.95, Length: 13, Loss: 1.6338
2026-03-15 01:30:29 | INFO | Episode 295/500 - Reward: 4.85, Length: 17, Loss: 1.2601
2026-03-15 01:30:30 | INFO | Episode 296/500 - Reward: 6.90, Length: 15, Loss: 1.4057
2026-03-15 01:30:30 | INFO | Episode 297/500 - Reward: 7.70, Length: 8, Loss: 1.8359
2026-03-15 01:30:30 | INFO | Episode 298/500 - Reward: 8.65, Length: 13, Loss: 1.2999
2026-03-15 01:30:31 | INFO | Episode 299/500 - Reward: 5.10, Length: 24, Loss: 0.7805
2026-03-15 01:30:31 | INFO | Episode 300/500 - Reward: 0.00, Length: 39, Loss: -0.0386
2026-03-15 01:30:31 | INFO | Episode 300/500 - Avg Reward: 4.03, Avg Length: 23.60, Avg Loss: 0.8899
2026-03-15 01:30:32 | INFO | Episode 301/500 - Reward: -6.35, Length: 40, Loss: -0.5176
2026-03-15 01:30:32 | INFO | Episode 302/500 - Reward: -1.50, Length: 21, Loss: 0.5468
2026-03-15 01:30:33 | INFO | Episode 303/500 - Reward: 7.40, Length: 11, Loss: 1.7919
2026-03-15 01:30:33 | INFO | Episode 304/500 - Reward: 9.15, Length: 12, Loss: 1.5483
2026-03-15 01:30:33 | INFO | Episode 305/500 - Reward: -4.85, Length: 40, Loss: -0.4174
2026-03-15 01:30:34 | INFO | Episode 306/500 - Reward: -5.30, Length: 40, Loss: -0.3637
2026-03-15 01:30:34 | INFO | Episode 307/500 - Reward: 7.30, Length: 13, Loss: 1.8845
2026-03-15 01:30:35 | INFO | Episode 308/500 - Reward: 7.85, Length: 20, Loss: 1.1830
2026-03-15 01:30:35 | INFO | Episode 309/500 - Reward: 8.55, Length: 15, Loss: 1.3920
2026-03-15 01:30:36 | INFO | Episode 310/500 - Reward: 3.20, Length: 14, Loss: 1.1823
2026-03-15 01:30:36 | INFO | Episode 311/500 - Reward: -4.55, Length: 40, Loss: -0.4612
2026-03-15 01:30:36 | INFO | Episode 312/500 - Reward: 9.25, Length: 10, Loss: 1.5795
2026-03-15 01:30:37 | INFO | Episode 313/500 - Reward: 6.75, Length: 27, Loss: 0.8416
2026-03-15 01:30:37 | INFO | Episode 314/500 - Reward: 8.75, Length: 14, Loss: 2.0593
2026-03-15 01:30:38 | INFO | Episode 315/500 - Reward: -6.65, Length: 40, Loss: -0.4764
2026-03-15 01:30:38 | INFO | Episode 316/500 - Reward: 9.45, Length: 9, Loss: 1.5590
2026-03-15 01:30:38 | INFO | Episode 317/500 - Reward: 9.25, Length: 10, Loss: 1.8742
2026-03-15 01:30:39 | INFO | Episode 318/500 - Reward: -5.00, Length: 40, Loss: -0.5394
2026-03-15 01:30:39 | INFO | Episode 319/500 - Reward: 3.85, Length: 22, Loss: 0.7678
2026-03-15 01:30:40 | INFO | Episode 320/500 - Reward: 4.15, Length: 19, Loss: 1.0492
2026-03-15 01:30:40 | INFO | Episode 321/500 - Reward: 6.45, Length: 27, Loss: 0.6321
2026-03-15 01:30:41 | INFO | Episode 322/500 - Reward: -6.05, Length: 40, Loss: -0.4239
2026-03-15 01:30:41 | INFO | Episode 323/500 - Reward: 8.85, Length: 12, Loss: 1.6627
2026-03-15 01:30:41 | INFO | Episode 324/500 - Reward: 2.55, Length: 33, Loss: 0.1366
2026-03-15 01:30:42 | INFO | Episode 325/500 - Reward: -6.05, Length: 40, Loss: -0.4501
2026-03-15 01:30:42 | INFO | Episode 326/500 - Reward: 8.55, Length: 15, Loss: 1.2675
2026-03-15 01:30:43 | INFO | Episode 327/500 - Reward: 9.25, Length: 10, Loss: 1.8801
2026-03-15 01:30:43 | INFO | Episode 328/500 - Reward: -5.00, Length: 40, Loss: -0.5571
2026-03-15 01:30:44 | INFO | Episode 329/500 - Reward: 9.45, Length: 9, Loss: 1.6138
2026-03-15 01:30:44 | INFO | Episode 330/500 - Reward: 2.55, Length: 33, Loss: 0.3380
2026-03-15 01:30:44 | INFO | Episode 331/500 - Reward: 7.70, Length: 8, Loss: 1.6487
2026-03-15 01:30:45 | INFO | Episode 332/500 - Reward: -4.70, Length: 40, Loss: -0.5193
2026-03-15 01:30:45 | INFO | Episode 333/500 - Reward: 4.65, Length: 18, Loss: 1.1477
2026-03-15 01:30:46 | INFO | Episode 334/500 - Reward: 5.60, Length: 23, Loss: 0.8590
2026-03-15 01:30:46 | INFO | Episode 335/500 - Reward: 8.35, Length: 16, Loss: 1.8245
2026-03-15 01:30:46 | INFO | Episode 336/500 - Reward: 2.80, Length: 40, Loss: 0.2120
2026-03-15 01:30:47 | INFO | Episode 337/500 - Reward: 9.05, Length: 11, Loss: 1.6938
2026-03-15 01:30:47 | INFO | Episode 338/500 - Reward: 9.05, Length: 11, Loss: 1.4376
2026-03-15 01:30:48 | INFO | Episode 339/500 - Reward: 5.85, Length: 36, Loss: 0.3958
2026-03-15 01:30:48 | INFO | Episode 340/500 - Reward: 9.35, Length: 14, Loss: 1.8054
2026-03-15 01:30:49 | INFO | Episode 341/500 - Reward: -5.15, Length: 40, Loss: -0.5403
2026-03-15 01:30:49 | INFO | Episode 342/500 - Reward: 6.90, Length: 12, Loss: 1.5053
2026-03-15 01:30:49 | INFO | Episode 343/500 - Reward: 9.05, Length: 11, Loss: 1.7022
2026-03-15 01:30:50 | INFO | Episode 344/500 - Reward: 8.65, Length: 13, Loss: 1.3334
2026-03-15 01:30:50 | INFO | Episode 345/500 - Reward: 8.65, Length: 13, Loss: 1.7302
2026-03-15 01:30:51 | INFO | Episode 346/500 - Reward: 3.25, Length: 22, Loss: 0.4729
2026-03-15 01:30:51 | INFO | Episode 347/500 - Reward: 4.15, Length: 22, Loss: 0.8638
2026-03-15 01:30:52 | INFO | Episode 348/500 - Reward: 9.25, Length: 10, Loss: 1.4187
2026-03-15 01:30:52 | INFO | Episode 349/500 - Reward: -6.35, Length: 40, Loss: -0.3485
2026-03-15 01:30:52 | INFO | Episode 350/500 - Reward: 5.45, Length: 11, Loss: 1.5678
2026-03-15 01:30:52 | INFO | Episode 350/500 - Avg Reward: 3.86, Avg Length: 22.54, Avg Loss: 0.8559
2026-03-15 01:30:53 | INFO | Episode 351/500 - Reward: 7.40, Length: 11, Loss: 2.0788
2026-03-15 01:30:53 | INFO | Episode 352/500 - Reward: 9.05, Length: 11, Loss: 1.3063
2026-03-15 01:30:54 | INFO | Episode 353/500 - Reward: 8.85, Length: 12, Loss: 1.3321
2026-03-15 01:30:54 | INFO | Episode 354/500 - Reward: 9.25, Length: 10, Loss: 1.4332
2026-03-15 01:30:55 | INFO | Episode 355/500 - Reward: 9.25, Length: 10, Loss: 1.3839
2026-03-15 01:30:55 | INFO | Episode 356/500 - Reward: 8.05, Length: 19, Loss: 1.2597
2026-03-15 01:30:55 | INFO | Episode 357/500 - Reward: 8.75, Length: 14, Loss: 1.5270
2026-03-15 01:30:56 | INFO | Episode 358/500 - Reward: 9.65, Length: 8, Loss: 1.5368
2026-03-15 01:30:56 | INFO | Episode 359/500 - Reward: 8.65, Length: 13, Loss: 1.2013
2026-03-15 01:30:57 | INFO | Episode 360/500 - Reward: 7.25, Length: 32, Loss: 0.8103
2026-03-15 01:30:57 | INFO | Episode 361/500 - Reward: 7.95, Length: 18, Loss: 0.9625
2026-03-15 01:30:58 | INFO | Episode 362/500 - Reward: 6.70, Length: 16, Loss: 1.7531
2026-03-15 01:30:58 | INFO | Episode 363/500 - Reward: 8.75, Length: 14, Loss: 1.5376
2026-03-15 01:30:58 | INFO | Episode 364/500 - Reward: -6.65, Length: 40, Loss: -0.4171
2026-03-15 01:30:59 | INFO | Episode 365/500 - Reward: -7.55, Length: 40, Loss: -0.4441
2026-03-15 01:30:59 | INFO | Episode 366/500 - Reward: 8.35, Length: 16, Loss: 1.2174
2026-03-15 01:31:00 | INFO | Episode 367/500 - Reward: 6.70, Length: 16, Loss: 1.4070
2026-03-15 01:31:00 | INFO | Episode 368/500 - Reward: -5.15, Length: 40, Loss: -0.5604
2026-03-15 01:30:59 | INFO | Episode 369/500 - Reward: 9.25, Length: 10, Loss: 1.2871
2026-03-15 01:31:00 | INFO | Episode 370/500 - Reward: 9.25, Length: 10, Loss: 1.6149
2026-03-15 01:31:00 | INFO | Episode 371/500 - Reward: 9.05, Length: 11, Loss: 1.4069
2026-03-15 01:31:00 | INFO | Episode 372/500 - Reward: -7.10, Length: 40, Loss: -0.2836
2026-03-15 01:31:01 | INFO | Episode 373/500 - Reward: 7.50, Length: 9, Loss: 1.5486
2026-03-15 01:31:01 | INFO | Episode 374/500 - Reward: 3.20, Length: 38, Loss: 0.1856
2026-03-15 01:31:02 | INFO | Episode 375/500 - Reward: 8.95, Length: 13, Loss: 1.5524
2026-03-15 01:31:02 | INFO | Episode 376/500 - Reward: 8.35, Length: 16, Loss: 1.2805
2026-03-15 01:31:02 | INFO | Episode 377/500 - Reward: 5.00, Length: 23, Loss: 0.5850
2026-03-15 01:31:03 | INFO | Episode 378/500 - Reward: 8.55, Length: 15, Loss: 1.3065
2026-03-15 01:31:03 | INFO | Episode 379/500 - Reward: 9.25, Length: 10, Loss: 1.7431
2026-03-15 01:31:04 | INFO | Episode 380/500 - Reward: 5.45, Length: 11, Loss: 1.6648
2026-03-15 01:31:04 | INFO | Episode 381/500 - Reward: 9.05, Length: 11, Loss: 1.5818
2026-03-15 01:31:05 | INFO | Episode 382/500 - Reward: -6.05, Length: 40, Loss: -0.3060
2026-03-15 01:31:05 | INFO | Episode 383/500 - Reward: 7.10, Length: 14, Loss: 1.6411
2026-03-15 01:31:05 | INFO | Episode 384/500 - Reward: -6.95, Length: 40, Loss: -0.3913
2026-03-15 01:31:06 | INFO | Episode 385/500 - Reward: 9.25, Length: 10, Loss: 1.3807
2026-03-15 01:31:06 | INFO | Episode 386/500 - Reward: 9.05, Length: 11, Loss: 1.3120
2026-03-15 01:31:07 | INFO | Episode 387/500 - Reward: -6.95, Length: 40, Loss: -0.3262
2026-03-15 01:31:07 | INFO | Episode 388/500 - Reward: 8.25, Length: 15, Loss: 1.1511
2026-03-15 01:31:07 | INFO | Episode 389/500 - Reward: 8.85, Length: 12, Loss: 1.2584
2026-03-15 01:31:08 | INFO | Episode 390/500 - Reward: -5.60, Length: 40, Loss: -0.3672
2026-03-15 01:31:08 | INFO | Episode 391/500 - Reward: -5.90, Length: 40, Loss: -0.1706
2026-03-15 01:31:09 | INFO | Episode 392/500 - Reward: 5.15, Length: 14, Loss: 1.5427
2026-03-15 01:31:09 | INFO | Episode 393/500 - Reward: 4.65, Length: 15, Loss: 1.2671
2026-03-15 01:31:10 | INFO | Episode 394/500 - Reward: 9.05, Length: 11, Loss: 1.4108
2026-03-15 01:31:10 | INFO | Episode 395/500 - Reward: 6.90, Length: 15, Loss: 1.5247
2026-03-15 01:31:10 | INFO | Episode 396/500 - Reward: 9.25, Length: 10, Loss: 1.3388
2026-03-15 01:31:11 | INFO | Episode 397/500 - Reward: 7.00, Length: 16, Loss: 1.5438
2026-03-15 01:31:11 | INFO | Episode 398/500 - Reward: 8.75, Length: 14, Loss: 1.3658
2026-03-15 01:31:12 | INFO | Episode 399/500 - Reward: 5.05, Length: 13, Loss: 1.7062
2026-03-15 01:31:12 | INFO | Episode 400/500 - Reward: 9.45, Length: 9, Loss: 1.6585
2026-03-15 01:31:12 | INFO | Episode 400/500 - Avg Reward: 5.35, Avg Length: 18.72, Avg Loss: 1.0668
2026-03-15 01:31:13 | INFO | Episode 401/500 - Reward: -6.35, Length: 40, Loss: -0.2584
2026-03-15 01:31:13 | INFO | Episode 402/500 - Reward: 8.35, Length: 16, Loss: 1.3794
2026-03-15 01:31:13 | INFO | Episode 403/500 - Reward: 5.35, Length: 13, Loss: 1.5946
2026-03-15 01:31:14 | INFO | Episode 404/500 - Reward: 7.40, Length: 11, Loss: 1.6650
2026-03-15 01:31:14 | INFO | Episode 405/500 - Reward: 8.35, Length: 16, Loss: 1.0450
2026-03-15 01:31:15 | INFO | Episode 406/500 - Reward: 8.25, Length: 15, Loss: 1.1196
2026-03-15 01:31:15 | INFO | Episode 407/500 - Reward: 8.95, Length: 13, Loss: 1.3929
2026-03-15 01:31:15 | INFO | Episode 408/500 - Reward: 8.95, Length: 13, Loss: 1.5986
2026-03-15 01:31:16 | INFO | Episode 409/500 - Reward: 8.95, Length: 13, Loss: 1.5221
2026-03-15 01:31:16 | INFO | Episode 410/500 - Reward: 7.45, Length: 19, Loss: 0.8437
2026-03-15 01:31:17 | INFO | Episode 411/500 - Reward: 8.65, Length: 13, Loss: 1.0400
2026-03-15 01:31:17 | INFO | Episode 412/500 - Reward: 6.85, Length: 31, Loss: 0.7375
2026-03-15 01:31:18 | INFO | Episode 413/500 - Reward: 8.55, Length: 18, Loss: 1.5239
2026-03-15 01:31:18 | INFO | Episode 414/500 - Reward: 9.15, Length: 12, Loss: 1.4578
2026-03-15 01:31:18 | INFO | Episode 415/500 - Reward: 8.65, Length: 13, Loss: 1.4170
2026-03-15 01:31:19 | INFO | Episode 416/500 - Reward: 8.85, Length: 12, Loss: 1.3067
2026-03-15 01:31:19 | INFO | Episode 417/500 - Reward: -5.60, Length: 40, Loss: -0.4301
2026-03-15 01:31:20 | INFO | Episode 418/500 - Reward: 7.25, Length: 23, Loss: 0.9357
2026-03-15 01:31:20 | INFO | Episode 419/500 - Reward: 9.65, Length: 8, Loss: 1.5883
2026-03-15 01:31:21 | INFO | Episode 420/500 - Reward: 9.45, Length: 9, Loss: 1.7460
2026-03-15 01:31:21 | INFO | Episode 421/500 - Reward: 9.25, Length: 10, Loss: 1.4879
2026-03-15 01:31:21 | INFO | Episode 422/500 - Reward: 9.35, Length: 11, Loss: 1.6007
2026-03-15 01:31:22 | INFO | Episode 423/500 - Reward: 8.85, Length: 12, Loss: 1.1709
2026-03-15 01:31:22 | INFO | Episode 424/500 - Reward: 8.15, Length: 20, Loss: 0.9808
2026-03-15 01:31:23 | INFO | Episode 425/500 - Reward: 5.05, Length: 40, Loss: 0.0681
2026-03-15 01:31:23 | INFO | Episode 426/500 - Reward: 8.25, Length: 18, Loss: 1.2348
2026-03-15 01:31:23 | INFO | Episode 427/500 - Reward: 7.50, Length: 9, Loss: 1.5264
2026-03-15 01:31:24 | INFO | Episode 428/500 - Reward: 8.85, Length: 15, Loss: 1.5137
2026-03-15 01:31:24 | INFO | Episode 429/500 - Reward: 3.85, Length: 19, Loss: 0.7291
2026-03-15 01:31:25 | INFO | Episode 430/500 - Reward: 9.05, Length: 11, Loss: 1.9367
2026-03-15 01:31:25 | INFO | Episode 431/500 - Reward: -6.35, Length: 40, Loss: -0.4135
2026-03-15 01:31:26 | INFO | Episode 432/500 - Reward: 9.15, Length: 12, Loss: 1.5031
2026-03-15 01:31:26 | INFO | Episode 433/500 - Reward: -6.35, Length: 40, Loss: -0.4588
2026-03-15 01:31:27 | INFO | Episode 434/500 - Reward: 8.95, Length: 13, Loss: 1.4693
2026-03-15 01:31:27 | INFO | Episode 435/500 - Reward: 7.50, Length: 9, Loss: 1.4609
2026-03-15 01:31:27 | INFO | Episode 436/500 - Reward: 9.25, Length: 10, Loss: 1.3325
2026-03-15 01:31:28 | INFO | Episode 437/500 - Reward: 8.05, Length: 16, Loss: 1.0052
2026-03-15 01:31:28 | INFO | Episode 438/500 - Reward: 9.45, Length: 9, Loss: 1.8922
2026-03-15 01:31:29 | INFO | Episode 439/500 - Reward: 4.75, Length: 16, Loss: 1.3281
2026-03-15 01:31:29 | INFO | Episode 440/500 - Reward: 4.15, Length: 19, Loss: 1.0771
2026-03-15 01:31:30 | INFO | Episode 441/500 - Reward: 9.25, Length: 10, Loss: 1.6545
2026-03-15 01:31:30 | INFO | Episode 442/500 - Reward: 9.45, Length: 9, Loss: 1.6157
2026-03-15 01:31:30 | INFO | Episode 443/500 - Reward: 9.15, Length: 12, Loss: 1.6519
2026-03-15 01:31:31 | INFO | Episode 444/500 - Reward: 7.30, Length: 10, Loss: 1.4403
2026-03-15 01:31:31 | INFO | Episode 445/500 - Reward: 2.20, Length: 19, Loss: 0.6966
2026-03-15 01:31:30 | INFO | Episode 446/500 - Reward: 9.55, Length: 10, Loss: 1.4495
2026-03-15 01:31:31 | INFO | Episode 447/500 - Reward: 8.65, Length: 13, Loss: 1.4875
2026-03-15 01:31:31 | INFO | Episode 448/500 - Reward: 9.45, Length: 9, Loss: 1.1274
2026-03-15 01:31:32 | INFO | Episode 449/500 - Reward: 7.30, Length: 10, Loss: 1.4635
2026-03-15 01:31:32 | INFO | Episode 450/500 - Reward: 9.45, Length: 9, Loss: 1.5429
2026-03-15 01:31:32 | INFO | Episode 450/500 - Avg Reward: 6.91, Avg Length: 16.16, Avg Loss: 1.1960
2026-03-15 01:31:32 | INFO | Episode 451/500 - Reward: 9.65, Length: 8, Loss: 1.2832
2026-03-15 01:31:33 | INFO | Episode 452/500 - Reward: 9.05, Length: 11, Loss: 1.5530
2026-03-15 01:31:33 | INFO | Episode 453/500 - Reward: -6.05, Length: 40, Loss: -0.3609
2026-03-15 01:31:34 | INFO | Episode 454/500 - Reward: 8.65, Length: 13, Loss: 1.3177
2026-03-15 01:31:34 | INFO | Episode 455/500 - Reward: 8.65, Length: 16, Loss: 1.3960
2026-03-15 01:31:34 | INFO | Episode 456/500 - Reward: 9.25, Length: 10, Loss: 1.2420
2026-03-15 01:31:35 | INFO | Episode 457/500 - Reward: 6.90, Length: 12, Loss: 1.6665
2026-03-15 01:31:35 | INFO | Episode 458/500 - Reward: 7.85, Length: 20, Loss: 1.2166
2026-03-15 01:31:36 | INFO | Episode 459/500 - Reward: 7.50, Length: 9, Loss: 1.5074
2026-03-15 01:31:36 | INFO | Episode 460/500 - Reward: 8.65, Length: 13, Loss: 1.2310
2026-03-15 01:31:37 | INFO | Episode 461/500 - Reward: -7.25, Length: 40, Loss: -0.3644
2026-03-15 01:31:37 | INFO | Episode 462/500 - Reward: 8.25, Length: 18, Loss: 1.1670
2026-03-15 01:31:37 | INFO | Episode 463/500 - Reward: 8.55, Length: 15, Loss: 1.1912
2026-03-15 01:31:38 | INFO | Episode 464/500 - Reward: 8.95, Length: 13, Loss: 1.5728
2026-03-15 01:31:38 | INFO | Episode 465/500 - Reward: 6.30, Length: 18, Loss: 0.8868
2026-03-15 01:31:39 | INFO | Episode 466/500 - Reward: 8.65, Length: 16, Loss: 1.2995
2026-03-15 01:31:39 | INFO | Episode 467/500 - Reward: 8.55, Length: 18, Loss: 1.3857
2026-03-15 01:31:40 | INFO | Episode 468/500 - Reward: 9.25, Length: 10, Loss: 1.3180
2026-03-15 01:31:40 | INFO | Episode 469/500 - Reward: 9.45, Length: 9, Loss: 1.2486
2026-03-15 01:31:40 | INFO | Episode 470/500 - Reward: 9.45, Length: 9, Loss: 1.1095
2026-03-15 01:31:41 | INFO | Episode 471/500 - Reward: 9.05, Length: 11, Loss: 1.1839
2026-03-15 01:31:41 | INFO | Episode 472/500 - Reward: 8.55, Length: 15, Loss: 1.5341
2026-03-15 01:31:42 | INFO | Episode 473/500 - Reward: -6.95, Length: 40, Loss: -0.3345
2026-03-15 01:31:42 | INFO | Episode 474/500 - Reward: 8.95, Length: 13, Loss: 1.5509
2026-03-15 01:31:43 | INFO | Episode 475/500 - Reward: 9.45, Length: 9, Loss: 2.0021
2026-03-15 01:31:43 | INFO | Episode 476/500 - Reward: -6.65, Length: 40, Loss: -0.3264
2026-03-15 01:31:43 | INFO | Episode 477/500 - Reward: 6.40, Length: 19, Loss: 1.3980
2026-03-15 01:31:44 | INFO | Episode 478/500 - Reward: 7.60, Length: 10, Loss: 1.5390
2026-03-15 01:31:44 | INFO | Episode 479/500 - Reward: -6.65, Length: 40, Loss: -0.3065
2026-03-15 01:31:45 | INFO | Episode 480/500 - Reward: 9.15, Length: 12, Loss: 1.6011
2026-03-15 01:31:45 | INFO | Episode 481/500 - Reward: 9.05, Length: 11, Loss: 1.1767
2026-03-15 01:31:45 | INFO | Episode 482/500 - Reward: 7.15, Length: 22, Loss: 0.7856
2026-03-15 01:31:46 | INFO | Episode 483/500 - Reward: -5.75, Length: 40, Loss: -0.3984
2026-03-15 01:31:46 | INFO | Episode 484/500 - Reward: 9.05, Length: 11, Loss: 1.4660
2026-03-15 01:31:47 | INFO | Episode 485/500 - Reward: 9.45, Length: 9, Loss: 1.2566
2026-03-15 01:31:47 | INFO | Episode 486/500 - Reward: -6.35, Length: 40, Loss: -0.3303
2026-03-15 01:31:48 | INFO | Episode 487/500 - Reward: 7.40, Length: 11, Loss: 1.7817
2026-03-15 01:31:48 | INFO | Episode 488/500 - Reward: 9.45, Length: 9, Loss: 1.1887
2026-03-15 01:31:48 | INFO | Episode 489/500 - Reward: 9.65, Length: 8, Loss: 1.1514
2026-03-15 01:31:49 | INFO | Episode 490/500 - Reward: -7.70, Length: 40, Loss: -0.4334
2026-03-15 01:31:49 | INFO | Episode 491/500 - Reward: 9.65, Length: 8, Loss: 1.0162
2026-03-15 01:31:50 | INFO | Episode 492/500 - Reward: 3.00, Length: 15, Loss: 1.1856
2026-03-15 01:31:50 | INFO | Episode 493/500 - Reward: 9.25, Length: 10, Loss: 1.7597
2026-03-15 01:31:50 | INFO | Episode 494/500 - Reward: 9.45, Length: 9, Loss: 1.2258
2026-03-15 01:31:51 | INFO | Episode 495/500 - Reward: -6.65, Length: 40, Loss: -0.4966
2026-03-15 01:31:51 | INFO | Episode 496/500 - Reward: 9.45, Length: 9, Loss: 1.5493
2026-03-15 01:31:52 | INFO | Episode 497/500 - Reward: 5.95, Length: 31, Loss: 0.4654
2026-03-15 01:31:52 | INFO | Episode 498/500 - Reward: 9.15, Length: 12, Loss: 1.3555
2026-03-15 01:31:53 | INFO | Episode 499/500 - Reward: 9.15, Length: 12, Loss: 1.4181
2026-03-15 01:31:53 | INFO | Episode 500/500 - Reward: 9.15, Length: 12, Loss: 1.4994
2026-03-15 01:31:53 | INFO | Episode 500/500 - Avg Reward: 5.76, Avg Length: 17.72, Avg Loss: 1.0266
