2026-03-16 05:34:40 | INFO | Episode    1 - Reward: 4.800, Length: 36, Loss: 0.0000, Epsilon: 0.997
2026-03-16 05:34:41 | INFO | Episode    2 - Reward: -4.850, Length: 40, Loss: 0.0000, Epsilon: 0.994
2026-03-16 05:34:45 | INFO | Episode    3 - Reward: -4.700, Length: 40, Loss: 0.4885, Epsilon: 0.991
2026-03-16 05:34:47 | INFO | Episode    4 - Reward: -5.450, Length: 40, Loss: 0.4896, Epsilon: 0.988
2026-03-16 05:34:48 | INFO | Episode    5 - Reward: -6.050, Length: 40, Loss: 0.3991, Epsilon: 0.985
2026-03-16 05:34:50 | INFO | Episode    6 - Reward: -9.650, Length: 40, Loss: 0.3626, Epsilon: 0.982
2026-03-16 05:34:52 | INFO | Episode    7 - Reward: -5.600, Length: 40, Loss: 0.1796, Epsilon: 0.979
2026-03-16 05:34:53 | INFO | Episode    8 - Reward: -11.600, Length: 40, Loss: 0.4644, Epsilon: 0.976
2026-03-16 05:34:55 | INFO | Episode    9 - Reward: -5.450, Length: 40, Loss: 0.4615, Epsilon: 0.973
2026-03-16 05:34:57 | INFO | Episode   10 - Reward: -5.300, Length: 40, Loss: 0.3202, Epsilon: 0.970
2026-03-16 05:34:58 | INFO | Episode   11 - Reward: 5.700, Length: 24, Loss: 0.3425, Epsilon: 0.967
2026-03-16 05:35:00 | INFO | Episode   12 - Reward: -6.950, Length: 40, Loss: 0.3864, Epsilon: 0.964
2026-03-16 05:35:02 | INFO | Episode   13 - Reward: 5.950, Length: 37, Loss: 0.5971, Epsilon: 0.961
2026-03-16 05:35:04 | INFO | Episode   14 - Reward: -5.900, Length: 40, Loss: 0.3618, Epsilon: 0.958
2026-03-16 05:35:05 | INFO | Episode   15 - Reward: -13.700, Length: 40, Loss: 0.5594, Epsilon: 0.955
2026-03-16 05:35:07 | INFO | Episode   16 - Reward: -5.150, Length: 40, Loss: 0.1926, Epsilon: 0.952
2026-03-16 05:35:09 | INFO | Episode   17 - Reward: -5.900, Length: 40, Loss: 0.4652, Epsilon: 0.949
2026-03-16 05:35:11 | INFO | Episode   18 - Reward: -5.000, Length: 40, Loss: 0.3119, Epsilon: 0.946
2026-03-16 05:35:12 | INFO | Episode   19 - Reward: -3.950, Length: 40, Loss: 0.4156, Epsilon: 0.943
2026-03-16 05:35:14 | INFO | Episode   20 - Reward: -0.550, Length: 29, Loss: 0.5275, Epsilon: 0.940
2026-03-16 05:35:16 | INFO | Episode   21 - Reward: -5.000, Length: 40, Loss: 0.3298, Epsilon: 0.937
2026-03-16 05:35:17 | INFO | Episode   22 - Reward: 7.950, Length: 24, Loss: 0.5662, Epsilon: 0.934
2026-03-16 05:35:19 | INFO | Episode   23 - Reward: 5.850, Length: 36, Loss: 0.6419, Epsilon: 0.931
2026-03-16 05:35:21 | INFO | Episode   24 - Reward: 7.550, Length: 29, Loss: 0.4855, Epsilon: 0.928
2026-03-16 05:35:22 | INFO | Episode   25 - Reward: -4.850, Length: 40, Loss: 0.3815, Epsilon: 0.925
2026-03-16 05:35:24 | INFO | Episode   26 - Reward: 6.800, Length: 14, Loss: 0.3946, Epsilon: 0.922
2026-03-16 05:35:25 | INFO | Episode   27 - Reward: 5.650, Length: 34, Loss: 0.4118, Epsilon: 0.919
2026-03-16 05:35:27 | INFO | Episode   28 - Reward: -4.400, Length: 40, Loss: 0.3577, Epsilon: 0.916
2026-03-16 05:35:29 | INFO | Episode   29 - Reward: -4.100, Length: 40, Loss: 0.5467, Epsilon: 0.913
2026-03-16 05:35:30 | INFO | Episode   30 - Reward: 3.950, Length: 23, Loss: 0.5361, Epsilon: 0.910
2026-03-16 05:35:32 | INFO | Episode   31 - Reward: 3.900, Length: 36, Loss: 0.5061, Epsilon: 0.907
2026-03-16 05:35:34 | INFO | Episode   32 - Reward: -5.600, Length: 40, Loss: 0.7997, Epsilon: 0.904
2026-03-16 05:35:35 | INFO | Episode   33 - Reward: 6.750, Length: 30, Loss: 0.9228, Epsilon: 0.901
2026-03-16 05:35:37 | INFO | Episode   34 - Reward: 0.400, Length: 37, Loss: 0.4692, Epsilon: 0.898
2026-03-16 05:35:39 | INFO | Episode   35 - Reward: 5.350, Length: 40, Loss: 0.6698, Epsilon: 0.895
2026-03-16 05:35:40 | INFO | Episode   36 - Reward: -5.150, Length: 40, Loss: 0.7975, Epsilon: 0.892
2026-03-16 05:35:42 | INFO | Episode   37 - Reward: -3.950, Length: 40, Loss: 0.9219, Epsilon: 0.889
2026-03-16 05:35:44 | INFO | Episode   38 - Reward: 5.850, Length: 36, Loss: 1.0322, Epsilon: 0.886
2026-03-16 05:35:46 | INFO | Episode   39 - Reward: -5.150, Length: 40, Loss: 0.8490, Epsilon: 0.883
2026-03-16 05:35:47 | INFO | Episode   40 - Reward: -5.150, Length: 40, Loss: 1.3570, Epsilon: 0.880
2026-03-16 05:35:49 | INFO | Episode   41 - Reward: -6.950, Length: 40, Loss: 0.8927, Epsilon: 0.877
2026-03-16 05:35:51 | INFO | Episode   42 - Reward: 1.350, Length: 39, Loss: 0.9304, Epsilon: 0.874
2026-03-16 05:35:52 | INFO | Episode   43 - Reward: 5.900, Length: 23, Loss: 1.2821, Epsilon: 0.871
2026-03-16 05:35:54 | INFO | Episode   44 - Reward: 4.100, Length: 38, Loss: 0.6487, Epsilon: 0.868
2026-03-16 05:35:55 | INFO | Episode   45 - Reward: 7.700, Length: 8, Loss: 0.7109, Epsilon: 0.865
2026-03-16 05:35:57 | INFO | Episode   46 - Reward: -7.550, Length: 40, Loss: 0.6601, Epsilon: 0.862
2026-03-16 05:35:58 | INFO | Episode   47 - Reward: 8.050, Length: 22, Loss: 0.6709, Epsilon: 0.859
2026-03-16 05:36:00 | INFO | Episode   48 - Reward: -5.450, Length: 40, Loss: 0.5900, Epsilon: 0.856
2026-03-16 05:36:02 | INFO | Episode   49 - Reward: 8.250, Length: 18, Loss: 0.8537, Epsilon: 0.853
2026-03-16 05:36:03 | INFO | Episode   50 - Reward: 5.200, Length: 25, Loss: 0.7402, Epsilon: 0.850
2026-03-16 05:36:06 | INFO | [Episode   50] eps=0.850  avg_reward=  -1.041  avg_length= 35.16  avg_loss=  0.5656  eval_success=1.000
2026-03-16 05:36:08 | INFO | Episode   51 - Reward: 4.800, Length: 36, Loss: 0.5723, Epsilon: 0.847
2026-03-16 05:36:09 | INFO | Episode   52 - Reward: -4.700, Length: 40, Loss: 0.7096, Epsilon: 0.844
2026-03-16 05:36:11 | INFO | Episode   53 - Reward: 6.650, Length: 29, Loss: 0.9965, Epsilon: 0.841
2026-03-16 05:36:13 | INFO | Episode   54 - Reward: 7.150, Length: 34, Loss: 0.6208, Epsilon: 0.838
2026-03-16 05:36:14 | INFO | Episode   55 - Reward: -6.200, Length: 40, Loss: 0.7045, Epsilon: 0.835
2026-03-16 05:36:16 | INFO | Episode   56 - Reward: 7.950, Length: 21, Loss: 0.4614, Epsilon: 0.832
2026-03-16 05:36:17 | INFO | Episode   57 - Reward: 6.400, Length: 19, Loss: 0.7218, Epsilon: 0.829
2026-03-16 05:36:18 | INFO | Episode   58 - Reward: 9.250, Length: 10, Loss: 0.5293, Epsilon: 0.826
2026-03-16 05:36:20 | INFO | Episode   59 - Reward: 1.300, Length: 34, Loss: 0.5360, Epsilon: 0.823
2026-03-16 05:36:22 | INFO | Episode   60 - Reward: 2.750, Length: 38, Loss: 0.5423, Epsilon: 0.820
2026-03-16 05:36:24 | INFO | Episode   61 - Reward: -4.850, Length: 40, Loss: 0.6532, Epsilon: 0.817
2026-03-16 05:36:25 | INFO | Episode   62 - Reward: 9.050, Length: 14, Loss: 0.7424, Epsilon: 0.814
2026-03-16 05:36:27 | INFO | Episode   63 - Reward: -5.300, Length: 40, Loss: 0.6938, Epsilon: 0.811
2026-03-16 05:36:28 | INFO | Episode   64 - Reward: 7.650, Length: 24, Loss: 0.4639, Epsilon: 0.808
2026-03-16 05:36:30 | INFO | Episode   65 - Reward: -6.200, Length: 40, Loss: 0.8057, Epsilon: 0.805
2026-03-16 05:36:32 | INFO | Episode   66 - Reward: -5.900, Length: 40, Loss: 0.7300, Epsilon: 0.802
2026-03-16 05:36:34 | INFO | Episode   67 - Reward: -13.400, Length: 40, Loss: 0.6881, Epsilon: 0.799
2026-03-16 05:36:35 | INFO | Episode   68 - Reward: 3.550, Length: 28, Loss: 0.6717, Epsilon: 0.796
2026-03-16 05:36:37 | INFO | Episode   69 - Reward: 2.750, Length: 29, Loss: 0.4515, Epsilon: 0.793
2026-03-16 05:36:38 | INFO | Episode   70 - Reward: 5.200, Length: 28, Loss: 0.9494, Epsilon: 0.790
2026-03-16 05:36:40 | INFO | Episode   71 - Reward: -5.000, Length: 40, Loss: 0.6674, Epsilon: 0.787
2026-03-16 05:36:42 | INFO | Episode   72 - Reward: -4.550, Length: 40, Loss: 0.6879, Epsilon: 0.784
2026-03-16 05:36:43 | INFO | Episode   73 - Reward: 8.950, Length: 16, Loss: 0.3885, Epsilon: 0.781
2026-03-16 05:36:45 | INFO | Episode   74 - Reward: -4.400, Length: 40, Loss: 0.7232, Epsilon: 0.778
2026-03-16 05:36:46 | INFO | Episode   75 - Reward: -4.400, Length: 40, Loss: 0.6673, Epsilon: 0.775
2026-03-16 05:36:48 | INFO | Episode   76 - Reward: 8.650, Length: 16, Loss: 0.5916, Epsilon: 0.772
2026-03-16 05:36:49 | INFO | Episode   77 - Reward: 4.250, Length: 29, Loss: 0.6152, Epsilon: 0.769
2026-03-16 05:36:51 | INFO | Episode   78 - Reward: 8.850, Length: 12, Loss: 0.8675, Epsilon: 0.766
2026-03-16 05:36:52 | INFO | Episode   79 - Reward: 6.800, Length: 17, Loss: 0.6872, Epsilon: 0.763
2026-03-16 05:36:53 | INFO | Episode   80 - Reward: 7.850, Length: 23, Loss: 0.5415, Epsilon: 0.760
2026-03-16 05:36:55 | INFO | Episode   81 - Reward: 8.550, Length: 15, Loss: 0.3467, Epsilon: 0.757
2026-03-16 05:36:57 | INFO | Episode   82 - Reward: -5.450, Length: 40, Loss: 0.3647, Epsilon: 0.754
2026-03-16 05:36:58 | INFO | Episode   83 - Reward: 8.750, Length: 17, Loss: 0.7734, Epsilon: 0.751
2026-03-16 05:37:00 | INFO | Episode   84 - Reward: -3.650, Length: 40, Loss: 0.7283, Epsilon: 0.748
2026-03-16 05:37:01 | INFO | Episode   85 - Reward: -3.950, Length: 40, Loss: 0.7760, Epsilon: 0.745
2026-03-16 05:37:03 | INFO | Episode   86 - Reward: 8.950, Length: 16, Loss: 0.8325, Epsilon: 0.742
2026-03-16 05:37:05 | INFO | Episode   87 - Reward: -11.750, Length: 40, Loss: 0.7923, Epsilon: 0.739
2026-03-16 05:37:06 | INFO | Episode   88 - Reward: 8.150, Length: 20, Loss: 0.6025, Epsilon: 0.736
2026-03-16 05:37:08 | INFO | Episode   89 - Reward: -3.550, Length: 26, Loss: 1.0223, Epsilon: 0.733
2026-03-16 05:37:09 | INFO | Episode   90 - Reward: -5.000, Length: 40, Loss: 0.6011, Epsilon: 0.730
2026-03-16 05:37:11 | INFO | Episode   91 - Reward: 5.800, Length: 22, Loss: 0.9936, Epsilon: 0.727
2026-03-16 05:37:12 | INFO | Episode   92 - Reward: 7.050, Length: 39, Loss: 0.9917, Epsilon: 0.724
2026-03-16 05:37:14 | INFO | Episode   93 - Reward: 8.950, Length: 13, Loss: 1.2288, Epsilon: 0.721
2026-03-16 05:37:15 | INFO | Episode   94 - Reward: 6.800, Length: 14, Loss: 0.8073, Epsilon: 0.718
2026-03-16 05:37:17 | INFO | Episode   95 - Reward: 5.000, Length: 32, Loss: 1.0735, Epsilon: 0.715
2026-03-16 05:37:18 | INFO | Episode   96 - Reward: 6.200, Length: 26, Loss: 0.5335, Epsilon: 0.712
2026-03-16 05:37:20 | INFO | Episode   97 - Reward: 7.850, Length: 23, Loss: 0.9469, Epsilon: 0.709
2026-03-16 05:37:21 | INFO | Episode   98 - Reward: 4.350, Length: 24, Loss: 0.4875, Epsilon: 0.706
2026-03-16 05:37:23 | INFO | Episode   99 - Reward: -8.300, Length: 40, Loss: 0.6643, Epsilon: 0.703
2026-03-16 05:37:25 | INFO | Episode  100 - Reward: -5.900, Length: 40, Loss: 0.8793, Epsilon: 0.700
2026-03-16 05:37:26 | INFO | [Episode  100] eps=0.700  avg_reward=   1.875  avg_length= 29.28  avg_loss=  0.7026  eval_success=1.000
2026-03-16 05:37:28 | INFO | Episode  101 - Reward: 1.500, Length: 30, Loss: 0.3207, Epsilon: 0.697
2026-03-16 05:37:29 | INFO | Episode  102 - Reward: 6.600, Length: 18, Loss: 0.6146, Epsilon: 0.694
2026-03-16 05:37:31 | INFO | Episode  103 - Reward: 5.700, Length: 21, Loss: 0.6009, Epsilon: 0.691
2026-03-16 05:37:32 | INFO | Episode  104 - Reward: 6.300, Length: 24, Loss: 0.7347, Epsilon: 0.688
2026-03-16 05:37:33 | INFO | Episode  105 - Reward: 7.300, Length: 13, Loss: 0.3604, Epsilon: 0.685
2026-03-16 05:37:35 | INFO | Episode  106 - Reward: 7.600, Length: 10, Loss: 1.2374, Epsilon: 0.682
2026-03-16 05:37:36 | INFO | Episode  107 - Reward: 8.450, Length: 17, Loss: 0.8180, Epsilon: 0.679
2026-03-16 05:37:38 | INFO | Episode  108 - Reward: 3.600, Length: 39, Loss: 0.5991, Epsilon: 0.676
2026-03-16 05:37:39 | INFO | Episode  109 - Reward: 9.150, Length: 12, Loss: 0.5305, Epsilon: 0.673
2026-03-16 05:37:40 | INFO | Episode  110 - Reward: 6.800, Length: 17, Loss: 0.5914, Epsilon: 0.670
2026-03-16 05:37:42 | INFO | Episode  111 - Reward: 7.050, Length: 39, Loss: 0.6248, Epsilon: 0.667
2026-03-16 05:37:43 | INFO | Episode  112 - Reward: 2.600, Length: 23, Loss: 0.5575, Epsilon: 0.664
2026-03-16 05:37:45 | INFO | Episode  113 - Reward: 9.150, Length: 15, Loss: 0.8171, Epsilon: 0.661
2026-03-16 05:37:46 | INFO | Episode  114 - Reward: 8.650, Length: 16, Loss: 0.8786, Epsilon: 0.658
2026-03-16 05:37:48 | INFO | Episode  115 - Reward: 6.250, Length: 37, Loss: 0.9109, Epsilon: 0.655
2026-03-16 05:37:49 | INFO | Episode  116 - Reward: 7.950, Length: 27, Loss: 0.5190, Epsilon: 0.652
2026-03-16 05:37:51 | INFO | Episode  117 - Reward: 6.100, Length: 25, Loss: 0.6276, Epsilon: 0.649
2026-03-16 05:37:53 | INFO | Episode  118 - Reward: 4.450, Length: 25, Loss: 0.5912, Epsilon: 0.646
2026-03-16 05:37:54 | INFO | Episode  119 - Reward: -3.800, Length: 40, Loss: 0.6649, Epsilon: 0.643
2026-03-16 05:37:56 | INFO | Episode  120 - Reward: 8.850, Length: 15, Loss: 1.1170, Epsilon: 0.640
2026-03-16 05:37:57 | INFO | Episode  121 - Reward: 9.250, Length: 10, Loss: 0.5871, Epsilon: 0.637
2026-03-16 05:37:58 | INFO | Episode  122 - Reward: 8.750, Length: 17, Loss: 0.7527, Epsilon: 0.634
2026-03-16 05:38:00 | INFO | Episode  123 - Reward: 5.600, Length: 26, Loss: 0.5877, Epsilon: 0.631
2026-03-16 05:38:01 | INFO | Episode  124 - Reward: 7.850, Length: 26, Loss: 0.8441, Epsilon: 0.628
2026-03-16 05:38:03 | INFO | Episode  125 - Reward: -5.900, Length: 40, Loss: 0.4602, Epsilon: 0.625
2026-03-16 05:38:04 | INFO | Episode  126 - Reward: 6.600, Length: 18, Loss: 0.6047, Epsilon: 0.622
2026-03-16 05:38:06 | INFO | Episode  127 - Reward: 5.800, Length: 34, Loss: 0.7841, Epsilon: 0.619
2026-03-16 05:38:08 | INFO | Episode  128 - Reward: 6.550, Length: 40, Loss: 0.8158, Epsilon: 0.616
2026-03-16 05:38:09 | INFO | Episode  129 - Reward: 6.150, Length: 30, Loss: 0.5060, Epsilon: 0.613
2026-03-16 05:38:11 | INFO | Episode  130 - Reward: 6.950, Length: 35, Loss: 0.6638, Epsilon: 0.610
2026-03-16 05:38:12 | INFO | Episode  131 - Reward: 4.150, Length: 22, Loss: 0.8388, Epsilon: 0.607
2026-03-16 05:38:14 | INFO | Episode  132 - Reward: 9.050, Length: 11, Loss: 0.4380, Epsilon: 0.604
2026-03-16 05:38:15 | INFO | Episode  133 - Reward: 7.750, Length: 19, Loss: 0.4144, Epsilon: 0.601
2026-03-16 05:38:16 | INFO | Episode  134 - Reward: 8.450, Length: 17, Loss: 0.8518, Epsilon: 0.598
2026-03-16 05:38:18 | INFO | Episode  135 - Reward: 9.250, Length: 13, Loss: 0.3823, Epsilon: 0.595
2026-03-16 05:38:19 | INFO | Episode  136 - Reward: 8.150, Length: 17, Loss: 0.4634, Epsilon: 0.592
2026-03-16 05:38:20 | INFO | Episode  137 - Reward: 8.550, Length: 18, Loss: 0.8575, Epsilon: 0.589
2026-03-16 05:38:22 | INFO | Episode  138 - Reward: -4.400, Length: 40, Loss: 0.4420, Epsilon: 0.586
2026-03-16 05:38:23 | INFO | Episode  139 - Reward: 9.650, Length: 8, Loss: 0.8771, Epsilon: 0.583
