2026-03-15 15:22:27 | INFO | JAX DEVICES: [CudaDevice(id=0), CudaDevice(id=1)]
2026-03-15 15:22:27 | INFO | Starting training of REINFORCE agent with seed=1, num_episodes=500, max_steps=50
2026-03-15 15:22:27 | INFO | Environment parameters: EnvParams(grid_rows=5, grid_cols=5, max_steps=40, start_row=4, start_col=0, goal_row=0, goal_col=4, trap_row=1, trap_col=3, step_penalty=-0.05, trap_penalty=-2.0, invalid_penalty=-0.2, goal_reward=10.0)
2026-03-15 15:22:28 | INFO | Episode 1/500 - Reward: -3.80, Length: 40, Loss: -0.5583
2026-03-15 15:22:29 | INFO | Episode 2/500 - Reward: -4.70, Length: 40, Loss: -0.5510
2026-03-15 15:22:29 | INFO | Episode 3/500 - Reward: -4.85, Length: 40, Loss: -0.6149
2026-03-15 15:22:30 | INFO | Episode 4/500 - Reward: -5.15, Length: 40, Loss: -0.5831
2026-03-15 15:22:31 | INFO | Episode 5/500 - Reward: -3.65, Length: 40, Loss: -0.5321
2026-03-15 15:22:32 | INFO | Episode 6/500 - Reward: -4.55, Length: 40, Loss: -0.5230
2026-03-15 15:22:32 | INFO | Episode 7/500 - Reward: -3.50, Length: 40, Loss: -0.5816
2026-03-15 15:22:33 | INFO | Episode 8/500 - Reward: 8.15, Length: 26, Loss: 0.8102
2026-03-15 15:22:34 | INFO | Episode 9/500 - Reward: -6.50, Length: 40, Loss: -0.5741
2026-03-15 15:22:35 | INFO | Episode 10/500 - Reward: -4.85, Length: 40, Loss: -0.5964
2026-03-15 15:22:35 | INFO | Episode 11/500 - Reward: -3.65, Length: 40, Loss: -0.5384
2026-03-15 15:22:36 | INFO | Episode 12/500 - Reward: -10.40, Length: 40, Loss: -0.4670
2026-03-15 15:22:37 | INFO | Episode 13/500 - Reward: -6.95, Length: 40, Loss: -0.6349
2026-03-15 15:22:38 | INFO | Episode 14/500 - Reward: -4.70, Length: 40, Loss: -0.6053
2026-03-15 15:22:38 | INFO | Episode 15/500 - Reward: -3.80, Length: 40, Loss: -0.6050
2026-03-15 15:22:39 | INFO | Episode 16/500 - Reward: 1.80, Length: 30, Loss: 0.2252
2026-03-15 15:22:40 | INFO | Episode 17/500 - Reward: -3.80, Length: 40, Loss: -0.5408
2026-03-15 15:22:41 | INFO | Episode 18/500 - Reward: 6.05, Length: 35, Loss: 0.3156
2026-03-15 15:22:42 | INFO | Episode 19/500 - Reward: -5.45, Length: 40, Loss: -0.5799
2026-03-15 15:22:42 | INFO | Episode 20/500 - Reward: -4.55, Length: 40, Loss: -0.5595
2026-03-15 15:22:43 | INFO | Episode 21/500 - Reward: -9.80, Length: 40, Loss: -0.4166
2026-03-15 15:22:44 | INFO | Episode 22/500 - Reward: -3.65, Length: 40, Loss: -0.4722
2026-03-15 15:22:45 | INFO | Episode 23/500 - Reward: -4.55, Length: 40, Loss: -0.5812
2026-03-15 15:22:45 | INFO | Episode 24/500 - Reward: -5.00, Length: 40, Loss: -0.5748
2026-03-15 15:22:46 | INFO | Episode 25/500 - Reward: 5.65, Length: 34, Loss: 0.3119
2026-03-15 15:22:47 | INFO | Episode 26/500 - Reward: -15.50, Length: 40, Loss: -0.4163
2026-03-15 15:22:48 | INFO | Episode 27/500 - Reward: -4.85, Length: 40, Loss: -0.5463
2026-03-15 15:22:48 | INFO | Episode 28/500 - Reward: -4.40, Length: 40, Loss: -0.5556
2026-03-15 15:22:49 | INFO | Episode 29/500 - Reward: -4.70, Length: 40, Loss: -0.5670
2026-03-15 15:22:50 | INFO | Episode 30/500 - Reward: -4.40, Length: 40, Loss: -0.4318
2026-03-15 15:22:51 | INFO | Episode 31/500 - Reward: -4.55, Length: 40, Loss: -0.5274
2026-03-15 15:22:51 | INFO | Episode 32/500 - Reward: -6.20, Length: 40, Loss: -0.5442
2026-03-15 15:22:52 | INFO | Episode 33/500 - Reward: 4.45, Length: 19, Loss: 1.0419
2026-03-15 15:22:53 | INFO | Episode 34/500 - Reward: 6.55, Length: 31, Loss: 0.4639
2026-03-15 15:22:54 | INFO | Episode 35/500 - Reward: -3.50, Length: 40, Loss: -0.5524
2026-03-15 15:22:55 | INFO | Episode 36/500 - Reward: -5.45, Length: 40, Loss: -0.4959
2026-03-15 15:22:55 | INFO | Episode 37/500 - Reward: -5.60, Length: 40, Loss: -0.5800
2026-03-15 15:22:56 | INFO | Episode 38/500 - Reward: -5.60, Length: 40, Loss: -0.4141
2026-03-15 15:22:57 | INFO | Episode 39/500 - Reward: -3.35, Length: 40, Loss: -0.5093
2026-03-15 15:22:58 | INFO | Episode 40/500 - Reward: -3.50, Length: 40, Loss: -0.5524
2026-03-15 15:22:58 | INFO | Episode 41/500 - Reward: -4.70, Length: 40, Loss: -0.5603
2026-03-15 15:22:59 | INFO | Episode 42/500 - Reward: -3.65, Length: 40, Loss: -0.4984
2026-03-15 15:23:00 | INFO | Episode 43/500 - Reward: -6.20, Length: 40, Loss: -0.5209
2026-03-15 15:23:01 | INFO | Episode 44/500 - Reward: -4.85, Length: 40, Loss: -0.5332
2026-03-15 15:23:01 | INFO | Episode 45/500 - Reward: -5.45, Length: 40, Loss: -0.5827
2026-03-15 15:23:02 | INFO | Episode 46/500 - Reward: -1.55, Length: 37, Loss: 0.0080
2026-03-15 15:23:03 | INFO | Episode 47/500 - Reward: -4.70, Length: 40, Loss: -0.5561
2026-03-15 15:23:04 | INFO | Episode 48/500 - Reward: -4.25, Length: 40, Loss: -0.5382
2026-03-15 15:23:05 | INFO | Episode 49/500 - Reward: -4.85, Length: 40, Loss: -0.5716
2026-03-15 15:23:05 | INFO | Episode 50/500 - Reward: -4.10, Length: 40, Loss: -0.4866
2026-03-15 15:23:05 | INFO | Episode 50/500 - Avg Reward: -3.82, Avg Length: 38.64, Avg Loss: -0.4011
2026-03-15 15:23:06 | INFO | Episode 51/500 - Reward: -5.15, Length: 40, Loss: -0.5261
2026-03-15 15:23:07 | INFO | Episode 52/500 - Reward: -3.65, Length: 40, Loss: -0.6042
2026-03-15 15:23:08 | INFO | Episode 53/500 - Reward: -5.15, Length: 40, Loss: -0.6119
2026-03-15 15:23:08 | INFO | Episode 54/500 - Reward: -9.65, Length: 40, Loss: -0.4245
2026-03-15 15:23:09 | INFO | Episode 55/500 - Reward: -4.85, Length: 40, Loss: -0.5750
2026-03-15 15:23:10 | INFO | Episode 56/500 - Reward: -3.20, Length: 40, Loss: -0.5300
2026-03-15 15:23:11 | INFO | Episode 57/500 - Reward: -3.95, Length: 40, Loss: -0.5739
2026-03-15 15:23:12 | INFO | Episode 58/500 - Reward: 4.70, Length: 32, Loss: 0.3819
2026-03-15 15:23:12 | INFO | Episode 59/500 - Reward: -3.95, Length: 40, Loss: -0.5524
2026-03-15 15:23:13 | INFO | Episode 60/500 - Reward: 6.30, Length: 24, Loss: 0.8444
2026-03-15 15:23:14 | INFO | Episode 61/500 - Reward: -3.80, Length: 40, Loss: -0.5887
2026-03-15 15:23:15 | INFO | Episode 62/500 - Reward: -7.40, Length: 40, Loss: -0.4633
2026-03-15 15:23:15 | INFO | Episode 63/500 - Reward: -6.35, Length: 40, Loss: -0.4246
2026-03-15 15:23:16 | INFO | Episode 64/500 - Reward: -4.25, Length: 40, Loss: -0.4858
2026-03-15 15:23:17 | INFO | Episode 65/500 - Reward: -4.55, Length: 40, Loss: -0.4892
2026-03-15 15:23:18 | INFO | Episode 66/500 - Reward: -5.15, Length: 40, Loss: -0.5998
2026-03-15 15:23:18 | INFO | Episode 67/500 - Reward: -6.35, Length: 40, Loss: -0.6150
2026-03-15 15:23:19 | INFO | Episode 68/500 - Reward: 1.10, Length: 32, Loss: 0.1643
2026-03-15 15:23:20 | INFO | Episode 69/500 - Reward: -5.60, Length: 40, Loss: -0.5419
2026-03-15 15:23:21 | INFO | Episode 70/500 - Reward: -4.25, Length: 40, Loss: -0.5069
2026-03-15 15:23:21 | INFO | Episode 71/500 - Reward: -4.25, Length: 40, Loss: -0.5684
2026-03-15 15:23:22 | INFO | Episode 72/500 - Reward: -4.55, Length: 40, Loss: -0.5086
2026-03-15 15:23:23 | INFO | Episode 73/500 - Reward: -5.60, Length: 40, Loss: -0.4499
2026-03-15 15:23:24 | INFO | Episode 74/500 - Reward: 6.85, Length: 37, Loss: 0.2780
2026-03-15 15:23:24 | INFO | Episode 75/500 - Reward: -4.70, Length: 40, Loss: -0.5174
2026-03-15 15:23:25 | INFO | Episode 76/500 - Reward: -4.40, Length: 40, Loss: -0.5265
2026-03-15 15:23:26 | INFO | Episode 77/500 - Reward: -4.10, Length: 40, Loss: -0.5982
2026-03-15 15:23:27 | INFO | Episode 78/500 - Reward: -4.10, Length: 40, Loss: -0.4835
2026-03-15 15:23:27 | INFO | Episode 79/500 - Reward: -8.30, Length: 40, Loss: -0.3805
2026-03-15 15:23:28 | INFO | Episode 80/500 - Reward: -3.80, Length: 40, Loss: -0.4899
2026-03-15 15:23:29 | INFO | Episode 81/500 - Reward: 8.85, Length: 15, Loss: 1.8293
2026-03-15 15:23:30 | INFO | Episode 82/500 - Reward: -5.45, Length: 40, Loss: -0.4772
2026-03-15 15:23:31 | INFO | Episode 83/500 - Reward: -5.45, Length: 40, Loss: -0.5553
2026-03-15 15:23:31 | INFO | Episode 84/500 - Reward: -4.55, Length: 40, Loss: -0.5403
2026-03-15 15:23:32 | INFO | Episode 85/500 - Reward: -5.00, Length: 40, Loss: -0.5431
2026-03-15 15:23:33 | INFO | Episode 86/500 - Reward: -4.10, Length: 40, Loss: -0.4695
2026-03-15 15:23:34 | INFO | Episode 87/500 - Reward: 4.15, Length: 25, Loss: 0.5868
2026-03-15 15:23:34 | INFO | Episode 88/500 - Reward: -3.65, Length: 40, Loss: -0.5241
2026-03-15 15:23:35 | INFO | Episode 89/500 - Reward: -10.55, Length: 40, Loss: -0.5653
2026-03-15 15:23:36 | INFO | Episode 90/500 - Reward: -7.55, Length: 40, Loss: -0.3981
2026-03-15 15:23:37 | INFO | Episode 91/500 - Reward: -6.05, Length: 40, Loss: -0.5049
2026-03-15 15:23:37 | INFO | Episode 92/500 - Reward: -4.55, Length: 40, Loss: -0.5490
2026-03-15 15:23:38 | INFO | Episode 93/500 - Reward: -4.40, Length: 40, Loss: -0.5799
2026-03-15 15:23:39 | INFO | Episode 94/500 - Reward: -5.00, Length: 40, Loss: -0.5550
2026-03-15 15:23:40 | INFO | Episode 95/500 - Reward: -4.55, Length: 40, Loss: -0.5335
2026-03-15 15:23:40 | INFO | Episode 96/500 - Reward: 5.90, Length: 23, Loss: 0.8031
2026-03-15 15:23:41 | INFO | Episode 97/500 - Reward: 4.00, Length: 34, Loss: 0.2626
2026-03-15 15:23:42 | INFO | Episode 98/500 - Reward: -4.55, Length: 40, Loss: -0.5835
2026-03-15 15:23:43 | INFO | Episode 99/500 - Reward: -7.55, Length: 40, Loss: -0.5108
2026-03-15 15:23:44 | INFO | Episode 100/500 - Reward: -5.45, Length: 40, Loss: -0.5841
2026-03-15 15:23:44 | INFO | Episode 100/500 - Avg Reward: -3.55, Avg Length: 38.04, Avg Loss: -0.3392
2026-03-15 15:23:44 | INFO | Episode 101/500 - Reward: -5.00, Length: 40, Loss: -0.5282
2026-03-15 15:23:45 | INFO | Episode 102/500 - Reward: -4.10, Length: 40, Loss: -0.5342
2026-03-15 15:23:46 | INFO | Episode 103/500 - Reward: -4.55, Length: 40, Loss: -0.6136
2026-03-15 15:23:47 | INFO | Episode 104/500 - Reward: -5.15, Length: 40, Loss: -0.5477
2026-03-15 15:23:47 | INFO | Episode 105/500 - Reward: -3.80, Length: 40, Loss: -0.5334
2026-03-15 15:23:48 | INFO | Episode 106/500 - Reward: -5.45, Length: 40, Loss: -0.6041
2026-03-15 15:23:49 | INFO | Episode 107/500 - Reward: -5.75, Length: 40, Loss: -0.5777
2026-03-15 15:23:50 | INFO | Episode 108/500 - Reward: -5.90, Length: 40, Loss: -0.4192
2026-03-15 15:23:51 | INFO | Episode 109/500 - Reward: -6.20, Length: 40, Loss: -0.4515
2026-03-15 15:23:52 | INFO | Episode 110/500 - Reward: -6.20, Length: 40, Loss: -0.5969
2026-03-15 15:23:53 | INFO | Episode 111/500 - Reward: 9.15, Length: 12, Loss: 2.2251
2026-03-15 15:23:53 | INFO | Episode 112/500 - Reward: -5.45, Length: 40, Loss: -0.5361
2026-03-15 15:23:54 | INFO | Episode 113/500 - Reward: -6.05, Length: 40, Loss: -0.5354
2026-03-15 15:23:55 | INFO | Episode 114/500 - Reward: -6.05, Length: 40, Loss: -0.5029
2026-03-15 15:23:56 | INFO | Episode 115/500 - Reward: 0.80, Length: 35, Loss: 0.0566
2026-03-15 15:23:56 | INFO | Episode 116/500 - Reward: -5.15, Length: 40, Loss: -0.5369
2026-03-15 15:23:57 | INFO | Episode 117/500 - Reward: -4.85, Length: 40, Loss: -0.5336
2026-03-15 15:23:58 | INFO | Episode 118/500 - Reward: 6.95, Length: 26, Loss: 0.7295
2026-03-15 15:23:59 | INFO | Episode 119/500 - Reward: -3.65, Length: 40, Loss: -0.5583
2026-03-15 15:24:00 | INFO | Episode 120/500 - Reward: -6.80, Length: 40, Loss: -0.5664
2026-03-15 15:24:00 | INFO | Episode 121/500 - Reward: -3.80, Length: 40, Loss: -0.6068
2026-03-15 15:24:01 | INFO | Episode 122/500 - Reward: -3.50, Length: 40, Loss: -0.5268
2026-03-15 15:24:02 | INFO | Episode 123/500 - Reward: -5.30, Length: 40, Loss: -0.5341
2026-03-15 15:24:03 | INFO | Episode 124/500 - Reward: -4.85, Length: 40, Loss: -0.5070
2026-03-15 15:24:03 | INFO | Episode 125/500 - Reward: -4.10, Length: 40, Loss: -0.5411
2026-03-15 15:24:04 | INFO | Episode 126/500 - Reward: 4.00, Length: 31, Loss: 0.3004
2026-03-15 15:24:05 | INFO | Episode 127/500 - Reward: 6.15, Length: 39, Loss: 0.2059
2026-03-15 15:24:06 | INFO | Episode 128/500 - Reward: -4.40, Length: 40, Loss: -0.5909
2026-03-15 15:24:06 | INFO | Episode 129/500 - Reward: -4.85, Length: 40, Loss: -0.5526
2026-03-15 15:24:07 | INFO | Episode 130/500 - Reward: -2.90, Length: 40, Loss: -0.5200
2026-03-15 15:24:08 | INFO | Episode 131/500 - Reward: -6.95, Length: 40, Loss: -0.5759
2026-03-15 15:24:09 | INFO | Episode 132/500 - Reward: -4.40, Length: 40, Loss: -0.5118
2026-03-15 15:24:09 | INFO | Episode 133/500 - Reward: -4.10, Length: 40, Loss: -0.5337
2026-03-15 15:24:10 | INFO | Episode 134/500 - Reward: -3.50, Length: 40, Loss: -0.4933
2026-03-15 15:24:11 | INFO | Episode 135/500 - Reward: -5.00, Length: 40, Loss: -0.5145
2026-03-15 15:24:12 | INFO | Episode 136/500 - Reward: -9.65, Length: 40, Loss: -0.5238
2026-03-15 15:24:12 | INFO | Episode 137/500 - Reward: -4.10, Length: 40, Loss: -0.6200
2026-03-15 15:24:13 | INFO | Episode 138/500 - Reward: 3.95, Length: 29, Loss: 0.4007
2026-03-15 15:24:14 | INFO | Episode 139/500 - Reward: 7.65, Length: 27, Loss: 0.7245
2026-03-15 15:24:15 | INFO | Episode 140/500 - Reward: -4.10, Length: 40, Loss: -0.5550
2026-03-15 15:24:16 | INFO | Episode 141/500 - Reward: -4.85, Length: 40, Loss: -0.5982
2026-03-15 15:24:16 | INFO | Episode 142/500 - Reward: -4.55, Length: 40, Loss: -0.5923
2026-03-15 15:24:17 | INFO | Episode 143/500 - Reward: -6.65, Length: 40, Loss: -0.5683
2026-03-15 15:24:18 | INFO | Episode 144/500 - Reward: -6.80, Length: 40, Loss: -0.2605
2026-03-15 15:24:19 | INFO | Episode 145/500 - Reward: 7.15, Length: 28, Loss: 0.6349
2026-03-15 15:24:19 | INFO | Episode 146/500 - Reward: -10.10, Length: 40, Loss: -0.3720
2026-03-15 15:24:20 | INFO | Episode 147/500 - Reward: -4.10, Length: 40, Loss: -0.5391
2026-03-15 15:24:21 | INFO | Episode 148/500 - Reward: -3.65, Length: 40, Loss: -0.4916
2026-03-15 15:24:22 | INFO | Episode 149/500 - Reward: -4.55, Length: 40, Loss: -0.5833
2026-03-15 15:24:22 | INFO | Episode 150/500 - Reward: -4.25, Length: 40, Loss: -0.5234
2026-03-15 15:24:22 | INFO | Episode 150/500 - Avg Reward: -3.39, Avg Length: 38.14, Avg Loss: -0.3427
2026-03-15 15:24:23 | INFO | Episode 151/500 - Reward: -3.95, Length: 40, Loss: -0.5750
2026-03-15 15:24:24 | INFO | Episode 152/500 - Reward: -4.85, Length: 40, Loss: -0.5414
2026-03-15 15:24:25 | INFO | Episode 153/500 - Reward: -6.05, Length: 40, Loss: -0.5395
2026-03-15 15:24:26 | INFO | Episode 154/500 - Reward: -5.90, Length: 40, Loss: -0.5287
2026-03-15 15:24:26 | INFO | Episode 155/500 - Reward: 2.65, Length: 31, Loss: 0.2465
2026-03-15 15:24:27 | INFO | Episode 156/500 - Reward: -5.15, Length: 40, Loss: -0.5831
2026-03-15 15:24:28 | INFO | Episode 157/500 - Reward: -3.20, Length: 40, Loss: -0.4966
2026-03-15 15:24:29 | INFO | Episode 158/500 - Reward: 6.45, Length: 30, Loss: 0.4978
2026-03-15 15:24:29 | INFO | Episode 159/500 - Reward: 7.45, Length: 25, Loss: 0.8311
2026-03-15 15:24:30 | INFO | Episode 160/500 - Reward: -3.95, Length: 40, Loss: -0.5369
2026-03-15 15:24:31 | INFO | Episode 161/500 - Reward: -11.45, Length: 40, Loss: -0.4840
2026-03-15 15:24:32 | INFO | Episode 162/500 - Reward: -4.40, Length: 40, Loss: -0.5607
2026-03-15 15:24:32 | INFO | Episode 163/500 - Reward: 5.80, Length: 22, Loss: 0.8553
2026-03-15 15:24:33 | INFO | Episode 164/500 - Reward: -4.85, Length: 40, Loss: -0.5419
2026-03-15 15:24:34 | INFO | Episode 165/500 - Reward: -4.85, Length: 40, Loss: -0.4966
2026-03-15 15:24:35 | INFO | Episode 166/500 - Reward: -7.40, Length: 40, Loss: -0.3158
2026-03-15 15:24:36 | INFO | Episode 167/500 - Reward: -7.70, Length: 40, Loss: -0.5018
2026-03-15 15:24:36 | INFO | Episode 168/500 - Reward: 1.00, Length: 34, Loss: 0.1043
2026-03-15 15:24:37 | INFO | Episode 169/500 - Reward: 3.85, Length: 28, Loss: 0.3958
2026-03-15 15:24:38 | INFO | Episode 170/500 - Reward: -5.30, Length: 40, Loss: -0.5343
2026-03-15 15:24:39 | INFO | Episode 171/500 - Reward: -4.85, Length: 40, Loss: -0.6238
2026-03-15 15:24:39 | INFO | Episode 172/500 - Reward: -4.40, Length: 40, Loss: -0.5805
2026-03-15 15:24:40 | INFO | Episode 173/500 - Reward: -3.05, Length: 40, Loss: -0.5151
2026-03-15 15:24:41 | INFO | Episode 174/500 - Reward: 4.40, Length: 35, Loss: 0.2649
2026-03-15 15:24:42 | INFO | Episode 175/500 - Reward: -5.00, Length: 40, Loss: -0.5246
2026-03-15 15:24:42 | INFO | Episode 176/500 - Reward: -5.00, Length: 40, Loss: -0.5412
2026-03-15 15:24:43 | INFO | Episode 177/500 - Reward: -5.60, Length: 40, Loss: -0.5089
2026-03-15 15:24:44 | INFO | Episode 178/500 - Reward: 2.45, Length: 38, Loss: 0.1027
2026-03-15 15:24:45 | INFO | Episode 179/500 - Reward: -5.00, Length: 40, Loss: -0.5746
2026-03-15 15:24:46 | INFO | Episode 180/500 - Reward: -5.45, Length: 40, Loss: -0.5622
2026-03-15 15:24:46 | INFO | Episode 181/500 - Reward: -5.15, Length: 40, Loss: -0.5477
2026-03-15 15:24:47 | INFO | Episode 182/500 - Reward: -5.45, Length: 40, Loss: -0.5301
2026-03-15 15:24:48 | INFO | Episode 183/500 - Reward: -4.10, Length: 40, Loss: -0.5020
2026-03-15 15:24:49 | INFO | Episode 184/500 - Reward: -3.95, Length: 40, Loss: -0.4912
2026-03-15 15:24:49 | INFO | Episode 185/500 - Reward: -4.25, Length: 40, Loss: -0.5200
2026-03-15 15:24:50 | INFO | Episode 186/500 - Reward: -5.90, Length: 40, Loss: -0.5808
2026-03-15 15:24:51 | INFO | Episode 187/500 - Reward: -3.95, Length: 40, Loss: -0.5495
2026-03-15 15:24:52 | INFO | Episode 188/500 - Reward: -3.95, Length: 40, Loss: -0.4853
2026-03-15 15:24:52 | INFO | Episode 189/500 - Reward: 3.85, Length: 25, Loss: 0.5411
2026-03-15 15:24:53 | INFO | Episode 190/500 - Reward: -4.70, Length: 40, Loss: -0.5501
2026-03-15 15:24:54 | INFO | Episode 191/500 - Reward: -5.15, Length: 40, Loss: -0.5260
2026-03-15 15:24:55 | INFO | Episode 192/500 - Reward: -6.05, Length: 40, Loss: -0.4889
2026-03-15 15:24:55 | INFO | Episode 193/500 - Reward: -4.10, Length: 40, Loss: -0.5967
2026-03-15 15:24:56 | INFO | Episode 194/500 - Reward: -6.05, Length: 40, Loss: -0.5715
2026-03-15 15:24:57 | INFO | Episode 195/500 - Reward: -5.15, Length: 40, Loss: -0.5894
2026-03-15 15:24:58 | INFO | Episode 196/500 - Reward: -6.20, Length: 34, Loss: -0.1093
2026-03-15 15:24:59 | INFO | Episode 197/500 - Reward: -5.30, Length: 40, Loss: -0.4317
2026-03-15 15:24:59 | INFO | Episode 198/500 - Reward: -4.85, Length: 40, Loss: -0.4728
2026-03-15 15:25:00 | INFO | Episode 199/500 - Reward: 5.00, Length: 29, Loss: 0.4716
2026-03-15 15:25:01 | INFO | Episode 200/500 - Reward: 8.65, Length: 13, Loss: 1.9979
2026-03-15 15:25:01 | INFO | Episode 200/500 - Avg Reward: -3.00, Avg Length: 37.28, Avg Loss: -0.2780
2026-03-15 15:25:02 | INFO | Episode 201/500 - Reward: -4.40, Length: 40, Loss: -0.5417
2026-03-15 15:25:02 | INFO | Episode 202/500 - Reward: -3.80, Length: 40, Loss: -0.5438
2026-03-15 15:25:03 | INFO | Episode 203/500 - Reward: -11.15, Length: 40, Loss: -0.5170
2026-03-15 15:25:04 | INFO | Episode 204/500 - Reward: -7.10, Length: 40, Loss: -0.4282
2026-03-15 15:25:05 | INFO | Episode 205/500 - Reward: -5.90, Length: 40, Loss: -0.4449
2026-03-15 15:25:05 | INFO | Episode 206/500 - Reward: -5.30, Length: 40, Loss: -0.5152
2026-03-15 15:25:06 | INFO | Episode 207/500 - Reward: -4.10, Length: 40, Loss: -0.5384
2026-03-15 15:25:07 | INFO | Episode 208/500 - Reward: -4.10, Length: 40, Loss: -0.4833
2026-03-15 15:25:08 | INFO | Episode 209/500 - Reward: -3.95, Length: 40, Loss: -0.5373
2026-03-15 15:25:08 | INFO | Episode 210/500 - Reward: -2.60, Length: 40, Loss: -0.5166
2026-03-15 15:25:09 | INFO | Episode 211/500 - Reward: -4.85, Length: 40, Loss: -0.6490
2026-03-15 15:25:10 | INFO | Episode 212/500 - Reward: -3.50, Length: 40, Loss: -0.5603
2026-03-15 15:25:11 | INFO | Episode 213/500 - Reward: 8.15, Length: 17, Loss: 1.5383
2026-03-15 15:25:12 | INFO | Episode 214/500 - Reward: 6.55, Length: 31, Loss: 0.4519
2026-03-15 15:25:12 | INFO | Episode 215/500 - Reward: -5.30, Length: 40, Loss: -0.5712
2026-03-15 15:25:13 | INFO | Episode 216/500 - Reward: -3.50, Length: 40, Loss: -0.5426
2026-03-15 15:25:14 | INFO | Episode 217/500 - Reward: 2.75, Length: 32, Loss: 0.2393
2026-03-15 15:25:15 | INFO | Episode 218/500 - Reward: -4.10, Length: 40, Loss: -0.4841
2026-03-15 15:25:15 | INFO | Episode 219/500 - Reward: -5.90, Length: 40, Loss: -0.5158
2026-03-15 15:25:16 | INFO | Episode 220/500 - Reward: -4.70, Length: 40, Loss: -0.5060
2026-03-15 15:25:17 | INFO | Episode 221/500 - Reward: -4.10, Length: 40, Loss: -0.5066
2026-03-15 15:25:18 | INFO | Episode 222/500 - Reward: -6.80, Length: 40, Loss: -0.4267
2026-03-15 15:25:18 | INFO | Episode 223/500 - Reward: -7.10, Length: 40, Loss: -0.4613
2026-03-15 15:25:19 | INFO | Episode 224/500 - Reward: 7.05, Length: 30, Loss: 0.5255
2026-03-15 15:25:20 | INFO | Episode 225/500 - Reward: -6.20, Length: 40, Loss: -0.4954
2026-03-15 15:25:21 | INFO | Episode 226/500 - Reward: -5.15, Length: 40, Loss: -0.6043
2026-03-15 15:25:22 | INFO | Episode 227/500 - Reward: 4.75, Length: 19, Loss: 0.9261
2026-03-15 15:25:22 | INFO | Episode 228/500 - Reward: -4.55, Length: 40, Loss: -0.5083
2026-03-15 15:25:23 | INFO | Episode 229/500 - Reward: -4.10, Length: 40, Loss: -0.5370
2026-03-15 15:25:24 | INFO | Episode 230/500 - Reward: -4.85, Length: 40, Loss: -0.4997
2026-03-15 15:25:25 | INFO | Episode 231/500 - Reward: 2.10, Length: 24, Loss: 0.3585
2026-03-15 15:25:25 | INFO | Episode 232/500 - Reward: -6.35, Length: 40, Loss: -0.6197
2026-03-15 15:25:26 | INFO | Episode 233/500 - Reward: -4.70, Length: 40, Loss: -0.5339
2026-03-15 15:25:27 | INFO | Episode 234/500 - Reward: -3.65, Length: 40, Loss: -0.6007
2026-03-15 15:25:28 | INFO | Episode 235/500 - Reward: -8.15, Length: 40, Loss: -0.5286
2026-03-15 15:25:28 | INFO | Episode 236/500 - Reward: -10.40, Length: 40, Loss: -0.4491
2026-03-15 15:25:29 | INFO | Episode 237/500 - Reward: -3.35, Length: 40, Loss: -0.5617
2026-03-15 15:25:30 | INFO | Episode 238/500 - Reward: -4.85, Length: 40, Loss: -0.5610
2026-03-15 15:25:31 | INFO | Episode 239/500 - Reward: -1.25, Length: 40, Loss: -0.0030
2026-03-15 15:25:31 | INFO | Episode 240/500 - Reward: -17.15, Length: 40, Loss: -0.4514
2026-03-15 15:25:32 | INFO | Episode 241/500 - Reward: -3.80, Length: 40, Loss: -0.6049
2026-03-15 15:25:33 | INFO | Episode 242/500 - Reward: -5.30, Length: 40, Loss: -0.5419
2026-03-15 15:25:34 | INFO | Episode 243/500 - Reward: -5.00, Length: 40, Loss: -0.5680
2026-03-15 15:25:35 | INFO | Episode 244/500 - Reward: 6.45, Length: 36, Loss: 0.2790
2026-03-15 15:25:35 | INFO | Episode 245/500 - Reward: -4.10, Length: 40, Loss: -0.5587
2026-03-15 15:25:36 | INFO | Episode 246/500 - Reward: -15.20, Length: 40, Loss: -0.4292
2026-03-15 15:25:38 | INFO | Episode 247/500 - Reward: 4.40, Length: 35, Loss: 0.2286
2026-03-15 15:25:39 | INFO | Episode 248/500 - Reward: -4.25, Length: 40, Loss: -0.5300
2026-03-15 15:25:39 | INFO | Episode 249/500 - Reward: -5.30, Length: 40, Loss: -0.3642
2026-03-15 15:25:40 | INFO | Episode 250/500 - Reward: -6.35, Length: 40, Loss: -0.6363
2026-03-15 15:25:40 | INFO | Episode 250/500 - Avg Reward: -3.88, Avg Length: 38.08, Avg Loss: -0.3386
2026-03-15 15:25:41 | INFO | Episode 251/500 - Reward: -3.50, Length: 40, Loss: -0.4959
2026-03-15 15:25:42 | INFO | Episode 252/500 - Reward: -8.15, Length: 40, Loss: -0.4685
2026-03-15 15:25:42 | INFO | Episode 253/500 - Reward: -5.90, Length: 40, Loss: -0.5463
2026-03-15 15:25:43 | INFO | Episode 254/500 - Reward: 2.55, Length: 39, Loss: 0.1103
2026-03-15 15:25:44 | INFO | Episode 255/500 - Reward: -3.80, Length: 40, Loss: -0.5592
2026-03-15 15:25:45 | INFO | Episode 256/500 - Reward: -5.15, Length: 40, Loss: -0.5534
2026-03-15 15:25:46 | INFO | Episode 257/500 - Reward: -5.60, Length: 40, Loss: -0.4931
2026-03-15 15:25:46 | INFO | Episode 258/500 - Reward: 6.45, Length: 27, Loss: 0.6410
2026-03-15 15:25:47 | INFO | Episode 259/500 - Reward: -5.45, Length: 40, Loss: -0.5748
2026-03-15 15:25:48 | INFO | Episode 260/500 - Reward: 5.90, Length: 26, Loss: 0.6465
2026-03-15 15:25:49 | INFO | Episode 261/500 - Reward: -3.65, Length: 40, Loss: -0.5414
2026-03-15 15:25:49 | INFO | Episode 262/500 - Reward: -3.50, Length: 40, Loss: -0.4687
2026-03-15 15:25:50 | INFO | Episode 263/500 - Reward: -4.85, Length: 40, Loss: -0.5433
2026-03-15 15:25:51 | INFO | Episode 264/500 - Reward: -4.10, Length: 40, Loss: -0.5562
2026-03-15 15:25:52 | INFO | Episode 265/500 - Reward: -4.25, Length: 40, Loss: -0.5142
2026-03-15 15:25:52 | INFO | Episode 266/500 - Reward: -4.25, Length: 40, Loss: -0.5781
2026-03-15 15:25:53 | INFO | Episode 267/500 - Reward: -7.40, Length: 40, Loss: -0.4739
2026-03-15 15:25:54 | INFO | Episode 268/500 - Reward: -5.15, Length: 40, Loss: -0.5036
2026-03-15 15:25:55 | INFO | Episode 269/500 - Reward: 7.35, Length: 24, Loss: 0.8939
2026-03-15 15:25:56 | INFO | Episode 270/500 - Reward: 8.05, Length: 16, Loss: 1.5923
2026-03-15 15:25:56 | INFO | Episode 271/500 - Reward: 3.75, Length: 24, Loss: 0.5340
2026-03-15 15:25:57 | INFO | Episode 272/500 - Reward: -11.90, Length: 40, Loss: -0.4747
2026-03-15 15:25:58 | INFO | Episode 273/500 - Reward: -4.40, Length: 40, Loss: -0.6057
2026-03-15 15:25:59 | INFO | Episode 274/500 - Reward: -3.80, Length: 40, Loss: -0.5781
2026-03-15 15:25:59 | INFO | Episode 275/500 - Reward: -3.95, Length: 40, Loss: -0.4565
2026-03-15 15:26:00 | INFO | Episode 276/500 - Reward: -3.80, Length: 40, Loss: -0.5681
2026-03-15 15:26:01 | INFO | Episode 277/500 - Reward: -5.30, Length: 40, Loss: -0.4902
2026-03-15 15:26:02 | INFO | Episode 278/500 - Reward: -5.45, Length: 40, Loss: -0.6087
2026-03-15 15:26:02 | INFO | Episode 279/500 - Reward: -4.85, Length: 40, Loss: -0.6027
2026-03-15 15:26:03 | INFO | Episode 280/500 - Reward: -4.40, Length: 40, Loss: -0.5910
2026-03-15 15:26:04 | INFO | Episode 281/500 - Reward: -5.30, Length: 40, Loss: -0.5203
2026-03-15 15:26:05 | INFO | Episode 282/500 - Reward: -4.10, Length: 40, Loss: -0.5781
2026-03-15 15:26:06 | INFO | Episode 283/500 - Reward: 2.65, Length: 31, Loss: 0.2600
2026-03-15 15:26:06 | INFO | Episode 284/500 - Reward: -7.85, Length: 40, Loss: -0.4256
2026-03-15 15:26:07 | INFO | Episode 285/500 - Reward: -5.30, Length: 40, Loss: -0.5408
2026-03-15 15:26:08 | INFO | Episode 286/500 - Reward: -4.55, Length: 40, Loss: -0.4776
2026-03-15 15:26:09 | INFO | Episode 287/500 - Reward: -3.80, Length: 40, Loss: -0.4914
2026-03-15 15:26:09 | INFO | Episode 288/500 - Reward: -4.55, Length: 40, Loss: -0.5188
2026-03-15 15:26:10 | INFO | Episode 289/500 - Reward: -5.45, Length: 40, Loss: -0.5837
2026-03-15 15:26:11 | INFO | Episode 290/500 - Reward: -4.40, Length: 40, Loss: -0.5421
2026-03-15 15:26:12 | INFO | Episode 291/500 - Reward: 1.10, Length: 38, Loss: 0.0628
2026-03-15 15:26:12 | INFO | Episode 292/500 - Reward: -4.10, Length: 40, Loss: -0.6511
2026-03-15 15:26:13 | INFO | Episode 293/500 - Reward: -5.60, Length: 40, Loss: -0.4984
2026-03-15 15:26:14 | INFO | Episode 294/500 - Reward: -8.60, Length: 40, Loss: -0.4312
2026-03-15 15:26:15 | INFO | Episode 295/500 - Reward: 7.15, Length: 37, Loss: 0.2904
2026-03-15 15:26:16 | INFO | Episode 296/500 - Reward: 6.05, Length: 32, Loss: 0.4027
2026-03-15 15:26:16 | INFO | Episode 297/500 - Reward: -8.90, Length: 40, Loss: -0.3180
2026-03-15 15:26:17 | INFO | Episode 298/500 - Reward: -4.25, Length: 40, Loss: -0.5537
2026-03-15 15:26:18 | INFO | Episode 299/500 - Reward: -3.65, Length: 40, Loss: -0.5263
2026-03-15 15:26:19 | INFO | Episode 300/500 - Reward: -4.70, Length: 40, Loss: -0.5807
2026-03-15 15:26:19 | INFO | Episode 300/500 - Avg Reward: -3.13, Avg Length: 37.88, Avg Loss: -0.3130
2026-03-15 15:26:19 | INFO | Episode 301/500 - Reward: -5.30, Length: 40, Loss: -0.5361
2026-03-15 15:26:20 | INFO | Episode 302/500 - Reward: -8.45, Length: 40, Loss: -0.4395
2026-03-15 15:26:21 | INFO | Episode 303/500 - Reward: -15.35, Length: 40, Loss: -0.3975
2026-03-15 15:26:22 | INFO | Episode 304/500 - Reward: -4.25, Length: 40, Loss: -0.5623
2026-03-15 15:26:23 | INFO | Episode 305/500 - Reward: -4.55, Length: 40, Loss: -0.5091
2026-03-15 15:26:23 | INFO | Episode 306/500 - Reward: -11.45, Length: 40, Loss: -0.5106
2026-03-15 15:26:24 | INFO | Episode 307/500 - Reward: -4.70, Length: 40, Loss: -0.5262
2026-03-15 15:26:25 | INFO | Episode 308/500 - Reward: -4.25, Length: 40, Loss: -0.6024
2026-03-15 15:26:26 | INFO | Episode 309/500 - Reward: -3.80, Length: 40, Loss: -0.4773
2026-03-15 15:26:26 | INFO | Episode 310/500 - Reward: -3.50, Length: 40, Loss: -0.5472
2026-03-15 15:26:27 | INFO | Episode 311/500 - Reward: -4.85, Length: 40, Loss: -0.5749
2026-03-15 15:26:28 | INFO | Episode 312/500 - Reward: -5.15, Length: 40, Loss: -0.5582
2026-03-15 15:26:29 | INFO | Episode 313/500 - Reward: -4.25, Length: 40, Loss: -0.5293
2026-03-15 15:26:29 | INFO | Episode 314/500 - Reward: 8.75, Length: 14, Loss: 1.9205
2026-03-15 15:26:30 | INFO | Episode 315/500 - Reward: -4.40, Length: 40, Loss: -0.5674
2026-03-15 15:26:31 | INFO | Episode 316/500 - Reward: -3.65, Length: 40, Loss: -0.5807
2026-03-15 15:26:32 | INFO | Episode 317/500 - Reward: -3.80, Length: 40, Loss: -0.5995
2026-03-15 15:26:33 | INFO | Episode 318/500 - Reward: -5.15, Length: 40, Loss: -0.5350
2026-03-15 15:26:33 | INFO | Episode 319/500 - Reward: -4.40, Length: 40, Loss: -0.6081
2026-03-15 15:26:34 | INFO | Episode 320/500 - Reward: 0.70, Length: 34, Loss: 0.0864
2026-03-15 15:26:35 | INFO | Episode 321/500 - Reward: -4.85, Length: 40, Loss: -0.5606
2026-03-15 15:26:36 | INFO | Episode 322/500 - Reward: -4.85, Length: 40, Loss: -0.5987
2026-03-15 15:26:36 | INFO | Episode 323/500 - Reward: -10.40, Length: 40, Loss: -0.4806
2026-03-15 15:26:37 | INFO | Episode 324/500 - Reward: -3.95, Length: 40, Loss: -0.5995
2026-03-15 15:26:38 | INFO | Episode 325/500 - Reward: -6.20, Length: 40, Loss: -0.6005
2026-03-15 15:26:39 | INFO | Episode 326/500 - Reward: -3.95, Length: 40, Loss: -0.5267
2026-03-15 15:26:40 | INFO | Episode 327/500 - Reward: 1.00, Length: 34, Loss: 0.1170
2026-03-15 15:26:40 | INFO | Episode 328/500 - Reward: -3.65, Length: 40, Loss: -0.5377
2026-03-15 15:26:41 | INFO | Episode 329/500 - Reward: -3.65, Length: 40, Loss: -0.5070
2026-03-15 15:26:42 | INFO | Episode 330/500 - Reward: -3.80, Length: 40, Loss: -0.4827
2026-03-15 15:26:43 | INFO | Episode 331/500 - Reward: 3.25, Length: 28, Loss: 0.3610
2026-03-15 15:26:43 | INFO | Episode 332/500 - Reward: -4.70, Length: 40, Loss: -0.5845
2026-03-15 15:26:44 | INFO | Episode 333/500 - Reward: -7.70, Length: 40, Loss: -0.4235
2026-03-15 15:26:45 | INFO | Episode 334/500 - Reward: -4.85, Length: 40, Loss: -0.6005
2026-03-15 15:26:46 | INFO | Episode 335/500 - Reward: -6.35, Length: 40, Loss: -0.5403
2026-03-15 15:26:47 | INFO | Episode 336/500 - Reward: -0.65, Length: 34, Loss: 0.0263
2026-03-15 15:26:47 | INFO | Episode 337/500 - Reward: -5.45, Length: 40, Loss: -0.5783
2026-03-15 15:26:48 | INFO | Episode 338/500 - Reward: -4.70, Length: 40, Loss: -0.5538
2026-03-15 15:26:49 | INFO | Episode 339/500 - Reward: -5.45, Length: 40, Loss: -0.6347
2026-03-15 15:26:50 | INFO | Episode 340/500 - Reward: -3.80, Length: 40, Loss: -0.5893
2026-03-15 15:26:50 | INFO | Episode 341/500 - Reward: 4.90, Length: 34, Loss: 0.2586
2026-03-15 15:26:51 | INFO | Episode 342/500 - Reward: -4.85, Length: 40, Loss: -0.6055
2026-03-15 15:26:52 | INFO | Episode 343/500 - Reward: -9.80, Length: 40, Loss: -0.5228
2026-03-15 15:26:53 | INFO | Episode 344/500 - Reward: -7.25, Length: 40, Loss: -0.4352
2026-03-15 15:26:54 | INFO | Episode 345/500 - Reward: -4.40, Length: 40, Loss: -0.5613
2026-03-15 15:26:54 | INFO | Episode 346/500 - Reward: -5.90, Length: 40, Loss: -0.5907
2026-03-15 15:26:55 | INFO | Episode 347/500 - Reward: -4.70, Length: 40, Loss: -0.5584
2026-03-15 15:26:56 | INFO | Episode 348/500 - Reward: -5.60, Length: 40, Loss: -0.5688
2026-03-15 15:26:57 | INFO | Episode 349/500 - Reward: -3.50, Length: 40, Loss: -0.5265
2026-03-15 15:26:58 | INFO | Episode 350/500 - Reward: -6.35, Length: 40, Loss: -0.4049
2026-03-15 15:26:58 | INFO | Episode 350/500 - Avg Reward: -4.48, Avg Length: 38.76, Avg Loss: -0.4213
2026-03-15 15:26:58 | INFO | Episode 351/500 - Reward: -6.20, Length: 40, Loss: -0.4109
2026-03-15 15:26:59 | INFO | Episode 352/500 - Reward: 6.70, Length: 16, Loss: 1.4903
2026-03-15 15:27:00 | INFO | Episode 353/500 - Reward: -3.95, Length: 40, Loss: -0.4975
2026-03-15 15:27:01 | INFO | Episode 354/500 - Reward: 6.60, Length: 15, Loss: 1.6330
2026-03-15 15:27:01 | INFO | Episode 355/500 - Reward: -7.85, Length: 40, Loss: -0.3498
2026-03-15 15:27:02 | INFO | Episode 356/500 - Reward: -4.40, Length: 40, Loss: -0.5838
2026-03-15 15:27:03 | INFO | Episode 357/500 - Reward: -4.25, Length: 40, Loss: -0.5680
2026-03-15 15:27:04 | INFO | Episode 358/500 - Reward: -4.25, Length: 40, Loss: -0.5024
2026-03-15 15:27:05 | INFO | Episode 359/500 - Reward: -3.65, Length: 40, Loss: -0.5610
2026-03-15 15:27:05 | INFO | Episode 360/500 - Reward: -3.50, Length: 40, Loss: -0.5485
2026-03-15 15:27:06 | INFO | Episode 361/500 - Reward: -13.55, Length: 40, Loss: -0.3917
2026-03-15 15:27:07 | INFO | Episode 362/500 - Reward: -4.55, Length: 40, Loss: -0.5768
2026-03-15 15:27:08 | INFO | Episode 363/500 - Reward: -5.15, Length: 40, Loss: -0.6351
2026-03-15 15:27:08 | INFO | Episode 364/500 - Reward: -4.40, Length: 40, Loss: -0.5789
2026-03-15 15:27:09 | INFO | Episode 365/500 - Reward: -5.45, Length: 40, Loss: -0.5925
2026-03-15 15:27:10 | INFO | Episode 366/500 - Reward: -3.95, Length: 40, Loss: -0.5177
2026-03-15 15:27:11 | INFO | Episode 367/500 - Reward: -3.95, Length: 40, Loss: -0.5986
2026-03-15 15:27:12 | INFO | Episode 368/500 - Reward: -4.85, Length: 40, Loss: -0.6001
2026-03-15 15:27:12 | INFO | Episode 369/500 - Reward: -5.45, Length: 40, Loss: -0.6439
2026-03-15 15:27:13 | INFO | Episode 370/500 - Reward: 5.75, Length: 38, Loss: 0.1901
2026-03-15 15:27:14 | INFO | Episode 371/500 - Reward: -5.45, Length: 40, Loss: -0.4142
2026-03-15 15:27:15 | INFO | Episode 372/500 - Reward: -4.25, Length: 40, Loss: -0.4950
2026-03-15 15:27:15 | INFO | Episode 373/500 - Reward: 6.55, Length: 37, Loss: 0.2721
2026-03-15 15:27:16 | INFO | Episode 374/500 - Reward: -4.25, Length: 40, Loss: -0.5663
2026-03-15 15:27:17 | INFO | Episode 375/500 - Reward: -6.65, Length: 40, Loss: -0.5904
2026-03-15 15:27:18 | INFO | Episode 376/500 - Reward: -4.85, Length: 40, Loss: -0.5173
2026-03-15 15:27:19 | INFO | Episode 377/500 - Reward: -6.35, Length: 40, Loss: -0.4332
2026-03-15 15:27:19 | INFO | Episode 378/500 - Reward: 4.90, Length: 40, Loss: 0.1201
2026-03-15 15:27:20 | INFO | Episode 379/500 - Reward: -4.85, Length: 40, Loss: -0.5532
2026-03-15 15:27:21 | INFO | Episode 380/500 - Reward: -3.95, Length: 40, Loss: -0.5780
2026-03-15 15:27:22 | INFO | Episode 381/500 - Reward: -3.80, Length: 40, Loss: -0.5786
2026-03-15 15:27:22 | INFO | Episode 382/500 - Reward: -5.75, Length: 40, Loss: -0.5252
2026-03-15 15:27:23 | INFO | Episode 383/500 - Reward: -4.55, Length: 40, Loss: -0.5829
2026-03-15 15:27:24 | INFO | Episode 384/500 - Reward: 7.45, Length: 22, Loss: 1.0239
2026-03-15 15:27:25 | INFO | Episode 385/500 - Reward: -5.75, Length: 40, Loss: -0.4820
2026-03-15 15:27:26 | INFO | Episode 386/500 - Reward: -3.65, Length: 40, Loss: -0.5116
2026-03-15 15:27:26 | INFO | Episode 387/500 - Reward: -5.90, Length: 40, Loss: -0.4521
2026-03-15 15:27:27 | INFO | Episode 388/500 - Reward: -6.20, Length: 40, Loss: -0.5376
2026-03-15 15:27:28 | INFO | Episode 389/500 - Reward: -3.50, Length: 40, Loss: -0.5330
2026-03-15 15:27:29 | INFO | Episode 390/500 - Reward: -11.60, Length: 40, Loss: -0.4802
2026-03-15 15:27:29 | INFO | Episode 391/500 - Reward: -4.25, Length: 40, Loss: -0.4789
2026-03-15 15:27:30 | INFO | Episode 392/500 - Reward: -3.95, Length: 40, Loss: -0.5391
2026-03-15 15:27:31 | INFO | Episode 393/500 - Reward: -5.75, Length: 40, Loss: -0.5599
2026-03-15 15:27:32 | INFO | Episode 394/500 - Reward: -5.00, Length: 40, Loss: -0.5673
2026-03-15 15:27:33 | INFO | Episode 395/500 - Reward: 4.20, Length: 39, Loss: 0.1610
2026-03-15 15:27:33 | INFO | Episode 396/500 - Reward: -3.95, Length: 40, Loss: -0.5118
2026-03-15 15:27:35 | INFO | Episode 397/500 - Reward: -3.95, Length: 40, Loss: -0.5172
2026-03-15 15:27:36 | INFO | Episode 398/500 - Reward: -4.55, Length: 40, Loss: -0.4837
2026-03-15 15:27:37 | INFO | Episode 399/500 - Reward: -8.45, Length: 40, Loss: -0.4669
2026-03-15 15:27:38 | INFO | Episode 400/500 - Reward: 7.10, Length: 11, Loss: 2.1880
2026-03-15 15:27:38 | INFO | Episode 400/500 - Avg Reward: -3.43, Avg Length: 37.96, Avg Loss: -0.3007
2026-03-15 15:27:38 | INFO | Episode 401/500 - Reward: -5.15, Length: 40, Loss: -0.4548
2026-03-15 15:27:39 | INFO | Episode 402/500 - Reward: 3.25, Length: 31, Loss: 0.3262
2026-03-15 15:27:40 | INFO | Episode 403/500 - Reward: 7.75, Length: 22, Loss: 0.9841
2026-03-15 15:27:41 | INFO | Episode 404/500 - Reward: -6.35, Length: 40, Loss: -0.4852
2026-03-15 15:27:42 | INFO | Episode 405/500 - Reward: -5.30, Length: 40, Loss: -0.5185
2026-03-15 15:27:42 | INFO | Episode 406/500 - Reward: -4.10, Length: 40, Loss: -0.5850
2026-03-15 15:27:43 | INFO | Episode 407/500 - Reward: 3.85, Length: 25, Loss: 0.5078
2026-03-15 15:27:44 | INFO | Episode 408/500 - Reward: -3.50, Length: 40, Loss: -0.5502
2026-03-15 15:27:45 | INFO | Episode 409/500 - Reward: -4.85, Length: 40, Loss: -0.4635
2026-03-15 15:27:46 | INFO | Episode 410/500 - Reward: 5.60, Length: 23, Loss: 0.8013
2026-03-15 15:27:46 | INFO | Episode 411/500 - Reward: -2.75, Length: 40, Loss: -0.5681
2026-03-15 15:27:47 | INFO | Episode 412/500 - Reward: -5.30, Length: 40, Loss: -0.5640
2026-03-15 15:27:48 | INFO | Episode 413/500 - Reward: 2.30, Length: 29, Loss: 0.2181
2026-03-15 15:27:49 | INFO | Episode 414/500 - Reward: -5.45, Length: 40, Loss: -0.4158
2026-03-15 15:27:49 | INFO | Episode 415/500 - Reward: -3.65, Length: 40, Loss: -0.5635
2026-03-15 15:27:50 | INFO | Episode 416/500 - Reward: -2.75, Length: 40, Loss: -0.4917
2026-03-15 15:27:51 | INFO | Episode 417/500 - Reward: -4.40, Length: 40, Loss: -0.5345
2026-03-15 15:27:52 | INFO | Episode 418/500 - Reward: 6.85, Length: 34, Loss: 0.3459
2026-03-15 15:27:53 | INFO | Episode 419/500 - Reward: -4.70, Length: 40, Loss: -0.5273
2026-03-15 15:27:53 | INFO | Episode 420/500 - Reward: -4.55, Length: 40, Loss: -0.0772
2026-03-15 15:27:54 | INFO | Episode 421/500 - Reward: -5.15, Length: 40, Loss: -0.5161
2026-03-15 15:27:55 | INFO | Episode 422/500 - Reward: -4.10, Length: 40, Loss: -0.4803
2026-03-15 15:27:56 | INFO | Episode 423/500 - Reward: -6.05, Length: 40, Loss: -0.4516
2026-03-15 15:27:57 | INFO | Episode 424/500 - Reward: -5.30, Length: 40, Loss: -0.6172
2026-03-15 15:27:57 | INFO | Episode 425/500 - Reward: -4.25, Length: 40, Loss: -0.5538
2026-03-15 15:27:58 | INFO | Episode 426/500 - Reward: 5.10, Length: 27, Loss: 0.5849
2026-03-15 15:27:59 | INFO | Episode 427/500 - Reward: -9.95, Length: 40, Loss: -0.4136
2026-03-15 15:28:00 | INFO | Episode 428/500 - Reward: -4.10, Length: 40, Loss: -0.5224
2026-03-15 15:28:00 | INFO | Episode 429/500 - Reward: -5.15, Length: 40, Loss: -0.5454
2026-03-15 15:28:01 | INFO | Episode 430/500 - Reward: 2.85, Length: 36, Loss: 0.1508
2026-03-15 15:28:02 | INFO | Episode 431/500 - Reward: 5.95, Length: 40, Loss: 0.1711
2026-03-15 15:28:03 | INFO | Episode 432/500 - Reward: -5.75, Length: 40, Loss: -0.5267
2026-03-15 15:28:04 | INFO | Episode 433/500 - Reward: -4.25, Length: 40, Loss: -0.5424
2026-03-15 15:28:05 | INFO | Episode 434/500 - Reward: -16.70, Length: 40, Loss: -0.4534
2026-03-15 15:28:05 | INFO | Episode 435/500 - Reward: 6.65, Length: 32, Loss: 0.4213
2026-03-15 15:28:06 | INFO | Episode 436/500 - Reward: -4.70, Length: 40, Loss: -0.5842
2026-03-15 15:28:07 | INFO | Episode 437/500 - Reward: -11.60, Length: 40, Loss: -0.4311
2026-03-15 15:28:08 | INFO | Episode 438/500 - Reward: -4.70, Length: 40, Loss: -0.6166
2026-03-15 15:28:09 | INFO | Episode 439/500 - Reward: -3.95, Length: 40, Loss: -0.5152
2026-03-15 15:28:09 | INFO | Episode 440/500 - Reward: -4.40, Length: 40, Loss: -0.5319
2026-03-15 15:28:10 | INFO | Episode 441/500 - Reward: -5.75, Length: 40, Loss: -0.5284
2026-03-15 15:28:11 | INFO | Episode 442/500 - Reward: -5.00, Length: 40, Loss: -0.5562
2026-03-15 15:28:12 | INFO | Episode 443/500 - Reward: 6.65, Length: 29, Loss: 0.4975
2026-03-15 15:28:13 | INFO | Episode 444/500 - Reward: -5.60, Length: 40, Loss: -0.5726
2026-03-15 15:28:13 | INFO | Episode 445/500 - Reward: -6.35, Length: 40, Loss: -0.5257
2026-03-15 15:28:14 | INFO | Episode 446/500 - Reward: -5.45, Length: 40, Loss: -0.4841
2026-03-15 15:28:15 | INFO | Episode 447/500 - Reward: 7.85, Length: 20, Loss: 1.1643
2026-03-15 15:28:16 | INFO | Episode 448/500 - Reward: -5.90, Length: 40, Loss: -0.3531
2026-03-15 15:28:16 | INFO | Episode 449/500 - Reward: 8.85, Length: 15, Loss: 1.7089
2026-03-15 15:28:17 | INFO | Episode 450/500 - Reward: 6.80, Length: 17, Loss: 1.3804
2026-03-15 15:28:17 | INFO | Episode 450/500 - Avg Reward: -2.33, Avg Length: 36.40, Avg Loss: -0.1772
2026-03-15 15:28:18 | INFO | Episode 451/500 - Reward: 7.25, Length: 26, Loss: 0.7035
2026-03-15 15:28:19 | INFO | Episode 452/500 - Reward: -8.30, Length: 40, Loss: -0.3897
2026-03-15 15:28:20 | INFO | Episode 453/500 - Reward: -11.45, Length: 40, Loss: -0.4047
2026-03-15 15:28:20 | INFO | Episode 454/500 - Reward: -4.55, Length: 40, Loss: -0.5421
2026-03-15 15:28:21 | INFO | Episode 455/500 - Reward: -4.70, Length: 40, Loss: -0.5654
2026-03-15 15:28:22 | INFO | Episode 456/500 - Reward: -4.10, Length: 40, Loss: -0.5706
2026-03-15 15:28:23 | INFO | Episode 457/500 - Reward: -4.55, Length: 40, Loss: -0.6066
2026-03-15 15:28:24 | INFO | Episode 458/500 - Reward: 5.30, Length: 29, Loss: 0.4760
2026-03-15 15:28:24 | INFO | Episode 459/500 - Reward: -5.30, Length: 40, Loss: -0.4915
2026-03-15 15:28:25 | INFO | Episode 460/500 - Reward: 8.45, Length: 20, Loss: 1.2294
2026-03-15 15:28:26 | INFO | Episode 461/500 - Reward: -3.95, Length: 40, Loss: -0.5068
2026-03-15 15:28:27 | INFO | Episode 462/500 - Reward: -5.00, Length: 40, Loss: -0.5021
2026-03-15 15:28:28 | INFO | Episode 463/500 - Reward: -4.55, Length: 40, Loss: -0.5087
2026-03-15 15:28:28 | INFO | Episode 464/500 - Reward: 5.30, Length: 32, Loss: 0.3283
2026-03-15 15:28:29 | INFO | Episode 465/500 - Reward: 5.30, Length: 23, Loss: 0.7606
2026-03-15 15:28:30 | INFO | Episode 466/500 - Reward: -4.55, Length: 40, Loss: -0.5920
2026-03-15 15:28:31 | INFO | Episode 467/500 - Reward: 7.85, Length: 23, Loss: 0.9166
2026-03-15 15:28:31 | INFO | Episode 468/500 - Reward: 2.60, Length: 20, Loss: 0.5964
2026-03-15 15:28:32 | INFO | Episode 469/500 - Reward: -8.00, Length: 40, Loss: -0.5067
2026-03-15 15:28:33 | INFO | Episode 470/500 - Reward: -6.20, Length: 40, Loss: -0.4073
2026-03-15 15:28:34 | INFO | Episode 471/500 - Reward: -18.20, Length: 40, Loss: -0.4496
2026-03-15 15:28:35 | INFO | Episode 472/500 - Reward: -6.65, Length: 40, Loss: -0.4839
2026-03-15 15:28:35 | INFO | Episode 473/500 - Reward: -5.30, Length: 40, Loss: -0.5577
2026-03-15 15:28:36 | INFO | Episode 474/500 - Reward: 2.40, Length: 24, Loss: 0.4189
2026-03-15 15:28:37 | INFO | Episode 475/500 - Reward: -3.95, Length: 40, Loss: -0.5466
2026-03-15 15:28:38 | INFO | Episode 476/500 - Reward: -4.85, Length: 40, Loss: -0.5452
2026-03-15 15:28:39 | INFO | Episode 477/500 - Reward: -4.25, Length: 40, Loss: -0.5806
2026-03-15 15:28:39 | INFO | Episode 478/500 - Reward: -9.35, Length: 40, Loss: -0.3711
2026-03-15 15:28:40 | INFO | Episode 479/500 - Reward: -4.55, Length: 40, Loss: -0.5597
2026-03-15 15:28:41 | INFO | Episode 480/500 - Reward: -4.85, Length: 40, Loss: -0.5588
2026-03-15 15:28:42 | INFO | Episode 481/500 - Reward: -3.80, Length: 40, Loss: -0.5408
2026-03-15 15:28:42 | INFO | Episode 482/500 - Reward: -11.90, Length: 40, Loss: -0.5536
2026-03-15 15:28:43 | INFO | Episode 483/500 - Reward: -5.30, Length: 40, Loss: -0.5366
2026-03-15 15:28:44 | INFO | Episode 484/500 - Reward: -4.40, Length: 40, Loss: -0.5376
2026-03-15 15:28:45 | INFO | Episode 485/500 - Reward: -3.80, Length: 40, Loss: -0.5586
2026-03-15 15:28:46 | INFO | Episode 486/500 - Reward: -12.20, Length: 40, Loss: -0.4213
2026-03-15 15:28:46 | INFO | Episode 487/500 - Reward: 5.70, Length: 21, Loss: 0.9147
2026-03-15 15:28:47 | INFO | Episode 488/500 - Reward: -9.05, Length: 40, Loss: -0.3147
2026-03-15 15:28:48 | INFO | Episode 489/500 - Reward: -4.55, Length: 40, Loss: -0.6592
2026-03-15 15:28:49 | INFO | Episode 490/500 - Reward: -6.05, Length: 40, Loss: -0.5882
2026-03-15 15:28:50 | INFO | Episode 491/500 - Reward: 6.30, Length: 18, Loss: 1.1997
2026-03-15 15:28:50 | INFO | Episode 492/500 - Reward: -4.85, Length: 40, Loss: -0.6069
2026-03-15 15:28:51 | INFO | Episode 493/500 - Reward: -4.85, Length: 40, Loss: -0.5556
2026-03-15 15:28:52 | INFO | Episode 494/500 - Reward: -4.10, Length: 40, Loss: -0.5781
2026-03-15 15:28:53 | INFO | Episode 495/500 - Reward: -5.15, Length: 40, Loss: -0.5594
2026-03-15 15:28:53 | INFO | Episode 496/500 - Reward: -4.25, Length: 40, Loss: -0.6103
2026-03-15 15:28:54 | INFO | Episode 497/500 - Reward: -4.85, Length: 40, Loss: -0.5847
2026-03-15 15:28:55 | INFO | Episode 498/500 - Reward: 5.10, Length: 33, Loss: 0.3045
2026-03-15 15:28:56 | INFO | Episode 499/500 - Reward: -4.55, Length: 40, Loss: -0.5891
2026-03-15 15:28:57 | INFO | Episode 500/500 - Reward: -6.50, Length: 40, Loss: -0.6269
2026-03-15 15:28:57 | INFO | Episode 500/500 - Avg Reward: -3.51, Avg Length: 36.58, Avg Loss: -0.2564
