2026-03-15 02:12:21 | INFO | JAX DEVICES: [CudaDevice(id=0)]
2026-03-15 02:12:21 | INFO | Starting training of DQN agent with seed=1, num_episodes=500, max_steps=50
2026-03-15 02:12:21 | INFO | Environment parameters: EnvParams(grid_rows=5, grid_cols=5, max_steps=40, start_row=4, start_col=0, goal_row=0, goal_col=4, trap_row=1, trap_col=3, step_penalty=-0.05, trap_penalty=-2.0, invalid_penalty=-0.2, goal_reward=10.0)
2026-03-15 02:12:24 | INFO | Episode    1 - Reward: -6.050, Length: 40, Loss: 0.0000, Epsilon: 0.997
2026-03-15 02:12:24 | INFO | Episode    2 - Reward: 4.700, Length: 32, Loss: 0.0000, Epsilon: 0.994
2026-03-15 02:12:26 | INFO | Episode    3 - Reward: -6.350, Length: 40, Loss: 0.7306, Epsilon: 0.991
2026-03-15 02:12:27 | INFO | Episode    4 - Reward: -4.400, Length: 40, Loss: 0.6652, Epsilon: 0.988
2026-03-15 02:12:28 | INFO | Episode    5 - Reward: -4.700, Length: 40, Loss: 0.4596, Epsilon: 0.985
2026-03-15 02:12:29 | INFO | Episode    6 - Reward: -4.400, Length: 40, Loss: 0.4205, Epsilon: 0.982
2026-03-15 02:12:30 | INFO | Episode    7 - Reward: -5.450, Length: 40, Loss: 0.1282, Epsilon: 0.979
2026-03-15 02:12:31 | INFO | Episode    8 - Reward: -8.150, Length: 40, Loss: 0.3127, Epsilon: 0.976
2026-03-15 02:12:32 | INFO | Episode    9 - Reward: -4.250, Length: 40, Loss: 0.2268, Epsilon: 0.973
2026-03-15 02:12:33 | INFO | Episode   10 - Reward: -4.850, Length: 40, Loss: 0.0955, Epsilon: 0.970
2026-03-15 02:12:34 | INFO | Episode   11 - Reward: -4.850, Length: 40, Loss: 0.2973, Epsilon: 0.967
2026-03-15 02:12:35 | INFO | Episode   12 - Reward: -3.200, Length: 40, Loss: 0.1755, Epsilon: 0.964
2026-03-15 02:12:36 | INFO | Episode   13 - Reward: -5.750, Length: 40, Loss: 0.2290, Epsilon: 0.961
2026-03-15 02:12:37 | INFO | Episode   14 - Reward: 5.700, Length: 24, Loss: 0.2890, Epsilon: 0.958
2026-03-15 02:12:38 | INFO | Episode   15 - Reward: -5.150, Length: 40, Loss: 0.2530, Epsilon: 0.955
2026-03-15 02:12:39 | INFO | Episode   16 - Reward: 3.150, Length: 39, Loss: 0.2901, Epsilon: 0.952
2026-03-15 02:12:40 | INFO | Episode   17 - Reward: -6.200, Length: 40, Loss: 0.5500, Epsilon: 0.949
2026-03-15 02:12:41 | INFO | Episode   18 - Reward: 5.750, Length: 35, Loss: 0.6117, Epsilon: 0.946
2026-03-15 02:12:42 | INFO | Episode   19 - Reward: -4.100, Length: 40, Loss: 0.6379, Epsilon: 0.943
2026-03-15 02:12:43 | INFO | Episode   20 - Reward: -12.800, Length: 40, Loss: 0.5282, Epsilon: 0.940
2026-03-15 02:12:44 | INFO | Episode   21 - Reward: 4.100, Length: 35, Loss: 0.6196, Epsilon: 0.937
2026-03-15 02:12:45 | INFO | Episode   22 - Reward: -3.650, Length: 40, Loss: 0.5758, Epsilon: 0.934
2026-03-15 02:12:46 | INFO | Episode   23 - Reward: -5.450, Length: 40, Loss: 0.4167, Epsilon: 0.931
2026-03-15 02:12:47 | INFO | Episode   24 - Reward: -3.500, Length: 40, Loss: 0.6764, Epsilon: 0.928
2026-03-15 02:12:48 | INFO | Episode   25 - Reward: -5.750, Length: 40, Loss: 0.8163, Epsilon: 0.925
2026-03-15 02:12:49 | INFO | Episode   26 - Reward: -4.250, Length: 40, Loss: 0.5851, Epsilon: 0.922
2026-03-15 02:12:50 | INFO | Episode   27 - Reward: -6.200, Length: 40, Loss: 0.7397, Epsilon: 0.919
2026-03-15 02:12:51 | INFO | Episode   28 - Reward: -3.050, Length: 40, Loss: 0.7481, Epsilon: 0.916
2026-03-15 02:12:52 | INFO | Episode   29 - Reward: -8.150, Length: 40, Loss: 1.0538, Epsilon: 0.913
2026-03-15 02:12:53 | INFO | Episode   30 - Reward: -4.250, Length: 40, Loss: 0.7894, Epsilon: 0.910
2026-03-15 02:12:54 | INFO | Episode   31 - Reward: -5.000, Length: 40, Loss: 0.7286, Epsilon: 0.907
2026-03-15 02:12:55 | INFO | Episode   32 - Reward: -4.550, Length: 40, Loss: 0.7231, Epsilon: 0.904
2026-03-15 02:12:56 | INFO | Episode   33 - Reward: -5.450, Length: 40, Loss: 0.6912, Epsilon: 0.901
2026-03-15 02:12:57 | INFO | Episode   34 - Reward: -4.700, Length: 40, Loss: 0.6822, Epsilon: 0.898
2026-03-15 02:12:57 | INFO | Episode   35 - Reward: -5.000, Length: 40, Loss: 0.6199, Epsilon: 0.895
2026-03-15 02:12:58 | INFO | Episode   36 - Reward: -8.000, Length: 40, Loss: 0.6461, Epsilon: 0.892
2026-03-15 02:12:59 | INFO | Episode   37 - Reward: -0.000, Length: 39, Loss: 0.5290, Epsilon: 0.889
2026-03-15 02:13:00 | INFO | Episode   38 - Reward: -4.850, Length: 40, Loss: 0.4812, Epsilon: 0.886
2026-03-15 02:13:01 | INFO | Episode   39 - Reward: -9.650, Length: 40, Loss: 0.5431, Epsilon: 0.883
2026-03-15 02:13:02 | INFO | Episode   40 - Reward: -4.850, Length: 40, Loss: 0.5432, Epsilon: 0.880
2026-03-15 02:13:03 | INFO | Episode   41 - Reward: 6.150, Length: 36, Loss: 0.6482, Epsilon: 0.877
2026-03-15 02:13:04 | INFO | Episode   42 - Reward: 3.050, Length: 32, Loss: 0.3263, Epsilon: 0.874
2026-03-15 02:13:05 | INFO | Episode   43 - Reward: -5.600, Length: 40, Loss: 0.6116, Epsilon: 0.871
2026-03-15 02:13:06 | INFO | Episode   44 - Reward: 8.150, Length: 17, Loss: 0.4333, Epsilon: 0.868
2026-03-15 02:13:07 | INFO | Episode   45 - Reward: 0.400, Length: 37, Loss: 0.4735, Epsilon: 0.865
2026-03-15 02:13:08 | INFO | Episode   46 - Reward: 6.150, Length: 39, Loss: 0.4107, Epsilon: 0.862
2026-03-15 02:13:09 | INFO | Episode   47 - Reward: -4.400, Length: 40, Loss: 0.4881, Epsilon: 0.859
2026-03-15 02:13:10 | INFO | Episode   48 - Reward: 7.750, Length: 19, Loss: 0.3658, Epsilon: 0.856
2026-03-15 02:13:10 | INFO | Episode   49 - Reward: 7.450, Length: 28, Loss: 0.6016, Epsilon: 0.853
2026-03-15 02:13:12 | INFO | Episode   50 - Reward: -4.700, Length: 40, Loss: 0.6273, Epsilon: 0.850
2026-03-15 02:13:15 | INFO | [Episode   50] eps=0.850  avg_reward=  -2.783  avg_length= 37.84  avg_loss=  0.5019  eval_success=1.000
2026-03-15 02:13:16 | INFO | Episode   51 - Reward: 6.550, Length: 37, Loss: 0.4432, Epsilon: 0.847
2026-03-15 02:13:17 | INFO | Episode   52 - Reward: -4.100, Length: 40, Loss: 0.5750, Epsilon: 0.844
2026-03-15 02:13:19 | INFO | Episode   53 - Reward: -5.600, Length: 40, Loss: 0.4690, Epsilon: 0.841
2026-03-15 02:13:20 | INFO | Episode   54 - Reward: -4.550, Length: 40, Loss: 0.3947, Epsilon: 0.838
2026-03-15 02:13:21 | INFO | Episode   55 - Reward: 7.150, Length: 25, Loss: 0.6797, Epsilon: 0.835
2026-03-15 02:13:22 | INFO | Episode   56 - Reward: -3.800, Length: 40, Loss: 0.5014, Epsilon: 0.832
2026-03-15 02:13:23 | INFO | Episode   57 - Reward: 2.100, Length: 27, Loss: 0.5206, Epsilon: 0.829
2026-03-15 02:13:24 | INFO | Episode   58 - Reward: 3.750, Length: 27, Loss: 0.4900, Epsilon: 0.826
2026-03-15 02:13:25 | INFO | Episode   59 - Reward: -8.600, Length: 40, Loss: 0.4420, Epsilon: 0.823
2026-03-15 02:13:26 | INFO | Episode   60 - Reward: 7.550, Length: 26, Loss: 0.5807, Epsilon: 0.820
2026-03-15 02:13:26 | INFO | Episode   61 - Reward: 6.400, Length: 19, Loss: 0.5713, Epsilon: 0.817
2026-03-15 02:13:27 | INFO | Episode   62 - Reward: 7.550, Length: 29, Loss: 0.3683, Epsilon: 0.814
2026-03-15 02:13:28 | INFO | Episode   63 - Reward: 6.950, Length: 23, Loss: 0.7550, Epsilon: 0.811
2026-03-15 02:13:29 | INFO | Episode   64 - Reward: -4.550, Length: 40, Loss: 0.4577, Epsilon: 0.808
2026-03-15 02:13:29 | INFO | Episode   65 - Reward: -4.100, Length: 40, Loss: 0.3725, Epsilon: 0.805
2026-03-15 02:13:29 | INFO | Episode   66 - Reward: 5.050, Length: 16, Loss: 1.0090, Epsilon: 0.802
2026-03-15 02:13:30 | INFO | Episode   67 - Reward: -4.100, Length: 40, Loss: 0.5124, Epsilon: 0.799
2026-03-15 02:13:31 | INFO | Episode   68 - Reward: -10.850, Length: 40, Loss: 0.7107, Epsilon: 0.796
2026-03-15 02:13:32 | INFO | Episode   69 - Reward: -2.300, Length: 31, Loss: 0.3658, Epsilon: 0.793
2026-03-15 02:13:33 | INFO | Episode   70 - Reward: 6.000, Length: 21, Loss: 0.7056, Epsilon: 0.790
2026-03-15 02:13:33 | INFO | Episode   71 - Reward: 8.850, Length: 15, Loss: 0.8277, Epsilon: 0.787
2026-03-15 02:13:34 | INFO | Episode   72 - Reward: 7.450, Length: 25, Loss: 0.9297, Epsilon: 0.784
2026-03-15 02:13:35 | INFO | Episode   73 - Reward: 7.450, Length: 28, Loss: 0.8381, Epsilon: 0.781
2026-03-15 02:13:36 | INFO | Episode   74 - Reward: -3.350, Length: 40, Loss: 0.5365, Epsilon: 0.778
2026-03-15 02:13:36 | INFO | Episode   75 - Reward: 9.350, Length: 11, Loss: 0.7932, Epsilon: 0.775
2026-03-15 02:13:37 | INFO | Episode   76 - Reward: -5.600, Length: 40, Loss: 0.6779, Epsilon: 0.772
2026-03-15 02:13:38 | INFO | Episode   77 - Reward: -6.950, Length: 40, Loss: 0.7621, Epsilon: 0.769
2026-03-15 02:13:39 | INFO | Episode   78 - Reward: 6.900, Length: 15, Loss: 0.6953, Epsilon: 0.766
2026-03-15 02:13:40 | INFO | Episode   79 - Reward: 7.350, Length: 27, Loss: 1.0496, Epsilon: 0.763
2026-03-15 02:13:40 | INFO | Episode   80 - Reward: 7.650, Length: 21, Loss: 0.8028, Epsilon: 0.760
2026-03-15 02:13:41 | INFO | Episode   81 - Reward: 2.350, Length: 34, Loss: 0.9270, Epsilon: 0.757
2026-03-15 02:13:42 | INFO | Episode   82 - Reward: 4.450, Length: 25, Loss: 0.9059, Epsilon: 0.754
2026-03-15 02:13:43 | INFO | Episode   83 - Reward: -3.500, Length: 40, Loss: 0.5017, Epsilon: 0.751
2026-03-15 02:13:44 | INFO | Episode   84 - Reward: 7.450, Length: 28, Loss: 1.0624, Epsilon: 0.748
2026-03-15 02:13:45 | INFO | Episode   85 - Reward: 7.150, Length: 34, Loss: 0.7435, Epsilon: 0.745
2026-03-15 02:13:46 | INFO | Episode   86 - Reward: -4.100, Length: 40, Loss: 0.7651, Epsilon: 0.742
2026-03-15 02:13:47 | INFO | Episode   87 - Reward: 3.850, Length: 31, Loss: 0.3813, Epsilon: 0.739
2026-03-15 02:13:47 | INFO | Episode   88 - Reward: 6.300, Length: 21, Loss: 0.4009, Epsilon: 0.736
2026-03-15 02:13:48 | INFO | Episode   89 - Reward: 7.950, Length: 27, Loss: 0.5181, Epsilon: 0.733
2026-03-15 02:13:48 | INFO | Episode   90 - Reward: 9.250, Length: 13, Loss: 0.3877, Epsilon: 0.730
2026-03-15 02:13:49 | INFO | Episode   91 - Reward: 8.750, Length: 17, Loss: 0.7325, Epsilon: 0.727
2026-03-15 02:13:50 | INFO | Episode   92 - Reward: -3.950, Length: 40, Loss: 0.6598, Epsilon: 0.724
2026-03-15 02:13:50 | INFO | Episode   93 - Reward: 6.500, Length: 17, Loss: 0.3994, Epsilon: 0.721
2026-03-15 02:13:51 | INFO | Episode   94 - Reward: -6.050, Length: 40, Loss: 0.5970, Epsilon: 0.718
2026-03-15 02:13:52 | INFO | Episode   95 - Reward: 7.300, Length: 10, Loss: 0.6149, Epsilon: 0.715
2026-03-15 02:13:53 | INFO | Episode   96 - Reward: 5.450, Length: 35, Loss: 0.6415, Epsilon: 0.712
2026-03-15 02:13:54 | INFO | Episode   97 - Reward: -3.950, Length: 40, Loss: 0.5306, Epsilon: 0.709
2026-03-15 02:13:54 | INFO | Episode   98 - Reward: 8.850, Length: 15, Loss: 0.4613, Epsilon: 0.706
2026-03-15 02:13:55 | INFO | Episode   99 - Reward: 8.950, Length: 16, Loss: 0.6998, Epsilon: 0.703
2026-03-15 02:13:55 | INFO | Episode  100 - Reward: 5.500, Length: 25, Loss: 0.5367, Epsilon: 0.700
2026-03-15 02:13:58 | INFO | [Episode  100] eps=0.700  avg_reward=   2.482  avg_length= 29.02  avg_loss=  0.6261  eval_success=1.000
2026-03-15 02:13:59 | INFO | Episode  101 - Reward: 7.250, Length: 29, Loss: 0.6456, Epsilon: 0.697
2026-03-15 02:14:00 | INFO | Episode  102 - Reward: 6.600, Length: 18, Loss: 0.6223, Epsilon: 0.694
2026-03-15 02:13:59 | INFO | Episode  103 - Reward: -4.400, Length: 40, Loss: 0.7729, Epsilon: 0.691
2026-03-15 02:14:01 | INFO | Episode  104 - Reward: 6.050, Length: 38, Loss: 0.5889, Epsilon: 0.688
2026-03-15 02:14:01 | INFO | Episode  105 - Reward: 7.050, Length: 27, Loss: 0.6321, Epsilon: 0.685
2026-03-15 02:14:02 | INFO | Episode  106 - Reward: 5.600, Length: 26, Loss: 0.7875, Epsilon: 0.682
2026-03-15 02:14:03 | INFO | Episode  107 - Reward: 6.150, Length: 39, Loss: 0.4844, Epsilon: 0.679
2026-03-15 02:14:04 | INFO | Episode  108 - Reward: 4.450, Length: 19, Loss: 0.4576, Epsilon: 0.676
2026-03-15 02:14:05 | INFO | Episode  109 - Reward: 4.250, Length: 20, Loss: 0.7479, Epsilon: 0.673
2026-03-15 02:14:05 | INFO | Episode  110 - Reward: 8.250, Length: 18, Loss: 0.1825, Epsilon: 0.670
2026-03-15 02:14:06 | INFO | Episode  111 - Reward: 6.850, Length: 37, Loss: 0.4019, Epsilon: 0.667
2026-03-15 02:14:07 | INFO | Episode  112 - Reward: 3.150, Length: 33, Loss: 0.2678, Epsilon: 0.664
2026-03-15 02:14:08 | INFO | Episode  113 - Reward: 0.300, Length: 36, Loss: 0.4688, Epsilon: 0.661
2026-03-15 02:14:09 | INFO | Episode  114 - Reward: -4.400, Length: 40, Loss: 0.4704, Epsilon: 0.658
2026-03-15 02:14:10 | INFO | Episode  115 - Reward: 8.250, Length: 21, Loss: 0.4863, Epsilon: 0.655
2026-03-15 02:14:10 | INFO | Episode  116 - Reward: 7.250, Length: 29, Loss: 0.4081, Epsilon: 0.652
2026-03-15 02:14:11 | INFO | Episode  117 - Reward: -3.200, Length: 40, Loss: 0.5325, Epsilon: 0.649
2026-03-15 02:14:12 | INFO | Episode  118 - Reward: 6.850, Length: 34, Loss: 0.4875, Epsilon: 0.646
2026-03-15 02:14:12 | INFO | Episode  119 - Reward: 9.650, Length: 8, Loss: 0.5130, Epsilon: 0.643
2026-03-15 02:14:13 | INFO | Episode  120 - Reward: 7.650, Length: 30, Loss: 0.4397, Epsilon: 0.640
2026-03-15 02:14:14 | INFO | Episode  121 - Reward: 8.750, Length: 14, Loss: 0.4601, Epsilon: 0.637
2026-03-15 02:14:14 | INFO | Episode  122 - Reward: 3.200, Length: 14, Loss: 0.6602, Epsilon: 0.634
2026-03-15 02:14:15 | INFO | Episode  123 - Reward: -3.350, Length: 25, Loss: 0.3957, Epsilon: 0.631
2026-03-15 02:14:16 | INFO | Episode  124 - Reward: -5.750, Length: 40, Loss: 0.3804, Epsilon: 0.628
2026-03-15 02:14:17 | INFO | Episode  125 - Reward: 7.550, Length: 23, Loss: 0.7194, Epsilon: 0.625
2026-03-15 02:14:17 | INFO | Episode  126 - Reward: 8.750, Length: 17, Loss: 0.5673, Epsilon: 0.622
2026-03-15 02:14:17 | INFO | Episode  127 - Reward: 9.450, Length: 9, Loss: 0.7435, Epsilon: 0.619
2026-03-15 02:14:18 | INFO | Episode  128 - Reward: 8.250, Length: 27, Loss: 0.4500, Epsilon: 0.616
2026-03-15 02:14:18 | INFO | Episode  129 - Reward: 9.050, Length: 11, Loss: 0.8493, Epsilon: 0.613
2026-03-15 02:14:19 | INFO | Episode  130 - Reward: 8.250, Length: 21, Loss: 0.5470, Epsilon: 0.610
2026-03-15 02:14:19 | INFO | Episode  131 - Reward: 9.150, Length: 12, Loss: 0.7260, Epsilon: 0.607
2026-03-15 02:14:20 | INFO | Episode  132 - Reward: 8.550, Length: 15, Loss: 0.5806, Epsilon: 0.604
2026-03-15 02:14:20 | INFO | Episode  133 - Reward: 8.350, Length: 19, Loss: 0.3858, Epsilon: 0.601
2026-03-15 02:14:20 | INFO | Episode  134 - Reward: 8.750, Length: 14, Loss: 0.6128, Epsilon: 0.598
2026-03-15 02:14:21 | INFO | Episode  135 - Reward: 5.500, Length: 28, Loss: 0.7871, Epsilon: 0.595
2026-03-15 02:14:21 | INFO | Episode  136 - Reward: 9.050, Length: 11, Loss: 0.2013, Epsilon: 0.592
2026-03-15 02:14:22 | INFO | Episode  137 - Reward: -4.250, Length: 40, Loss: 0.6187, Epsilon: 0.589
2026-03-15 02:14:23 | INFO | Episode  138 - Reward: 6.750, Length: 30, Loss: 0.6182, Epsilon: 0.586
2026-03-15 02:14:24 | INFO | Episode  139 - Reward: 8.250, Length: 18, Loss: 0.4770, Epsilon: 0.583
2026-03-15 02:14:24 | INFO | Episode  140 - Reward: 3.950, Length: 26, Loss: 0.5688, Epsilon: 0.580
2026-03-15 02:14:25 | INFO | Episode  141 - Reward: 7.400, Length: 11, Loss: 0.5020, Epsilon: 0.577
2026-03-15 02:14:25 | INFO | Episode  142 - Reward: 8.350, Length: 19, Loss: 0.4322, Epsilon: 0.574
2026-03-15 02:14:26 | INFO | Episode  143 - Reward: 6.700, Length: 19, Loss: 0.3671, Epsilon: 0.571
2026-03-15 02:14:26 | INFO | Episode  144 - Reward: 8.750, Length: 14, Loss: 0.5565, Epsilon: 0.568
2026-03-15 02:14:27 | INFO | Episode  145 - Reward: -6.200, Length: 40, Loss: 0.7337, Epsilon: 0.565
2026-03-15 02:14:28 | INFO | Episode  146 - Reward: 7.950, Length: 24, Loss: 0.5366, Epsilon: 0.562
2026-03-15 02:14:28 | INFO | Episode  147 - Reward: 9.350, Length: 11, Loss: 0.5709, Epsilon: 0.559
2026-03-15 02:14:29 | INFO | Episode  148 - Reward: 9.050, Length: 14, Loss: 0.6840, Epsilon: 0.556
2026-03-15 02:14:29 | INFO | Episode  149 - Reward: 9.350, Length: 14, Loss: 0.8434, Epsilon: 0.553
2026-03-15 02:14:29 | INFO | Episode  150 - Reward: 9.250, Length: 10, Loss: 0.1165, Epsilon: 0.550
2026-03-15 02:14:31 | INFO | [Episode  150] eps=0.550  avg_reward=   5.635  avg_length= 23.44  avg_loss=  0.5418  eval_success=1.000
2026-03-15 02:14:31 | INFO | Episode  151 - Reward: 8.250, Length: 18, Loss: 0.5370, Epsilon: 0.547
2026-03-15 02:14:31 | INFO | Episode  152 - Reward: 9.450, Length: 9, Loss: 0.4401, Epsilon: 0.544
2026-03-15 02:14:32 | INFO | Episode  153 - Reward: 8.850, Length: 15, Loss: 0.4465, Epsilon: 0.541
2026-03-15 02:14:32 | INFO | Episode  154 - Reward: 7.450, Length: 22, Loss: 0.9251, Epsilon: 0.538
2026-03-15 02:14:33 | INFO | Episode  155 - Reward: 7.300, Length: 13, Loss: 0.4018, Epsilon: 0.535
2026-03-15 02:14:33 | INFO | Episode  156 - Reward: 9.150, Length: 12, Loss: 0.5601, Epsilon: 0.532
2026-03-15 02:14:33 | INFO | Episode  157 - Reward: 9.450, Length: 9, Loss: 0.5478, Epsilon: 0.529
2026-03-15 02:14:34 | INFO | Episode  158 - Reward: 6.700, Length: 22, Loss: 0.9580, Epsilon: 0.526
2026-03-15 02:14:35 | INFO | Episode  159 - Reward: 1.800, Length: 33, Loss: 0.5887, Epsilon: 0.523
2026-03-15 02:14:35 | INFO | Episode  160 - Reward: 8.950, Length: 13, Loss: 0.3984, Epsilon: 0.520
2026-03-15 02:14:36 | INFO | Episode  161 - Reward: 8.650, Length: 16, Loss: 0.2760, Epsilon: 0.517
2026-03-15 02:14:36 | INFO | Episode  162 - Reward: 9.050, Length: 14, Loss: 0.2633, Epsilon: 0.514
2026-03-15 02:14:36 | INFO | Episode  163 - Reward: 9.350, Length: 11, Loss: 0.1293, Epsilon: 0.511
2026-03-15 02:14:37 | INFO | Episode  164 - Reward: 9.050, Length: 11, Loss: 0.7939, Epsilon: 0.508
2026-03-15 02:14:37 | INFO | Episode  165 - Reward: 8.550, Length: 18, Loss: 0.3825, Epsilon: 0.505
2026-03-15 02:14:38 | INFO | Episode  166 - Reward: 7.550, Length: 29, Loss: 0.5773, Epsilon: 0.502
2026-03-15 02:14:38 | INFO | Episode  167 - Reward: 8.750, Length: 17, Loss: 0.2590, Epsilon: 0.499
2026-03-15 02:14:39 | INFO | Episode  168 - Reward: 8.450, Length: 17, Loss: 0.4397, Epsilon: 0.496
2026-03-15 02:14:39 | INFO | Episode  169 - Reward: 9.350, Length: 11, Loss: 0.5774, Epsilon: 0.493
2026-03-15 02:14:39 | INFO | Episode  170 - Reward: 9.350, Length: 11, Loss: 0.3814, Epsilon: 0.490
2026-03-15 02:14:40 | INFO | Episode  171 - Reward: 9.650, Length: 8, Loss: 0.4467, Epsilon: 0.487
2026-03-15 02:14:40 | INFO | Episode  172 - Reward: 8.750, Length: 17, Loss: 0.1373, Epsilon: 0.484
2026-03-15 02:14:40 | INFO | Episode  173 - Reward: 9.250, Length: 10, Loss: 0.5850, Epsilon: 0.481
2026-03-15 02:14:41 | INFO | Episode  174 - Reward: 9.150, Length: 15, Loss: 0.6933, Epsilon: 0.478
2026-03-15 02:14:41 | INFO | Episode  175 - Reward: 9.350, Length: 11, Loss: 0.3852, Epsilon: 0.475
2026-03-15 02:14:42 | INFO | Episode  176 - Reward: 7.850, Length: 23, Loss: 0.5944, Epsilon: 0.472
2026-03-15 02:14:42 | INFO | Episode  177 - Reward: 6.850, Length: 25, Loss: 0.3000, Epsilon: 0.469
2026-03-15 02:14:43 | INFO | Episode  178 - Reward: 7.600, Length: 10, Loss: 0.3845, Epsilon: 0.466
2026-03-15 02:14:43 | INFO | Episode  179 - Reward: 6.800, Length: 17, Loss: 0.4010, Epsilon: 0.463
2026-03-15 02:14:44 | INFO | Episode  180 - Reward: 8.450, Length: 14, Loss: 0.5388, Epsilon: 0.460
2026-03-15 02:14:44 | INFO | Episode  181 - Reward: 9.450, Length: 9, Loss: 0.3046, Epsilon: 0.457
2026-03-15 02:14:44 | INFO | Episode  182 - Reward: 6.600, Length: 18, Loss: 0.5152, Epsilon: 0.454
2026-03-15 02:14:45 | INFO | Episode  183 - Reward: 8.950, Length: 16, Loss: 0.3566, Epsilon: 0.451
2026-03-15 02:14:45 | INFO | Episode  184 - Reward: 6.400, Length: 19, Loss: 0.7512, Epsilon: 0.448
2026-03-15 02:14:46 | INFO | Episode  185 - Reward: 8.950, Length: 16, Loss: 0.4810, Epsilon: 0.445
2026-03-15 02:14:46 | INFO | Episode  186 - Reward: 9.050, Length: 14, Loss: 0.1157, Epsilon: 0.442
2026-03-15 02:14:46 | INFO | Episode  187 - Reward: 8.850, Length: 15, Loss: 0.3923, Epsilon: 0.439
2026-03-15 02:14:47 | INFO | Episode  188 - Reward: 9.050, Length: 14, Loss: 0.3528, Epsilon: 0.436
2026-03-15 02:14:47 | INFO | Episode  189 - Reward: 9.050, Length: 14, Loss: 0.5141, Epsilon: 0.433
2026-03-15 02:14:48 | INFO | Episode  190 - Reward: 8.950, Length: 13, Loss: 0.5013, Epsilon: 0.430
2026-03-15 02:14:48 | INFO | Episode  191 - Reward: 8.650, Length: 22, Loss: 0.5136, Epsilon: 0.427
2026-03-15 02:14:49 | INFO | Episode  192 - Reward: 6.500, Length: 17, Loss: 0.1860, Epsilon: 0.424
2026-03-15 02:14:49 | INFO | Episode  193 - Reward: 9.450, Length: 9, Loss: 0.2874, Epsilon: 0.421
2026-03-15 02:14:49 | INFO | Episode  194 - Reward: 6.100, Length: 28, Loss: 0.4234, Epsilon: 0.418
2026-03-15 02:14:50 | INFO | Episode  195 - Reward: 8.350, Length: 16, Loss: 0.4408, Epsilon: 0.415
2026-03-15 02:14:50 | INFO | Episode  196 - Reward: 8.550, Length: 18, Loss: 0.7456, Epsilon: 0.412
2026-03-15 02:14:51 | INFO | Episode  197 - Reward: 8.850, Length: 12, Loss: 0.5284, Epsilon: 0.409
2026-03-15 02:14:51 | INFO | Episode  198 - Reward: 6.700, Length: 16, Loss: 0.6681, Epsilon: 0.406
2026-03-15 02:14:51 | INFO | Episode  199 - Reward: 8.350, Length: 16, Loss: 0.5678, Epsilon: 0.403
2026-03-15 02:14:52 | INFO | Episode  200 - Reward: 8.550, Length: 15, Loss: 0.8327, Epsilon: 0.400
2026-03-15 02:14:55 | INFO | [Episode  200] eps=0.400  avg_reward=   8.290  avg_length= 15.76  avg_loss=  0.4766  eval_success=1.000
2026-03-15 02:14:55 | INFO | Episode  201 - Reward: 9.250, Length: 10, Loss: 0.0649, Epsilon: 0.397
2026-03-15 02:14:55 | INFO | Episode  202 - Reward: 7.850, Length: 23, Loss: 0.3114, Epsilon: 0.394
2026-03-15 02:14:56 | INFO | Episode  203 - Reward: 9.250, Length: 10, Loss: 0.1741, Epsilon: 0.391
2026-03-15 02:14:56 | INFO | Episode  204 - Reward: 8.950, Length: 13, Loss: 0.6838, Epsilon: 0.388
2026-03-15 02:14:56 | INFO | Episode  205 - Reward: 9.650, Length: 8, Loss: 0.0510, Epsilon: 0.385
2026-03-15 02:14:56 | INFO | Episode  206 - Reward: 9.450, Length: 9, Loss: 0.8361, Epsilon: 0.382
2026-03-15 02:14:57 | INFO | Episode  207 - Reward: 8.850, Length: 18, Loss: 0.5682, Epsilon: 0.379
2026-03-15 02:14:58 | INFO | Episode  208 - Reward: -9.650, Length: 40, Loss: 0.6389, Epsilon: 0.376
2026-03-15 02:14:58 | INFO | Episode  209 - Reward: 8.950, Length: 13, Loss: 0.3704, Epsilon: 0.373
2026-03-15 02:14:59 | INFO | Episode  210 - Reward: 5.550, Length: 30, Loss: 0.8009, Epsilon: 0.370
2026-03-15 02:15:00 | INFO | Episode  211 - Reward: 8.650, Length: 19, Loss: 0.5421, Epsilon: 0.367
2026-03-15 02:15:00 | INFO | Episode  212 - Reward: 7.250, Length: 29, Loss: 0.3498, Epsilon: 0.364
2026-03-15 02:15:01 | INFO | Episode  213 - Reward: 8.250, Length: 18, Loss: 0.5316, Epsilon: 0.361
2026-03-15 02:15:01 | INFO | Episode  214 - Reward: 8.750, Length: 14, Loss: 0.9507, Epsilon: 0.358
2026-03-15 02:15:01 | INFO | Episode  215 - Reward: 9.650, Length: 8, Loss: 0.2750, Epsilon: 0.355
2026-03-15 02:15:00 | INFO | Episode  216 - Reward: 6.700, Length: 16, Loss: 0.6073, Epsilon: 0.352
2026-03-15 02:15:01 | INFO | Episode  217 - Reward: 9.650, Length: 8, Loss: 0.4118, Epsilon: 0.349
2026-03-15 02:15:01 | INFO | Episode  218 - Reward: 9.550, Length: 10, Loss: 0.3216, Epsilon: 0.346
2026-03-15 02:15:01 | INFO | Episode  219 - Reward: 9.150, Length: 12, Loss: 0.4928, Epsilon: 0.343
2026-03-15 02:15:02 | INFO | Episode  220 - Reward: 8.650, Length: 16, Loss: 0.2271, Epsilon: 0.340
2026-03-15 02:15:02 | INFO | Episode  221 - Reward: 9.650, Length: 8, Loss: 0.3867, Epsilon: 0.337
2026-03-15 02:15:02 | INFO | Episode  222 - Reward: 6.900, Length: 15, Loss: 0.4179, Epsilon: 0.334
2026-03-15 02:15:03 | INFO | Episode  223 - Reward: 9.250, Length: 10, Loss: 0.1172, Epsilon: 0.331
2026-03-15 02:15:03 | INFO | Episode  224 - Reward: 9.150, Length: 15, Loss: 0.4055, Epsilon: 0.328
2026-03-15 02:15:03 | INFO | Episode  225 - Reward: 9.250, Length: 10, Loss: 0.1786, Epsilon: 0.325
2026-03-15 02:15:04 | INFO | Episode  226 - Reward: 9.350, Length: 11, Loss: 0.2588, Epsilon: 0.322
2026-03-15 02:15:04 | INFO | Episode  227 - Reward: 9.050, Length: 11, Loss: 0.0660, Epsilon: 0.319
2026-03-15 02:15:04 | INFO | Episode  228 - Reward: 9.650, Length: 8, Loss: 0.0675, Epsilon: 0.316
2026-03-15 02:15:04 | INFO | Episode  229 - Reward: 9.350, Length: 11, Loss: 0.2856, Epsilon: 0.313
2026-03-15 02:15:05 | INFO | Episode  230 - Reward: 8.750, Length: 20, Loss: 0.4685, Epsilon: 0.310
2026-03-15 02:15:05 | INFO | Episode  231 - Reward: 9.450, Length: 9, Loss: 0.6461, Epsilon: 0.307
2026-03-15 02:15:05 | INFO | Episode  232 - Reward: 9.650, Length: 8, Loss: 0.1242, Epsilon: 0.304
2026-03-15 02:15:06 | INFO | Episode  233 - Reward: 9.350, Length: 11, Loss: 0.3678, Epsilon: 0.301
2026-03-15 02:15:06 | INFO | Episode  234 - Reward: 9.650, Length: 8, Loss: 0.5608, Epsilon: 0.298
2026-03-15 02:15:06 | INFO | Episode  235 - Reward: 9.450, Length: 9, Loss: 0.6419, Epsilon: 0.295
2026-03-15 02:15:06 | INFO | Episode  236 - Reward: 9.450, Length: 9, Loss: 0.3506, Epsilon: 0.292
2026-03-15 02:15:07 | INFO | Episode  237 - Reward: 9.350, Length: 11, Loss: 0.4603, Epsilon: 0.289
2026-03-15 02:15:07 | INFO | Episode  238 - Reward: 7.600, Length: 10, Loss: 0.3366, Epsilon: 0.286
2026-03-15 02:15:08 | INFO | Episode  239 - Reward: 3.600, Length: 36, Loss: 0.6392, Epsilon: 0.283
2026-03-15 02:15:08 | INFO | Episode  240 - Reward: 9.350, Length: 11, Loss: 0.3855, Epsilon: 0.280
2026-03-15 02:15:08 | INFO | Episode  241 - Reward: 9.450, Length: 9, Loss: 0.2943, Epsilon: 0.277
2026-03-15 02:15:09 | INFO | Episode  242 - Reward: 9.550, Length: 10, Loss: 0.4698, Epsilon: 0.274
2026-03-15 02:15:10 | INFO | Episode  243 - Reward: -5.300, Length: 40, Loss: 0.4983, Epsilon: 0.271
2026-03-15 02:15:11 | INFO | Episode  244 - Reward: -5.600, Length: 40, Loss: 0.3925, Epsilon: 0.268
2026-03-15 02:15:11 | INFO | Episode  245 - Reward: 9.250, Length: 13, Loss: 0.4967, Epsilon: 0.265
2026-03-15 02:15:11 | INFO | Episode  246 - Reward: 9.550, Length: 10, Loss: 0.9024, Epsilon: 0.262
2026-03-15 02:15:12 | INFO | Episode  247 - Reward: 9.450, Length: 12, Loss: 0.3691, Epsilon: 0.259
2026-03-15 02:15:12 | INFO | Episode  248 - Reward: 9.450, Length: 9, Loss: 0.0953, Epsilon: 0.256
2026-03-15 02:15:12 | INFO | Episode  249 - Reward: 9.550, Length: 10, Loss: 0.6953, Epsilon: 0.253
2026-03-15 02:15:12 | INFO | Episode  250 - Reward: 9.650, Length: 8, Loss: 0.5939, Epsilon: 0.250
2026-03-15 02:15:15 | INFO | [Episode  250] eps=0.250  avg_reward=   7.932  avg_length= 14.52  avg_loss=  0.4237  eval_success=1.000
2026-03-15 02:15:16 | INFO | Episode  251 - Reward: 4.750, Length: 19, Loss: 0.5531, Epsilon: 0.247
2026-03-15 02:15:16 | INFO | Episode  252 - Reward: 9.650, Length: 8, Loss: 0.4477, Epsilon: 0.244
2026-03-15 02:15:16 | INFO | Episode  253 - Reward: 9.450, Length: 9, Loss: 0.4199, Epsilon: 0.241
2026-03-15 02:15:16 | INFO | Episode  254 - Reward: 9.450, Length: 9, Loss: 0.1789, Epsilon: 0.238
2026-03-15 02:15:17 | INFO | Episode  255 - Reward: 9.550, Length: 10, Loss: 0.4923, Epsilon: 0.235
2026-03-15 02:15:17 | INFO | Episode  256 - Reward: 9.050, Length: 14, Loss: 0.3482, Epsilon: 0.232
2026-03-15 02:15:17 | INFO | Episode  257 - Reward: 9.450, Length: 9, Loss: 0.5586, Epsilon: 0.229
2026-03-15 02:15:18 | INFO | Episode  258 - Reward: 9.650, Length: 8, Loss: 0.0884, Epsilon: 0.226
2026-03-15 02:15:18 | INFO | Episode  259 - Reward: 7.200, Length: 12, Loss: 0.1719, Epsilon: 0.223
2026-03-15 02:15:18 | INFO | Episode  260 - Reward: 9.550, Length: 10, Loss: 0.5888, Epsilon: 0.220
2026-03-15 02:15:18 | INFO | Episode  261 - Reward: 8.650, Length: 13, Loss: 0.3364, Epsilon: 0.217
2026-03-15 02:15:19 | INFO | Episode  262 - Reward: 9.650, Length: 8, Loss: 0.4860, Epsilon: 0.214
2026-03-15 02:15:20 | INFO | Episode  263 - Reward: -7.100, Length: 40, Loss: 0.4249, Epsilon: 0.211
2026-03-15 02:15:20 | INFO | Episode  264 - Reward: 9.150, Length: 12, Loss: 0.1322, Epsilon: 0.208
2026-03-15 02:15:20 | INFO | Episode  265 - Reward: 9.650, Length: 8, Loss: 0.8745, Epsilon: 0.205
2026-03-15 02:15:21 | INFO | Episode  266 - Reward: -6.200, Length: 40, Loss: 0.4808, Epsilon: 0.202
2026-03-15 02:15:22 | INFO | Episode  267 - Reward: 9.450, Length: 9, Loss: 0.5524, Epsilon: 0.199
2026-03-15 02:15:22 | INFO | Episode  268 - Reward: 9.350, Length: 11, Loss: 0.7397, Epsilon: 0.196
2026-03-15 02:15:22 | INFO | Episode  269 - Reward: 9.650, Length: 8, Loss: 0.0794, Epsilon: 0.193
2026-03-15 02:15:22 | INFO | Episode  270 - Reward: 9.650, Length: 8, Loss: 0.1881, Epsilon: 0.190
2026-03-15 02:15:23 | INFO | Episode  271 - Reward: 9.650, Length: 8, Loss: 0.7502, Epsilon: 0.187
2026-03-15 02:15:23 | INFO | Episode  272 - Reward: 9.650, Length: 8, Loss: 0.5337, Epsilon: 0.184
2026-03-15 02:15:23 | INFO | Episode  273 - Reward: 7.600, Length: 10, Loss: 0.3754, Epsilon: 0.181
2026-03-15 02:15:24 | INFO | Episode  274 - Reward: 9.250, Length: 13, Loss: 0.0513, Epsilon: 0.178
2026-03-15 02:15:24 | INFO | Episode  275 - Reward: 9.450, Length: 9, Loss: 0.2645, Epsilon: 0.175
2026-03-15 02:15:24 | INFO | Episode  276 - Reward: 9.650, Length: 8, Loss: 0.2201, Epsilon: 0.172
2026-03-15 02:15:24 | INFO | Episode  277 - Reward: 9.150, Length: 12, Loss: 0.3826, Epsilon: 0.169
2026-03-15 02:15:25 | INFO | Episode  278 - Reward: 9.650, Length: 8, Loss: 0.3282, Epsilon: 0.166
2026-03-15 02:15:25 | INFO | Episode  279 - Reward: 9.450, Length: 12, Loss: 0.5941, Epsilon: 0.163
2026-03-15 02:15:25 | INFO | Episode  280 - Reward: 7.700, Length: 8, Loss: 0.0558, Epsilon: 0.160
2026-03-15 02:15:26 | INFO | Episode  281 - Reward: 9.450, Length: 9, Loss: 0.3980, Epsilon: 0.157
2026-03-15 02:15:26 | INFO | Episode  282 - Reward: 9.350, Length: 14, Loss: 0.3757, Epsilon: 0.154
2026-03-15 02:15:26 | INFO | Episode  283 - Reward: 9.250, Length: 10, Loss: 0.1824, Epsilon: 0.151
2026-03-15 02:15:27 | INFO | Episode  284 - Reward: 9.650, Length: 8, Loss: 0.5472, Epsilon: 0.148
2026-03-15 02:15:27 | INFO | Episode  285 - Reward: 7.700, Length: 8, Loss: 0.0576, Epsilon: 0.145
2026-03-15 02:15:27 | INFO | Episode  286 - Reward: 9.650, Length: 8, Loss: 0.0198, Epsilon: 0.142
2026-03-15 02:15:27 | INFO | Episode  287 - Reward: 9.650, Length: 8, Loss: 0.4946, Epsilon: 0.139
2026-03-15 02:15:28 | INFO | Episode  288 - Reward: 9.650, Length: 8, Loss: 0.2103, Epsilon: 0.136
2026-03-15 02:15:28 | INFO | Episode  289 - Reward: 9.450, Length: 9, Loss: 0.4943, Epsilon: 0.133
2026-03-15 02:15:28 | INFO | Episode  290 - Reward: 9.650, Length: 8, Loss: 0.3578, Epsilon: 0.130
2026-03-15 02:15:29 | INFO | Episode  291 - Reward: 9.650, Length: 8, Loss: 0.6815, Epsilon: 0.127
2026-03-15 02:15:29 | INFO | Episode  292 - Reward: 9.550, Length: 10, Loss: 0.6711, Epsilon: 0.124
2026-03-15 02:15:29 | INFO | Episode  293 - Reward: 9.550, Length: 10, Loss: 0.2969, Epsilon: 0.121
2026-03-15 02:15:29 | INFO | Episode  294 - Reward: 9.650, Length: 8, Loss: 0.7730, Epsilon: 0.118
2026-03-15 02:15:30 | INFO | Episode  295 - Reward: 9.550, Length: 10, Loss: 0.3305, Epsilon: 0.115
2026-03-15 02:15:30 | INFO | Episode  296 - Reward: 7.600, Length: 10, Loss: 0.1256, Epsilon: 0.112
2026-03-15 02:15:30 | INFO | Episode  297 - Reward: 9.250, Length: 10, Loss: 0.8149, Epsilon: 0.109
2026-03-15 02:15:30 | INFO | Episode  298 - Reward: 9.550, Length: 10, Loss: 0.2537, Epsilon: 0.106
2026-03-15 02:15:31 | INFO | Episode  299 - Reward: 9.550, Length: 10, Loss: 0.1570, Epsilon: 0.103
2026-03-15 02:15:31 | INFO | Episode  300 - Reward: 9.650, Length: 8, Loss: 0.7158, Epsilon: 0.100
2026-03-15 02:15:33 | INFO | [Episode  300] eps=0.100  avg_reward=   8.557  avg_length= 10.90  avg_loss=  0.3931  eval_success=1.000
2026-03-15 02:15:33 | INFO | Episode  301 - Reward: 9.650, Length: 8, Loss: 0.0296, Epsilon: 0.100
2026-03-15 02:15:34 | INFO | Episode  302 - Reward: 9.650, Length: 8, Loss: 0.0287, Epsilon: 0.100
2026-03-15 02:15:34 | INFO | Episode  303 - Reward: 7.300, Length: 10, Loss: 0.3965, Epsilon: 0.100
2026-03-15 02:15:34 | INFO | Episode  304 - Reward: 9.650, Length: 8, Loss: 0.0363, Epsilon: 0.100
2026-03-15 02:15:34 | INFO | Episode  305 - Reward: 9.450, Length: 9, Loss: 0.0276, Epsilon: 0.100
2026-03-15 02:15:35 | INFO | Episode  306 - Reward: 9.650, Length: 8, Loss: 0.2601, Epsilon: 0.100
2026-03-15 02:15:35 | INFO | Episode  307 - Reward: 9.450, Length: 9, Loss: 0.0601, Epsilon: 0.100
2026-03-15 02:15:36 | INFO | Episode  308 - Reward: 9.650, Length: 8, Loss: 0.4337, Epsilon: 0.100
2026-03-15 02:15:36 | INFO | Episode  309 - Reward: 9.450, Length: 9, Loss: 0.3186, Epsilon: 0.100
2026-03-15 02:15:36 | INFO | Episode  310 - Reward: 9.550, Length: 10, Loss: 0.1168, Epsilon: 0.100
2026-03-15 02:15:37 | INFO | Episode  311 - Reward: 9.650, Length: 8, Loss: 0.3240, Epsilon: 0.100
2026-03-15 02:15:37 | INFO | Episode  312 - Reward: 9.650, Length: 8, Loss: 0.2889, Epsilon: 0.100
2026-03-15 02:15:37 | INFO | Episode  313 - Reward: 9.650, Length: 8, Loss: 0.5984, Epsilon: 0.100
2026-03-15 02:15:37 | INFO | Episode  314 - Reward: 9.650, Length: 8, Loss: 0.4123, Epsilon: 0.100
2026-03-15 02:15:38 | INFO | Episode  315 - Reward: 9.650, Length: 8, Loss: 0.5146, Epsilon: 0.100
2026-03-15 02:15:38 | INFO | Episode  316 - Reward: 9.450, Length: 9, Loss: 0.1844, Epsilon: 0.100
2026-03-15 02:15:38 | INFO | Episode  317 - Reward: 9.650, Length: 8, Loss: 0.1239, Epsilon: 0.100
2026-03-15 02:15:38 | INFO | Episode  318 - Reward: 9.350, Length: 11, Loss: 0.4155, Epsilon: 0.100
2026-03-15 02:15:39 | INFO | Episode  319 - Reward: 9.550, Length: 10, Loss: 0.3421, Epsilon: 0.100
2026-03-15 02:15:39 | INFO | Episode  320 - Reward: 9.450, Length: 12, Loss: 0.1392, Epsilon: 0.100
2026-03-15 02:15:39 | INFO | Episode  321 - Reward: 9.650, Length: 8, Loss: 0.0123, Epsilon: 0.100
2026-03-15 02:15:39 | INFO | Episode  322 - Reward: 9.650, Length: 8, Loss: 0.6285, Epsilon: 0.100
2026-03-15 02:15:40 | INFO | Episode  323 - Reward: 9.650, Length: 8, Loss: 0.1636, Epsilon: 0.100
2026-03-15 02:15:40 | INFO | Episode  324 - Reward: 9.650, Length: 8, Loss: 0.5290, Epsilon: 0.100
2026-03-15 02:15:40 | INFO | Episode  325 - Reward: 9.650, Length: 8, Loss: 0.1629, Epsilon: 0.100
2026-03-15 02:15:40 | INFO | Episode  326 - Reward: 9.650, Length: 8, Loss: 0.9628, Epsilon: 0.100
2026-03-15 02:15:40 | INFO | Episode  327 - Reward: 9.650, Length: 8, Loss: 0.6430, Epsilon: 0.100
2026-03-15 02:15:41 | INFO | Episode  328 - Reward: 9.650, Length: 8, Loss: 0.2414, Epsilon: 0.100
2026-03-15 02:15:41 | INFO | Episode  329 - Reward: 9.650, Length: 8, Loss: 0.1901, Epsilon: 0.100
2026-03-15 02:15:41 | INFO | Episode  330 - Reward: 9.450, Length: 9, Loss: 0.3053, Epsilon: 0.100
2026-03-15 02:15:41 | INFO | Episode  331 - Reward: 9.550, Length: 10, Loss: 0.2405, Epsilon: 0.100
2026-03-15 02:15:42 | INFO | Episode  332 - Reward: 9.650, Length: 8, Loss: 0.4823, Epsilon: 0.100
2026-03-15 02:15:42 | INFO | Episode  333 - Reward: 9.650, Length: 8, Loss: 0.6639, Epsilon: 0.100
2026-03-15 02:15:42 | INFO | Episode  334 - Reward: 9.450, Length: 9, Loss: 0.5028, Epsilon: 0.100
2026-03-15 02:15:43 | INFO | Episode  335 - Reward: 9.450, Length: 9, Loss: 0.1652, Epsilon: 0.100
2026-03-15 02:15:43 | INFO | Episode  336 - Reward: 9.250, Length: 10, Loss: 0.1458, Epsilon: 0.100
2026-03-15 02:15:43 | INFO | Episode  337 - Reward: 9.450, Length: 9, Loss: 0.5168, Epsilon: 0.100
2026-03-15 02:15:44 | INFO | Episode  338 - Reward: 9.650, Length: 8, Loss: 0.5554, Epsilon: 0.100
2026-03-15 02:15:46 | INFO | Episode  339 - Reward: -7.250, Length: 40, Loss: 0.4969, Epsilon: 0.100
2026-03-15 02:15:46 | INFO | Episode  340 - Reward: 9.150, Length: 12, Loss: 0.1907, Epsilon: 0.100
2026-03-15 02:15:46 | INFO | Episode  341 - Reward: 9.650, Length: 8, Loss: 0.8887, Epsilon: 0.100
2026-03-15 02:15:47 | INFO | Episode  342 - Reward: 9.650, Length: 8, Loss: 0.2805, Epsilon: 0.100
2026-03-15 02:15:47 | INFO | Episode  343 - Reward: 9.650, Length: 8, Loss: 0.2774, Epsilon: 0.100
2026-03-15 02:15:47 | INFO | Episode  344 - Reward: 9.650, Length: 8, Loss: 0.1235, Epsilon: 0.100
2026-03-15 02:15:47 | INFO | Episode  345 - Reward: 9.550, Length: 10, Loss: 0.4546, Epsilon: 0.100
2026-03-15 02:15:48 | INFO | Episode  346 - Reward: 9.650, Length: 8, Loss: 0.3780, Epsilon: 0.100
2026-03-15 02:15:48 | INFO | Episode  347 - Reward: 9.650, Length: 8, Loss: 0.4249, Epsilon: 0.100
2026-03-15 02:15:48 | INFO | Episode  348 - Reward: 9.650, Length: 8, Loss: 0.2971, Epsilon: 0.100
2026-03-15 02:15:48 | INFO | Episode  349 - Reward: 9.450, Length: 9, Loss: 0.2026, Epsilon: 0.100
2026-03-15 02:15:48 | INFO | Episode  350 - Reward: 9.450, Length: 9, Loss: 0.7730, Epsilon: 0.100
2026-03-15 02:15:51 | INFO | [Episode  350] eps=0.100  avg_reward=   9.189  avg_length=  9.30  avg_loss=  0.3390  eval_success=1.000
2026-03-15 02:15:51 | INFO | Episode  351 - Reward: 9.350, Length: 11, Loss: 0.2395, Epsilon: 0.100
2026-03-15 02:15:52 | INFO | Episode  352 - Reward: 9.650, Length: 8, Loss: 0.3161, Epsilon: 0.100
2026-03-15 02:15:52 | INFO | Episode  353 - Reward: 9.650, Length: 8, Loss: 0.0284, Epsilon: 0.100
2026-03-15 02:15:52 | INFO | Episode  354 - Reward: 9.650, Length: 8, Loss: 0.3825, Epsilon: 0.100
2026-03-15 02:15:52 | INFO | Episode  355 - Reward: 9.450, Length: 9, Loss: 0.0405, Epsilon: 0.100
2026-03-15 02:15:53 | INFO | Episode  356 - Reward: 9.450, Length: 9, Loss: 0.1855, Epsilon: 0.100
2026-03-15 02:15:53 | INFO | Episode  357 - Reward: 9.650, Length: 8, Loss: 0.1741, Epsilon: 0.100
2026-03-15 02:15:53 | INFO | Episode  358 - Reward: 9.450, Length: 9, Loss: 0.6081, Epsilon: 0.100
2026-03-15 02:15:54 | INFO | Episode  359 - Reward: 9.050, Length: 11, Loss: 0.1205, Epsilon: 0.100
2026-03-15 02:15:54 | INFO | Episode  360 - Reward: 9.650, Length: 8, Loss: 0.5747, Epsilon: 0.100
2026-03-15 02:15:55 | INFO | Episode  361 - Reward: 9.550, Length: 10, Loss: 0.0243, Epsilon: 0.100
2026-03-15 02:15:55 | INFO | Episode  362 - Reward: 9.650, Length: 8, Loss: 0.2666, Epsilon: 0.100
2026-03-15 02:15:55 | INFO | Episode  363 - Reward: 9.650, Length: 8, Loss: 0.4409, Epsilon: 0.100
2026-03-15 02:15:55 | INFO | Episode  364 - Reward: 9.550, Length: 10, Loss: 0.1610, Epsilon: 0.100
2026-03-15 02:15:56 | INFO | Episode  365 - Reward: 9.650, Length: 8, Loss: 0.1365, Epsilon: 0.100
2026-03-15 02:15:56 | INFO | Episode  366 - Reward: 9.450, Length: 12, Loss: 0.1952, Epsilon: 0.100
2026-03-15 02:15:57 | INFO | Episode  367 - Reward: 9.650, Length: 8, Loss: 0.7405, Epsilon: 0.100
2026-03-15 02:15:57 | INFO | Episode  368 - Reward: 9.450, Length: 9, Loss: 0.3554, Epsilon: 0.100
2026-03-15 02:15:57 | INFO | Episode  369 - Reward: 9.450, Length: 9, Loss: 0.0457, Epsilon: 0.100
2026-03-15 02:15:58 | INFO | Episode  370 - Reward: 9.450, Length: 9, Loss: 0.4715, Epsilon: 0.100
2026-03-15 02:15:58 | INFO | Episode  371 - Reward: 9.650, Length: 8, Loss: 0.1364, Epsilon: 0.100
2026-03-15 02:15:58 | INFO | Episode  372 - Reward: 9.650, Length: 8, Loss: 0.0250, Epsilon: 0.100
2026-03-15 02:15:59 | INFO | Episode  373 - Reward: 9.450, Length: 9, Loss: 0.7075, Epsilon: 0.100
2026-03-15 02:15:59 | INFO | Episode  374 - Reward: 9.350, Length: 11, Loss: 0.4859, Epsilon: 0.100
2026-03-15 02:15:59 | INFO | Episode  375 - Reward: 9.650, Length: 8, Loss: 0.1732, Epsilon: 0.100
2026-03-15 02:15:59 | INFO | Episode  376 - Reward: 7.400, Length: 11, Loss: 0.3756, Epsilon: 0.100
2026-03-15 02:16:00 | INFO | Episode  377 - Reward: 9.650, Length: 8, Loss: 0.1852, Epsilon: 0.100
2026-03-15 02:16:00 | INFO | Episode  378 - Reward: 9.650, Length: 8, Loss: 0.0263, Epsilon: 0.100
2026-03-15 02:16:00 | INFO | Episode  379 - Reward: 9.450, Length: 9, Loss: 0.1139, Epsilon: 0.100
2026-03-15 02:16:00 | INFO | Episode  380 - Reward: 9.650, Length: 8, Loss: 0.1469, Epsilon: 0.100
2026-03-15 02:16:01 | INFO | Episode  381 - Reward: 9.550, Length: 10, Loss: 0.0463, Epsilon: 0.100
2026-03-15 02:16:01 | INFO | Episode  382 - Reward: 9.450, Length: 9, Loss: 0.1344, Epsilon: 0.100
2026-03-15 02:16:01 | INFO | Episode  383 - Reward: 9.650, Length: 8, Loss: 0.5135, Epsilon: 0.100
2026-03-15 02:16:01 | INFO | Episode  384 - Reward: 9.450, Length: 9, Loss: 0.2804, Epsilon: 0.100
2026-03-15 02:16:02 | INFO | Episode  385 - Reward: 9.650, Length: 8, Loss: 0.0336, Epsilon: 0.100
2026-03-15 02:16:02 | INFO | Episode  386 - Reward: 9.650, Length: 8, Loss: 0.3038, Epsilon: 0.100
2026-03-15 02:16:02 | INFO | Episode  387 - Reward: 9.650, Length: 8, Loss: 0.3871, Epsilon: 0.100
2026-03-15 02:16:02 | INFO | Episode  388 - Reward: 9.650, Length: 8, Loss: 0.2311, Epsilon: 0.100
2026-03-15 02:16:03 | INFO | Episode  389 - Reward: 9.650, Length: 8, Loss: 0.0194, Epsilon: 0.100
2026-03-15 02:16:03 | INFO | Episode  390 - Reward: 9.650, Length: 8, Loss: 0.3530, Epsilon: 0.100
2026-03-15 02:16:03 | INFO | Episode  391 - Reward: 9.650, Length: 8, Loss: 0.4270, Epsilon: 0.100
2026-03-15 02:16:02 | INFO | Episode  392 - Reward: 7.600, Length: 10, Loss: 0.2714, Epsilon: 0.100
2026-03-15 02:16:03 | INFO | Episode  393 - Reward: 9.650, Length: 8, Loss: 0.0156, Epsilon: 0.100
2026-03-15 02:16:03 | INFO | Episode  394 - Reward: 9.650, Length: 8, Loss: 0.2219, Epsilon: 0.100
2026-03-15 02:16:03 | INFO | Episode  395 - Reward: 9.650, Length: 8, Loss: 0.3606, Epsilon: 0.100
2026-03-15 02:16:03 | INFO | Episode  396 - Reward: 9.650, Length: 8, Loss: 0.0235, Epsilon: 0.100
2026-03-15 02:16:04 | INFO | Episode  397 - Reward: 7.400, Length: 11, Loss: 0.3410, Epsilon: 0.100
2026-03-15 02:16:04 | INFO | Episode  398 - Reward: 9.650, Length: 8, Loss: 0.2388, Epsilon: 0.100
2026-03-15 02:16:04 | INFO | Episode  399 - Reward: 9.650, Length: 8, Loss: 0.0187, Epsilon: 0.100
2026-03-15 02:16:04 | INFO | Episode  400 - Reward: 9.650, Length: 8, Loss: 0.5451, Epsilon: 0.100
2026-03-15 02:16:20 | INFO | [Episode  400] eps=0.100  avg_reward=   9.445  avg_length=  8.74  avg_loss=  0.2530  eval_success=0.000
2026-03-15 02:16:21 | INFO | Episode  401 - Reward: -6.950, Length: 40, Loss: 0.1396, Epsilon: 0.100
2026-03-15 02:16:21 | INFO | Episode  402 - Reward: 9.650, Length: 8, Loss: 0.0150, Epsilon: 0.100
2026-03-15 02:16:21 | INFO | Episode  403 - Reward: 9.450, Length: 12, Loss: 0.0139, Epsilon: 0.100
2026-03-15 02:16:21 | INFO | Episode  404 - Reward: 9.650, Length: 8, Loss: 0.4066, Epsilon: 0.100
2026-03-15 02:16:22 | INFO | Episode  405 - Reward: 9.650, Length: 8, Loss: 0.0239, Epsilon: 0.100
2026-03-15 02:16:22 | INFO | Episode  406 - Reward: 9.450, Length: 9, Loss: 0.4075, Epsilon: 0.100
2026-03-15 02:16:22 | INFO | Episode  407 - Reward: 9.650, Length: 8, Loss: 0.0519, Epsilon: 0.100
2026-03-15 02:16:22 | INFO | Episode  408 - Reward: 9.650, Length: 8, Loss: 0.1952, Epsilon: 0.100
2026-03-15 02:16:23 | INFO | Episode  409 - Reward: 9.650, Length: 8, Loss: 0.1646, Epsilon: 0.100
2026-03-15 02:16:23 | INFO | Episode  410 - Reward: 9.650, Length: 8, Loss: 0.0130, Epsilon: 0.100
2026-03-15 02:16:23 | INFO | Episode  411 - Reward: 9.650, Length: 8, Loss: 0.0134, Epsilon: 0.100
2026-03-15 02:16:23 | INFO | Episode  412 - Reward: 9.650, Length: 8, Loss: 0.8251, Epsilon: 0.100
2026-03-15 02:16:24 | INFO | Episode  413 - Reward: 9.550, Length: 10, Loss: 0.1463, Epsilon: 0.100
2026-03-15 02:16:24 | INFO | Episode  414 - Reward: 9.450, Length: 9, Loss: 0.4230, Epsilon: 0.100
2026-03-15 02:16:24 | INFO | Episode  415 - Reward: 9.450, Length: 9, Loss: 0.5032, Epsilon: 0.100
2026-03-15 02:16:24 | INFO | Episode  416 - Reward: 9.450, Length: 9, Loss: 0.1188, Epsilon: 0.100
2026-03-15 02:16:25 | INFO | Episode  417 - Reward: 9.650, Length: 8, Loss: 0.4225, Epsilon: 0.100
2026-03-15 02:16:25 | INFO | Episode  418 - Reward: 9.650, Length: 8, Loss: 0.3608, Epsilon: 0.100
2026-03-15 02:16:25 | INFO | Episode  419 - Reward: 9.650, Length: 8, Loss: 0.0303, Epsilon: 0.100
2026-03-15 02:16:25 | INFO | Episode  420 - Reward: 9.450, Length: 9, Loss: 0.4979, Epsilon: 0.100
2026-03-15 02:16:25 | INFO | Episode  421 - Reward: 9.650, Length: 8, Loss: 0.0226, Epsilon: 0.100
2026-03-15 02:16:26 | INFO | Episode  422 - Reward: 9.350, Length: 14, Loss: 0.1786, Epsilon: 0.100
2026-03-15 02:16:26 | INFO | Episode  423 - Reward: 9.450, Length: 9, Loss: 0.2440, Epsilon: 0.100
2026-03-15 02:16:26 | INFO | Episode  424 - Reward: 9.650, Length: 8, Loss: 0.0106, Epsilon: 0.100
2026-03-15 02:16:27 | INFO | Episode  425 - Reward: 9.650, Length: 8, Loss: 0.0106, Epsilon: 0.100
2026-03-15 02:16:27 | INFO | Episode  426 - Reward: 9.450, Length: 9, Loss: 0.1102, Epsilon: 0.100
2026-03-15 02:16:27 | INFO | Episode  427 - Reward: 9.550, Length: 10, Loss: 0.0115, Epsilon: 0.100
2026-03-15 02:16:27 | INFO | Episode  428 - Reward: 9.650, Length: 8, Loss: 0.1505, Epsilon: 0.100
2026-03-15 02:16:27 | INFO | Episode  429 - Reward: 9.650, Length: 8, Loss: 0.0165, Epsilon: 0.100
2026-03-15 02:16:28 | INFO | Episode  430 - Reward: 9.250, Length: 10, Loss: 0.2904, Epsilon: 0.100
2026-03-15 02:16:28 | INFO | Episode  431 - Reward: 9.650, Length: 8, Loss: 0.1594, Epsilon: 0.100
2026-03-15 02:16:28 | INFO | Episode  432 - Reward: 9.650, Length: 8, Loss: 0.1231, Epsilon: 0.100
2026-03-15 02:16:28 | INFO | Episode  433 - Reward: 9.650, Length: 8, Loss: 0.2184, Epsilon: 0.100
2026-03-15 02:16:29 | INFO | Episode  434 - Reward: 9.650, Length: 8, Loss: 0.2120, Epsilon: 0.100
2026-03-15 02:16:29 | INFO | Episode  435 - Reward: 9.650, Length: 8, Loss: 0.1829, Epsilon: 0.100
2026-03-15 02:16:29 | INFO | Episode  436 - Reward: 9.650, Length: 8, Loss: 0.0134, Epsilon: 0.100
2026-03-15 02:16:29 | INFO | Episode  437 - Reward: 9.650, Length: 8, Loss: 0.0153, Epsilon: 0.100
2026-03-15 02:16:30 | INFO | Episode  438 - Reward: 9.550, Length: 10, Loss: 0.1922, Epsilon: 0.100
2026-03-15 02:16:30 | INFO | Episode  439 - Reward: 9.450, Length: 9, Loss: 0.2708, Epsilon: 0.100
2026-03-15 02:16:30 | INFO | Episode  440 - Reward: 9.650, Length: 8, Loss: 0.4773, Epsilon: 0.100
2026-03-15 02:16:30 | INFO | Episode  441 - Reward: 9.650, Length: 8, Loss: 0.1535, Epsilon: 0.100
2026-03-15 02:16:30 | INFO | Episode  442 - Reward: 9.650, Length: 8, Loss: 0.0223, Epsilon: 0.100
2026-03-15 02:16:31 | INFO | Episode  443 - Reward: 9.550, Length: 10, Loss: 0.5045, Epsilon: 0.100
2026-03-15 02:16:31 | INFO | Episode  444 - Reward: 9.450, Length: 9, Loss: 0.0250, Epsilon: 0.100
2026-03-15 02:16:31 | INFO | Episode  445 - Reward: 9.250, Length: 10, Loss: 0.7091, Epsilon: 0.100
2026-03-15 02:16:31 | INFO | Episode  446 - Reward: 9.650, Length: 8, Loss: 0.6182, Epsilon: 0.100
2026-03-15 02:16:32 | INFO | Episode  447 - Reward: 9.650, Length: 8, Loss: 0.1539, Epsilon: 0.100
2026-03-15 02:16:32 | INFO | Episode  448 - Reward: 9.650, Length: 8, Loss: 0.0246, Epsilon: 0.100
2026-03-15 02:16:32 | INFO | Episode  449 - Reward: 9.350, Length: 11, Loss: 0.2723, Epsilon: 0.100
2026-03-15 02:16:32 | INFO | Episode  450 - Reward: 9.650, Length: 8, Loss: 0.2538, Epsilon: 0.100
2026-03-15 02:16:34 | INFO | [Episode  450] eps=0.100  avg_reward=   9.242  avg_length=  9.32  avg_loss=  0.2084  eval_success=1.000
2026-03-15 02:16:34 | INFO | Episode  451 - Reward: 9.650, Length: 8, Loss: 0.0200, Epsilon: 0.100
2026-03-15 02:16:35 | INFO | Episode  452 - Reward: 9.650, Length: 8, Loss: 0.0113, Epsilon: 0.100
2026-03-15 02:16:35 | INFO | Episode  453 - Reward: 9.650, Length: 8, Loss: 0.3182, Epsilon: 0.100
2026-03-15 02:16:35 | INFO | Episode  454 - Reward: 9.650, Length: 8, Loss: 0.1803, Epsilon: 0.100
2026-03-15 02:16:36 | INFO | Episode  455 - Reward: 9.650, Length: 8, Loss: 0.3957, Epsilon: 0.100
2026-03-15 02:16:36 | INFO | Episode  456 - Reward: 9.650, Length: 8, Loss: 0.2048, Epsilon: 0.100
2026-03-15 02:16:36 | INFO | Episode  457 - Reward: 9.650, Length: 8, Loss: 0.1507, Epsilon: 0.100
2026-03-15 02:16:36 | INFO | Episode  458 - Reward: 9.650, Length: 8, Loss: 0.0267, Epsilon: 0.100
2026-03-15 02:16:37 | INFO | Episode  459 - Reward: 9.650, Length: 8, Loss: 0.2368, Epsilon: 0.100
2026-03-15 02:16:37 | INFO | Episode  460 - Reward: 9.650, Length: 8, Loss: 0.3048, Epsilon: 0.100
2026-03-15 02:16:38 | INFO | Episode  461 - Reward: 9.650, Length: 8, Loss: 0.2920, Epsilon: 0.100
2026-03-15 02:16:38 | INFO | Episode  462 - Reward: 9.450, Length: 9, Loss: 0.0197, Epsilon: 0.100
2026-03-15 02:16:38 | INFO | Episode  463 - Reward: 9.450, Length: 9, Loss: 0.2612, Epsilon: 0.100
2026-03-15 02:16:38 | INFO | Episode  464 - Reward: 9.550, Length: 10, Loss: 0.2433, Epsilon: 0.100
2026-03-15 02:16:39 | INFO | Episode  465 - Reward: 9.650, Length: 8, Loss: 0.0144, Epsilon: 0.100
2026-03-15 02:16:39 | INFO | Episode  466 - Reward: 9.250, Length: 16, Loss: 0.2037, Epsilon: 0.100
2026-03-15 02:16:39 | INFO | Episode  467 - Reward: 9.550, Length: 10, Loss: 0.0175, Epsilon: 0.100
2026-03-15 02:16:40 | INFO | Episode  468 - Reward: 9.550, Length: 10, Loss: 0.4083, Epsilon: 0.100
2026-03-15 02:16:40 | INFO | Episode  469 - Reward: 9.650, Length: 8, Loss: 0.0293, Epsilon: 0.100
2026-03-15 02:16:40 | INFO | Episode  470 - Reward: 9.650, Length: 8, Loss: 0.1242, Epsilon: 0.100
2026-03-15 02:16:40 | INFO | Episode  471 - Reward: 9.350, Length: 11, Loss: 0.1071, Epsilon: 0.100
2026-03-15 02:16:41 | INFO | Episode  472 - Reward: 9.650, Length: 8, Loss: 0.0159, Epsilon: 0.100
2026-03-15 02:16:41 | INFO | Episode  473 - Reward: 9.650, Length: 8, Loss: 0.0097, Epsilon: 0.100
