2026-03-15 01:40:18 | INFO | JAX DEVICES: [CudaDevice(id=0)]
2026-03-15 01:40:18 | INFO | Starting training of DQN agent with seed=1, num_episodes=500, max_steps=50
2026-03-15 01:40:18 | INFO | Environment parameters: EnvParams(grid_rows=5, grid_cols=5, max_steps=40, start_row=4, start_col=0, goal_row=0, goal_col=4, trap_row=1, trap_col=3, step_penalty=-0.05, trap_penalty=-2.0, invalid_penalty=-0.2, goal_reward=10.0)
2026-03-15 01:40:19 | INFO | Episode    1 - Reward: -6.050, Length: 40, Loss: 0.0000, Epsilon: 0.997
2026-03-15 01:40:20 | INFO | Episode    2 - Reward: 4.700, Length: 32, Loss: 0.0000, Epsilon: 0.994
2026-03-15 01:40:20 | INFO | Episode    3 - Reward: -6.350, Length: 40, Loss: 0.7707, Epsilon: 0.991
2026-03-15 01:40:21 | INFO | Episode    4 - Reward: -4.400, Length: 40, Loss: 0.8294, Epsilon: 0.988
2026-03-15 01:40:22 | INFO | Episode    5 - Reward: -4.400, Length: 40, Loss: 0.5695, Epsilon: 0.985
2026-03-15 01:40:23 | INFO | Episode    6 - Reward: -4.850, Length: 40, Loss: 0.6506, Epsilon: 0.982
2026-03-15 01:40:24 | INFO | Episode    7 - Reward: -4.850, Length: 40, Loss: 0.1823, Epsilon: 0.979
2026-03-15 01:40:25 | INFO | Episode    8 - Reward: -8.150, Length: 40, Loss: 0.6652, Epsilon: 0.976
2026-03-15 01:40:26 | INFO | Episode    9 - Reward: -5.300, Length: 40, Loss: 0.3555, Epsilon: 0.973
2026-03-15 01:40:27 | INFO | Episode   10 - Reward: -4.850, Length: 40, Loss: 0.1182, Epsilon: 0.970
2026-03-15 01:40:28 | INFO | Episode   11 - Reward: -4.850, Length: 40, Loss: 0.2877, Epsilon: 0.967
2026-03-15 01:40:29 | INFO | Episode   12 - Reward: -4.400, Length: 40, Loss: 0.2046, Epsilon: 0.964
2026-03-15 01:40:30 | INFO | Episode   13 - Reward: -5.750, Length: 40, Loss: 0.1977, Epsilon: 0.961
2026-03-15 01:40:31 | INFO | Episode   14 - Reward: -4.850, Length: 40, Loss: 0.1915, Epsilon: 0.958
2026-03-15 01:40:32 | INFO | Episode   15 - Reward: -3.800, Length: 40, Loss: 0.3408, Epsilon: 0.955
2026-03-15 01:40:33 | INFO | Episode   16 - Reward: -5.150, Length: 40, Loss: 0.1121, Epsilon: 0.952
2026-03-15 01:40:34 | INFO | Episode   17 - Reward: 6.800, Length: 14, Loss: 0.4668, Epsilon: 0.949
2026-03-15 01:40:35 | INFO | Episode   18 - Reward: -5.450, Length: 40, Loss: 0.3435, Epsilon: 0.946
2026-03-15 01:40:36 | INFO | Episode   19 - Reward: -11.150, Length: 40, Loss: 0.3119, Epsilon: 0.943
2026-03-15 01:40:37 | INFO | Episode   20 - Reward: -5.000, Length: 40, Loss: 0.2119, Epsilon: 0.940
2026-03-15 01:40:38 | INFO | Episode   21 - Reward: 3.900, Length: 39, Loss: 0.2264, Epsilon: 0.937
2026-03-15 01:40:39 | INFO | Episode   22 - Reward: -3.650, Length: 40, Loss: 0.1436, Epsilon: 0.934
2026-03-15 01:40:40 | INFO | Episode   23 - Reward: -5.750, Length: 40, Loss: 0.6678, Epsilon: 0.931
2026-03-15 01:40:41 | INFO | Episode   24 - Reward: -3.800, Length: 40, Loss: 0.4900, Epsilon: 0.928
2026-03-15 01:40:42 | INFO | Episode   25 - Reward: -3.800, Length: 40, Loss: 0.3534, Epsilon: 0.925
2026-03-15 01:40:43 | INFO | Episode   26 - Reward: -4.250, Length: 40, Loss: 0.4189, Epsilon: 0.922
2026-03-15 01:40:44 | INFO | Episode   27 - Reward: -6.200, Length: 40, Loss: 0.1982, Epsilon: 0.919
2026-03-15 01:40:45 | INFO | Episode   28 - Reward: -3.800, Length: 40, Loss: 0.2732, Epsilon: 0.916
2026-03-15 01:40:46 | INFO | Episode   29 - Reward: -5.300, Length: 40, Loss: 0.2815, Epsilon: 0.913
2026-03-15 01:40:47 | INFO | Episode   30 - Reward: -4.250, Length: 40, Loss: 0.3376, Epsilon: 0.910
2026-03-15 01:40:47 | INFO | Episode   31 - Reward: -5.000, Length: 40, Loss: 0.4858, Epsilon: 0.907
2026-03-15 01:40:48 | INFO | Episode   32 - Reward: -5.150, Length: 40, Loss: 0.2495, Epsilon: 0.904
2026-03-15 01:40:49 | INFO | Episode   33 - Reward: -5.750, Length: 40, Loss: 0.2671, Epsilon: 0.901
2026-03-15 01:40:49 | INFO | Episode   34 - Reward: 5.400, Length: 27, Loss: 0.2747, Epsilon: 0.898
2026-03-15 01:40:50 | INFO | Episode   35 - Reward: 1.100, Length: 32, Loss: 0.1396, Epsilon: 0.895
2026-03-15 01:40:51 | INFO | Episode   36 - Reward: -5.150, Length: 40, Loss: 0.1241, Epsilon: 0.892
2026-03-15 01:40:52 | INFO | Episode   37 - Reward: -4.850, Length: 40, Loss: 0.3276, Epsilon: 0.889
2026-03-15 01:40:53 | INFO | Episode   38 - Reward: -5.150, Length: 40, Loss: 0.4207, Epsilon: 0.886
2026-03-15 01:40:54 | INFO | Episode   39 - Reward: -5.750, Length: 40, Loss: 0.6370, Epsilon: 0.883
2026-03-15 01:40:55 | INFO | Episode   40 - Reward: -4.550, Length: 40, Loss: 0.1885, Epsilon: 0.880
2026-03-15 01:40:56 | INFO | Episode   41 - Reward: 6.550, Length: 37, Loss: 0.7455, Epsilon: 0.877
2026-03-15 01:40:57 | INFO | Episode   42 - Reward: -5.750, Length: 40, Loss: 0.4030, Epsilon: 0.874
2026-03-15 01:40:58 | INFO | Episode   43 - Reward: -4.700, Length: 40, Loss: 0.4848, Epsilon: 0.871
2026-03-15 01:40:59 | INFO | Episode   44 - Reward: 6.850, Length: 28, Loss: 0.4419, Epsilon: 0.868
2026-03-15 01:41:00 | INFO | Episode   45 - Reward: -1.350, Length: 36, Loss: 0.2824, Epsilon: 0.865
2026-03-15 01:41:01 | INFO | Episode   46 - Reward: 5.650, Length: 40, Loss: 0.4098, Epsilon: 0.862
2026-03-15 01:41:02 | INFO | Episode   47 - Reward: -5.600, Length: 40, Loss: 0.4755, Epsilon: 0.859
2026-03-15 01:41:02 | INFO | Episode   48 - Reward: 7.750, Length: 19, Loss: 0.3486, Epsilon: 0.856
2026-03-15 01:41:03 | INFO | Episode   49 - Reward: 6.550, Length: 28, Loss: 0.4795, Epsilon: 0.853
2026-03-15 01:41:04 | INFO | Episode   50 - Reward: -5.750, Length: 40, Loss: 0.4929, Epsilon: 0.850
2026-03-15 01:41:18 | INFO | [Episode   50] eps=0.850  avg_reward=  -2.993  avg_length= 37.84  avg_loss=  0.3576  eval_success=0.000
2026-03-15 01:41:18 | INFO | Episode   51 - Reward: -4.400, Length: 40, Loss: 0.4899, Epsilon: 0.847
2026-03-15 01:41:19 | INFO | Episode   52 - Reward: -3.650, Length: 40, Loss: 0.5692, Epsilon: 0.844
2026-03-15 01:41:20 | INFO | Episode   53 - Reward: -3.800, Length: 40, Loss: 0.7502, Epsilon: 0.841
2026-03-15 01:41:21 | INFO | Episode   54 - Reward: -4.850, Length: 40, Loss: 0.3929, Epsilon: 0.838
2026-03-15 01:41:22 | INFO | Episode   55 - Reward: -5.600, Length: 40, Loss: 0.6868, Epsilon: 0.835
2026-03-15 01:41:23 | INFO | Episode   56 - Reward: -4.250, Length: 40, Loss: 0.4104, Epsilon: 0.832
2026-03-15 01:41:24 | INFO | Episode   57 - Reward: -4.100, Length: 40, Loss: 0.5523, Epsilon: 0.829
2026-03-15 01:41:25 | INFO | Episode   58 - Reward: -4.400, Length: 40, Loss: 0.5329, Epsilon: 0.826
2026-03-15 01:41:27 | INFO | Episode   59 - Reward: 3.250, Length: 37, Loss: 0.4184, Epsilon: 0.823
2026-03-15 01:41:27 | INFO | Episode   60 - Reward: 1.500, Length: 30, Loss: 0.4972, Epsilon: 0.820
2026-03-15 01:41:28 | INFO | Episode   61 - Reward: 6.550, Length: 28, Loss: 0.7522, Epsilon: 0.817
2026-03-15 01:41:29 | INFO | Episode   62 - Reward: -5.450, Length: 40, Loss: 0.6520, Epsilon: 0.814
2026-03-15 01:41:30 | INFO | Episode   63 - Reward: -5.000, Length: 40, Loss: 0.6035, Epsilon: 0.811
2026-03-15 01:41:31 | INFO | Episode   64 - Reward: 5.050, Length: 16, Loss: 0.5445, Epsilon: 0.808
2026-03-15 01:41:32 | INFO | Episode   65 - Reward: -4.100, Length: 40, Loss: 0.8608, Epsilon: 0.805
2026-03-15 01:41:33 | INFO | Episode   66 - Reward: 3.950, Length: 23, Loss: 0.4967, Epsilon: 0.802
2026-03-15 01:41:34 | INFO | Episode   67 - Reward: -3.950, Length: 40, Loss: 0.7013, Epsilon: 0.799
2026-03-15 01:41:35 | INFO | Episode   68 - Reward: -7.250, Length: 40, Loss: 0.6414, Epsilon: 0.796
2026-03-15 01:41:36 | INFO | Episode   69 - Reward: 6.750, Length: 30, Loss: 0.6744, Epsilon: 0.793
2026-03-15 01:41:37 | INFO | Episode   70 - Reward: 6.250, Length: 34, Loss: 0.9143, Epsilon: 0.790
2026-03-15 01:41:38 | INFO | Episode   71 - Reward: -4.250, Length: 40, Loss: 0.4581, Epsilon: 0.787
2026-03-15 01:41:39 | INFO | Episode   72 - Reward: -5.900, Length: 40, Loss: 0.5034, Epsilon: 0.784
2026-03-15 01:41:40 | INFO | Episode   73 - Reward: -4.850, Length: 40, Loss: 0.7616, Epsilon: 0.781
2026-03-15 01:41:41 | INFO | Episode   74 - Reward: 7.350, Length: 24, Loss: 0.1691, Epsilon: 0.778
2026-03-15 01:41:41 | INFO | Episode   75 - Reward: 7.350, Length: 24, Loss: 0.6726, Epsilon: 0.775
2026-03-15 01:41:42 | INFO | Episode   76 - Reward: 7.450, Length: 22, Loss: 0.5377, Epsilon: 0.772
2026-03-15 01:41:43 | INFO | Episode   77 - Reward: -7.400, Length: 40, Loss: 0.5112, Epsilon: 0.769
2026-03-15 01:41:45 | INFO | Episode   78 - Reward: -4.550, Length: 40, Loss: 0.7041, Epsilon: 0.766
2026-03-15 01:41:46 | INFO | Episode   79 - Reward: -7.100, Length: 40, Loss: 1.1075, Epsilon: 0.763
2026-03-15 01:41:46 | INFO | Episode   80 - Reward: 8.950, Length: 13, Loss: 0.4452, Epsilon: 0.760
2026-03-15 01:41:47 | INFO | Episode   81 - Reward: -4.400, Length: 40, Loss: 1.0429, Epsilon: 0.757
2026-03-15 01:41:48 | INFO | Episode   82 - Reward: -4.850, Length: 40, Loss: 0.5543, Epsilon: 0.754
2026-03-15 01:41:48 | INFO | Episode   83 - Reward: -5.150, Length: 40, Loss: 0.6282, Epsilon: 0.751
2026-03-15 01:41:49 | INFO | Episode   84 - Reward: -6.350, Length: 40, Loss: 0.7270, Epsilon: 0.748
2026-03-15 01:41:50 | INFO | Episode   85 - Reward: 8.050, Length: 19, Loss: 0.6968, Epsilon: 0.745
2026-03-15 01:41:51 | INFO | Episode   86 - Reward: -4.850, Length: 40, Loss: 0.8839, Epsilon: 0.742
2026-03-15 01:41:52 | INFO | Episode   87 - Reward: -5.150, Length: 40, Loss: 0.3752, Epsilon: 0.739
2026-03-15 01:41:53 | INFO | Episode   88 - Reward: 7.550, Length: 23, Loss: 0.7952, Epsilon: 0.736
2026-03-15 01:41:54 | INFO | Episode   89 - Reward: 4.450, Length: 40, Loss: 0.8627, Epsilon: 0.733
2026-03-15 01:41:55 | INFO | Episode   90 - Reward: -4.850, Length: 40, Loss: 0.6029, Epsilon: 0.730
2026-03-15 01:41:56 | INFO | Episode   91 - Reward: 3.750, Length: 27, Loss: 0.9117, Epsilon: 0.727
2026-03-15 01:41:57 | INFO | Episode   92 - Reward: 8.450, Length: 20, Loss: 0.7739, Epsilon: 0.724
2026-03-15 01:41:58 | INFO | Episode   93 - Reward: -5.150, Length: 40, Loss: 1.0227, Epsilon: 0.721
2026-03-15 01:41:59 | INFO | Episode   94 - Reward: -5.000, Length: 40, Loss: 0.6903, Epsilon: 0.718
2026-03-15 01:42:00 | INFO | Episode   95 - Reward: -4.700, Length: 40, Loss: 0.6917, Epsilon: 0.715
2026-03-15 01:42:01 | INFO | Episode   96 - Reward: 0.200, Length: 38, Loss: 0.8898, Epsilon: 0.712
2026-03-15 01:42:02 | INFO | Episode   97 - Reward: -5.450, Length: 40, Loss: 1.0903, Epsilon: 0.709
2026-03-15 01:42:03 | INFO | Episode   98 - Reward: -5.450, Length: 40, Loss: 0.4192, Epsilon: 0.706
2026-03-15 01:42:04 | INFO | Episode   99 - Reward: -5.150, Length: 40, Loss: 0.8328, Epsilon: 0.703
2026-03-15 01:42:05 | INFO | Episode  100 - Reward: -4.400, Length: 40, Loss: 0.5147, Epsilon: 0.700
2026-03-15 01:42:18 | INFO | [Episode  100] eps=0.700  avg_reward=  -1.378  avg_length= 35.36  avg_loss=  0.6604  eval_success=0.000
2026-03-15 01:42:19 | INFO | Episode  101 - Reward: 6.000, Length: 24, Loss: 0.5991, Epsilon: 0.697
2026-03-15 01:42:19 | INFO | Episode  102 - Reward: -4.850, Length: 40, Loss: 0.8085, Epsilon: 0.694
2026-03-15 01:42:20 | INFO | Episode  103 - Reward: -5.450, Length: 40, Loss: 0.4256, Epsilon: 0.691
2026-03-15 01:42:21 | INFO | Episode  104 - Reward: -5.750, Length: 40, Loss: 0.5249, Epsilon: 0.688
2026-03-15 01:42:22 | INFO | Episode  105 - Reward: -6.800, Length: 40, Loss: 0.5834, Epsilon: 0.685
2026-03-15 01:42:23 | INFO | Episode  106 - Reward: -5.000, Length: 40, Loss: 0.6675, Epsilon: 0.682
2026-03-15 01:42:24 | INFO | Episode  107 - Reward: -6.050, Length: 40, Loss: 0.4874, Epsilon: 0.679
2026-03-15 01:42:25 | INFO | Episode  108 - Reward: -8.900, Length: 40, Loss: 0.7484, Epsilon: 0.676
2026-03-15 01:42:27 | INFO | Episode  109 - Reward: -4.250, Length: 40, Loss: 0.5824, Epsilon: 0.673
2026-03-15 01:42:28 | INFO | Episode  110 - Reward: -4.250, Length: 40, Loss: 0.4403, Epsilon: 0.670
2026-03-15 01:42:29 | INFO | Episode  111 - Reward: -14.150, Length: 40, Loss: 0.5364, Epsilon: 0.667
2026-03-15 01:42:30 | INFO | Episode  112 - Reward: -5.600, Length: 40, Loss: 0.5945, Epsilon: 0.664
2026-03-15 01:42:30 | INFO | Episode  113 - Reward: 8.050, Length: 19, Loss: 0.8167, Epsilon: 0.661
2026-03-15 01:42:31 | INFO | Episode  114 - Reward: 4.300, Length: 40, Loss: 0.6871, Epsilon: 0.658
2026-03-15 01:42:32 | INFO | Episode  115 - Reward: -4.550, Length: 40, Loss: 0.5964, Epsilon: 0.655
2026-03-15 01:42:33 | INFO | Episode  116 - Reward: -4.550, Length: 40, Loss: 0.5885, Epsilon: 0.652
2026-03-15 01:42:34 | INFO | Episode  117 - Reward: -5.750, Length: 40, Loss: 0.7120, Epsilon: 0.649
2026-03-15 01:42:35 | INFO | Episode  118 - Reward: -3.800, Length: 40, Loss: 0.5463, Epsilon: 0.646
2026-03-15 01:42:37 | INFO | Episode  119 - Reward: -4.250, Length: 40, Loss: 0.6041, Epsilon: 0.643
2026-03-15 01:42:38 | INFO | Episode  120 - Reward: -8.000, Length: 40, Loss: 0.8802, Epsilon: 0.640
2026-03-15 01:42:38 | INFO | Episode  121 - Reward: 4.850, Length: 17, Loss: 0.7202, Epsilon: 0.637
2026-03-15 01:42:39 | INFO | Episode  122 - Reward: 7.950, Length: 21, Loss: 0.5107, Epsilon: 0.634
2026-03-15 01:42:39 | INFO | Episode  123 - Reward: 6.650, Length: 32, Loss: 0.5481, Epsilon: 0.631
2026-03-15 01:42:41 | INFO | Episode  124 - Reward: 4.100, Length: 38, Loss: 0.3218, Epsilon: 0.628
2026-03-15 01:42:42 | INFO | Episode  125 - Reward: -5.450, Length: 40, Loss: 0.6133, Epsilon: 0.625
2026-03-15 01:42:43 | INFO | Episode  126 - Reward: -4.700, Length: 40, Loss: 0.6413, Epsilon: 0.622
2026-03-15 01:42:44 | INFO | Episode  127 - Reward: -4.850, Length: 40, Loss: 0.6260, Epsilon: 0.619
2026-03-15 01:42:45 | INFO | Episode  128 - Reward: -4.850, Length: 40, Loss: 0.6340, Epsilon: 0.616
2026-03-15 01:42:46 | INFO | Episode  129 - Reward: -5.900, Length: 40, Loss: 0.6470, Epsilon: 0.613
2026-03-15 01:42:47 | INFO | Episode  130 - Reward: -6.050, Length: 40, Loss: 0.3943, Epsilon: 0.610
2026-03-15 01:42:49 | INFO | Episode  131 - Reward: -5.150, Length: 40, Loss: 0.5195, Epsilon: 0.607
2026-03-15 01:42:50 | INFO | Episode  132 - Reward: -4.850, Length: 40, Loss: 0.3852, Epsilon: 0.604
2026-03-15 01:42:51 | INFO | Episode  133 - Reward: -7.250, Length: 40, Loss: 0.8568, Epsilon: 0.601
2026-03-15 01:42:50 | INFO | Episode  134 - Reward: -4.850, Length: 40, Loss: 0.5276, Epsilon: 0.598
2026-03-15 01:42:52 | INFO | Episode  135 - Reward: -4.100, Length: 40, Loss: 0.6612, Epsilon: 0.595
2026-03-15 01:42:53 | INFO | Episode  136 - Reward: -5.150, Length: 40, Loss: 0.5467, Epsilon: 0.592
2026-03-15 01:42:54 | INFO | Episode  137 - Reward: -5.600, Length: 40, Loss: 0.3321, Epsilon: 0.589
2026-03-15 01:42:55 | INFO | Episode  138 - Reward: -4.100, Length: 40, Loss: 0.5367, Epsilon: 0.586
2026-03-15 01:42:56 | INFO | Episode  139 - Reward: 5.650, Length: 40, Loss: 0.4937, Epsilon: 0.583
2026-03-15 01:42:56 | INFO | Episode  140 - Reward: 9.350, Length: 14, Loss: 0.5265, Epsilon: 0.580
2026-03-15 01:42:57 | INFO | Episode  141 - Reward: -4.400, Length: 40, Loss: 0.5664, Epsilon: 0.577
2026-03-15 01:42:58 | INFO | Episode  142 - Reward: -4.100, Length: 40, Loss: 0.3763, Epsilon: 0.574
2026-03-15 01:42:59 | INFO | Episode  143 - Reward: -5.450, Length: 40, Loss: 0.5434, Epsilon: 0.571
2026-03-15 01:43:00 | INFO | Episode  144 - Reward: 6.600, Length: 21, Loss: 0.6303, Epsilon: 0.568
2026-03-15 01:43:01 | INFO | Episode  145 - Reward: -8.300, Length: 40, Loss: 0.5625, Epsilon: 0.565
2026-03-15 01:43:02 | INFO | Episode  146 - Reward: -5.000, Length: 40, Loss: 0.7194, Epsilon: 0.562
2026-03-15 01:43:03 | INFO | Episode  147 - Reward: 7.500, Length: 12, Loss: 0.5244, Epsilon: 0.559
2026-03-15 01:43:03 | INFO | Episode  148 - Reward: 8.850, Length: 15, Loss: 0.4998, Epsilon: 0.556
2026-03-15 01:43:04 | INFO | Episode  149 - Reward: 6.900, Length: 15, Loss: 0.7447, Epsilon: 0.553
2026-03-15 01:43:04 | INFO | Episode  150 - Reward: 8.650, Length: 13, Loss: 0.8413, Epsilon: 0.550
2026-03-15 01:43:18 | INFO | [Episode  150] eps=0.550  avg_reward=  -2.133  avg_length= 35.22  avg_loss=  0.5896  eval_success=0.000
2026-03-15 01:43:19 | INFO | Episode  151 - Reward: -6.050, Length: 40, Loss: 0.6960, Epsilon: 0.547
2026-03-15 01:43:19 | INFO | Episode  152 - Reward: 9.050, Length: 14, Loss: 0.4417, Epsilon: 0.544
2026-03-15 01:43:20 | INFO | Episode  153 - Reward: -7.250, Length: 40, Loss: 0.5036, Epsilon: 0.541
2026-03-15 01:43:21 | INFO | Episode  154 - Reward: 5.450, Length: 14, Loss: 0.7083, Epsilon: 0.538
2026-03-15 01:43:21 | INFO | Episode  155 - Reward: 8.550, Length: 21, Loss: 0.3875, Epsilon: 0.535
2026-03-15 01:43:21 | INFO | Episode  156 - Reward: -15.050, Length: 40, Loss: 0.7750, Epsilon: 0.532
2026-03-15 01:43:22 | INFO | Episode  157 - Reward: -10.400, Length: 40, Loss: 0.7967, Epsilon: 0.529
2026-03-15 01:43:22 | INFO | Episode  158 - Reward: 8.750, Length: 14, Loss: 0.4169, Epsilon: 0.526
2026-03-15 01:43:23 | INFO | Episode  159 - Reward: -6.650, Length: 40, Loss: 0.5139, Epsilon: 0.523
2026-03-15 01:43:24 | INFO | Episode  160 - Reward: 7.700, Length: 8, Loss: 1.4509, Epsilon: 0.520
2026-03-15 01:43:24 | INFO | Episode  161 - Reward: 7.500, Length: 9, Loss: 0.4785, Epsilon: 0.517
2026-03-15 01:43:25 | INFO | Episode  162 - Reward: 4.550, Length: 20, Loss: 0.5687, Epsilon: 0.514
2026-03-15 01:43:25 | INFO | Episode  163 - Reward: 4.750, Length: 19, Loss: 0.6489, Epsilon: 0.511
2026-03-15 01:43:26 | INFO | Episode  164 - Reward: 7.400, Length: 11, Loss: 0.5798, Epsilon: 0.508
2026-03-15 01:43:26 | INFO | Episode  165 - Reward: 9.550, Length: 10, Loss: 0.6922, Epsilon: 0.505
2026-03-15 01:43:26 | INFO | Episode  166 - Reward: 7.300, Length: 10, Loss: 0.9503, Epsilon: 0.502
2026-03-15 01:43:26 | INFO | Episode  167 - Reward: 7.100, Length: 14, Loss: 0.5373, Epsilon: 0.499
2026-03-15 01:43:28 | INFO | Episode  168 - Reward: -6.350, Length: 40, Loss: 0.5243, Epsilon: 0.496
2026-03-15 01:43:28 | INFO | Episode  169 - Reward: 6.800, Length: 17, Loss: 0.7786, Epsilon: 0.493
2026-03-15 01:43:28 | INFO | Episode  170 - Reward: 7.300, Length: 13, Loss: 0.6345, Epsilon: 0.490
2026-03-15 01:43:29 | INFO | Episode  171 - Reward: 7.500, Length: 9, Loss: 0.6571, Epsilon: 0.487
2026-03-15 01:43:29 | INFO | Episode  172 - Reward: 7.200, Length: 12, Loss: 0.9271, Epsilon: 0.484
2026-03-15 01:43:30 | INFO | Episode  173 - Reward: 4.750, Length: 22, Loss: 0.8490, Epsilon: 0.481
2026-03-15 01:43:30 | INFO | Episode  174 - Reward: 6.300, Length: 24, Loss: 0.8502, Epsilon: 0.478
2026-03-15 01:43:30 | INFO | Episode  175 - Reward: 7.400, Length: 11, Loss: 0.7405, Epsilon: 0.475
2026-03-15 01:43:32 | INFO | Episode  176 - Reward: -5.150, Length: 40, Loss: 0.8813, Epsilon: 0.472
2026-03-15 01:43:32 | INFO | Episode  177 - Reward: 9.450, Length: 9, Loss: 0.6918, Epsilon: 0.469
2026-03-15 01:43:32 | INFO | Episode  178 - Reward: 6.700, Length: 19, Loss: 0.6126, Epsilon: 0.466
2026-03-15 01:43:33 | INFO | Episode  179 - Reward: -13.700, Length: 40, Loss: 0.7255, Epsilon: 0.463
2026-03-15 01:43:34 | INFO | Episode  180 - Reward: 4.750, Length: 16, Loss: 0.7209, Epsilon: 0.460
2026-03-15 01:43:34 | INFO | Episode  181 - Reward: 5.350, Length: 16, Loss: 0.9731, Epsilon: 0.457
2026-03-15 01:43:35 | INFO | Episode  182 - Reward: 5.450, Length: 14, Loss: 1.0651, Epsilon: 0.454
2026-03-15 01:43:35 | INFO | Episode  183 - Reward: 5.150, Length: 17, Loss: 0.8108, Epsilon: 0.451
2026-03-15 01:43:36 | INFO | Episode  184 - Reward: 3.650, Length: 29, Loss: 1.0449, Epsilon: 0.448
2026-03-15 01:43:36 | INFO | Episode  185 - Reward: 7.100, Length: 11, Loss: 0.8148, Epsilon: 0.445
2026-03-15 01:43:37 | INFO | Episode  186 - Reward: 5.350, Length: 16, Loss: 0.6217, Epsilon: 0.442
2026-03-15 01:43:37 | INFO | Episode  187 - Reward: 7.500, Length: 9, Loss: 0.6483, Epsilon: 0.439
2026-03-15 01:43:37 | INFO | Episode  188 - Reward: 9.650, Length: 8, Loss: 1.0400, Epsilon: 0.436
2026-03-15 01:43:37 | INFO | Episode  189 - Reward: 5.250, Length: 12, Loss: 0.8185, Epsilon: 0.433
2026-03-15 01:43:38 | INFO | Episode  190 - Reward: 4.650, Length: 21, Loss: 1.2681, Epsilon: 0.430
2026-03-15 01:43:38 | INFO | Episode  191 - Reward: 4.750, Length: 16, Loss: 0.5031, Epsilon: 0.427
2026-03-15 01:43:39 | INFO | Episode  192 - Reward: 7.700, Length: 8, Loss: 1.2880, Epsilon: 0.424
2026-03-15 01:43:39 | INFO | Episode  193 - Reward: 7.700, Length: 8, Loss: 0.7148, Epsilon: 0.421
2026-03-15 01:43:39 | INFO | Episode  194 - Reward: 5.450, Length: 11, Loss: 1.4407, Epsilon: 0.418
2026-03-15 01:43:39 | INFO | Episode  195 - Reward: 7.400, Length: 11, Loss: 0.7325, Epsilon: 0.415
2026-03-15 01:43:40 | INFO | Episode  196 - Reward: 8.650, Length: 16, Loss: 0.9817, Epsilon: 0.412
2026-03-15 01:43:40 | INFO | Episode  197 - Reward: 9.450, Length: 12, Loss: 1.5258, Epsilon: 0.409
2026-03-15 01:43:41 | INFO | Episode  198 - Reward: 9.250, Length: 13, Loss: 1.0897, Epsilon: 0.406
2026-03-15 01:43:41 | INFO | Episode  199 - Reward: 9.050, Length: 14, Loss: 0.8306, Epsilon: 0.403
2026-03-15 01:43:41 | INFO | Episode  200 - Reward: 9.450, Length: 9, Loss: 0.6187, Epsilon: 0.400
2026-03-15 01:43:44 | INFO | [Episode  200] eps=0.400  avg_reward=   4.463  avg_length= 18.14  avg_loss=  0.7914  eval_success=1.000
2026-03-15 01:43:45 | INFO | Episode  201 - Reward: 7.300, Length: 13, Loss: 0.7450, Epsilon: 0.397
2026-03-15 01:43:46 | INFO | Episode  202 - Reward: -6.650, Length: 40, Loss: 0.8600, Epsilon: 0.394
2026-03-15 01:43:46 | INFO | Episode  203 - Reward: 6.500, Length: 20, Loss: 1.0113, Epsilon: 0.391
2026-03-15 01:43:47 | INFO | Episode  204 - Reward: 7.100, Length: 14, Loss: 0.8908, Epsilon: 0.388
2026-03-15 01:43:47 | INFO | Episode  205 - Reward: 7.400, Length: 11, Loss: 1.2130, Epsilon: 0.385
2026-03-15 01:43:47 | INFO | Episode  206 - Reward: 9.050, Length: 14, Loss: 0.9089, Epsilon: 0.382
2026-03-15 01:43:48 | INFO | Episode  207 - Reward: 3.400, Length: 13, Loss: 0.8181, Epsilon: 0.379
2026-03-15 01:43:48 | INFO | Episode  208 - Reward: 5.500, Length: 22, Loss: 1.0770, Epsilon: 0.376
2026-03-15 01:43:49 | INFO | Episode  209 - Reward: 2.000, Length: 23, Loss: 0.8682, Epsilon: 0.373
2026-03-15 01:43:49 | INFO | Episode  210 - Reward: 7.700, Length: 8, Loss: 0.6430, Epsilon: 0.370
2026-03-15 01:43:50 | INFO | Episode  211 - Reward: 9.450, Length: 9, Loss: 0.9330, Epsilon: 0.367
2026-03-15 01:43:51 | INFO | Episode  212 - Reward: -17.450, Length: 40, Loss: 1.1100, Epsilon: 0.364
2026-03-15 01:43:51 | INFO | Episode  213 - Reward: 9.450, Length: 9, Loss: 1.0003, Epsilon: 0.361
2026-03-15 01:43:52 | INFO | Episode  214 - Reward: -2.200, Length: 29, Loss: 1.0956, Epsilon: 0.358
2026-03-15 01:43:52 | INFO | Episode  215 - Reward: 6.300, Length: 24, Loss: 0.8303, Epsilon: 0.355
2026-03-15 01:43:53 | INFO | Episode  216 - Reward: 7.500, Length: 9, Loss: 0.9859, Epsilon: 0.352
2026-03-15 01:43:52 | INFO | Episode  217 - Reward: 8.150, Length: 17, Loss: 0.6947, Epsilon: 0.349
2026-03-15 01:43:52 | INFO | Episode  218 - Reward: 9.250, Length: 10, Loss: 0.3601, Epsilon: 0.346
2026-03-15 01:43:53 | INFO | Episode  219 - Reward: 4.250, Length: 17, Loss: 1.3179, Epsilon: 0.343
2026-03-15 01:43:54 | INFO | Episode  220 - Reward: -16.250, Length: 40, Loss: 0.8372, Epsilon: 0.340
2026-03-15 01:43:55 | INFO | Episode  221 - Reward: -1.250, Length: 31, Loss: 0.8180, Epsilon: 0.337
2026-03-15 01:43:55 | INFO | Episode  222 - Reward: 6.400, Length: 16, Loss: 0.8401, Epsilon: 0.334
2026-03-15 01:43:55 | INFO | Episode  223 - Reward: 7.300, Length: 10, Loss: 0.5361, Epsilon: 0.331
2026-03-15 01:43:56 | INFO | Episode  224 - Reward: 7.500, Length: 9, Loss: 1.2737, Epsilon: 0.328
2026-03-15 01:43:56 | INFO | Episode  225 - Reward: 9.550, Length: 10, Loss: 0.7196, Epsilon: 0.325
2026-03-15 01:43:56 | INFO | Episode  226 - Reward: 7.100, Length: 11, Loss: 1.4192, Epsilon: 0.322
2026-03-15 01:43:57 | INFO | Episode  227 - Reward: 7.400, Length: 11, Loss: 1.0923, Epsilon: 0.319
2026-03-15 01:43:57 | INFO | Episode  228 - Reward: 5.450, Length: 11, Loss: 1.0110, Epsilon: 0.316
2026-03-15 01:43:57 | INFO | Episode  229 - Reward: 7.300, Length: 13, Loss: 1.6938, Epsilon: 0.313
2026-03-15 01:43:58 | INFO | Episode  230 - Reward: 9.150, Length: 12, Loss: 0.5666, Epsilon: 0.310
2026-03-15 01:43:58 | INFO | Episode  231 - Reward: 9.450, Length: 12, Loss: 0.9104, Epsilon: 0.307
2026-03-15 01:43:58 | INFO | Episode  232 - Reward: 9.650, Length: 8, Loss: 1.0431, Epsilon: 0.304
2026-03-15 01:43:59 | INFO | Episode  233 - Reward: 9.050, Length: 17, Loss: 0.8793, Epsilon: 0.301
2026-03-15 01:43:59 | INFO | Episode  234 - Reward: 9.650, Length: 8, Loss: 0.7580, Epsilon: 0.298
2026-03-15 01:43:59 | INFO | Episode  235 - Reward: 9.450, Length: 9, Loss: 1.0570, Epsilon: 0.295
2026-03-15 01:43:59 | INFO | Episode  236 - Reward: 9.350, Length: 11, Loss: 1.1310, Epsilon: 0.292
2026-03-15 01:44:00 | INFO | Episode  237 - Reward: 9.650, Length: 8, Loss: 0.9211, Epsilon: 0.289
2026-03-15 01:44:00 | INFO | Episode  238 - Reward: 9.450, Length: 12, Loss: 1.3292, Epsilon: 0.286
2026-03-15 01:44:00 | INFO | Episode  239 - Reward: 7.400, Length: 11, Loss: 0.8700, Epsilon: 0.283
2026-03-15 01:44:01 | INFO | Episode  240 - Reward: 7.500, Length: 9, Loss: 1.4584, Epsilon: 0.280
2026-03-15 01:44:01 | INFO | Episode  241 - Reward: 7.500, Length: 9, Loss: 1.2072, Epsilon: 0.277
2026-03-15 01:44:01 | INFO | Episode  242 - Reward: 7.300, Length: 10, Loss: 1.3144, Epsilon: 0.274
2026-03-15 01:44:01 | INFO | Episode  243 - Reward: 7.300, Length: 10, Loss: 1.7727, Epsilon: 0.271
2026-03-15 01:44:02 | INFO | Episode  244 - Reward: 4.450, Length: 25, Loss: 1.2880, Epsilon: 0.268
2026-03-15 01:44:02 | INFO | Episode  245 - Reward: 7.600, Length: 10, Loss: 1.2828, Epsilon: 0.265
2026-03-15 01:44:03 | INFO | Episode  246 - Reward: 9.450, Length: 9, Loss: 0.4551, Epsilon: 0.262
2026-03-15 01:44:03 | INFO | Episode  247 - Reward: 9.250, Length: 10, Loss: 1.3564, Epsilon: 0.259
2026-03-15 01:44:03 | INFO | Episode  248 - Reward: 9.650, Length: 8, Loss: 0.6528, Epsilon: 0.256
2026-03-15 01:44:03 | INFO | Episode  249 - Reward: 9.650, Length: 8, Loss: 0.8403, Epsilon: 0.253
2026-03-15 01:44:04 | INFO | Episode  250 - Reward: 9.650, Length: 8, Loss: 0.6312, Epsilon: 0.250
2026-03-15 01:44:06 | INFO | [Episode  250] eps=0.250  avg_reward=   6.121  avg_length= 14.56  avg_loss=  0.9866  eval_success=1.000
2026-03-15 01:44:07 | INFO | Episode  251 - Reward: 7.700, Length: 8, Loss: 1.6267, Epsilon: 0.247
2026-03-15 01:44:07 | INFO | Episode  252 - Reward: 7.700, Length: 8, Loss: 1.2755, Epsilon: 0.244
2026-03-15 01:44:07 | INFO | Episode  253 - Reward: 7.700, Length: 8, Loss: 1.6414, Epsilon: 0.241
2026-03-15 01:44:07 | INFO | Episode  254 - Reward: 5.450, Length: 11, Loss: 1.6457, Epsilon: 0.238
2026-03-15 01:44:08 | INFO | Episode  255 - Reward: 6.900, Length: 12, Loss: 1.1607, Epsilon: 0.235
2026-03-15 01:44:09 | INFO | Episode  256 - Reward: -6.950, Length: 40, Loss: 1.1703, Epsilon: 0.232
2026-03-15 01:44:09 | INFO | Episode  257 - Reward: 7.700, Length: 8, Loss: 1.2733, Epsilon: 0.229
2026-03-15 01:44:10 | INFO | Episode  258 - Reward: -2.050, Length: 35, Loss: 1.3314, Epsilon: 0.226
2026-03-15 01:44:11 | INFO | Episode  259 - Reward: -6.950, Length: 40, Loss: 1.0619, Epsilon: 0.223
2026-03-15 01:44:13 | INFO | Episode  260 - Reward: -11.600, Length: 40, Loss: 0.8189, Epsilon: 0.220
2026-03-15 01:44:13 | INFO | Episode  261 - Reward: 9.650, Length: 8, Loss: 0.9370, Epsilon: 0.217
2026-03-15 01:44:13 | INFO | Episode  262 - Reward: 7.600, Length: 10, Loss: 0.9053, Epsilon: 0.214
2026-03-15 01:44:13 | INFO | Episode  263 - Reward: 9.650, Length: 8, Loss: 1.4737, Epsilon: 0.211
2026-03-15 01:44:14 | INFO | Episode  264 - Reward: 9.650, Length: 8, Loss: 1.3382, Epsilon: 0.208
2026-03-15 01:44:14 | INFO | Episode  265 - Reward: 9.450, Length: 9, Loss: 1.3945, Epsilon: 0.205
2026-03-15 01:44:14 | INFO | Episode  266 - Reward: 9.050, Length: 14, Loss: 1.4511, Epsilon: 0.202
2026-03-15 01:44:15 | INFO | Episode  267 - Reward: 9.650, Length: 8, Loss: 1.2225, Epsilon: 0.199
2026-03-15 01:44:15 | INFO | Episode  268 - Reward: 9.650, Length: 8, Loss: 1.3022, Epsilon: 0.196
2026-03-15 01:44:15 | INFO | Episode  269 - Reward: 9.350, Length: 11, Loss: 1.5566, Epsilon: 0.193
2026-03-15 01:44:16 | INFO | Episode  270 - Reward: 9.450, Length: 12, Loss: 1.0586, Epsilon: 0.190
2026-03-15 01:44:16 | INFO | Episode  271 - Reward: 9.450, Length: 9, Loss: 0.9970, Epsilon: 0.187
2026-03-15 01:44:16 | INFO | Episode  272 - Reward: 9.350, Length: 11, Loss: 0.9501, Epsilon: 0.184
2026-03-15 01:44:16 | INFO | Episode  273 - Reward: 7.500, Length: 9, Loss: 1.2949, Epsilon: 0.181
2026-03-15 01:44:17 | INFO | Episode  274 - Reward: 9.350, Length: 14, Loss: 1.2917, Epsilon: 0.178
2026-03-15 01:44:17 | INFO | Episode  275 - Reward: 9.550, Length: 10, Loss: 1.5026, Epsilon: 0.175
2026-03-15 01:44:17 | INFO | Episode  276 - Reward: 7.400, Length: 11, Loss: 1.2219, Epsilon: 0.172
2026-03-15 01:44:18 | INFO | Episode  277 - Reward: 9.650, Length: 8, Loss: 1.2390, Epsilon: 0.169
2026-03-15 01:44:18 | INFO | Episode  278 - Reward: 7.600, Length: 10, Loss: 0.9202, Epsilon: 0.166
2026-03-15 01:44:18 | INFO | Episode  279 - Reward: 9.650, Length: 8, Loss: 1.0816, Epsilon: 0.163
2026-03-15 01:44:18 | INFO | Episode  280 - Reward: 9.650, Length: 8, Loss: 1.7399, Epsilon: 0.160
2026-03-15 01:44:18 | INFO | Episode  281 - Reward: 9.650, Length: 8, Loss: 1.2957, Epsilon: 0.157
2026-03-15 01:44:19 | INFO | Episode  282 - Reward: 9.450, Length: 9, Loss: 1.0459, Epsilon: 0.154
2026-03-15 01:44:19 | INFO | Episode  283 - Reward: 9.650, Length: 8, Loss: 1.3853, Epsilon: 0.151
2026-03-15 01:44:19 | INFO | Episode  284 - Reward: 9.650, Length: 8, Loss: 1.0838, Epsilon: 0.148
2026-03-15 01:44:19 | INFO | Episode  285 - Reward: 9.350, Length: 11, Loss: 1.1893, Epsilon: 0.145
2026-03-15 01:44:20 | INFO | Episode  286 - Reward: 9.650, Length: 8, Loss: 1.7718, Epsilon: 0.142
2026-03-15 01:44:20 | INFO | Episode  287 - Reward: 9.650, Length: 8, Loss: 1.4877, Epsilon: 0.139
2026-03-15 01:44:20 | INFO | Episode  288 - Reward: 9.250, Length: 10, Loss: 1.4433, Epsilon: 0.136
2026-03-15 01:44:21 | INFO | Episode  289 - Reward: 9.450, Length: 12, Loss: 1.2532, Epsilon: 0.133
2026-03-15 01:44:21 | INFO | Episode  290 - Reward: 9.650, Length: 8, Loss: 1.3896, Epsilon: 0.130
2026-03-15 01:44:21 | INFO | Episode  291 - Reward: 5.450, Length: 11, Loss: 1.2259, Epsilon: 0.127
2026-03-15 01:44:21 | INFO | Episode  292 - Reward: 9.550, Length: 10, Loss: 1.5000, Epsilon: 0.124
2026-03-15 01:44:22 | INFO | Episode  293 - Reward: 9.650, Length: 8, Loss: 0.9792, Epsilon: 0.121
2026-03-15 01:44:22 | INFO | Episode  294 - Reward: 9.450, Length: 9, Loss: 0.7162, Epsilon: 0.118
2026-03-15 01:44:23 | INFO | Episode  295 - Reward: -7.850, Length: 40, Loss: 1.3701, Epsilon: 0.115
2026-03-15 01:44:23 | INFO | Episode  296 - Reward: 9.650, Length: 8, Loss: 1.5539, Epsilon: 0.112
2026-03-15 01:44:22 | INFO | Episode  297 - Reward: 7.300, Length: 10, Loss: 1.7805, Epsilon: 0.109
2026-03-15 01:44:23 | INFO | Episode  298 - Reward: 7.600, Length: 10, Loss: 1.0985, Epsilon: 0.106
2026-03-15 01:44:23 | INFO | Episode  299 - Reward: 5.650, Length: 10, Loss: 1.8555, Epsilon: 0.103
2026-03-15 01:44:23 | INFO | Episode  300 - Reward: 9.650, Length: 8, Loss: 1.4991, Epsilon: 0.100
2026-03-15 01:44:26 | INFO | [Episode  300] eps=0.100  avg_reward=   7.188  avg_length= 12.36  avg_loss=  1.2962  eval_success=1.000
2026-03-15 01:44:26 | INFO | Episode  301 - Reward: 7.700, Length: 8, Loss: 1.8727, Epsilon: 0.100
2026-03-15 01:44:26 | INFO | Episode  302 - Reward: 9.650, Length: 8, Loss: 1.4599, Epsilon: 0.100
2026-03-15 01:44:27 | INFO | Episode  303 - Reward: -10.250, Length: 40, Loss: 1.3735, Epsilon: 0.100
2026-03-15 01:44:28 | INFO | Episode  304 - Reward: 9.250, Length: 10, Loss: 1.3662, Epsilon: 0.100
2026-03-15 01:44:28 | INFO | Episode  305 - Reward: 9.650, Length: 8, Loss: 1.5668, Epsilon: 0.100
2026-03-15 01:44:28 | INFO | Episode  306 - Reward: 7.400, Length: 11, Loss: 1.6034, Epsilon: 0.100
2026-03-15 01:44:28 | INFO | Episode  307 - Reward: 7.700, Length: 8, Loss: 1.6762, Epsilon: 0.100
2026-03-15 01:44:29 | INFO | Episode  308 - Reward: 7.700, Length: 8, Loss: 1.1672, Epsilon: 0.100
2026-03-15 01:44:29 | INFO | Episode  309 - Reward: 9.550, Length: 10, Loss: 1.3665, Epsilon: 0.100
2026-03-15 01:44:29 | INFO | Episode  310 - Reward: 9.650, Length: 8, Loss: 1.5104, Epsilon: 0.100
2026-03-15 01:44:29 | INFO | Episode  311 - Reward: 9.650, Length: 8, Loss: 1.2535, Epsilon: 0.100
2026-03-15 01:44:30 | INFO | Episode  312 - Reward: 9.350, Length: 11, Loss: 1.2143, Epsilon: 0.100
2026-03-15 01:44:30 | INFO | Episode  313 - Reward: 9.450, Length: 9, Loss: 1.5255, Epsilon: 0.100
2026-03-15 01:44:30 | INFO | Episode  314 - Reward: 9.650, Length: 8, Loss: 1.3291, Epsilon: 0.100
2026-03-15 01:44:30 | INFO | Episode  315 - Reward: 9.650, Length: 8, Loss: 1.4650, Epsilon: 0.100
2026-03-15 01:44:31 | INFO | Episode  316 - Reward: 9.650, Length: 8, Loss: 1.0910, Epsilon: 0.100
2026-03-15 01:44:31 | INFO | Episode  317 - Reward: 7.600, Length: 10, Loss: 1.0434, Epsilon: 0.100
2026-03-15 01:44:31 | INFO | Episode  318 - Reward: 9.650, Length: 8, Loss: 0.8930, Epsilon: 0.100
2026-03-15 01:44:31 | INFO | Episode  319 - Reward: 9.650, Length: 8, Loss: 1.5037, Epsilon: 0.100
2026-03-15 01:44:32 | INFO | Episode  320 - Reward: 9.250, Length: 10, Loss: 0.8744, Epsilon: 0.100
2026-03-15 01:44:32 | INFO | Episode  321 - Reward: 9.650, Length: 8, Loss: 1.1980, Epsilon: 0.100
2026-03-15 01:44:32 | INFO | Episode  322 - Reward: 9.650, Length: 8, Loss: 1.7356, Epsilon: 0.100
2026-03-15 01:44:32 | INFO | Episode  323 - Reward: 9.650, Length: 8, Loss: 1.2667, Epsilon: 0.100
2026-03-15 01:44:32 | INFO | Episode  324 - Reward: 9.650, Length: 8, Loss: 1.3097, Epsilon: 0.100
2026-03-15 01:44:33 | INFO | Episode  325 - Reward: 9.650, Length: 8, Loss: 1.7019, Epsilon: 0.100
2026-03-15 01:44:33 | INFO | Episode  326 - Reward: 9.650, Length: 8, Loss: 1.0556, Epsilon: 0.100
2026-03-15 01:44:33 | INFO | Episode  327 - Reward: 9.650, Length: 8, Loss: 1.3970, Epsilon: 0.100
2026-03-15 01:44:33 | INFO | Episode  328 - Reward: 9.550, Length: 10, Loss: 1.2230, Epsilon: 0.100
2026-03-15 01:44:34 | INFO | Episode  329 - Reward: 9.650, Length: 8, Loss: 0.9679, Epsilon: 0.100
2026-03-15 01:44:34 | INFO | Episode  330 - Reward: 9.650, Length: 8, Loss: 0.7549, Epsilon: 0.100
2026-03-15 01:44:34 | INFO | Episode  331 - Reward: 9.650, Length: 8, Loss: 1.2509, Epsilon: 0.100
2026-03-15 01:44:35 | INFO | Episode  332 - Reward: -6.950, Length: 40, Loss: 1.2208, Epsilon: 0.100
2026-03-15 01:44:37 | INFO | Episode  333 - Reward: -10.250, Length: 40, Loss: 1.4455, Epsilon: 0.100
2026-03-15 01:44:37 | INFO | Episode  334 - Reward: 9.650, Length: 8, Loss: 1.4139, Epsilon: 0.100
2026-03-15 01:44:37 | INFO | Episode  335 - Reward: 9.650, Length: 8, Loss: 1.1107, Epsilon: 0.100
2026-03-15 01:44:37 | INFO | Episode  336 - Reward: 9.650, Length: 8, Loss: 1.1652, Epsilon: 0.100
2026-03-15 01:44:38 | INFO | Episode  337 - Reward: 9.450, Length: 9, Loss: 0.9986, Epsilon: 0.100
2026-03-15 01:44:39 | INFO | Episode  338 - Reward: 2.300, Length: 35, Loss: 1.1014, Epsilon: 0.100
2026-03-15 01:44:40 | INFO | Episode  339 - Reward: -10.550, Length: 40, Loss: 1.4560, Epsilon: 0.100
2026-03-15 01:44:41 | INFO | Episode  340 - Reward: -8.300, Length: 40, Loss: 1.3328, Epsilon: 0.100
2026-03-15 01:44:41 | INFO | Episode  341 - Reward: 6.600, Length: 15, Loss: 1.1993, Epsilon: 0.100
2026-03-15 01:44:42 | INFO | Episode  342 - Reward: 3.800, Length: 29, Loss: 1.0916, Epsilon: 0.100
2026-03-15 01:44:43 | INFO | Episode  343 - Reward: -8.300, Length: 40, Loss: 1.3063, Epsilon: 0.100
2026-03-15 01:44:44 | INFO | Episode  344 - Reward: 9.250, Length: 10, Loss: 1.5317, Epsilon: 0.100
2026-03-15 01:44:44 | INFO | Episode  345 - Reward: 9.450, Length: 9, Loss: 1.0837, Epsilon: 0.100
2026-03-15 01:44:45 | INFO | Episode  346 - Reward: -2.350, Length: 35, Loss: 1.4252, Epsilon: 0.100
2026-03-15 01:44:45 | INFO | Episode  347 - Reward: 9.650, Length: 8, Loss: 1.1520, Epsilon: 0.100
2026-03-15 01:44:46 | INFO | Episode  348 - Reward: -10.550, Length: 40, Loss: 1.1131, Epsilon: 0.100
2026-03-15 01:44:47 | INFO | Episode  349 - Reward: 9.650, Length: 8, Loss: 1.3399, Epsilon: 0.100
2026-03-15 01:44:47 | INFO | Episode  350 - Reward: 9.650, Length: 8, Loss: 0.8751, Epsilon: 0.100
2026-03-15 01:44:50 | INFO | [Episode  350] eps=0.100  avg_reward=   6.182  avg_length= 14.54  avg_loss=  1.2876  eval_success=1.000
2026-03-15 01:44:50 | INFO | Episode  351 - Reward: 9.650, Length: 8, Loss: 0.9195, Epsilon: 0.100
2026-03-15 01:44:50 | INFO | Episode  352 - Reward: 9.450, Length: 9, Loss: 1.1613, Epsilon: 0.100
2026-03-15 01:44:51 | INFO | Episode  353 - Reward: 9.650, Length: 8, Loss: 1.2910, Epsilon: 0.100
2026-03-15 01:44:51 | INFO | Episode  354 - Reward: 9.450, Length: 9, Loss: 1.4272, Epsilon: 0.100
2026-03-15 01:44:51 | INFO | Episode  355 - Reward: 9.550, Length: 10, Loss: 1.6314, Epsilon: 0.100
2026-03-15 01:44:52 | INFO | Episode  356 - Reward: 9.350, Length: 14, Loss: 1.4068, Epsilon: 0.100
2026-03-15 01:44:52 | INFO | Episode  357 - Reward: 9.650, Length: 8, Loss: 1.4530, Epsilon: 0.100
2026-03-15 01:44:53 | INFO | Episode  358 - Reward: 5.650, Length: 28, Loss: 1.0155, Epsilon: 0.100
2026-03-15 01:44:53 | INFO | Episode  359 - Reward: 9.550, Length: 10, Loss: 0.9565, Epsilon: 0.100
2026-03-15 01:44:53 | INFO | Episode  360 - Reward: 9.550, Length: 10, Loss: 0.8405, Epsilon: 0.100
2026-03-15 01:44:53 | INFO | Episode  361 - Reward: 9.650, Length: 8, Loss: 1.3795, Epsilon: 0.100
2026-03-15 01:44:54 | INFO | Episode  362 - Reward: 9.650, Length: 8, Loss: 1.7124, Epsilon: 0.100
2026-03-15 01:44:54 | INFO | Episode  363 - Reward: 9.650, Length: 8, Loss: 1.4454, Epsilon: 0.100
2026-03-15 01:44:54 | INFO | Episode  364 - Reward: 9.450, Length: 9, Loss: 1.2090, Epsilon: 0.100
2026-03-15 01:44:53 | INFO | Episode  365 - Reward: 9.250, Length: 10, Loss: 1.0336, Epsilon: 0.100
2026-03-15 01:44:53 | INFO | Episode  366 - Reward: 9.450, Length: 9, Loss: 1.0877, Epsilon: 0.100
2026-03-15 01:44:54 | INFO | Episode  367 - Reward: 9.650, Length: 8, Loss: 1.4445, Epsilon: 0.100
2026-03-15 01:44:54 | INFO | Episode  368 - Reward: 9.250, Length: 10, Loss: 1.1061, Epsilon: 0.100
2026-03-15 01:44:55 | INFO | Episode  369 - Reward: 5.150, Length: 32, Loss: 1.3671, Epsilon: 0.100
2026-03-15 01:44:55 | INFO | Episode  370 - Reward: 7.600, Length: 10, Loss: 0.8772, Epsilon: 0.100
2026-03-15 01:44:56 | INFO | Episode  371 - Reward: 5.950, Length: 28, Loss: 1.2639, Epsilon: 0.100
2026-03-15 01:44:56 | INFO | Episode  372 - Reward: 9.650, Length: 8, Loss: 1.4514, Epsilon: 0.100
2026-03-15 01:44:56 | INFO | Episode  373 - Reward: 9.650, Length: 8, Loss: 0.9856, Epsilon: 0.100
2026-03-15 01:44:57 | INFO | Episode  374 - Reward: 9.450, Length: 9, Loss: 1.1606, Epsilon: 0.100
2026-03-15 01:44:57 | INFO | Episode  375 - Reward: 9.650, Length: 8, Loss: 1.1003, Epsilon: 0.100
2026-03-15 01:44:57 | INFO | Episode  376 - Reward: 9.650, Length: 8, Loss: 1.6512, Epsilon: 0.100
2026-03-15 01:44:57 | INFO | Episode  377 - Reward: 9.650, Length: 8, Loss: 1.4833, Epsilon: 0.100
2026-03-15 01:44:57 | INFO | Episode  378 - Reward: 9.450, Length: 9, Loss: 1.3529, Epsilon: 0.100
2026-03-15 01:44:58 | INFO | Episode  379 - Reward: 9.350, Length: 11, Loss: 1.4632, Epsilon: 0.100
2026-03-15 01:44:58 | INFO | Episode  380 - Reward: 9.250, Length: 10, Loss: 1.1995, Epsilon: 0.100
2026-03-15 01:44:58 | INFO | Episode  381 - Reward: 9.450, Length: 9, Loss: 1.1769, Epsilon: 0.100
2026-03-15 01:44:59 | INFO | Episode  382 - Reward: 9.450, Length: 9, Loss: 1.3162, Epsilon: 0.100
2026-03-15 01:44:59 | INFO | Episode  383 - Reward: 9.650, Length: 8, Loss: 1.2477, Epsilon: 0.100
2026-03-15 01:44:59 | INFO | Episode  384 - Reward: 9.650, Length: 8, Loss: 1.1575, Epsilon: 0.100
2026-03-15 01:45:00 | INFO | Episode  385 - Reward: -13.250, Length: 40, Loss: 1.5391, Epsilon: 0.100
2026-03-15 01:45:01 | INFO | Episode  386 - Reward: 3.250, Length: 25, Loss: 1.3531, Epsilon: 0.100
2026-03-15 01:45:01 | INFO | Episode  387 - Reward: 4.250, Length: 17, Loss: 1.5320, Epsilon: 0.100
2026-03-15 01:45:02 | INFO | Episode  388 - Reward: 9.550, Length: 10, Loss: 1.3695, Epsilon: 0.100
2026-03-15 01:45:02 | INFO | Episode  389 - Reward: 9.550, Length: 10, Loss: 1.1232, Epsilon: 0.100
2026-03-15 01:45:02 | INFO | Episode  390 - Reward: 9.650, Length: 8, Loss: 1.1543, Epsilon: 0.100
2026-03-15 01:45:03 | INFO | Episode  391 - Reward: 4.550, Length: 35, Loss: 1.3141, Epsilon: 0.100
2026-03-15 01:45:03 | INFO | Episode  392 - Reward: 9.650, Length: 8, Loss: 1.1517, Epsilon: 0.100
2026-03-15 01:45:04 | INFO | Episode  393 - Reward: 9.650, Length: 8, Loss: 0.7725, Epsilon: 0.100
2026-03-15 01:45:04 | INFO | Episode  394 - Reward: 9.650, Length: 8, Loss: 0.7987, Epsilon: 0.100
2026-03-15 01:45:04 | INFO | Episode  395 - Reward: 9.450, Length: 9, Loss: 0.9224, Epsilon: 0.100
2026-03-15 01:45:04 | INFO | Episode  396 - Reward: 9.150, Length: 12, Loss: 1.0631, Epsilon: 0.100
2026-03-15 01:45:06 | INFO | Episode  397 - Reward: 2.200, Length: 40, Loss: 1.2951, Epsilon: 0.100
2026-03-15 01:45:07 | INFO | Episode  398 - Reward: -7.100, Length: 40, Loss: 1.2513, Epsilon: 0.100
2026-03-15 01:45:08 | INFO | Episode  399 - Reward: -7.400, Length: 40, Loss: 1.0794, Epsilon: 0.100
2026-03-15 01:45:08 | INFO | Episode  400 - Reward: 9.650, Length: 8, Loss: 1.0817, Epsilon: 0.100
2026-03-15 01:45:11 | INFO | [Episode  400] eps=0.100  avg_reward=   7.652  avg_length= 13.70  avg_loss=  1.2315  eval_success=1.000
2026-03-15 01:45:11 | INFO | Episode  401 - Reward: 9.650, Length: 8, Loss: 1.5113, Epsilon: 0.100
2026-03-15 01:45:11 | INFO | Episode  402 - Reward: 9.650, Length: 8, Loss: 1.5757, Epsilon: 0.100
2026-03-15 01:45:12 | INFO | Episode  403 - Reward: 9.650, Length: 8, Loss: 1.5652, Epsilon: 0.100
2026-03-15 01:45:12 | INFO | Episode  404 - Reward: 9.650, Length: 8, Loss: 1.2855, Epsilon: 0.100
2026-03-15 01:45:12 | INFO | Episode  405 - Reward: 9.550, Length: 10, Loss: 1.8032, Epsilon: 0.100
2026-03-15 01:45:13 | INFO | Episode  406 - Reward: 9.650, Length: 8, Loss: 1.1596, Epsilon: 0.100
2026-03-15 01:45:13 | INFO | Episode  407 - Reward: 9.650, Length: 8, Loss: 1.1995, Epsilon: 0.100
2026-03-15 01:45:13 | INFO | Episode  408 - Reward: 9.650, Length: 8, Loss: 1.3051, Epsilon: 0.100
2026-03-15 01:45:13 | INFO | Episode  409 - Reward: 9.650, Length: 8, Loss: 1.0196, Epsilon: 0.100
2026-03-15 01:45:14 | INFO | Episode  410 - Reward: 9.650, Length: 8, Loss: 1.3932, Epsilon: 0.100
2026-03-15 01:45:14 | INFO | Episode  411 - Reward: 9.650, Length: 8, Loss: 0.8438, Epsilon: 0.100
2026-03-15 01:45:14 | INFO | Episode  412 - Reward: 9.650, Length: 8, Loss: 1.5309, Epsilon: 0.100
2026-03-15 01:45:14 | INFO | Episode  413 - Reward: 9.650, Length: 8, Loss: 1.2298, Epsilon: 0.100
2026-03-15 01:45:14 | INFO | Episode  414 - Reward: 9.650, Length: 8, Loss: 1.3733, Epsilon: 0.100
2026-03-15 01:45:15 | INFO | Episode  415 - Reward: 9.650, Length: 8, Loss: 1.2039, Epsilon: 0.100
2026-03-15 01:45:16 | INFO | Episode  416 - Reward: -9.650, Length: 40, Loss: 1.0927, Epsilon: 0.100
2026-03-15 01:45:16 | INFO | Episode  417 - Reward: 9.450, Length: 9, Loss: 1.2102, Epsilon: 0.100
2026-03-15 01:45:16 | INFO | Episode  418 - Reward: 9.550, Length: 10, Loss: 0.7320, Epsilon: 0.100
2026-03-15 01:45:17 | INFO | Episode  419 - Reward: 9.650, Length: 8, Loss: 1.1360, Epsilon: 0.100
2026-03-15 01:45:17 | INFO | Episode  420 - Reward: 9.650, Length: 8, Loss: 1.2776, Epsilon: 0.100
2026-03-15 01:45:17 | INFO | Episode  421 - Reward: 9.650, Length: 8, Loss: 1.3369, Epsilon: 0.100
2026-03-15 01:45:17 | INFO | Episode  422 - Reward: 9.450, Length: 9, Loss: 1.0472, Epsilon: 0.100
2026-03-15 01:45:18 | INFO | Episode  423 - Reward: 9.650, Length: 8, Loss: 1.0006, Epsilon: 0.100
2026-03-15 01:45:18 | INFO | Episode  424 - Reward: 9.650, Length: 8, Loss: 1.1918, Epsilon: 0.100
2026-03-15 01:45:18 | INFO | Episode  425 - Reward: 9.250, Length: 10, Loss: 1.0321, Epsilon: 0.100
2026-03-15 01:45:18 | INFO | Episode  426 - Reward: 9.650, Length: 8, Loss: 1.1701, Epsilon: 0.100
2026-03-15 01:45:18 | INFO | Episode  427 - Reward: 9.450, Length: 9, Loss: 1.4336, Epsilon: 0.100
2026-03-15 01:45:19 | INFO | Episode  428 - Reward: 9.250, Length: 10, Loss: 1.4642, Epsilon: 0.100
2026-03-15 01:45:19 | INFO | Episode  429 - Reward: 9.650, Length: 8, Loss: 1.1051, Epsilon: 0.100
2026-03-15 01:45:19 | INFO | Episode  430 - Reward: 9.650, Length: 8, Loss: 1.3582, Epsilon: 0.100
2026-03-15 01:45:20 | INFO | Episode  431 - Reward: -8.300, Length: 40, Loss: 1.1729, Epsilon: 0.100
2026-03-15 01:45:21 | INFO | Episode  432 - Reward: 9.650, Length: 8, Loss: 1.0039, Epsilon: 0.100
2026-03-15 01:45:21 | INFO | Episode  433 - Reward: 9.650, Length: 8, Loss: 1.5200, Epsilon: 0.100
2026-03-15 01:45:21 | INFO | Episode  434 - Reward: 9.650, Length: 8, Loss: 0.8458, Epsilon: 0.100
2026-03-15 01:45:22 | INFO | Episode  435 - Reward: 9.650, Length: 8, Loss: 0.9805, Epsilon: 0.100
2026-03-15 01:45:22 | INFO | Episode  436 - Reward: 9.450, Length: 12, Loss: 1.0915, Epsilon: 0.100
2026-03-15 01:45:22 | INFO | Episode  437 - Reward: 9.650, Length: 8, Loss: 1.6524, Epsilon: 0.100
2026-03-15 01:45:23 | INFO | Episode  438 - Reward: 9.650, Length: 8, Loss: 1.5046, Epsilon: 0.100
2026-03-15 01:45:23 | INFO | Episode  439 - Reward: 9.350, Length: 11, Loss: 1.2954, Epsilon: 0.100
2026-03-15 01:45:23 | INFO | Episode  440 - Reward: 9.650, Length: 8, Loss: 0.9736, Epsilon: 0.100
2026-03-15 01:45:24 | INFO | Episode  441 - Reward: 9.550, Length: 10, Loss: 1.0213, Epsilon: 0.100
2026-03-15 01:45:24 | INFO | Episode  442 - Reward: 9.650, Length: 8, Loss: 0.5637, Epsilon: 0.100
2026-03-15 01:45:24 | INFO | Episode  443 - Reward: 9.650, Length: 8, Loss: 0.9029, Epsilon: 0.100
2026-03-15 01:45:25 | INFO | Episode  444 - Reward: 9.650, Length: 8, Loss: 0.7547, Epsilon: 0.100
2026-03-15 01:45:25 | INFO | Episode  445 - Reward: 9.650, Length: 8, Loss: 1.3652, Epsilon: 0.100
2026-03-15 01:45:25 | INFO | Episode  446 - Reward: 9.450, Length: 9, Loss: 0.9049, Epsilon: 0.100
2026-03-15 01:45:24 | INFO | Episode  447 - Reward: 9.450, Length: 9, Loss: 1.1291, Epsilon: 0.100
2026-03-15 01:45:24 | INFO | Episode  448 - Reward: 9.650, Length: 8, Loss: 1.3845, Epsilon: 0.100
2026-03-15 01:45:25 | INFO | Episode  449 - Reward: 3.550, Length: 22, Loss: 0.9133, Epsilon: 0.100
2026-03-15 01:45:26 | INFO | Episode  450 - Reward: 9.550, Length: 10, Loss: 0.9550, Epsilon: 0.100
2026-03-15 01:45:29 | INFO | [Episode  450] eps=0.100  avg_reward=   8.729  avg_length= 10.04  avg_loss=  1.1905  eval_success=1.000
2026-03-15 01:45:29 | INFO | Episode  451 - Reward: 9.650, Length: 8, Loss: 1.2238, Epsilon: 0.100
2026-03-15 01:45:30 | INFO | Episode  452 - Reward: 9.650, Length: 8, Loss: 1.4277, Epsilon: 0.100
2026-03-15 01:45:30 | INFO | Episode  453 - Reward: 9.650, Length: 8, Loss: 1.0671, Epsilon: 0.100
2026-03-15 01:45:30 | INFO | Episode  454 - Reward: 9.450, Length: 9, Loss: 1.0212, Epsilon: 0.100
2026-03-15 01:45:30 | INFO | Episode  455 - Reward: 9.650, Length: 8, Loss: 1.2015, Epsilon: 0.100
2026-03-15 01:45:31 | INFO | Episode  456 - Reward: 2.050, Length: 28, Loss: 1.2540, Epsilon: 0.100
2026-03-15 01:45:32 | INFO | Episode  457 - Reward: 8.950, Length: 13, Loss: 1.0557, Epsilon: 0.100
2026-03-15 01:45:32 | INFO | Episode  458 - Reward: 9.650, Length: 8, Loss: 1.1184, Epsilon: 0.100
2026-03-15 01:45:32 | INFO | Episode  459 - Reward: 9.550, Length: 10, Loss: 1.1102, Epsilon: 0.100
2026-03-15 01:45:33 | INFO | Episode  460 - Reward: 9.650, Length: 8, Loss: 0.8113, Epsilon: 0.100
2026-03-15 01:45:33 | INFO | Episode  461 - Reward: 9.550, Length: 10, Loss: 1.6255, Epsilon: 0.100
2026-03-15 01:45:33 | INFO | Episode  462 - Reward: 9.650, Length: 8, Loss: 0.7806, Epsilon: 0.100
2026-03-15 01:45:34 | INFO | Episode  463 - Reward: 9.550, Length: 10, Loss: 0.9041, Epsilon: 0.100
2026-03-15 01:45:34 | INFO | Episode  464 - Reward: 9.650, Length: 8, Loss: 1.2823, Epsilon: 0.100
2026-03-15 01:45:34 | INFO | Episode  465 - Reward: 7.600, Length: 10, Loss: 1.1234, Epsilon: 0.100
2026-03-15 01:45:35 | INFO | Episode  466 - Reward: 9.350, Length: 11, Loss: 1.2502, Epsilon: 0.100
2026-03-15 01:45:35 | INFO | Episode  467 - Reward: 9.650, Length: 8, Loss: 1.1046, Epsilon: 0.100
2026-03-15 01:45:35 | INFO | Episode  468 - Reward: 9.650, Length: 8, Loss: 0.9539, Epsilon: 0.100
2026-03-15 01:45:35 | INFO | Episode  469 - Reward: 9.650, Length: 8, Loss: 0.8997, Epsilon: 0.100
2026-03-15 01:45:36 | INFO | Episode  470 - Reward: 9.650, Length: 8, Loss: 1.3280, Epsilon: 0.100
2026-03-15 01:45:36 | INFO | Episode  471 - Reward: 9.550, Length: 10, Loss: 0.7567, Epsilon: 0.100
2026-03-15 01:45:36 | INFO | Episode  472 - Reward: 9.450, Length: 9, Loss: 1.4257, Epsilon: 0.100
2026-03-15 01:45:37 | INFO | Episode  473 - Reward: 9.250, Length: 13, Loss: 1.0795, Epsilon: 0.100
2026-03-15 01:45:37 | INFO | Episode  474 - Reward: 9.450, Length: 9, Loss: 0.6810, Epsilon: 0.100
2026-03-15 01:45:38 | INFO | Episode  475 - Reward: -7.100, Length: 40, Loss: 1.2099, Epsilon: 0.100
2026-03-15 01:45:39 | INFO | Episode  476 - Reward: 9.550, Length: 10, Loss: 1.3525, Epsilon: 0.100
2026-03-15 01:45:39 | INFO | Episode  477 - Reward: 9.650, Length: 8, Loss: 1.5670, Epsilon: 0.100
2026-03-15 01:45:39 | INFO | Episode  478 - Reward: 9.450, Length: 9, Loss: 0.8484, Epsilon: 0.100
2026-03-15 01:45:39 | INFO | Episode  479 - Reward: 9.650, Length: 8, Loss: 0.8281, Epsilon: 0.100
2026-03-15 01:45:40 | INFO | Episode  480 - Reward: 9.650, Length: 8, Loss: 1.1162, Epsilon: 0.100
2026-03-15 01:45:40 | INFO | Episode  481 - Reward: 9.650, Length: 8, Loss: 1.5191, Epsilon: 0.100
2026-03-15 01:45:40 | INFO | Episode  482 - Reward: 9.650, Length: 8, Loss: 0.8608, Epsilon: 0.100
2026-03-15 01:45:40 | INFO | Episode  483 - Reward: 9.650, Length: 8, Loss: 1.7721, Epsilon: 0.100
2026-03-15 01:45:41 | INFO | Episode  484 - Reward: 9.650, Length: 8, Loss: 0.6457, Epsilon: 0.100
2026-03-15 01:45:41 | INFO | Episode  485 - Reward: 9.450, Length: 9, Loss: 0.6376, Epsilon: 0.100
2026-03-15 01:45:41 | INFO | Episode  486 - Reward: 9.650, Length: 8, Loss: 1.1235, Epsilon: 0.100
2026-03-15 01:45:42 | INFO | Episode  487 - Reward: 9.450, Length: 9, Loss: 1.3375, Epsilon: 0.100
2026-03-15 01:45:42 | INFO | Episode  488 - Reward: 9.250, Length: 10, Loss: 0.8835, Epsilon: 0.100
2026-03-15 01:45:42 | INFO | Episode  489 - Reward: 9.650, Length: 8, Loss: 0.9600, Epsilon: 0.100
2026-03-15 01:45:42 | INFO | Episode  490 - Reward: 7.500, Length: 12, Loss: 1.0654, Epsilon: 0.100
2026-03-15 01:45:43 | INFO | Episode  491 - Reward: 9.650, Length: 8, Loss: 1.2646, Epsilon: 0.100
2026-03-15 01:45:43 | INFO | Episode  492 - Reward: 9.650, Length: 8, Loss: 1.2230, Epsilon: 0.100
2026-03-15 01:45:43 | INFO | Episode  493 - Reward: 9.450, Length: 9, Loss: 0.7195, Epsilon: 0.100
2026-03-15 01:45:44 | INFO | Episode  494 - Reward: 9.450, Length: 9, Loss: 1.1011, Epsilon: 0.100
2026-03-15 01:45:44 | INFO | Episode  495 - Reward: 9.650, Length: 8, Loss: 1.0737, Epsilon: 0.100
2026-03-15 01:45:44 | INFO | Episode  496 - Reward: 9.250, Length: 10, Loss: 1.1084, Epsilon: 0.100
2026-03-15 01:45:44 | INFO | Episode  497 - Reward: 9.650, Length: 8, Loss: 1.1770, Epsilon: 0.100
2026-03-15 01:45:45 | INFO | Episode  498 - Reward: 9.650, Length: 8, Loss: 0.8193, Epsilon: 0.100
2026-03-15 01:45:45 | INFO | Episode  499 - Reward: 4.800, Length: 24, Loss: 0.8277, Epsilon: 0.100
2026-03-15 01:45:46 | INFO | Episode  500 - Reward: 9.050, Length: 14, Loss: 0.7598, Epsilon: 0.100
2026-03-15 01:45:49 | INFO | [Episode  500] eps=0.100  avg_reward=   8.884  avg_length= 10.30  avg_loss=  1.0857  eval_success=1.000
2026-03-15 01:45:59 | INFO | [Final Evaluation] eval_success=1.000
