2026-03-15 01:59:08 | INFO | JAX DEVICES: [CudaDevice(id=0)]
2026-03-15 01:59:08 | INFO | Starting training of DQN agent with seed=1, num_episodes=500, max_steps=50
2026-03-15 01:59:08 | INFO | Environment parameters: EnvParams(grid_rows=5, grid_cols=5, max_steps=40, start_row=4, start_col=0, goal_row=0, goal_col=4, trap_row=1, trap_col=3, step_penalty=-0.05, trap_penalty=-2.0, invalid_penalty=-0.2, goal_reward=10.0)
2026-03-15 01:59:09 | INFO | Episode    1 - Reward: -6.050, Length: 40, Loss: 0.0000, Epsilon: 0.997
2026-03-15 01:59:09 | INFO | Episode    2 - Reward: 4.700, Length: 32, Loss: 0.0000, Epsilon: 0.994
2026-03-15 01:59:10 | INFO | Episode    3 - Reward: -6.350, Length: 40, Loss: 0.7716, Epsilon: 0.991
2026-03-15 01:59:11 | INFO | Episode    4 - Reward: -4.400, Length: 40, Loss: 0.8299, Epsilon: 0.988
2026-03-15 01:59:12 | INFO | Episode    5 - Reward: -4.400, Length: 40, Loss: 0.5699, Epsilon: 0.985
2026-03-15 01:59:13 | INFO | Episode    6 - Reward: -4.850, Length: 40, Loss: 0.6505, Epsilon: 0.982
2026-03-15 01:59:15 | INFO | Episode    7 - Reward: -4.850, Length: 40, Loss: 0.1823, Epsilon: 0.979
2026-03-15 01:59:16 | INFO | Episode    8 - Reward: -8.150, Length: 40, Loss: 0.6647, Epsilon: 0.976
2026-03-15 01:59:17 | INFO | Episode    9 - Reward: -5.300, Length: 40, Loss: 0.3552, Epsilon: 0.973
2026-03-15 01:59:18 | INFO | Episode   10 - Reward: -4.850, Length: 40, Loss: 0.1180, Epsilon: 0.970
2026-03-15 01:59:19 | INFO | Episode   11 - Reward: -4.850, Length: 40, Loss: 0.2873, Epsilon: 0.967
2026-03-15 01:59:19 | INFO | Episode   12 - Reward: -4.400, Length: 40, Loss: 0.2043, Epsilon: 0.964
2026-03-15 01:59:20 | INFO | Episode   13 - Reward: -5.750, Length: 40, Loss: 0.1974, Epsilon: 0.961
2026-03-15 01:59:21 | INFO | Episode   14 - Reward: -4.850, Length: 40, Loss: 0.1912, Epsilon: 0.958
2026-03-15 01:59:22 | INFO | Episode   15 - Reward: -3.800, Length: 40, Loss: 0.3405, Epsilon: 0.955
2026-03-15 01:59:23 | INFO | Episode   16 - Reward: -5.150, Length: 40, Loss: 0.1120, Epsilon: 0.952
2026-03-15 01:59:23 | INFO | Episode   17 - Reward: 6.800, Length: 14, Loss: 0.4665, Epsilon: 0.949
2026-03-15 01:59:25 | INFO | Episode   18 - Reward: -5.450, Length: 40, Loss: 0.3432, Epsilon: 0.946
2026-03-15 01:59:26 | INFO | Episode   19 - Reward: -11.150, Length: 40, Loss: 0.3114, Epsilon: 0.943
2026-03-15 01:59:27 | INFO | Episode   20 - Reward: -5.000, Length: 40, Loss: 0.2117, Epsilon: 0.940
2026-03-15 01:59:28 | INFO | Episode   21 - Reward: 3.900, Length: 39, Loss: 0.2261, Epsilon: 0.937
2026-03-15 01:59:29 | INFO | Episode   22 - Reward: -3.650, Length: 40, Loss: 0.1434, Epsilon: 0.934
2026-03-15 01:59:30 | INFO | Episode   23 - Reward: -5.750, Length: 40, Loss: 0.6670, Epsilon: 0.931
2026-03-15 01:59:31 | INFO | Episode   24 - Reward: -3.800, Length: 40, Loss: 0.4896, Epsilon: 0.928
2026-03-15 01:59:32 | INFO | Episode   25 - Reward: -3.800, Length: 40, Loss: 0.3531, Epsilon: 0.925
2026-03-15 01:59:33 | INFO | Episode   26 - Reward: -4.250, Length: 40, Loss: 0.4185, Epsilon: 0.922
2026-03-15 01:59:34 | INFO | Episode   27 - Reward: -6.200, Length: 40, Loss: 0.1981, Epsilon: 0.919
2026-03-15 01:59:35 | INFO | Episode   28 - Reward: -3.800, Length: 40, Loss: 0.2730, Epsilon: 0.916
2026-03-15 01:59:36 | INFO | Episode   29 - Reward: -5.300, Length: 40, Loss: 0.2813, Epsilon: 0.913
2026-03-15 01:59:37 | INFO | Episode   30 - Reward: -4.250, Length: 40, Loss: 0.3374, Epsilon: 0.910
2026-03-15 01:59:38 | INFO | Episode   31 - Reward: -5.000, Length: 40, Loss: 0.4854, Epsilon: 0.907
2026-03-15 01:59:39 | INFO | Episode   32 - Reward: -5.150, Length: 40, Loss: 0.2496, Epsilon: 0.904
2026-03-15 01:59:40 | INFO | Episode   33 - Reward: -5.750, Length: 40, Loss: 0.2669, Epsilon: 0.901
2026-03-15 01:59:41 | INFO | Episode   34 - Reward: 5.400, Length: 27, Loss: 0.2745, Epsilon: 0.898
2026-03-15 01:59:42 | INFO | Episode   35 - Reward: 1.100, Length: 32, Loss: 0.1397, Epsilon: 0.895
2026-03-15 01:59:43 | INFO | Episode   36 - Reward: -5.150, Length: 40, Loss: 0.1241, Epsilon: 0.892
2026-03-15 01:59:44 | INFO | Episode   37 - Reward: -4.850, Length: 40, Loss: 0.3275, Epsilon: 0.889
2026-03-15 01:59:45 | INFO | Episode   38 - Reward: -5.150, Length: 40, Loss: 0.4200, Epsilon: 0.886
2026-03-15 01:59:46 | INFO | Episode   39 - Reward: -5.750, Length: 40, Loss: 0.6359, Epsilon: 0.883
2026-03-15 01:59:47 | INFO | Episode   40 - Reward: -4.550, Length: 40, Loss: 0.1888, Epsilon: 0.880
2026-03-15 01:59:48 | INFO | Episode   41 - Reward: 6.550, Length: 37, Loss: 0.7445, Epsilon: 0.877
2026-03-15 01:59:49 | INFO | Episode   42 - Reward: -5.750, Length: 40, Loss: 0.4029, Epsilon: 0.874
2026-03-15 01:59:49 | INFO | Episode   43 - Reward: -4.700, Length: 40, Loss: 0.4844, Epsilon: 0.871
2026-03-15 01:59:50 | INFO | Episode   44 - Reward: 6.850, Length: 28, Loss: 0.4420, Epsilon: 0.868
2026-03-15 01:59:51 | INFO | Episode   45 - Reward: -1.350, Length: 36, Loss: 0.2827, Epsilon: 0.865
2026-03-15 01:59:52 | INFO | Episode   46 - Reward: 5.650, Length: 40, Loss: 0.4093, Epsilon: 0.862
2026-03-15 01:59:54 | INFO | Episode   47 - Reward: -5.600, Length: 40, Loss: 0.4748, Epsilon: 0.859
2026-03-15 01:59:54 | INFO | Episode   48 - Reward: 7.750, Length: 19, Loss: 0.3487, Epsilon: 0.856
2026-03-15 01:59:55 | INFO | Episode   49 - Reward: 6.550, Length: 28, Loss: 0.4786, Epsilon: 0.853
2026-03-15 01:59:56 | INFO | Episode   50 - Reward: -5.750, Length: 40, Loss: 0.4920, Epsilon: 0.850
2026-03-15 02:00:10 | INFO | [Episode   50] eps=0.850  avg_reward=  -2.993  avg_length= 37.84  avg_loss=  0.3574  eval_success=0.000
2026-03-15 02:00:11 | INFO | Episode   51 - Reward: -4.400, Length: 40, Loss: 0.4889, Epsilon: 0.847
2026-03-15 02:00:13 | INFO | Episode   52 - Reward: -3.650, Length: 40, Loss: 0.5678, Epsilon: 0.844
2026-03-15 02:00:14 | INFO | Episode   53 - Reward: -3.800, Length: 40, Loss: 0.7482, Epsilon: 0.841
2026-03-15 02:00:15 | INFO | Episode   54 - Reward: -4.850, Length: 40, Loss: 0.3928, Epsilon: 0.838
2026-03-15 02:00:16 | INFO | Episode   55 - Reward: -5.600, Length: 40, Loss: 0.6846, Epsilon: 0.835
2026-03-15 02:00:18 | INFO | Episode   56 - Reward: -4.250, Length: 40, Loss: 0.4099, Epsilon: 0.832
2026-03-15 02:00:19 | INFO | Episode   57 - Reward: -4.100, Length: 40, Loss: 0.5511, Epsilon: 0.829
2026-03-15 02:00:20 | INFO | Episode   58 - Reward: -4.400, Length: 40, Loss: 0.5318, Epsilon: 0.826
2026-03-15 02:00:21 | INFO | Episode   59 - Reward: 3.250, Length: 37, Loss: 0.4186, Epsilon: 0.823
2026-03-15 02:00:20 | INFO | Episode   60 - Reward: 1.500, Length: 30, Loss: 0.4965, Epsilon: 0.820
2026-03-15 02:00:21 | INFO | Episode   61 - Reward: 6.550, Length: 28, Loss: 0.7500, Epsilon: 0.817
2026-03-15 02:00:22 | INFO | Episode   62 - Reward: -5.450, Length: 40, Loss: 0.6516, Epsilon: 0.814
2026-03-15 02:00:23 | INFO | Episode   63 - Reward: -5.000, Length: 40, Loss: 0.6016, Epsilon: 0.811
2026-03-15 02:00:24 | INFO | Episode   64 - Reward: 5.050, Length: 16, Loss: 0.5432, Epsilon: 0.808
2026-03-15 02:00:25 | INFO | Episode   65 - Reward: -4.100, Length: 40, Loss: 0.8584, Epsilon: 0.805
2026-03-15 02:00:26 | INFO | Episode   66 - Reward: 3.950, Length: 23, Loss: 0.4970, Epsilon: 0.802
2026-03-15 02:00:27 | INFO | Episode   67 - Reward: -3.950, Length: 40, Loss: 0.6986, Epsilon: 0.799
2026-03-15 02:00:28 | INFO | Episode   68 - Reward: -7.250, Length: 40, Loss: 0.6416, Epsilon: 0.796
2026-03-15 02:00:29 | INFO | Episode   69 - Reward: 6.750, Length: 30, Loss: 0.6743, Epsilon: 0.793
2026-03-15 02:00:30 | INFO | Episode   70 - Reward: 6.250, Length: 34, Loss: 0.9113, Epsilon: 0.790
2026-03-15 02:00:31 | INFO | Episode   71 - Reward: -4.250, Length: 40, Loss: 0.4607, Epsilon: 0.787
2026-03-15 02:00:32 | INFO | Episode   72 - Reward: -5.900, Length: 40, Loss: 0.5045, Epsilon: 0.784
2026-03-15 02:00:33 | INFO | Episode   73 - Reward: -4.850, Length: 40, Loss: 0.7612, Epsilon: 0.781
2026-03-15 02:00:34 | INFO | Episode   74 - Reward: 7.350, Length: 24, Loss: 0.1757, Epsilon: 0.778
2026-03-15 02:00:35 | INFO | Episode   75 - Reward: 7.350, Length: 24, Loss: 0.6701, Epsilon: 0.775
2026-03-15 02:00:35 | INFO | Episode   76 - Reward: 7.450, Length: 22, Loss: 0.5386, Epsilon: 0.772
2026-03-15 02:00:37 | INFO | Episode   77 - Reward: -7.400, Length: 40, Loss: 0.5153, Epsilon: 0.769
2026-03-15 02:00:38 | INFO | Episode   78 - Reward: -4.550, Length: 40, Loss: 0.7011, Epsilon: 0.766
2026-03-15 02:00:39 | INFO | Episode   79 - Reward: -7.100, Length: 40, Loss: 1.1008, Epsilon: 0.763
2026-03-15 02:00:39 | INFO | Episode   80 - Reward: 8.950, Length: 13, Loss: 0.4502, Epsilon: 0.760
2026-03-15 02:00:40 | INFO | Episode   81 - Reward: -4.400, Length: 40, Loss: 1.0372, Epsilon: 0.757
2026-03-15 02:00:42 | INFO | Episode   82 - Reward: -4.250, Length: 40, Loss: 0.5593, Epsilon: 0.754
2026-03-15 02:00:43 | INFO | Episode   83 - Reward: -5.150, Length: 40, Loss: 0.6332, Epsilon: 0.751
2026-03-15 02:00:44 | INFO | Episode   84 - Reward: -6.350, Length: 40, Loss: 0.7266, Epsilon: 0.748
2026-03-15 02:00:45 | INFO | Episode   85 - Reward: 8.050, Length: 19, Loss: 0.6987, Epsilon: 0.745
2026-03-15 02:00:46 | INFO | Episode   86 - Reward: -4.850, Length: 40, Loss: 0.8814, Epsilon: 0.742
2026-03-15 02:00:47 | INFO | Episode   87 - Reward: -5.150, Length: 40, Loss: 0.3824, Epsilon: 0.739
2026-03-15 02:00:48 | INFO | Episode   88 - Reward: 7.550, Length: 23, Loss: 0.7990, Epsilon: 0.736
2026-03-15 02:00:49 | INFO | Episode   89 - Reward: 4.450, Length: 40, Loss: 0.8664, Epsilon: 0.733
2026-03-15 02:00:50 | INFO | Episode   90 - Reward: -4.850, Length: 40, Loss: 0.6097, Epsilon: 0.730
2026-03-15 02:00:51 | INFO | Episode   91 - Reward: 3.750, Length: 27, Loss: 0.9088, Epsilon: 0.727
2026-03-15 02:00:51 | INFO | Episode   92 - Reward: 8.450, Length: 20, Loss: 0.7752, Epsilon: 0.724
2026-03-15 02:00:51 | INFO | Episode   93 - Reward: -4.550, Length: 40, Loss: 1.0130, Epsilon: 0.721
2026-03-15 02:00:52 | INFO | Episode   94 - Reward: -5.600, Length: 40, Loss: 0.6965, Epsilon: 0.718
2026-03-15 02:00:53 | INFO | Episode   95 - Reward: -4.850, Length: 40, Loss: 0.6962, Epsilon: 0.715
2026-03-15 02:00:54 | INFO | Episode   96 - Reward: 0.200, Length: 38, Loss: 0.8851, Epsilon: 0.712
2026-03-15 02:00:56 | INFO | Episode   97 - Reward: -5.750, Length: 40, Loss: 1.0802, Epsilon: 0.709
2026-03-15 02:00:57 | INFO | Episode   98 - Reward: -4.250, Length: 40, Loss: 0.4341, Epsilon: 0.706
2026-03-15 02:00:58 | INFO | Episode   99 - Reward: -5.150, Length: 40, Loss: 0.8400, Epsilon: 0.703
2026-03-15 02:00:59 | INFO | Episode  100 - Reward: -5.000, Length: 40, Loss: 0.5397, Epsilon: 0.700
2026-03-15 02:01:14 | INFO | [Episode  100] eps=0.700  avg_reward=  -1.363  avg_length= 35.36  avg_loss=  0.6612  eval_success=0.000
2026-03-15 02:01:14 | INFO | Episode  101 - Reward: 6.000, Length: 24, Loss: 0.6163, Epsilon: 0.697
2026-03-15 02:01:15 | INFO | Episode  102 - Reward: 5.700, Length: 30, Loss: 0.8898, Epsilon: 0.694
2026-03-15 02:01:16 | INFO | Episode  103 - Reward: -5.750, Length: 40, Loss: 0.5472, Epsilon: 0.691
2026-03-15 02:01:18 | INFO | Episode  104 - Reward: -4.850, Length: 40, Loss: 0.3244, Epsilon: 0.688
2026-03-15 02:01:19 | INFO | Episode  105 - Reward: 6.850, Length: 31, Loss: 0.6533, Epsilon: 0.685
2026-03-15 02:01:20 | INFO | Episode  106 - Reward: 5.650, Length: 40, Loss: 0.6768, Epsilon: 0.682
2026-03-15 02:01:21 | INFO | Episode  107 - Reward: -4.400, Length: 40, Loss: 0.4977, Epsilon: 0.679
2026-03-15 02:01:22 | INFO | Episode  108 - Reward: -5.150, Length: 40, Loss: 0.7834, Epsilon: 0.676
2026-03-15 02:01:22 | INFO | Episode  109 - Reward: -5.600, Length: 40, Loss: 0.7324, Epsilon: 0.673
2026-03-15 02:01:23 | INFO | Episode  110 - Reward: -5.900, Length: 40, Loss: 0.4803, Epsilon: 0.670
2026-03-15 02:01:24 | INFO | Episode  111 - Reward: -5.900, Length: 40, Loss: 0.4920, Epsilon: 0.667
2026-03-15 02:01:26 | INFO | Episode  112 - Reward: -5.300, Length: 40, Loss: 0.6368, Epsilon: 0.664
2026-03-15 02:01:26 | INFO | Episode  113 - Reward: 5.700, Length: 24, Loss: 0.8978, Epsilon: 0.661
2026-03-15 02:01:27 | INFO | Episode  114 - Reward: -5.450, Length: 40, Loss: 0.6425, Epsilon: 0.658
2026-03-15 02:01:28 | INFO | Episode  115 - Reward: 7.000, Length: 13, Loss: 0.3469, Epsilon: 0.655
2026-03-15 02:01:29 | INFO | Episode  116 - Reward: -4.550, Length: 40, Loss: 0.5993, Epsilon: 0.652
2026-03-15 02:01:30 | INFO | Episode  117 - Reward: -4.550, Length: 40, Loss: 0.5909, Epsilon: 0.649
2026-03-15 02:01:31 | INFO | Episode  118 - Reward: -5.750, Length: 40, Loss: 0.8663, Epsilon: 0.646
2026-03-15 02:01:33 | INFO | Episode  119 - Reward: -3.800, Length: 40, Loss: 0.6628, Epsilon: 0.643
2026-03-15 02:01:34 | INFO | Episode  120 - Reward: -4.250, Length: 40, Loss: 0.5288, Epsilon: 0.640
2026-03-15 02:01:35 | INFO | Episode  121 - Reward: -8.000, Length: 40, Loss: 0.6293, Epsilon: 0.637
2026-03-15 02:01:35 | INFO | Episode  122 - Reward: 4.850, Length: 17, Loss: 0.5911, Epsilon: 0.634
2026-03-15 02:01:36 | INFO | Episode  123 - Reward: 7.950, Length: 21, Loss: 0.5174, Epsilon: 0.631
2026-03-15 02:01:37 | INFO | Episode  124 - Reward: 6.650, Length: 32, Loss: 0.6956, Epsilon: 0.628
2026-03-15 02:01:38 | INFO | Episode  125 - Reward: 4.100, Length: 38, Loss: 0.8495, Epsilon: 0.625
2026-03-15 02:01:39 | INFO | Episode  126 - Reward: -5.450, Length: 40, Loss: 0.7757, Epsilon: 0.622
2026-03-15 02:01:40 | INFO | Episode  127 - Reward: -4.700, Length: 40, Loss: 0.8709, Epsilon: 0.619
2026-03-15 02:01:41 | INFO | Episode  128 - Reward: -4.850, Length: 40, Loss: 0.6776, Epsilon: 0.616
2026-03-15 02:01:43 | INFO | Episode  129 - Reward: -4.850, Length: 40, Loss: 0.7574, Epsilon: 0.613
2026-03-15 02:01:44 | INFO | Episode  130 - Reward: -5.900, Length: 40, Loss: 0.7509, Epsilon: 0.610
2026-03-15 02:01:45 | INFO | Episode  131 - Reward: -6.050, Length: 40, Loss: 0.8173, Epsilon: 0.607
2026-03-15 02:01:47 | INFO | Episode  132 - Reward: -5.150, Length: 40, Loss: 0.5755, Epsilon: 0.604
2026-03-15 02:01:48 | INFO | Episode  133 - Reward: -4.850, Length: 40, Loss: 0.5627, Epsilon: 0.601
2026-03-15 02:01:49 | INFO | Episode  134 - Reward: -7.250, Length: 40, Loss: 0.5876, Epsilon: 0.598
2026-03-15 02:01:50 | INFO | Episode  135 - Reward: -4.850, Length: 40, Loss: 0.6141, Epsilon: 0.595
2026-03-15 02:01:52 | INFO | Episode  136 - Reward: -4.100, Length: 40, Loss: 0.6637, Epsilon: 0.592
2026-03-15 02:01:53 | INFO | Episode  137 - Reward: -5.150, Length: 40, Loss: 0.7148, Epsilon: 0.589
2026-03-15 02:01:54 | INFO | Episode  138 - Reward: -5.600, Length: 40, Loss: 0.4730, Epsilon: 0.586
2026-03-15 02:01:54 | INFO | Episode  139 - Reward: -4.400, Length: 40, Loss: 0.5802, Epsilon: 0.583
2026-03-15 02:01:55 | INFO | Episode  140 - Reward: 5.350, Length: 40, Loss: 0.5540, Epsilon: 0.580
2026-03-15 02:01:56 | INFO | Episode  141 - Reward: -13.850, Length: 40, Loss: 0.6296, Epsilon: 0.577
2026-03-15 02:01:58 | INFO | Episode  142 - Reward: -4.400, Length: 40, Loss: 0.5799, Epsilon: 0.574
2026-03-15 02:01:58 | INFO | Episode  143 - Reward: 8.050, Length: 19, Loss: 0.4801, Epsilon: 0.571
2026-03-15 02:01:59 | INFO | Episode  144 - Reward: -4.850, Length: 40, Loss: 0.6140, Epsilon: 0.568
2026-03-15 02:02:00 | INFO | Episode  145 - Reward: 8.250, Length: 21, Loss: 0.4667, Epsilon: 0.565
2026-03-15 02:02:01 | INFO | Episode  146 - Reward: -10.400, Length: 40, Loss: 0.6735, Epsilon: 0.562
2026-03-15 02:02:02 | INFO | Episode  147 - Reward: -5.450, Length: 40, Loss: 0.6223, Epsilon: 0.559
2026-03-15 02:02:03 | INFO | Episode  148 - Reward: -6.050, Length: 40, Loss: 0.8060, Epsilon: 0.556
2026-03-15 02:02:04 | INFO | Episode  149 - Reward: -6.500, Length: 40, Loss: 0.7821, Epsilon: 0.553
2026-03-15 02:02:05 | INFO | Episode  150 - Reward: 7.300, Length: 13, Loss: 0.5258, Epsilon: 0.550
2026-03-15 02:02:08 | INFO | [Episode  150] eps=0.550  avg_reward=  -2.289  avg_length= 36.06  avg_loss=  0.6381  eval_success=1.000
2026-03-15 02:02:08 | INFO | Episode  151 - Reward: 8.950, Length: 13, Loss: 0.6553, Epsilon: 0.547
2026-03-15 02:02:09 | INFO | Episode  152 - Reward: -7.250, Length: 40, Loss: 0.6417, Epsilon: 0.544
2026-03-15 02:02:09 | INFO | Episode  153 - Reward: 9.350, Length: 14, Loss: 0.6229, Epsilon: 0.541
2026-03-15 02:02:11 | INFO | Episode  154 - Reward: -3.800, Length: 40, Loss: 0.8673, Epsilon: 0.538
2026-03-15 02:02:12 | INFO | Episode  155 - Reward: -3.950, Length: 40, Loss: 0.6444, Epsilon: 0.535
2026-03-15 02:02:12 | INFO | Episode  156 - Reward: 8.850, Length: 15, Loss: 0.7295, Epsilon: 0.532
2026-03-15 02:02:13 | INFO | Episode  157 - Reward: 9.150, Length: 12, Loss: 0.4310, Epsilon: 0.529
2026-03-15 02:02:13 | INFO | Episode  158 - Reward: 9.450, Length: 9, Loss: 0.3537, Epsilon: 0.526
2026-03-15 02:02:13 | INFO | Episode  159 - Reward: 7.000, Length: 13, Loss: 0.3243, Epsilon: 0.523
2026-03-15 02:02:15 | INFO | Episode  160 - Reward: 5.750, Length: 29, Loss: 0.7022, Epsilon: 0.520
2026-03-15 02:02:16 | INFO | Episode  161 - Reward: -6.350, Length: 40, Loss: 0.5802, Epsilon: 0.517
2026-03-15 02:02:17 | INFO | Episode  162 - Reward: 5.050, Length: 19, Loss: 0.6301, Epsilon: 0.514
2026-03-15 02:02:17 | INFO | Episode  163 - Reward: 9.250, Length: 10, Loss: 0.7123, Epsilon: 0.511
2026-03-15 02:02:18 | INFO | Episode  164 - Reward: 9.450, Length: 9, Loss: 0.9063, Epsilon: 0.508
2026-03-15 02:02:19 | INFO | Episode  165 - Reward: 4.650, Length: 21, Loss: 0.7163, Epsilon: 0.505
2026-03-15 02:02:20 | INFO | Episode  166 - Reward: -6.350, Length: 40, Loss: 0.6927, Epsilon: 0.502
2026-03-15 02:02:21 | INFO | Episode  167 - Reward: 6.800, Length: 17, Loss: 0.7610, Epsilon: 0.499
2026-03-15 02:02:21 | INFO | Episode  168 - Reward: 7.300, Length: 13, Loss: 0.4796, Epsilon: 0.496
2026-03-15 02:02:22 | INFO | Episode  169 - Reward: 9.450, Length: 9, Loss: 0.6614, Epsilon: 0.493
2026-03-15 02:02:22 | INFO | Episode  170 - Reward: 9.150, Length: 12, Loss: 1.1837, Epsilon: 0.490
2026-03-15 02:02:23 | INFO | Episode  171 - Reward: 4.550, Length: 23, Loss: 0.8217, Epsilon: 0.487
2026-03-15 02:02:24 | INFO | Episode  172 - Reward: 5.400, Length: 27, Loss: 0.7615, Epsilon: 0.484
2026-03-15 02:02:25 | INFO | Episode  173 - Reward: 9.450, Length: 9, Loss: 0.6150, Epsilon: 0.481
2026-03-15 02:02:25 | INFO | Episode  174 - Reward: -5.150, Length: 40, Loss: 0.7732, Epsilon: 0.478
2026-03-15 02:02:25 | INFO | Episode  175 - Reward: 9.450, Length: 9, Loss: 0.8528, Epsilon: 0.475
2026-03-15 02:02:26 | INFO | Episode  176 - Reward: 8.750, Length: 17, Loss: 0.9550, Epsilon: 0.472
2026-03-15 02:02:26 | INFO | Episode  177 - Reward: 5.350, Length: 13, Loss: 0.7654, Epsilon: 0.469
2026-03-15 02:02:27 | INFO | Episode  178 - Reward: 4.300, Length: 31, Loss: 0.8401, Epsilon: 0.466
2026-03-15 02:02:28 | INFO | Episode  179 - Reward: 5.450, Length: 14, Loss: 0.5609, Epsilon: 0.463
2026-03-15 02:02:28 | INFO | Episode  180 - Reward: 8.850, Length: 15, Loss: 0.7444, Epsilon: 0.460
2026-03-15 02:02:29 | INFO | Episode  181 - Reward: 9.050, Length: 14, Loss: 0.7114, Epsilon: 0.457
2026-03-15 02:02:30 | INFO | Episode  182 - Reward: 9.150, Length: 12, Loss: 0.7326, Epsilon: 0.454
2026-03-15 02:02:31 | INFO | Episode  183 - Reward: 4.600, Length: 37, Loss: 0.7519, Epsilon: 0.451
2026-03-15 02:02:32 | INFO | Episode  184 - Reward: 9.250, Length: 13, Loss: 0.8623, Epsilon: 0.448
2026-03-15 02:02:32 | INFO | Episode  185 - Reward: 8.950, Length: 16, Loss: 1.0158, Epsilon: 0.445
2026-03-15 02:02:32 | INFO | Episode  186 - Reward: 9.250, Length: 10, Loss: 0.7377, Epsilon: 0.442
2026-03-15 02:02:33 | INFO | Episode  187 - Reward: 7.700, Length: 8, Loss: 0.5715, Epsilon: 0.439
2026-03-15 02:02:33 | INFO | Episode  188 - Reward: 5.250, Length: 12, Loss: 0.8600, Epsilon: 0.436
2026-03-15 02:02:34 | INFO | Episode  189 - Reward: 8.750, Length: 14, Loss: 1.1715, Epsilon: 0.433
2026-03-15 02:02:34 | INFO | Episode  190 - Reward: 6.700, Length: 16, Loss: 0.7512, Epsilon: 0.430
2026-03-15 02:02:35 | INFO | Episode  191 - Reward: 7.700, Length: 8, Loss: 1.1284, Epsilon: 0.427
2026-03-15 02:02:35 | INFO | Episode  192 - Reward: 7.700, Length: 8, Loss: 0.4353, Epsilon: 0.424
2026-03-15 02:02:35 | INFO | Episode  193 - Reward: 5.650, Length: 10, Loss: 1.0358, Epsilon: 0.421
2026-03-15 02:02:36 | INFO | Episode  194 - Reward: 7.400, Length: 11, Loss: 0.7527, Epsilon: 0.418
2026-03-15 02:02:36 | INFO | Episode  195 - Reward: 8.650, Length: 16, Loss: 1.1519, Epsilon: 0.415
2026-03-15 02:02:37 | INFO | Episode  196 - Reward: 9.450, Length: 12, Loss: 1.0139, Epsilon: 0.412
2026-03-15 02:02:37 | INFO | Episode  197 - Reward: 9.250, Length: 13, Loss: 0.9456, Epsilon: 0.409
2026-03-15 02:02:38 | INFO | Episode  198 - Reward: 7.300, Length: 13, Loss: 0.8817, Epsilon: 0.406
2026-03-15 02:02:38 | INFO | Episode  199 - Reward: 7.500, Length: 9, Loss: 0.3478, Epsilon: 0.403
2026-03-15 02:02:39 | INFO | Episode  200 - Reward: 2.600, Length: 20, Loss: 0.9765, Epsilon: 0.400
2026-03-15 02:02:53 | INFO | [Episode  200] eps=0.400  avg_reward=   6.003  avg_length= 17.70  avg_loss=  0.7564  eval_success=0.000
2026-03-15 02:02:54 | INFO | Episode  201 - Reward: 3.600, Length: 33, Loss: 0.9338, Epsilon: 0.397
2026-03-15 02:02:54 | INFO | Episode  202 - Reward: 7.300, Length: 10, Loss: 0.6490, Epsilon: 0.394
2026-03-15 02:02:54 | INFO | Episode  203 - Reward: 9.250, Length: 13, Loss: 1.0239, Epsilon: 0.391
2026-03-15 02:02:55 | INFO | Episode  204 - Reward: 6.200, Length: 17, Loss: 1.0087, Epsilon: 0.388
2026-03-15 02:02:56 | INFO | Episode  205 - Reward: 6.600, Length: 18, Loss: 0.9761, Epsilon: 0.385
2026-03-15 02:02:56 | INFO | Episode  206 - Reward: 7.700, Length: 8, Loss: 0.8029, Epsilon: 0.382
2026-03-15 02:02:55 | INFO | Episode  207 - Reward: 2.450, Length: 29, Loss: 0.7333, Epsilon: 0.379
2026-03-15 02:02:56 | INFO | Episode  208 - Reward: 5.050, Length: 16, Loss: 1.0296, Epsilon: 0.376
2026-03-15 02:02:56 | INFO | Episode  209 - Reward: 7.200, Length: 12, Loss: 0.8519, Epsilon: 0.373
2026-03-15 02:02:56 | INFO | Episode  210 - Reward: 7.300, Length: 10, Loss: 0.8399, Epsilon: 0.370
2026-03-15 02:02:57 | INFO | Episode  211 - Reward: 7.700, Length: 8, Loss: 0.9968, Epsilon: 0.367
2026-03-15 02:02:57 | INFO | Episode  212 - Reward: 4.750, Length: 19, Loss: 0.9482, Epsilon: 0.364
2026-03-15 02:02:58 | INFO | Episode  213 - Reward: 5.250, Length: 12, Loss: 0.7815, Epsilon: 0.361
2026-03-15 02:02:58 | INFO | Episode  214 - Reward: 9.250, Length: 10, Loss: 0.8015, Epsilon: 0.358
2026-03-15 02:02:58 | INFO | Episode  215 - Reward: 7.700, Length: 8, Loss: 1.0234, Epsilon: 0.355
2026-03-15 02:02:59 | INFO | Episode  216 - Reward: 8.550, Length: 21, Loss: 0.7029, Epsilon: 0.352
2026-03-15 02:02:59 | INFO | Episode  217 - Reward: 8.950, Length: 19, Loss: 1.0044, Epsilon: 0.349
2026-03-15 02:03:00 | INFO | Episode  218 - Reward: 9.250, Length: 10, Loss: 1.1138, Epsilon: 0.346
2026-03-15 02:03:00 | INFO | Episode  219 - Reward: 6.800, Length: 17, Loss: 0.7826, Epsilon: 0.343
2026-03-15 02:03:00 | INFO | Episode  220 - Reward: 7.500, Length: 9, Loss: 0.7424, Epsilon: 0.340
2026-03-15 02:03:00 | INFO | Episode  221 - Reward: 7.700, Length: 8, Loss: 1.2014, Epsilon: 0.337
2026-03-15 02:03:01 | INFO | Episode  222 - Reward: 7.300, Length: 10, Loss: 0.7537, Epsilon: 0.334
2026-03-15 02:03:01 | INFO | Episode  223 - Reward: 9.450, Length: 12, Loss: 0.9284, Epsilon: 0.331
2026-03-15 02:03:02 | INFO | Episode  224 - Reward: -6.200, Length: 40, Loss: 1.0564, Epsilon: 0.328
2026-03-15 02:03:03 | INFO | Episode  225 - Reward: 3.650, Length: 20, Loss: 0.8028, Epsilon: 0.325
2026-03-15 02:03:03 | INFO | Episode  226 - Reward: 6.400, Length: 16, Loss: 0.9114, Epsilon: 0.322
2026-03-15 02:03:03 | INFO | Episode  227 - Reward: 7.300, Length: 10, Loss: 0.8341, Epsilon: 0.319
2026-03-15 02:03:04 | INFO | Episode  228 - Reward: 6.300, Length: 15, Loss: 0.9638, Epsilon: 0.316
2026-03-15 02:03:05 | INFO | Episode  229 - Reward: -11.300, Length: 40, Loss: 1.1384, Epsilon: 0.313
2026-03-15 02:03:06 | INFO | Episode  230 - Reward: -14.600, Length: 40, Loss: 0.9014, Epsilon: 0.310
2026-03-15 02:03:07 | INFO | Episode  231 - Reward: 2.200, Length: 22, Loss: 1.1765, Epsilon: 0.307
2026-03-15 02:03:07 | INFO | Episode  232 - Reward: 9.650, Length: 8, Loss: 1.0368, Epsilon: 0.304
2026-03-15 02:03:08 | INFO | Episode  233 - Reward: 9.650, Length: 8, Loss: 0.8587, Epsilon: 0.301
2026-03-15 02:03:08 | INFO | Episode  234 - Reward: 3.600, Length: 12, Loss: 1.2260, Epsilon: 0.298
2026-03-15 02:03:08 | INFO | Episode  235 - Reward: 9.650, Length: 8, Loss: 1.3333, Epsilon: 0.295
2026-03-15 02:03:08 | INFO | Episode  236 - Reward: 9.650, Length: 8, Loss: 0.9410, Epsilon: 0.292
2026-03-15 02:03:09 | INFO | Episode  237 - Reward: 8.950, Length: 16, Loss: 1.0057, Epsilon: 0.289
2026-03-15 02:03:10 | INFO | Episode  238 - Reward: 9.550, Length: 10, Loss: 0.6949, Epsilon: 0.286
2026-03-15 02:03:10 | INFO | Episode  239 - Reward: 9.450, Length: 9, Loss: 0.8464, Epsilon: 0.283
2026-03-15 02:03:10 | INFO | Episode  240 - Reward: 9.350, Length: 11, Loss: 1.0778, Epsilon: 0.280
2026-03-15 02:03:10 | INFO | Episode  241 - Reward: 9.050, Length: 11, Loss: 1.3770, Epsilon: 0.277
2026-03-15 02:03:12 | INFO | Episode  242 - Reward: -8.150, Length: 40, Loss: 1.1131, Epsilon: 0.274
2026-03-15 02:03:12 | INFO | Episode  243 - Reward: 9.450, Length: 12, Loss: 0.8846, Epsilon: 0.271
2026-03-15 02:03:12 | INFO | Episode  244 - Reward: 9.250, Length: 10, Loss: 0.6651, Epsilon: 0.268
2026-03-15 02:03:13 | INFO | Episode  245 - Reward: 6.100, Length: 16, Loss: 0.9985, Epsilon: 0.265
2026-03-15 02:03:14 | INFO | Episode  246 - Reward: -7.550, Length: 40, Loss: 1.0724, Epsilon: 0.262
2026-03-15 02:03:14 | INFO | Episode  247 - Reward: 9.650, Length: 8, Loss: 1.2383, Epsilon: 0.259
2026-03-15 02:03:15 | INFO | Episode  248 - Reward: 9.650, Length: 8, Loss: 1.6606, Epsilon: 0.256
2026-03-15 02:03:16 | INFO | Episode  249 - Reward: -7.250, Length: 40, Loss: 0.9313, Epsilon: 0.253
2026-03-15 02:03:16 | INFO | Episode  250 - Reward: 9.350, Length: 11, Loss: 0.9536, Epsilon: 0.250
2026-03-15 02:03:29 | INFO | [Episode  250] eps=0.250  avg_reward=   5.512  avg_length= 16.36  avg_loss=  0.9666  eval_success=0.000
2026-03-15 02:03:29 | INFO | Episode  251 - Reward: 5.650, Length: 31, Loss: 1.0450, Epsilon: 0.247
2026-03-15 02:03:30 | INFO | Episode  252 - Reward: 9.650, Length: 8, Loss: 0.7023, Epsilon: 0.244
2026-03-15 02:03:30 | INFO | Episode  253 - Reward: 9.450, Length: 9, Loss: 1.0125, Epsilon: 0.241
2026-03-15 02:03:31 | INFO | Episode  254 - Reward: -7.700, Length: 40, Loss: 0.7743, Epsilon: 0.238
2026-03-15 02:03:31 | INFO | Episode  255 - Reward: 9.550, Length: 10, Loss: 0.6079, Epsilon: 0.235
2026-03-15 02:03:32 | INFO | Episode  256 - Reward: 7.500, Length: 9, Loss: 0.9419, Epsilon: 0.232
2026-03-15 02:03:33 | INFO | Episode  257 - Reward: -6.950, Length: 40, Loss: 0.9728, Epsilon: 0.229
2026-03-15 02:03:33 | INFO | Episode  258 - Reward: 9.450, Length: 9, Loss: 0.9062, Epsilon: 0.226
2026-03-15 02:03:33 | INFO | Episode  259 - Reward: 9.450, Length: 12, Loss: 1.0835, Epsilon: 0.223
2026-03-15 02:03:34 | INFO | Episode  260 - Reward: 9.450, Length: 9, Loss: 1.4586, Epsilon: 0.220
2026-03-15 02:03:34 | INFO | Episode  261 - Reward: 7.000, Length: 13, Loss: 1.0481, Epsilon: 0.217
2026-03-15 02:03:34 | INFO | Episode  262 - Reward: 5.600, Length: 20, Loss: 1.2626, Epsilon: 0.214
2026-03-15 02:03:35 | INFO | Episode  263 - Reward: 9.150, Length: 12, Loss: 0.7888, Epsilon: 0.211
2026-03-15 02:03:35 | INFO | Episode  264 - Reward: 4.050, Length: 21, Loss: 0.8145, Epsilon: 0.208
2026-03-15 02:03:36 | INFO | Episode  265 - Reward: -9.950, Length: 40, Loss: 0.8846, Epsilon: 0.205
2026-03-15 02:03:37 | INFO | Episode  266 - Reward: 7.400, Length: 11, Loss: 1.1310, Epsilon: 0.202
2026-03-15 02:03:37 | INFO | Episode  267 - Reward: 7.700, Length: 8, Loss: 1.7402, Epsilon: 0.199
2026-03-15 02:03:37 | INFO | Episode  268 - Reward: 7.600, Length: 10, Loss: 0.9243, Epsilon: 0.196
2026-03-15 02:03:38 | INFO | Episode  269 - Reward: 9.350, Length: 11, Loss: 0.6304, Epsilon: 0.193
2026-03-15 02:03:38 | INFO | Episode  270 - Reward: 7.700, Length: 8, Loss: 1.0056, Epsilon: 0.190
2026-03-15 02:03:38 | INFO | Episode  271 - Reward: 7.150, Length: 22, Loss: 1.1402, Epsilon: 0.187
2026-03-15 02:03:39 | INFO | Episode  272 - Reward: 5.450, Length: 11, Loss: 1.1470, Epsilon: 0.184
2026-03-15 02:03:39 | INFO | Episode  273 - Reward: 7.300, Length: 10, Loss: 0.8455, Epsilon: 0.181
2026-03-15 02:03:39 | INFO | Episode  274 - Reward: 7.700, Length: 8, Loss: 0.9653, Epsilon: 0.178
2026-03-15 02:03:40 | INFO | Episode  275 - Reward: 9.150, Length: 12, Loss: 1.0545, Epsilon: 0.175
2026-03-15 02:03:40 | INFO | Episode  276 - Reward: 7.650, Length: 21, Loss: 0.9743, Epsilon: 0.172
2026-03-15 02:03:40 | INFO | Episode  277 - Reward: 9.350, Length: 11, Loss: 1.0339, Epsilon: 0.169
2026-03-15 02:03:42 | INFO | Episode  278 - Reward: -7.250, Length: 40, Loss: 0.9402, Epsilon: 0.166
2026-03-15 02:03:42 | INFO | Episode  279 - Reward: 9.550, Length: 10, Loss: 0.7665, Epsilon: 0.163
2026-03-15 02:03:42 | INFO | Episode  280 - Reward: 9.650, Length: 8, Loss: 0.8938, Epsilon: 0.160
2026-03-15 02:03:43 | INFO | Episode  281 - Reward: 9.350, Length: 11, Loss: 1.3075, Epsilon: 0.157
2026-03-15 02:03:44 | INFO | Episode  282 - Reward: 0.450, Length: 39, Loss: 1.0945, Epsilon: 0.154
2026-03-15 02:03:44 | INFO | Episode  283 - Reward: 9.650, Length: 8, Loss: 1.0747, Epsilon: 0.151
2026-03-15 02:03:44 | INFO | Episode  284 - Reward: 7.700, Length: 8, Loss: 0.9255, Epsilon: 0.148
2026-03-15 02:03:45 | INFO | Episode  285 - Reward: 7.700, Length: 8, Loss: 1.1828, Epsilon: 0.145
2026-03-15 02:03:45 | INFO | Episode  286 - Reward: 3.800, Length: 29, Loss: 1.0982, Epsilon: 0.142
2026-03-15 02:03:46 | INFO | Episode  287 - Reward: 9.650, Length: 8, Loss: 0.9959, Epsilon: 0.139
2026-03-15 02:03:46 | INFO | Episode  288 - Reward: 5.650, Length: 10, Loss: 0.9187, Epsilon: 0.136
2026-03-15 02:03:47 | INFO | Episode  289 - Reward: 3.750, Length: 39, Loss: 1.0491, Epsilon: 0.133
2026-03-15 02:03:47 | INFO | Episode  290 - Reward: 7.500, Length: 9, Loss: 1.3956, Epsilon: 0.130
2026-03-15 02:03:48 | INFO | Episode  291 - Reward: 5.450, Length: 14, Loss: 0.9296, Epsilon: 0.127
2026-03-15 02:03:48 | INFO | Episode  292 - Reward: 7.700, Length: 8, Loss: 1.1023, Epsilon: 0.124
2026-03-15 02:03:49 | INFO | Episode  293 - Reward: 1.850, Length: 29, Loss: 1.0585, Epsilon: 0.121
2026-03-15 02:03:49 | INFO | Episode  294 - Reward: 9.550, Length: 10, Loss: 0.7889, Epsilon: 0.118
2026-03-15 02:03:49 | INFO | Episode  295 - Reward: 9.650, Length: 8, Loss: 1.9481, Epsilon: 0.115
2026-03-15 02:03:49 | INFO | Episode  296 - Reward: 7.500, Length: 12, Loss: 0.8934, Epsilon: 0.112
2026-03-15 02:03:50 | INFO | Episode  297 - Reward: 7.700, Length: 8, Loss: 0.9839, Epsilon: 0.109
2026-03-15 02:03:50 | INFO | Episode  298 - Reward: 9.650, Length: 8, Loss: 0.7998, Epsilon: 0.106
2026-03-15 02:03:50 | INFO | Episode  299 - Reward: 9.650, Length: 8, Loss: 1.0879, Epsilon: 0.103
2026-03-15 02:03:50 | INFO | Episode  300 - Reward: 9.650, Length: 8, Loss: 0.8505, Epsilon: 0.100
2026-03-15 02:03:53 | INFO | [Episode  300] eps=0.100  avg_reward=   6.407  avg_length= 15.32  avg_loss=  1.0196  eval_success=1.000
2026-03-15 02:03:54 | INFO | Episode  301 - Reward: 9.450, Length: 9, Loss: 1.0036, Epsilon: 0.100
2026-03-15 02:03:54 | INFO | Episode  302 - Reward: 9.650, Length: 8, Loss: 0.7369, Epsilon: 0.100
2026-03-15 02:03:55 | INFO | Episode  303 - Reward: -7.250, Length: 40, Loss: 1.0534, Epsilon: 0.100
2026-03-15 02:03:55 | INFO | Episode  304 - Reward: 4.900, Length: 22, Loss: 0.9367, Epsilon: 0.100
2026-03-15 02:03:56 | INFO | Episode  305 - Reward: 7.600, Length: 10, Loss: 1.2066, Epsilon: 0.100
2026-03-15 02:03:56 | INFO | Episode  306 - Reward: 9.550, Length: 10, Loss: 1.3792, Epsilon: 0.100
2026-03-15 02:03:56 | INFO | Episode  307 - Reward: 5.650, Length: 10, Loss: 0.8139, Epsilon: 0.100
2026-03-15 02:03:57 | INFO | Episode  308 - Reward: 9.650, Length: 8, Loss: 1.1768, Epsilon: 0.100
2026-03-15 02:03:57 | INFO | Episode  309 - Reward: 9.650, Length: 8, Loss: 0.6795, Epsilon: 0.100
2026-03-15 02:03:57 | INFO | Episode  310 - Reward: 9.550, Length: 10, Loss: 1.5460, Epsilon: 0.100
2026-03-15 02:03:57 | INFO | Episode  311 - Reward: 9.550, Length: 10, Loss: 1.3491, Epsilon: 0.100
2026-03-15 02:03:58 | INFO | Episode  312 - Reward: 9.650, Length: 8, Loss: 1.2689, Epsilon: 0.100
2026-03-15 02:03:57 | INFO | Episode  313 - Reward: 7.700, Length: 8, Loss: 0.9053, Epsilon: 0.100
2026-03-15 02:03:57 | INFO | Episode  314 - Reward: 7.700, Length: 8, Loss: 0.9486, Epsilon: 0.100
2026-03-15 02:03:57 | INFO | Episode  315 - Reward: 9.650, Length: 8, Loss: 0.9468, Epsilon: 0.100
2026-03-15 02:03:57 | INFO | Episode  316 - Reward: 9.650, Length: 8, Loss: 1.0023, Epsilon: 0.100
2026-03-15 02:03:57 | INFO | Episode  317 - Reward: 7.700, Length: 8, Loss: 0.9693, Epsilon: 0.100
2026-03-15 02:03:59 | INFO | Episode  318 - Reward: -7.550, Length: 40, Loss: 1.1766, Epsilon: 0.100
2026-03-15 02:04:00 | INFO | Episode  319 - Reward: -11.900, Length: 40, Loss: 1.0780, Epsilon: 0.100
2026-03-15 02:04:00 | INFO | Episode  320 - Reward: 7.700, Length: 8, Loss: 0.9712, Epsilon: 0.100
2026-03-15 02:04:00 | INFO | Episode  321 - Reward: 9.150, Length: 15, Loss: 1.5429, Epsilon: 0.100
2026-03-15 02:04:01 | INFO | Episode  322 - Reward: 9.350, Length: 11, Loss: 0.9477, Epsilon: 0.100
2026-03-15 02:04:01 | INFO | Episode  323 - Reward: 9.550, Length: 10, Loss: 1.8774, Epsilon: 0.100
2026-03-15 02:04:01 | INFO | Episode  324 - Reward: 9.650, Length: 8, Loss: 1.0025, Epsilon: 0.100
2026-03-15 02:04:01 | INFO | Episode  325 - Reward: 9.650, Length: 8, Loss: 0.8828, Epsilon: 0.100
2026-03-15 02:04:02 | INFO | Episode  326 - Reward: 8.150, Length: 17, Loss: 1.2854, Epsilon: 0.100
2026-03-15 02:04:02 | INFO | Episode  327 - Reward: 9.650, Length: 8, Loss: 1.3012, Epsilon: 0.100
2026-03-15 02:04:02 | INFO | Episode  328 - Reward: 9.650, Length: 8, Loss: 0.6095, Epsilon: 0.100
2026-03-15 02:04:02 | INFO | Episode  329 - Reward: 9.250, Length: 10, Loss: 1.0650, Epsilon: 0.100
2026-03-15 02:04:03 | INFO | Episode  330 - Reward: 9.450, Length: 9, Loss: 0.9214, Epsilon: 0.100
2026-03-15 02:04:03 | INFO | Episode  331 - Reward: 9.650, Length: 8, Loss: 1.0334, Epsilon: 0.100
2026-03-15 02:04:03 | INFO | Episode  332 - Reward: 9.150, Length: 12, Loss: 0.9531, Epsilon: 0.100
2026-03-15 02:04:04 | INFO | Episode  333 - Reward: 7.600, Length: 10, Loss: 0.9307, Epsilon: 0.100
2026-03-15 02:04:04 | INFO | Episode  334 - Reward: 9.650, Length: 8, Loss: 1.1480, Epsilon: 0.100
2026-03-15 02:04:04 | INFO | Episode  335 - Reward: 9.650, Length: 8, Loss: 1.1608, Epsilon: 0.100
2026-03-15 02:04:05 | INFO | Episode  336 - Reward: 9.450, Length: 9, Loss: 1.0444, Epsilon: 0.100
2026-03-15 02:04:05 | INFO | Episode  337 - Reward: 9.650, Length: 8, Loss: 1.0581, Epsilon: 0.100
2026-03-15 02:04:05 | INFO | Episode  338 - Reward: 9.650, Length: 8, Loss: 0.7518, Epsilon: 0.100
2026-03-15 02:04:06 | INFO | Episode  339 - Reward: 9.650, Length: 8, Loss: 0.9782, Epsilon: 0.100
2026-03-15 02:04:06 | INFO | Episode  340 - Reward: 9.650, Length: 8, Loss: 0.6332, Epsilon: 0.100
2026-03-15 02:04:07 | INFO | Episode  341 - Reward: -7.250, Length: 40, Loss: 1.0285, Epsilon: 0.100
2026-03-15 02:04:08 | INFO | Episode  342 - Reward: 9.550, Length: 10, Loss: 0.9552, Epsilon: 0.100
2026-03-15 02:04:08 | INFO | Episode  343 - Reward: 9.650, Length: 8, Loss: 1.1906, Epsilon: 0.100
2026-03-15 02:04:08 | INFO | Episode  344 - Reward: 9.150, Length: 12, Loss: 1.0548, Epsilon: 0.100
2026-03-15 02:04:08 | INFO | Episode  345 - Reward: 9.650, Length: 8, Loss: 0.8635, Epsilon: 0.100
2026-03-15 02:04:09 | INFO | Episode  346 - Reward: 9.450, Length: 9, Loss: 1.2430, Epsilon: 0.100
2026-03-15 02:04:09 | INFO | Episode  347 - Reward: 7.500, Length: 9, Loss: 1.1115, Epsilon: 0.100
2026-03-15 02:04:09 | INFO | Episode  348 - Reward: 7.400, Length: 11, Loss: 1.0332, Epsilon: 0.100
2026-03-15 02:04:10 | INFO | Episode  349 - Reward: 7.700, Length: 8, Loss: 0.7987, Epsilon: 0.100
2026-03-15 02:04:10 | INFO | Episode  350 - Reward: 9.450, Length: 9, Loss: 1.1856, Epsilon: 0.100
2026-03-15 02:04:13 | INFO | [Episode  350] eps=0.100  avg_reward=   7.555  avg_length= 11.92  avg_loss=  1.0548  eval_success=1.000
2026-03-15 02:04:14 | INFO | Episode  351 - Reward: 7.700, Length: 8, Loss: 1.2047, Epsilon: 0.100
2026-03-15 02:04:14 | INFO | Episode  352 - Reward: 9.650, Length: 8, Loss: 1.0599, Epsilon: 0.100
2026-03-15 02:04:14 | INFO | Episode  353 - Reward: 7.700, Length: 8, Loss: 0.7515, Epsilon: 0.100
2026-03-15 02:04:15 | INFO | Episode  354 - Reward: 9.650, Length: 8, Loss: 1.1078, Epsilon: 0.100
2026-03-15 02:04:15 | INFO | Episode  355 - Reward: 7.200, Length: 12, Loss: 0.9450, Epsilon: 0.100
2026-03-15 02:04:17 | INFO | Episode  356 - Reward: -7.250, Length: 40, Loss: 1.0089, Epsilon: 0.100
2026-03-15 02:04:17 | INFO | Episode  357 - Reward: 9.350, Length: 11, Loss: 0.7704, Epsilon: 0.100
2026-03-15 02:04:17 | INFO | Episode  358 - Reward: 9.450, Length: 9, Loss: 1.0661, Epsilon: 0.100
2026-03-15 02:04:18 | INFO | Episode  359 - Reward: 9.550, Length: 10, Loss: 1.2668, Epsilon: 0.100
2026-03-15 02:04:18 | INFO | Episode  360 - Reward: 9.450, Length: 9, Loss: 0.9234, Epsilon: 0.100
2026-03-15 02:04:18 | INFO | Episode  361 - Reward: 9.650, Length: 8, Loss: 0.7702, Epsilon: 0.100
2026-03-15 02:04:19 | INFO | Episode  362 - Reward: -7.250, Length: 40, Loss: 1.0324, Epsilon: 0.100
2026-03-15 02:04:20 | INFO | Episode  363 - Reward: 3.200, Length: 32, Loss: 1.1242, Epsilon: 0.100
2026-03-15 02:04:21 | INFO | Episode  364 - Reward: 9.450, Length: 9, Loss: 1.3513, Epsilon: 0.100
2026-03-15 02:04:21 | INFO | Episode  365 - Reward: 9.450, Length: 9, Loss: 1.2431, Epsilon: 0.100
2026-03-15 02:04:21 | INFO | Episode  366 - Reward: 9.450, Length: 9, Loss: 0.7858, Epsilon: 0.100
2026-03-15 02:04:21 | INFO | Episode  367 - Reward: 9.450, Length: 9, Loss: 0.9412, Epsilon: 0.100
2026-03-15 02:04:22 | INFO | Episode  368 - Reward: 9.650, Length: 8, Loss: 1.2915, Epsilon: 0.100
2026-03-15 02:04:22 | INFO | Episode  369 - Reward: 7.700, Length: 8, Loss: 0.9674, Epsilon: 0.100
2026-03-15 02:04:22 | INFO | Episode  370 - Reward: 5.650, Length: 10, Loss: 0.6293, Epsilon: 0.100
2026-03-15 02:04:23 | INFO | Episode  371 - Reward: 7.700, Length: 8, Loss: 0.9761, Epsilon: 0.100
2026-03-15 02:04:24 | INFO | Episode  372 - Reward: -10.250, Length: 40, Loss: 1.0819, Epsilon: 0.100
2026-03-15 02:04:25 | INFO | Episode  373 - Reward: 3.650, Length: 23, Loss: 1.0004, Epsilon: 0.100
2026-03-15 02:04:25 | INFO | Episode  374 - Reward: 7.600, Length: 10, Loss: 1.4450, Epsilon: 0.100
2026-03-15 02:04:26 | INFO | Episode  375 - Reward: 9.550, Length: 10, Loss: 1.0279, Epsilon: 0.100
2026-03-15 02:04:26 | INFO | Episode  376 - Reward: 9.650, Length: 8, Loss: 0.9331, Epsilon: 0.100
2026-03-15 02:04:27 | INFO | Episode  377 - Reward: 4.550, Length: 35, Loss: 0.7845, Epsilon: 0.100
2026-03-15 02:04:28 | INFO | Episode  378 - Reward: 9.650, Length: 8, Loss: 1.5125, Epsilon: 0.100
2026-03-15 02:04:28 | INFO | Episode  379 - Reward: 9.650, Length: 8, Loss: 0.5756, Epsilon: 0.100
2026-03-15 02:04:28 | INFO | Episode  380 - Reward: 9.650, Length: 8, Loss: 0.8215, Epsilon: 0.100
2026-03-15 02:04:28 | INFO | Episode  381 - Reward: 9.450, Length: 9, Loss: 1.5362, Epsilon: 0.100
2026-03-15 02:04:28 | INFO | Episode  382 - Reward: 5.750, Length: 32, Loss: 0.9822, Epsilon: 0.100
2026-03-15 02:04:29 | INFO | Episode  383 - Reward: 9.550, Length: 10, Loss: 1.2004, Epsilon: 0.100
2026-03-15 02:04:29 | INFO | Episode  384 - Reward: 9.650, Length: 8, Loss: 0.7807, Epsilon: 0.100
2026-03-15 02:04:29 | INFO | Episode  385 - Reward: 9.450, Length: 12, Loss: 1.2122, Epsilon: 0.100
2026-03-15 02:04:30 | INFO | Episode  386 - Reward: 9.650, Length: 8, Loss: 1.1882, Epsilon: 0.100
2026-03-15 02:04:31 | INFO | Episode  387 - Reward: -7.400, Length: 40, Loss: 1.1203, Epsilon: 0.100
2026-03-15 02:04:32 | INFO | Episode  388 - Reward: 9.650, Length: 8, Loss: 0.5900, Epsilon: 0.100
2026-03-15 02:04:33 | INFO | Episode  389 - Reward: -7.400, Length: 40, Loss: 1.3934, Epsilon: 0.100
2026-03-15 02:04:34 | INFO | Episode  390 - Reward: -8.600, Length: 40, Loss: 1.0204, Epsilon: 0.100
2026-03-15 02:04:35 | INFO | Episode  391 - Reward: 9.650, Length: 8, Loss: 1.0771, Epsilon: 0.100
2026-03-15 02:04:35 | INFO | Episode  392 - Reward: 9.550, Length: 10, Loss: 1.3818, Epsilon: 0.100
2026-03-15 02:04:35 | INFO | Episode  393 - Reward: 9.650, Length: 8, Loss: 0.8350, Epsilon: 0.100
2026-03-15 02:04:37 | INFO | Episode  394 - Reward: -8.900, Length: 40, Loss: 0.9795, Epsilon: 0.100
2026-03-15 02:04:37 | INFO | Episode  395 - Reward: 7.700, Length: 8, Loss: 0.9833, Epsilon: 0.100
2026-03-15 02:04:38 | INFO | Episode  396 - Reward: -11.900, Length: 40, Loss: 0.8536, Epsilon: 0.100
2026-03-15 02:04:39 | INFO | Episode  397 - Reward: 7.600, Length: 10, Loss: 1.3090, Epsilon: 0.100
2026-03-15 02:04:39 | INFO | Episode  398 - Reward: 9.650, Length: 8, Loss: 1.1839, Epsilon: 0.100
2026-03-15 02:04:40 | INFO | Episode  399 - Reward: 1.850, Length: 29, Loss: 1.1060, Epsilon: 0.100
2026-03-15 02:04:40 | INFO | Episode  400 - Reward: 9.650, Length: 8, Loss: 1.1568, Epsilon: 0.100
