2026-03-15 01:31:57 | INFO | JAX DEVICES: [CudaDevice(id=0)]
2026-03-15 01:31:57 | INFO | Starting training of DQN agent with seed=1, num_episodes=500, max_steps=50
2026-03-15 01:31:57 | INFO | Environment parameters: EnvParams(grid_rows=5, grid_cols=5, max_steps=40, start_row=4, start_col=0, goal_row=0, goal_col=4, trap_row=1, trap_col=3, step_penalty=-0.05, trap_penalty=-2.0, invalid_penalty=-0.2, goal_reward=10.0)
2026-03-15 01:32:00 | INFO | Episode    1 - Reward: -6.050, Length: 40, Loss: 0.0000, Epsilon: 0.997
2026-03-15 01:32:00 | INFO | Episode    2 - Reward: 4.700, Length: 32, Loss: 0.0000, Epsilon: 0.994
2026-03-15 01:32:02 | INFO | Episode    3 - Reward: -6.350, Length: 40, Loss: 0.7609, Epsilon: 0.991
2026-03-15 01:32:03 | INFO | Episode    4 - Reward: -4.400, Length: 40, Loss: 0.7725, Epsilon: 0.988
2026-03-15 01:32:04 | INFO | Episode    5 - Reward: -4.400, Length: 40, Loss: 0.5075, Epsilon: 0.985
2026-03-15 01:32:05 | INFO | Episode    6 - Reward: -4.400, Length: 40, Loss: 0.5538, Epsilon: 0.982
2026-03-15 01:32:06 | INFO | Episode    7 - Reward: -4.250, Length: 40, Loss: 0.1576, Epsilon: 0.979
2026-03-15 01:32:07 | INFO | Episode    8 - Reward: -8.150, Length: 40, Loss: 0.5262, Epsilon: 0.976
2026-03-15 01:32:08 | INFO | Episode    9 - Reward: -5.300, Length: 40, Loss: 0.3224, Epsilon: 0.973
2026-03-15 01:32:09 | INFO | Episode   10 - Reward: -4.700, Length: 40, Loss: 0.1258, Epsilon: 0.970
2026-03-15 01:32:10 | INFO | Episode   11 - Reward: -4.850, Length: 40, Loss: 0.2541, Epsilon: 0.967
2026-03-15 01:32:11 | INFO | Episode   12 - Reward: -4.400, Length: 40, Loss: 0.1775, Epsilon: 0.964
2026-03-15 01:32:12 | INFO | Episode   13 - Reward: -5.750, Length: 40, Loss: 0.1646, Epsilon: 0.961
2026-03-15 01:32:13 | INFO | Episode   14 - Reward: -4.850, Length: 40, Loss: 0.1714, Epsilon: 0.958
2026-03-15 01:32:14 | INFO | Episode   15 - Reward: -3.800, Length: 40, Loss: 0.2671, Epsilon: 0.955
2026-03-15 01:32:15 | INFO | Episode   16 - Reward: -5.150, Length: 40, Loss: 0.1205, Epsilon: 0.952
2026-03-15 01:32:16 | INFO | Episode   17 - Reward: -5.750, Length: 40, Loss: 0.2231, Epsilon: 0.949
2026-03-15 01:32:16 | INFO | Episode   18 - Reward: 5.400, Length: 27, Loss: 0.0789, Epsilon: 0.946
2026-03-15 01:32:17 | INFO | Episode   19 - Reward: -3.650, Length: 40, Loss: 0.1972, Epsilon: 0.943
2026-03-15 01:32:18 | INFO | Episode   20 - Reward: -3.950, Length: 40, Loss: 0.2180, Epsilon: 0.940
2026-03-15 01:32:19 | INFO | Episode   21 - Reward: -13.250, Length: 40, Loss: 0.0825, Epsilon: 0.937
2026-03-15 01:32:20 | INFO | Episode   22 - Reward: -4.400, Length: 40, Loss: 0.2891, Epsilon: 0.934
2026-03-15 01:32:21 | INFO | Episode   23 - Reward: -4.850, Length: 40, Loss: 0.3588, Epsilon: 0.931
2026-03-15 01:32:22 | INFO | Episode   24 - Reward: -4.850, Length: 40, Loss: 0.1944, Epsilon: 0.928
2026-03-15 01:32:23 | INFO | Episode   25 - Reward: -4.400, Length: 40, Loss: 0.2426, Epsilon: 0.925
2026-03-15 01:32:24 | INFO | Episode   26 - Reward: -6.050, Length: 40, Loss: 0.1366, Epsilon: 0.922
2026-03-15 01:32:25 | INFO | Episode   27 - Reward: -4.100, Length: 40, Loss: 0.1329, Epsilon: 0.919
2026-03-15 01:32:26 | INFO | Episode   28 - Reward: -5.300, Length: 40, Loss: 0.1431, Epsilon: 0.916
2026-03-15 01:32:27 | INFO | Episode   29 - Reward: -3.600, Length: 39, Loss: 0.1998, Epsilon: 0.913
2026-03-15 01:32:28 | INFO | Episode   30 - Reward: -4.250, Length: 40, Loss: 0.2090, Epsilon: 0.910
2026-03-15 01:32:29 | INFO | Episode   31 - Reward: -4.850, Length: 40, Loss: 0.1898, Epsilon: 0.907
2026-03-15 01:32:30 | INFO | Episode   32 - Reward: -5.300, Length: 40, Loss: 0.1988, Epsilon: 0.904
2026-03-15 01:32:31 | INFO | Episode   33 - Reward: -6.650, Length: 40, Loss: 0.2072, Epsilon: 0.901
2026-03-15 01:32:32 | INFO | Episode   34 - Reward: -14.000, Length: 40, Loss: 0.1825, Epsilon: 0.898
2026-03-15 01:32:32 | INFO | Episode   35 - Reward: -5.150, Length: 40, Loss: 0.3155, Epsilon: 0.895
2026-03-15 01:32:33 | INFO | Episode   36 - Reward: -7.550, Length: 40, Loss: 0.2837, Epsilon: 0.892
2026-03-15 01:32:34 | INFO | Episode   37 - Reward: 6.600, Length: 18, Loss: 0.9257, Epsilon: 0.889
2026-03-15 01:32:35 | INFO | Episode   38 - Reward: -5.300, Length: 40, Loss: 0.2515, Epsilon: 0.886
2026-03-15 01:32:36 | INFO | Episode   39 - Reward: -4.250, Length: 40, Loss: 0.2345, Epsilon: 0.883
2026-03-15 01:32:37 | INFO | Episode   40 - Reward: -4.400, Length: 40, Loss: 0.1770, Epsilon: 0.880
2026-03-15 01:32:37 | INFO | Episode   41 - Reward: 7.750, Length: 25, Loss: 0.2769, Epsilon: 0.877
2026-03-15 01:32:38 | INFO | Episode   42 - Reward: -5.450, Length: 40, Loss: 0.4711, Epsilon: 0.874
2026-03-15 01:32:39 | INFO | Episode   43 - Reward: -4.100, Length: 40, Loss: 0.3060, Epsilon: 0.871
2026-03-15 01:32:40 | INFO | Episode   44 - Reward: 6.550, Length: 28, Loss: 0.4739, Epsilon: 0.868
2026-03-15 01:32:41 | INFO | Episode   45 - Reward: -6.050, Length: 40, Loss: 0.2927, Epsilon: 0.865
2026-03-15 01:32:42 | INFO | Episode   46 - Reward: -4.400, Length: 40, Loss: 0.2490, Epsilon: 0.862
2026-03-15 01:32:43 | INFO | Episode   47 - Reward: -5.000, Length: 40, Loss: 0.1064, Epsilon: 0.859
2026-03-15 01:32:44 | INFO | Episode   48 - Reward: -5.600, Length: 40, Loss: 0.3698, Epsilon: 0.856
2026-03-15 01:32:45 | INFO | Episode   49 - Reward: -4.400, Length: 40, Loss: 0.6665, Epsilon: 0.853
2026-03-15 01:32:45 | INFO | Episode   50 - Reward: 4.550, Length: 23, Loss: 0.5517, Epsilon: 0.850
2026-03-15 01:32:58 | INFO | [Episode   50] eps=0.850  avg_reward=  -4.042  avg_length= 38.24  avg_loss=  0.2864  eval_success=0.000
2026-03-15 01:32:59 | INFO | Episode   51 - Reward: 7.950, Length: 27, Loss: 0.3293, Epsilon: 0.847
2026-03-15 01:32:59 | INFO | Episode   52 - Reward: 8.550, Length: 24, Loss: 0.3521, Epsilon: 0.844
2026-03-15 01:33:00 | INFO | Episode   53 - Reward: -5.600, Length: 40, Loss: 0.3300, Epsilon: 0.841
2026-03-15 01:33:01 | INFO | Episode   54 - Reward: 3.950, Length: 26, Loss: 0.2532, Epsilon: 0.838
2026-03-15 01:33:02 | INFO | Episode   55 - Reward: 7.550, Length: 32, Loss: 0.5619, Epsilon: 0.835
2026-03-15 01:33:03 | INFO | Episode   56 - Reward: -5.150, Length: 40, Loss: 0.2802, Epsilon: 0.832
2026-03-15 01:33:04 | INFO | Episode   57 - Reward: 7.450, Length: 34, Loss: 0.4513, Epsilon: 0.829
2026-03-15 01:33:03 | INFO | Episode   58 - Reward: -8.900, Length: 40, Loss: 0.2548, Epsilon: 0.826
2026-03-15 01:33:04 | INFO | Episode   59 - Reward: 4.300, Length: 37, Loss: 0.4861, Epsilon: 0.823
2026-03-15 01:33:05 | INFO | Episode   60 - Reward: 2.400, Length: 21, Loss: 0.5172, Epsilon: 0.820
2026-03-15 01:33:06 | INFO | Episode   61 - Reward: -5.450, Length: 40, Loss: 0.5850, Epsilon: 0.817
2026-03-15 01:33:06 | INFO | Episode   62 - Reward: 7.650, Length: 24, Loss: 0.4239, Epsilon: 0.814
2026-03-15 01:33:08 | INFO | Episode   63 - Reward: -4.100, Length: 40, Loss: 0.5196, Epsilon: 0.811
2026-03-15 01:33:09 | INFO | Episode   64 - Reward: -5.000, Length: 40, Loss: 0.5808, Epsilon: 0.808
2026-03-15 01:33:10 | INFO | Episode   65 - Reward: -7.850, Length: 40, Loss: 0.4802, Epsilon: 0.805
2026-03-15 01:33:10 | INFO | Episode   66 - Reward: 7.150, Length: 34, Loss: 0.5170, Epsilon: 0.802
2026-03-15 01:33:11 | INFO | Episode   67 - Reward: -3.800, Length: 40, Loss: 0.4095, Epsilon: 0.799
2026-03-15 01:33:12 | INFO | Episode   68 - Reward: 7.750, Length: 25, Loss: 0.4310, Epsilon: 0.796
2026-03-15 01:33:13 | INFO | Episode   69 - Reward: 4.600, Length: 34, Loss: 0.4740, Epsilon: 0.793
2026-03-15 01:33:14 | INFO | Episode   70 - Reward: -6.650, Length: 40, Loss: 0.3754, Epsilon: 0.790
2026-03-15 01:33:14 | INFO | Episode   71 - Reward: 8.650, Length: 16, Loss: 0.4542, Epsilon: 0.787
2026-03-15 01:33:15 | INFO | Episode   72 - Reward: -4.100, Length: 40, Loss: 0.5195, Epsilon: 0.784
2026-03-15 01:33:16 | INFO | Episode   73 - Reward: -6.350, Length: 40, Loss: 0.5898, Epsilon: 0.781
2026-03-15 01:33:17 | INFO | Episode   74 - Reward: -4.100, Length: 40, Loss: 0.6864, Epsilon: 0.778
2026-03-15 01:33:18 | INFO | Episode   75 - Reward: -4.250, Length: 40, Loss: 0.3915, Epsilon: 0.775
2026-03-15 01:33:19 | INFO | Episode   76 - Reward: -11.000, Length: 40, Loss: 0.3784, Epsilon: 0.772
2026-03-15 01:33:20 | INFO | Episode   77 - Reward: 4.600, Length: 31, Loss: 0.2838, Epsilon: 0.769
2026-03-15 01:33:21 | INFO | Episode   78 - Reward: 8.350, Length: 22, Loss: 0.5495, Epsilon: 0.766
2026-03-15 01:33:22 | INFO | Episode   79 - Reward: -3.300, Length: 39, Loss: 0.4671, Epsilon: 0.763
2026-03-15 01:33:23 | INFO | Episode   80 - Reward: -5.300, Length: 40, Loss: 0.4806, Epsilon: 0.760
2026-03-15 01:33:23 | INFO | Episode   81 - Reward: 8.650, Length: 22, Loss: 0.2317, Epsilon: 0.757
2026-03-15 01:33:24 | INFO | Episode   82 - Reward: -4.550, Length: 40, Loss: 0.5338, Epsilon: 0.754
2026-03-15 01:33:25 | INFO | Episode   83 - Reward: 5.300, Length: 32, Loss: 0.3179, Epsilon: 0.751
2026-03-15 01:33:26 | INFO | Episode   84 - Reward: 6.200, Length: 20, Loss: 0.2747, Epsilon: 0.748
2026-03-15 01:33:27 | INFO | Episode   85 - Reward: 7.950, Length: 27, Loss: 0.2955, Epsilon: 0.745
2026-03-15 01:33:27 | INFO | Episode   86 - Reward: 9.250, Length: 13, Loss: 0.3786, Epsilon: 0.742
2026-03-15 01:33:27 | INFO | Episode   87 - Reward: 8.750, Length: 17, Loss: 0.2803, Epsilon: 0.739
2026-03-15 01:33:28 | INFO | Episode   88 - Reward: -6.800, Length: 40, Loss: 0.4059, Epsilon: 0.736
2026-03-15 01:33:29 | INFO | Episode   89 - Reward: 6.500, Length: 17, Loss: 0.4504, Epsilon: 0.733
2026-03-15 01:33:30 | INFO | Episode   90 - Reward: 7.550, Length: 29, Loss: 0.4558, Epsilon: 0.730
2026-03-15 01:33:31 | INFO | Episode   91 - Reward: -6.200, Length: 40, Loss: 0.4616, Epsilon: 0.727
2026-03-15 01:33:32 | INFO | Episode   92 - Reward: -4.850, Length: 40, Loss: 0.3541, Epsilon: 0.724
2026-03-15 01:33:32 | INFO | Episode   93 - Reward: 7.400, Length: 11, Loss: 0.3318, Epsilon: 0.721
2026-03-15 01:33:33 | INFO | Episode   94 - Reward: 4.450, Length: 19, Loss: 0.3727, Epsilon: 0.718
2026-03-15 01:33:33 | INFO | Episode   95 - Reward: 8.550, Length: 18, Loss: 0.3516, Epsilon: 0.715
2026-03-15 01:33:34 | INFO | Episode   96 - Reward: -9.950, Length: 40, Loss: 0.3603, Epsilon: 0.712
2026-03-15 01:33:34 | INFO | Episode   97 - Reward: 7.850, Length: 23, Loss: 0.4693, Epsilon: 0.709
2026-03-15 01:33:35 | INFO | Episode   98 - Reward: -5.450, Length: 40, Loss: 0.4591, Epsilon: 0.706
2026-03-15 01:33:36 | INFO | Episode   99 - Reward: -4.850, Length: 40, Loss: 0.4962, Epsilon: 0.703
2026-03-15 01:33:37 | INFO | Episode  100 - Reward: 5.950, Length: 34, Loss: 0.5576, Epsilon: 0.700
2026-03-15 01:33:40 | INFO | [Episode  100] eps=0.700  avg_reward=   1.034  avg_length= 31.76  avg_loss=  0.4250  eval_success=1.000
2026-03-15 01:33:41 | INFO | Episode  101 - Reward: 3.650, Length: 26, Loss: 0.3919, Epsilon: 0.697
2026-03-15 01:33:42 | INFO | Episode  102 - Reward: 4.150, Length: 28, Loss: 0.3980, Epsilon: 0.694
2026-03-15 01:33:43 | INFO | Episode  103 - Reward: 6.900, Length: 21, Loss: 0.4593, Epsilon: 0.691
2026-03-15 01:33:44 | INFO | Episode  104 - Reward: -10.550, Length: 40, Loss: 0.4527, Epsilon: 0.688
2026-03-15 01:33:44 | INFO | Episode  105 - Reward: 9.650, Length: 8, Loss: 0.5845, Epsilon: 0.685
2026-03-15 01:33:45 | INFO | Episode  106 - Reward: 6.750, Length: 36, Loss: 0.3827, Epsilon: 0.682
2026-03-15 01:33:47 | INFO | Episode  107 - Reward: -4.700, Length: 40, Loss: 0.4932, Epsilon: 0.679
2026-03-15 01:33:48 | INFO | Episode  108 - Reward: 2.850, Length: 33, Loss: 0.5170, Epsilon: 0.676
2026-03-15 01:33:48 | INFO | Episode  109 - Reward: 8.950, Length: 16, Loss: 0.3429, Epsilon: 0.673
2026-03-15 01:33:49 | INFO | Episode  110 - Reward: -4.850, Length: 40, Loss: 0.4068, Epsilon: 0.670
2026-03-15 01:33:50 | INFO | Episode  111 - Reward: -8.000, Length: 40, Loss: 0.5347, Epsilon: 0.667
2026-03-15 01:33:51 | INFO | Episode  112 - Reward: 8.050, Length: 31, Loss: 0.4609, Epsilon: 0.664
2026-03-15 01:33:52 | INFO | Episode  113 - Reward: 6.350, Length: 38, Loss: 0.4464, Epsilon: 0.661
2026-03-15 01:33:53 | INFO | Episode  114 - Reward: 3.450, Length: 33, Loss: 0.6510, Epsilon: 0.658
2026-03-15 01:33:54 | INFO | Episode  115 - Reward: 6.900, Length: 15, Loss: 0.5003, Epsilon: 0.655
2026-03-15 01:33:54 | INFO | Episode  116 - Reward: 3.200, Length: 14, Loss: 0.7860, Epsilon: 0.652
2026-03-15 01:33:55 | INFO | Episode  117 - Reward: -3.350, Length: 25, Loss: 0.4893, Epsilon: 0.649
2026-03-15 01:33:56 | INFO | Episode  118 - Reward: 6.500, Length: 23, Loss: 0.5703, Epsilon: 0.646
2026-03-15 01:33:57 | INFO | Episode  119 - Reward: -9.800, Length: 40, Loss: 0.8848, Epsilon: 0.643
2026-03-15 01:33:58 | INFO | Episode  120 - Reward: -6.650, Length: 40, Loss: 0.6892, Epsilon: 0.640
2026-03-15 01:33:59 | INFO | Episode  121 - Reward: 7.350, Length: 24, Loss: 0.5523, Epsilon: 0.637
2026-03-15 01:34:00 | INFO | Episode  122 - Reward: -5.600, Length: 40, Loss: 0.6948, Epsilon: 0.634
2026-03-15 01:34:00 | INFO | Episode  123 - Reward: 6.200, Length: 23, Loss: 0.4169, Epsilon: 0.631
2026-03-15 01:34:01 | INFO | Episode  124 - Reward: 8.350, Length: 22, Loss: 0.8016, Epsilon: 0.628
2026-03-15 01:34:02 | INFO | Episode  125 - Reward: 6.100, Length: 22, Loss: 0.7394, Epsilon: 0.625
2026-03-15 01:34:03 | INFO | Episode  126 - Reward: -6.650, Length: 40, Loss: 0.6866, Epsilon: 0.622
2026-03-15 01:34:04 | INFO | Episode  127 - Reward: -4.400, Length: 40, Loss: 0.6609, Epsilon: 0.619
2026-03-15 01:34:05 | INFO | Episode  128 - Reward: 0.250, Length: 25, Loss: 0.4357, Epsilon: 0.616
2026-03-15 01:34:05 | INFO | Episode  129 - Reward: 4.050, Length: 27, Loss: 0.7562, Epsilon: 0.613
2026-03-15 01:34:05 | INFO | Episode  130 - Reward: 9.150, Length: 12, Loss: 0.5506, Epsilon: 0.610
2026-03-15 01:34:05 | INFO | Episode  131 - Reward: 8.550, Length: 18, Loss: 0.5316, Epsilon: 0.607
2026-03-15 01:34:06 | INFO | Episode  132 - Reward: 6.700, Length: 19, Loss: 0.5743, Epsilon: 0.604
2026-03-15 01:34:06 | INFO | Episode  133 - Reward: 8.350, Length: 16, Loss: 0.6547, Epsilon: 0.601
2026-03-15 01:34:07 | INFO | Episode  134 - Reward: 4.300, Length: 34, Loss: 0.5948, Epsilon: 0.598
2026-03-15 01:34:08 | INFO | Episode  135 - Reward: 3.750, Length: 21, Loss: 0.6549, Epsilon: 0.595
2026-03-15 01:34:10 | INFO | Episode  136 - Reward: 7.750, Length: 19, Loss: 0.5283, Epsilon: 0.592
2026-03-15 01:34:11 | INFO | Episode  137 - Reward: 5.050, Length: 16, Loss: 0.6523, Epsilon: 0.589
2026-03-15 01:34:12 | INFO | Episode  138 - Reward: 3.150, Length: 33, Loss: 0.6963, Epsilon: 0.586
2026-03-15 01:34:13 | INFO | Episode  139 - Reward: -5.000, Length: 40, Loss: 0.6189, Epsilon: 0.583
2026-03-15 01:34:15 | INFO | Episode  140 - Reward: -9.800, Length: 40, Loss: 0.8086, Epsilon: 0.580
2026-03-15 01:34:16 | INFO | Episode  141 - Reward: 7.600, Length: 10, Loss: 0.4706, Epsilon: 0.577
2026-03-15 01:34:16 | INFO | Episode  142 - Reward: 3.200, Length: 17, Loss: 0.6013, Epsilon: 0.574
2026-03-15 01:34:17 | INFO | Episode  143 - Reward: 7.100, Length: 11, Loss: 0.7712, Epsilon: 0.571
2026-03-15 01:34:17 | INFO | Episode  144 - Reward: -0.150, Length: 27, Loss: 1.2913, Epsilon: 0.568
2026-03-15 01:34:18 | INFO | Episode  145 - Reward: 6.800, Length: 14, Loss: 0.7932, Epsilon: 0.565
2026-03-15 01:34:19 | INFO | Episode  146 - Reward: -1.850, Length: 40, Loss: 0.6971, Epsilon: 0.562
2026-03-15 01:34:20 | INFO | Episode  147 - Reward: -5.000, Length: 40, Loss: 0.4781, Epsilon: 0.559
2026-03-15 01:34:21 | INFO | Episode  148 - Reward: 7.850, Length: 23, Loss: 1.0227, Epsilon: 0.556
2026-03-15 01:34:21 | INFO | Episode  149 - Reward: 6.800, Length: 17, Loss: 0.7600, Epsilon: 0.553
2026-03-15 01:34:22 | INFO | Episode  150 - Reward: 8.850, Length: 15, Loss: 0.6780, Epsilon: 0.550
2026-03-15 01:34:25 | INFO | [Episode  150] eps=0.550  avg_reward=   2.565  avg_length= 26.64  avg_loss=  0.6123  eval_success=1.000
2026-03-15 01:34:25 | INFO | Episode  151 - Reward: 6.200, Length: 20, Loss: 0.6764, Epsilon: 0.547
2026-03-15 01:34:26 | INFO | Episode  152 - Reward: 3.650, Length: 26, Loss: 0.6532, Epsilon: 0.544
2026-03-15 01:34:26 | INFO | Episode  153 - Reward: 9.050, Length: 17, Loss: 0.4385, Epsilon: 0.541
2026-03-15 01:34:27 | INFO | Episode  154 - Reward: 6.700, Length: 19, Loss: 0.7870, Epsilon: 0.538
2026-03-15 01:34:27 | INFO | Episode  155 - Reward: 3.000, Length: 18, Loss: 0.7643, Epsilon: 0.535
2026-03-15 01:34:29 | INFO | Episode  156 - Reward: 3.150, Length: 39, Loss: 0.7035, Epsilon: 0.532
2026-03-15 01:34:29 | INFO | Episode  157 - Reward: 6.800, Length: 17, Loss: 1.2847, Epsilon: 0.529
2026-03-15 01:34:30 | INFO | Episode  158 - Reward: 6.400, Length: 16, Loss: 0.5850, Epsilon: 0.526
2026-03-15 01:34:30 | INFO | Episode  159 - Reward: 8.450, Length: 17, Loss: 0.9066, Epsilon: 0.523
2026-03-15 01:34:31 | INFO | Episode  160 - Reward: -5.300, Length: 40, Loss: 0.5243, Epsilon: 0.520
2026-03-15 01:34:32 | INFO | Episode  161 - Reward: 7.100, Length: 14, Loss: 0.5345, Epsilon: 0.517
2026-03-15 01:34:32 | INFO | Episode  162 - Reward: 7.500, Length: 9, Loss: 0.6608, Epsilon: 0.514
2026-03-15 01:34:33 | INFO | Episode  163 - Reward: 3.200, Length: 17, Loss: 0.4259, Epsilon: 0.511
2026-03-15 01:34:33 | INFO | Episode  164 - Reward: 4.700, Length: 26, Loss: 0.4902, Epsilon: 0.508
2026-03-15 01:34:34 | INFO | Episode  165 - Reward: 8.650, Length: 16, Loss: 0.6022, Epsilon: 0.505
2026-03-15 01:34:35 | INFO | Episode  166 - Reward: -4.550, Length: 40, Loss: 0.6212, Epsilon: 0.502
2026-03-15 01:34:36 | INFO | Episode  167 - Reward: 6.400, Length: 19, Loss: 0.7585, Epsilon: 0.499
2026-03-15 01:34:36 | INFO | Episode  168 - Reward: 9.350, Length: 11, Loss: 0.3616, Epsilon: 0.496
2026-03-15 01:34:35 | INFO | Episode  169 - Reward: 5.700, Length: 21, Loss: 0.4863, Epsilon: 0.493
2026-03-15 01:34:36 | INFO | Episode  170 - Reward: 0.600, Length: 30, Loss: 0.6580, Epsilon: 0.490
2026-03-15 01:34:37 | INFO | Episode  171 - Reward: 6.300, Length: 24, Loss: 0.7267, Epsilon: 0.487
2026-03-15 01:34:38 | INFO | Episode  172 - Reward: 4.150, Length: 25, Loss: 0.6829, Epsilon: 0.484
2026-03-15 01:34:38 | INFO | Episode  173 - Reward: 8.450, Length: 20, Loss: 0.7997, Epsilon: 0.481
2026-03-15 01:34:39 | INFO | Episode  174 - Reward: 8.750, Length: 14, Loss: 0.7056, Epsilon: 0.478
2026-03-15 01:34:39 | INFO | Episode  175 - Reward: 7.400, Length: 14, Loss: 0.8157, Epsilon: 0.475
2026-03-15 01:34:40 | INFO | Episode  176 - Reward: 7.200, Length: 15, Loss: 0.6968, Epsilon: 0.472
2026-03-15 01:34:42 | INFO | Episode  177 - Reward: -6.650, Length: 40, Loss: 0.5409, Epsilon: 0.469
2026-03-15 01:34:42 | INFO | Episode  178 - Reward: 7.000, Length: 13, Loss: 1.2451, Epsilon: 0.466
2026-03-15 01:34:43 | INFO | Episode  179 - Reward: 3.300, Length: 15, Loss: 0.7514, Epsilon: 0.463
2026-03-15 01:34:43 | INFO | Episode  180 - Reward: 6.200, Length: 17, Loss: 0.8257, Epsilon: 0.460
2026-03-15 01:34:44 | INFO | Episode  181 - Reward: 8.850, Length: 12, Loss: 0.7657, Epsilon: 0.457
2026-03-15 01:34:44 | INFO | Episode  182 - Reward: 9.450, Length: 9, Loss: 0.5044, Epsilon: 0.454
2026-03-15 01:34:44 | INFO | Episode  183 - Reward: 4.750, Length: 19, Loss: 0.5191, Epsilon: 0.451
2026-03-15 01:34:45 | INFO | Episode  184 - Reward: 7.200, Length: 18, Loss: 0.7163, Epsilon: 0.448
2026-03-15 01:34:45 | INFO | Episode  185 - Reward: 6.900, Length: 21, Loss: 0.7473, Epsilon: 0.445
2026-03-15 01:34:46 | INFO | Episode  186 - Reward: 5.400, Length: 39, Loss: 0.4107, Epsilon: 0.442
2026-03-15 01:34:47 | INFO | Episode  187 - Reward: 8.850, Length: 15, Loss: 0.5443, Epsilon: 0.439
2026-03-15 01:34:47 | INFO | Episode  188 - Reward: 7.200, Length: 12, Loss: 0.8536, Epsilon: 0.436
2026-03-15 01:34:47 | INFO | Episode  189 - Reward: 9.450, Length: 9, Loss: 0.7318, Epsilon: 0.433
2026-03-15 01:34:48 | INFO | Episode  190 - Reward: 9.650, Length: 8, Loss: 0.7507, Epsilon: 0.430
2026-03-15 01:34:48 | INFO | Episode  191 - Reward: 7.100, Length: 14, Loss: 0.6526, Epsilon: 0.427
2026-03-15 01:34:48 | INFO | Episode  192 - Reward: 8.850, Length: 15, Loss: 0.6210, Epsilon: 0.424
2026-03-15 01:34:49 | INFO | Episode  193 - Reward: 7.300, Length: 10, Loss: 0.7314, Epsilon: 0.421
2026-03-15 01:34:50 | INFO | Episode  194 - Reward: -5.900, Length: 40, Loss: 0.6915, Epsilon: 0.418
2026-03-15 01:34:50 | INFO | Episode  195 - Reward: 9.350, Length: 14, Loss: 0.5041, Epsilon: 0.415
2026-03-15 01:34:50 | INFO | Episode  196 - Reward: 9.050, Length: 11, Loss: 0.3131, Epsilon: 0.412
2026-03-15 01:34:51 | INFO | Episode  197 - Reward: 9.450, Length: 9, Loss: 1.0649, Epsilon: 0.409
2026-03-15 01:34:51 | INFO | Episode  198 - Reward: 9.450, Length: 9, Loss: 0.6903, Epsilon: 0.406
2026-03-15 01:34:51 | INFO | Episode  199 - Reward: 8.950, Length: 13, Loss: 0.6776, Epsilon: 0.403
2026-03-15 01:34:52 | INFO | Episode  200 - Reward: 7.100, Length: 17, Loss: 0.5961, Epsilon: 0.400
2026-03-15 01:34:54 | INFO | [Episode  200] eps=0.400  avg_reward=   5.945  avg_length= 18.86  avg_loss=  0.6760  eval_success=1.000
2026-03-15 01:34:55 | INFO | Episode  201 - Reward: 9.350, Length: 11, Loss: 0.4594, Epsilon: 0.397
2026-03-15 01:34:55 | INFO | Episode  202 - Reward: 9.650, Length: 8, Loss: 0.7198, Epsilon: 0.394
2026-03-15 01:34:55 | INFO | Episode  203 - Reward: 7.600, Length: 10, Loss: 0.6649, Epsilon: 0.391
2026-03-15 01:34:55 | INFO | Episode  204 - Reward: 7.300, Length: 13, Loss: 0.7194, Epsilon: 0.388
2026-03-15 01:34:56 | INFO | Episode  205 - Reward: 9.250, Length: 10, Loss: 0.6122, Epsilon: 0.385
2026-03-15 01:34:56 | INFO | Episode  206 - Reward: 7.400, Length: 11, Loss: 1.0375, Epsilon: 0.382
2026-03-15 01:34:57 | INFO | Episode  207 - Reward: 8.550, Length: 24, Loss: 0.8124, Epsilon: 0.379
2026-03-15 01:34:57 | INFO | Episode  208 - Reward: 6.150, Length: 30, Loss: 0.6594, Epsilon: 0.376
2026-03-15 01:34:58 | INFO | Episode  209 - Reward: 9.450, Length: 9, Loss: 0.6197, Epsilon: 0.373
2026-03-15 01:34:59 | INFO | Episode  210 - Reward: -3.650, Length: 40, Loss: 0.7664, Epsilon: 0.370
2026-03-15 01:34:59 | INFO | Episode  211 - Reward: 9.450, Length: 9, Loss: 0.8376, Epsilon: 0.367
2026-03-15 01:34:59 | INFO | Episode  212 - Reward: 8.850, Length: 15, Loss: 0.6069, Epsilon: 0.364
2026-03-15 01:35:00 | INFO | Episode  213 - Reward: 9.450, Length: 9, Loss: 1.3293, Epsilon: 0.361
2026-03-15 01:35:00 | INFO | Episode  214 - Reward: 6.900, Length: 15, Loss: 0.6079, Epsilon: 0.358
2026-03-15 01:35:00 | INFO | Episode  215 - Reward: 5.350, Length: 13, Loss: 0.6542, Epsilon: 0.355
2026-03-15 01:35:01 | INFO | Episode  216 - Reward: 9.250, Length: 10, Loss: 0.3721, Epsilon: 0.352
2026-03-15 01:35:01 | INFO | Episode  217 - Reward: 9.250, Length: 10, Loss: 0.4784, Epsilon: 0.349
2026-03-15 01:35:01 | INFO | Episode  218 - Reward: 7.000, Length: 13, Loss: 0.4857, Epsilon: 0.346
2026-03-15 01:35:01 | INFO | Episode  219 - Reward: 9.650, Length: 8, Loss: 0.5482, Epsilon: 0.343
2026-03-15 01:35:02 | INFO | Episode  220 - Reward: 5.300, Length: 26, Loss: 0.4123, Epsilon: 0.340
2026-03-15 01:35:03 | INFO | Episode  221 - Reward: 8.150, Length: 17, Loss: 0.4037, Epsilon: 0.337
2026-03-15 01:35:03 | INFO | Episode  222 - Reward: 9.050, Length: 11, Loss: 0.9422, Epsilon: 0.334
2026-03-15 01:35:03 | INFO | Episode  223 - Reward: 7.200, Length: 15, Loss: 0.6328, Epsilon: 0.331
2026-03-15 01:35:04 | INFO | Episode  224 - Reward: 5.150, Length: 17, Loss: 0.4674, Epsilon: 0.328
2026-03-15 01:35:04 | INFO | Episode  225 - Reward: 9.250, Length: 10, Loss: 0.5300, Epsilon: 0.325
2026-03-15 01:35:04 | INFO | Episode  226 - Reward: 7.700, Length: 8, Loss: 1.1341, Epsilon: 0.322
2026-03-15 01:35:04 | INFO | Episode  227 - Reward: 7.000, Length: 13, Loss: 0.7778, Epsilon: 0.319
2026-03-15 01:35:05 | INFO | Episode  228 - Reward: 9.150, Length: 12, Loss: 0.3945, Epsilon: 0.316
2026-03-15 01:35:05 | INFO | Episode  229 - Reward: 5.050, Length: 13, Loss: 0.3131, Epsilon: 0.313
2026-03-15 01:35:05 | INFO | Episode  230 - Reward: 9.650, Length: 8, Loss: 0.5401, Epsilon: 0.310
2026-03-15 01:35:06 | INFO | Episode  231 - Reward: 9.650, Length: 8, Loss: 0.8139, Epsilon: 0.307
2026-03-15 01:35:06 | INFO | Episode  232 - Reward: 7.600, Length: 10, Loss: 1.0358, Epsilon: 0.304
2026-03-15 01:35:06 | INFO | Episode  233 - Reward: 7.500, Length: 12, Loss: 0.7440, Epsilon: 0.301
2026-03-15 01:35:07 | INFO | Episode  234 - Reward: -6.800, Length: 40, Loss: 0.8397, Epsilon: 0.298
2026-03-15 01:35:08 | INFO | Episode  235 - Reward: 7.400, Length: 11, Loss: 0.6054, Epsilon: 0.295
2026-03-15 01:35:06 | INFO | Episode  236 - Reward: 9.350, Length: 11, Loss: 0.6710, Epsilon: 0.292
2026-03-15 01:35:07 | INFO | Episode  237 - Reward: 9.650, Length: 8, Loss: 0.5471, Epsilon: 0.289
2026-03-15 01:35:07 | INFO | Episode  238 - Reward: 7.000, Length: 16, Loss: 0.8796, Epsilon: 0.286
2026-03-15 01:35:07 | INFO | Episode  239 - Reward: 9.650, Length: 8, Loss: 0.6490, Epsilon: 0.283
2026-03-15 01:35:08 | INFO | Episode  240 - Reward: 9.550, Length: 10, Loss: 0.3114, Epsilon: 0.280
2026-03-15 01:35:08 | INFO | Episode  241 - Reward: 9.650, Length: 8, Loss: 1.2529, Epsilon: 0.277
2026-03-15 01:35:08 | INFO | Episode  242 - Reward: 9.450, Length: 9, Loss: 0.3008, Epsilon: 0.274
2026-03-15 01:35:08 | INFO | Episode  243 - Reward: 7.500, Length: 9, Loss: 0.4060, Epsilon: 0.271
2026-03-15 01:35:09 | INFO | Episode  244 - Reward: 9.150, Length: 12, Loss: 0.5953, Epsilon: 0.268
2026-03-15 01:35:09 | INFO | Episode  245 - Reward: 9.350, Length: 11, Loss: 0.5242, Epsilon: 0.265
2026-03-15 01:35:09 | INFO | Episode  246 - Reward: 7.600, Length: 10, Loss: 0.7422, Epsilon: 0.262
2026-03-15 01:35:09 | INFO | Episode  247 - Reward: 9.250, Length: 13, Loss: 0.5220, Epsilon: 0.259
2026-03-15 01:35:10 | INFO | Episode  248 - Reward: 7.500, Length: 12, Loss: 0.4025, Epsilon: 0.256
2026-03-15 01:35:10 | INFO | Episode  249 - Reward: 7.950, Length: 18, Loss: 0.8218, Epsilon: 0.253
2026-03-15 01:35:11 | INFO | Episode  250 - Reward: 7.250, Length: 23, Loss: 0.4775, Epsilon: 0.250
2026-03-15 01:35:14 | INFO | [Episode  250] eps=0.250  avg_reward=   7.681  avg_length= 13.54  avg_loss=  0.6536  eval_success=1.000
2026-03-15 01:35:14 | INFO | Episode  251 - Reward: 9.450, Length: 9, Loss: 0.8696, Epsilon: 0.247
2026-03-15 01:35:14 | INFO | Episode  252 - Reward: 9.450, Length: 9, Loss: 1.2571, Epsilon: 0.244
2026-03-15 01:35:15 | INFO | Episode  253 - Reward: -10.850, Length: 40, Loss: 0.5689, Epsilon: 0.241
2026-03-15 01:35:16 | INFO | Episode  254 - Reward: 8.550, Length: 15, Loss: 0.4918, Epsilon: 0.238
2026-03-15 01:35:16 | INFO | Episode  255 - Reward: 7.400, Length: 11, Loss: 0.3498, Epsilon: 0.235
2026-03-15 01:35:16 | INFO | Episode  256 - Reward: 7.200, Length: 12, Loss: 0.1855, Epsilon: 0.232
2026-03-15 01:35:17 | INFO | Episode  257 - Reward: 8.950, Length: 16, Loss: 0.4871, Epsilon: 0.229
2026-03-15 01:35:17 | INFO | Episode  258 - Reward: 7.500, Length: 12, Loss: 0.3530, Epsilon: 0.226
2026-03-15 01:35:17 | INFO | Episode  259 - Reward: 7.400, Length: 11, Loss: 1.0219, Epsilon: 0.223
2026-03-15 01:35:18 | INFO | Episode  260 - Reward: 9.250, Length: 10, Loss: 0.6309, Epsilon: 0.220
2026-03-15 01:35:18 | INFO | Episode  261 - Reward: 9.450, Length: 9, Loss: 0.1685, Epsilon: 0.217
2026-03-15 01:35:18 | INFO | Episode  262 - Reward: 9.650, Length: 8, Loss: 0.7367, Epsilon: 0.214
2026-03-15 01:35:18 | INFO | Episode  263 - Reward: 9.250, Length: 10, Loss: 0.9395, Epsilon: 0.211
2026-03-15 01:35:19 | INFO | Episode  264 - Reward: 9.450, Length: 12, Loss: 0.2978, Epsilon: 0.208
2026-03-15 01:35:19 | INFO | Episode  265 - Reward: 7.600, Length: 10, Loss: 0.2762, Epsilon: 0.205
2026-03-15 01:35:20 | INFO | Episode  266 - Reward: -7.550, Length: 40, Loss: 0.4918, Epsilon: 0.202
2026-03-15 01:35:20 | INFO | Episode  267 - Reward: 7.700, Length: 8, Loss: 0.6945, Epsilon: 0.199
2026-03-15 01:35:20 | INFO | Episode  268 - Reward: 9.150, Length: 12, Loss: 0.4782, Epsilon: 0.196
2026-03-15 01:35:21 | INFO | Episode  269 - Reward: 9.050, Length: 11, Loss: 0.5257, Epsilon: 0.193
2026-03-15 01:35:21 | INFO | Episode  270 - Reward: 9.650, Length: 8, Loss: 0.6770, Epsilon: 0.190
2026-03-15 01:35:21 | INFO | Episode  271 - Reward: 9.650, Length: 8, Loss: 0.8639, Epsilon: 0.187
2026-03-15 01:35:21 | INFO | Episode  272 - Reward: 7.400, Length: 11, Loss: 0.4050, Epsilon: 0.184
2026-03-15 01:35:22 | INFO | Episode  273 - Reward: 9.650, Length: 8, Loss: 1.0961, Epsilon: 0.181
2026-03-15 01:35:22 | INFO | Episode  274 - Reward: 9.650, Length: 8, Loss: 0.6744, Epsilon: 0.178
2026-03-15 01:35:22 | INFO | Episode  275 - Reward: 7.500, Length: 12, Loss: 0.5320, Epsilon: 0.175
2026-03-15 01:35:23 | INFO | Episode  276 - Reward: 7.400, Length: 11, Loss: 0.6186, Epsilon: 0.172
2026-03-15 01:35:23 | INFO | Episode  277 - Reward: 9.250, Length: 10, Loss: 0.5106, Epsilon: 0.169
2026-03-15 01:35:23 | INFO | Episode  278 - Reward: 7.600, Length: 10, Loss: 0.7915, Epsilon: 0.166
2026-03-15 01:35:23 | INFO | Episode  279 - Reward: 7.700, Length: 8, Loss: 0.2174, Epsilon: 0.163
2026-03-15 01:35:24 | INFO | Episode  280 - Reward: 9.650, Length: 8, Loss: 0.2462, Epsilon: 0.160
2026-03-15 01:35:24 | INFO | Episode  281 - Reward: 9.150, Length: 12, Loss: 0.7062, Epsilon: 0.157
2026-03-15 01:35:24 | INFO | Episode  282 - Reward: 9.650, Length: 8, Loss: 0.4240, Epsilon: 0.154
2026-03-15 01:35:24 | INFO | Episode  283 - Reward: 9.650, Length: 8, Loss: 0.1856, Epsilon: 0.151
2026-03-15 01:35:25 | INFO | Episode  284 - Reward: 7.600, Length: 10, Loss: 0.5833, Epsilon: 0.148
2026-03-15 01:35:25 | INFO | Episode  285 - Reward: 9.650, Length: 8, Loss: 0.7736, Epsilon: 0.145
2026-03-15 01:35:25 | INFO | Episode  286 - Reward: 9.450, Length: 9, Loss: 1.1545, Epsilon: 0.142
2026-03-15 01:35:25 | INFO | Episode  287 - Reward: 9.650, Length: 8, Loss: 0.5921, Epsilon: 0.139
2026-03-15 01:35:25 | INFO | Episode  288 - Reward: 7.600, Length: 10, Loss: 0.6164, Epsilon: 0.136
2026-03-15 01:35:26 | INFO | Episode  289 - Reward: 9.650, Length: 8, Loss: 0.5653, Epsilon: 0.133
2026-03-15 01:35:26 | INFO | Episode  290 - Reward: 9.050, Length: 11, Loss: 0.6477, Epsilon: 0.130
2026-03-15 01:35:26 | INFO | Episode  291 - Reward: 9.450, Length: 9, Loss: 1.1240, Epsilon: 0.127
2026-03-15 01:35:26 | INFO | Episode  292 - Reward: 9.650, Length: 8, Loss: 0.4023, Epsilon: 0.124
2026-03-15 01:35:27 | INFO | Episode  293 - Reward: 9.450, Length: 12, Loss: 0.4204, Epsilon: 0.121
2026-03-15 01:35:27 | INFO | Episode  294 - Reward: 9.650, Length: 8, Loss: 1.0225, Epsilon: 0.118
2026-03-15 01:35:27 | INFO | Episode  295 - Reward: 7.400, Length: 11, Loss: 0.5436, Epsilon: 0.115
2026-03-15 01:35:27 | INFO | Episode  296 - Reward: 9.650, Length: 8, Loss: 0.3555, Epsilon: 0.112
2026-03-15 01:35:28 | INFO | Episode  297 - Reward: 9.550, Length: 10, Loss: 0.7904, Epsilon: 0.109
2026-03-15 01:35:28 | INFO | Episode  298 - Reward: 9.450, Length: 9, Loss: 0.3540, Epsilon: 0.106
2026-03-15 01:35:28 | INFO | Episode  299 - Reward: 9.350, Length: 11, Loss: 0.3854, Epsilon: 0.103
2026-03-15 01:35:28 | INFO | Episode  300 - Reward: 9.650, Length: 8, Loss: 0.4393, Epsilon: 0.100
2026-03-15 01:35:31 | INFO | [Episode  300] eps=0.100  avg_reward=   8.150  avg_length= 11.06  avg_loss=  0.5909  eval_success=1.000
2026-03-15 01:35:31 | INFO | Episode  301 - Reward: 9.650, Length: 8, Loss: 1.0867, Epsilon: 0.100
2026-03-15 01:35:32 | INFO | Episode  302 - Reward: 9.650, Length: 8, Loss: 0.6267, Epsilon: 0.100
2026-03-15 01:35:32 | INFO | Episode  303 - Reward: 9.650, Length: 8, Loss: 0.7982, Epsilon: 0.100
2026-03-15 01:35:32 | INFO | Episode  304 - Reward: 9.450, Length: 9, Loss: 0.2186, Epsilon: 0.100
2026-03-15 01:35:32 | INFO | Episode  305 - Reward: 9.650, Length: 8, Loss: 0.7396, Epsilon: 0.100
2026-03-15 01:35:33 | INFO | Episode  306 - Reward: 5.850, Length: 27, Loss: 0.3886, Epsilon: 0.100
2026-03-15 01:35:33 | INFO | Episode  307 - Reward: 9.550, Length: 10, Loss: 0.9565, Epsilon: 0.100
2026-03-15 01:35:33 | INFO | Episode  308 - Reward: 9.050, Length: 11, Loss: 0.5372, Epsilon: 0.100
2026-03-15 01:35:34 | INFO | Episode  309 - Reward: 9.450, Length: 9, Loss: 0.5489, Epsilon: 0.100
2026-03-15 01:35:34 | INFO | Episode  310 - Reward: 7.700, Length: 8, Loss: 0.5369, Epsilon: 0.100
2026-03-15 01:35:34 | INFO | Episode  311 - Reward: 9.650, Length: 8, Loss: 1.2133, Epsilon: 0.100
2026-03-15 01:35:34 | INFO | Episode  312 - Reward: 9.650, Length: 8, Loss: 0.6459, Epsilon: 0.100
2026-03-15 01:35:35 | INFO | Episode  313 - Reward: 9.550, Length: 10, Loss: 0.8148, Epsilon: 0.100
2026-03-15 01:35:35 | INFO | Episode  314 - Reward: 9.650, Length: 8, Loss: 0.4308, Epsilon: 0.100
2026-03-15 01:35:35 | INFO | Episode  315 - Reward: 9.650, Length: 8, Loss: 1.2366, Epsilon: 0.100
2026-03-15 01:35:35 | INFO | Episode  316 - Reward: 9.350, Length: 11, Loss: 0.3865, Epsilon: 0.100
2026-03-15 01:35:36 | INFO | Episode  317 - Reward: 7.700, Length: 8, Loss: 0.6352, Epsilon: 0.100
2026-03-15 01:35:36 | INFO | Episode  318 - Reward: 9.650, Length: 8, Loss: 1.1206, Epsilon: 0.100
2026-03-15 01:35:36 | INFO | Episode  319 - Reward: 9.650, Length: 8, Loss: 2.2803, Epsilon: 0.100
2026-03-15 01:35:36 | INFO | Episode  320 - Reward: 7.700, Length: 8, Loss: 0.4417, Epsilon: 0.100
2026-03-15 01:35:36 | INFO | Episode  321 - Reward: 9.450, Length: 9, Loss: 0.6784, Epsilon: 0.100
2026-03-15 01:35:37 | INFO | Episode  322 - Reward: 9.650, Length: 8, Loss: 1.1543, Epsilon: 0.100
2026-03-15 01:35:37 | INFO | Episode  323 - Reward: 7.550, Length: 20, Loss: 0.1635, Epsilon: 0.100
2026-03-15 01:35:37 | INFO | Episode  324 - Reward: 9.650, Length: 8, Loss: 0.2573, Epsilon: 0.100
2026-03-15 01:35:38 | INFO | Episode  325 - Reward: 9.550, Length: 10, Loss: 1.4404, Epsilon: 0.100
2026-03-15 01:35:38 | INFO | Episode  326 - Reward: 9.450, Length: 12, Loss: 1.1247, Epsilon: 0.100
2026-03-15 01:35:38 | INFO | Episode  327 - Reward: 7.700, Length: 8, Loss: 0.5188, Epsilon: 0.100
2026-03-15 01:35:37 | INFO | Episode  328 - Reward: 9.650, Length: 8, Loss: 0.4264, Epsilon: 0.100
2026-03-15 01:35:37 | INFO | Episode  329 - Reward: 9.550, Length: 10, Loss: 0.4783, Epsilon: 0.100
2026-03-15 01:35:38 | INFO | Episode  330 - Reward: 9.350, Length: 11, Loss: 0.1828, Epsilon: 0.100
2026-03-15 01:35:38 | INFO | Episode  331 - Reward: 9.650, Length: 8, Loss: 0.2012, Epsilon: 0.100
2026-03-15 01:35:39 | INFO | Episode  332 - Reward: -7.550, Length: 40, Loss: 0.5386, Epsilon: 0.100
2026-03-15 01:35:39 | INFO | Episode  333 - Reward: 9.650, Length: 8, Loss: 0.9379, Epsilon: 0.100
2026-03-15 01:35:39 | INFO | Episode  334 - Reward: 9.450, Length: 9, Loss: 0.9264, Epsilon: 0.100
2026-03-15 01:35:40 | INFO | Episode  335 - Reward: 9.650, Length: 8, Loss: 0.6570, Epsilon: 0.100
2026-03-15 01:35:40 | INFO | Episode  336 - Reward: 9.650, Length: 8, Loss: 0.3526, Epsilon: 0.100
2026-03-15 01:35:40 | INFO | Episode  337 - Reward: 7.700, Length: 8, Loss: 0.5325, Epsilon: 0.100
2026-03-15 01:35:40 | INFO | Episode  338 - Reward: 9.650, Length: 8, Loss: 0.8330, Epsilon: 0.100
2026-03-15 01:35:40 | INFO | Episode  339 - Reward: 9.650, Length: 8, Loss: 0.2351, Epsilon: 0.100
2026-03-15 01:35:41 | INFO | Episode  340 - Reward: 9.450, Length: 9, Loss: 0.5347, Epsilon: 0.100
2026-03-15 01:35:41 | INFO | Episode  341 - Reward: 9.650, Length: 8, Loss: 0.2182, Epsilon: 0.100
2026-03-15 01:35:41 | INFO | Episode  342 - Reward: 7.700, Length: 8, Loss: 0.3486, Epsilon: 0.100
2026-03-15 01:35:41 | INFO | Episode  343 - Reward: 9.650, Length: 8, Loss: 0.1526, Epsilon: 0.100
2026-03-15 01:35:42 | INFO | Episode  344 - Reward: 9.650, Length: 8, Loss: 0.8877, Epsilon: 0.100
2026-03-15 01:35:42 | INFO | Episode  345 - Reward: 7.600, Length: 10, Loss: 0.5047, Epsilon: 0.100
2026-03-15 01:35:42 | INFO | Episode  346 - Reward: 9.650, Length: 8, Loss: 0.2532, Epsilon: 0.100
2026-03-15 01:35:42 | INFO | Episode  347 - Reward: 9.650, Length: 8, Loss: 0.4800, Epsilon: 0.100
2026-03-15 01:35:43 | INFO | Episode  348 - Reward: 9.650, Length: 8, Loss: 0.4287, Epsilon: 0.100
2026-03-15 01:35:43 | INFO | Episode  349 - Reward: 9.650, Length: 8, Loss: 0.8628, Epsilon: 0.100
2026-03-15 01:35:43 | INFO | Episode  350 - Reward: 7.400, Length: 11, Loss: 0.5078, Epsilon: 0.100
2026-03-15 01:35:46 | INFO | [Episode  350] eps=0.100  avg_reward=   8.812  avg_length=  9.88  avg_loss=  0.6492  eval_success=1.000
2026-03-15 01:35:46 | INFO | Episode  351 - Reward: 9.650, Length: 8, Loss: 0.6875, Epsilon: 0.100
2026-03-15 01:35:46 | INFO | Episode  352 - Reward: 9.650, Length: 8, Loss: 0.1645, Epsilon: 0.100
2026-03-15 01:35:46 | INFO | Episode  353 - Reward: 7.700, Length: 8, Loss: 0.4134, Epsilon: 0.100
2026-03-15 01:35:47 | INFO | Episode  354 - Reward: 9.650, Length: 8, Loss: 0.4608, Epsilon: 0.100
2026-03-15 01:35:47 | INFO | Episode  355 - Reward: 9.250, Length: 10, Loss: 1.1757, Epsilon: 0.100
2026-03-15 01:35:47 | INFO | Episode  356 - Reward: 9.650, Length: 8, Loss: 0.6711, Epsilon: 0.100
2026-03-15 01:35:47 | INFO | Episode  357 - Reward: 9.450, Length: 9, Loss: 0.1793, Epsilon: 0.100
2026-03-15 01:35:48 | INFO | Episode  358 - Reward: 9.650, Length: 8, Loss: 0.9621, Epsilon: 0.100
2026-03-15 01:35:48 | INFO | Episode  359 - Reward: 9.650, Length: 8, Loss: 0.2544, Epsilon: 0.100
2026-03-15 01:35:48 | INFO | Episode  360 - Reward: 9.450, Length: 9, Loss: 0.2572, Epsilon: 0.100
2026-03-15 01:35:48 | INFO | Episode  361 - Reward: 9.450, Length: 9, Loss: 1.5213, Epsilon: 0.100
2026-03-15 01:35:49 | INFO | Episode  362 - Reward: 9.650, Length: 8, Loss: 0.3061, Epsilon: 0.100
2026-03-15 01:35:49 | INFO | Episode  363 - Reward: 9.650, Length: 8, Loss: 0.4191, Epsilon: 0.100
2026-03-15 01:35:49 | INFO | Episode  364 - Reward: 9.650, Length: 8, Loss: 0.3800, Epsilon: 0.100
2026-03-15 01:35:49 | INFO | Episode  365 - Reward: 9.650, Length: 8, Loss: 0.2527, Epsilon: 0.100
2026-03-15 01:35:49 | INFO | Episode  366 - Reward: 9.650, Length: 8, Loss: 0.4341, Epsilon: 0.100
2026-03-15 01:35:50 | INFO | Episode  367 - Reward: 9.650, Length: 8, Loss: 1.4786, Epsilon: 0.100
2026-03-15 01:35:50 | INFO | Episode  368 - Reward: 9.450, Length: 9, Loss: 0.7504, Epsilon: 0.100
2026-03-15 01:35:50 | INFO | Episode  369 - Reward: 7.600, Length: 10, Loss: 0.5186, Epsilon: 0.100
2026-03-15 01:35:51 | INFO | Episode  370 - Reward: -7.100, Length: 40, Loss: 0.4159, Epsilon: 0.100
2026-03-15 01:35:51 | INFO | Episode  371 - Reward: 9.650, Length: 8, Loss: 0.6671, Epsilon: 0.100
2026-03-15 01:35:52 | INFO | Episode  372 - Reward: 9.650, Length: 8, Loss: 0.5500, Epsilon: 0.100
2026-03-15 01:35:52 | INFO | Episode  373 - Reward: 9.250, Length: 10, Loss: 0.7091, Epsilon: 0.100
2026-03-15 01:35:52 | INFO | Episode  374 - Reward: 9.650, Length: 8, Loss: 0.7909, Epsilon: 0.100
2026-03-15 01:35:52 | INFO | Episode  375 - Reward: 7.500, Length: 12, Loss: 0.3701, Epsilon: 0.100
2026-03-15 01:35:53 | INFO | Episode  376 - Reward: 9.650, Length: 8, Loss: 0.1507, Epsilon: 0.100
2026-03-15 01:35:53 | INFO | Episode  377 - Reward: 9.450, Length: 9, Loss: 0.3867, Epsilon: 0.100
2026-03-15 01:35:53 | INFO | Episode  378 - Reward: 9.650, Length: 8, Loss: 0.2810, Epsilon: 0.100
2026-03-15 01:35:53 | INFO | Episode  379 - Reward: 9.450, Length: 9, Loss: 0.9590, Epsilon: 0.100
2026-03-15 01:35:53 | INFO | Episode  380 - Reward: 9.650, Length: 8, Loss: 0.4101, Epsilon: 0.100
2026-03-15 01:35:54 | INFO | Episode  381 - Reward: 9.450, Length: 9, Loss: 0.1750, Epsilon: 0.100
2026-03-15 01:35:54 | INFO | Episode  382 - Reward: 9.650, Length: 8, Loss: 0.2901, Epsilon: 0.100
2026-03-15 01:35:54 | INFO | Episode  383 - Reward: 9.350, Length: 11, Loss: 0.4922, Epsilon: 0.100
2026-03-15 01:35:54 | INFO | Episode  384 - Reward: 9.650, Length: 8, Loss: 0.2587, Epsilon: 0.100
2026-03-15 01:35:55 | INFO | Episode  385 - Reward: 9.650, Length: 8, Loss: 0.5572, Epsilon: 0.100
2026-03-15 01:35:55 | INFO | Episode  386 - Reward: 9.650, Length: 8, Loss: 0.8329, Epsilon: 0.100
2026-03-15 01:35:55 | INFO | Episode  387 - Reward: 7.050, Length: 21, Loss: 0.3185, Epsilon: 0.100
2026-03-15 01:35:56 | INFO | Episode  388 - Reward: 9.650, Length: 8, Loss: 0.3339, Epsilon: 0.100
2026-03-15 01:35:56 | INFO | Episode  389 - Reward: 9.650, Length: 8, Loss: 0.5088, Epsilon: 0.100
2026-03-15 01:35:56 | INFO | Episode  390 - Reward: 9.550, Length: 10, Loss: 0.7493, Epsilon: 0.100
2026-03-15 01:35:56 | INFO | Episode  391 - Reward: 9.650, Length: 8, Loss: 0.1379, Epsilon: 0.100
2026-03-15 01:35:56 | INFO | Episode  392 - Reward: 9.650, Length: 8, Loss: 0.5042, Epsilon: 0.100
2026-03-15 01:35:57 | INFO | Episode  393 - Reward: 9.650, Length: 8, Loss: 0.3957, Epsilon: 0.100
2026-03-15 01:35:57 | INFO | Episode  394 - Reward: 9.650, Length: 8, Loss: 0.8939, Epsilon: 0.100
2026-03-15 01:35:58 | INFO | Episode  395 - Reward: -6.500, Length: 40, Loss: 0.4010, Epsilon: 0.100
2026-03-15 01:35:58 | INFO | Episode  396 - Reward: 9.650, Length: 8, Loss: 0.4190, Epsilon: 0.100
2026-03-15 01:35:58 | INFO | Episode  397 - Reward: 9.650, Length: 8, Loss: 0.1233, Epsilon: 0.100
2026-03-15 01:35:59 | INFO | Episode  398 - Reward: 7.400, Length: 11, Loss: 0.2356, Epsilon: 0.100
2026-03-15 01:35:59 | INFO | Episode  399 - Reward: 9.650, Length: 8, Loss: 0.1895, Epsilon: 0.100
2026-03-15 01:35:59 | INFO | Episode  400 - Reward: 9.650, Length: 8, Loss: 0.6396, Epsilon: 0.100
2026-03-15 01:36:02 | INFO | [Episode  400] eps=0.100  avg_reward=   8.720  avg_length= 10.04  avg_loss=  0.5087  eval_success=1.000
2026-03-15 01:36:02 | INFO | Episode  401 - Reward: 9.650, Length: 8, Loss: 0.3886, Epsilon: 0.100
2026-03-15 01:36:02 | INFO | Episode  402 - Reward: 7.700, Length: 8, Loss: 0.2575, Epsilon: 0.100
2026-03-15 01:36:02 | INFO | Episode  403 - Reward: 9.650, Length: 8, Loss: 0.1496, Epsilon: 0.100
2026-03-15 01:36:03 | INFO | Episode  404 - Reward: 9.650, Length: 8, Loss: 0.3748, Epsilon: 0.100
2026-03-15 01:36:03 | INFO | Episode  405 - Reward: 9.650, Length: 8, Loss: 0.1063, Epsilon: 0.100
2026-03-15 01:36:03 | INFO | Episode  406 - Reward: 9.650, Length: 8, Loss: 0.6615, Epsilon: 0.100
2026-03-15 01:36:03 | INFO | Episode  407 - Reward: 9.650, Length: 8, Loss: 0.3654, Epsilon: 0.100
2026-03-15 01:36:04 | INFO | Episode  408 - Reward: 9.650, Length: 8, Loss: 0.6896, Epsilon: 0.100
2026-03-15 01:36:05 | INFO | Episode  409 - Reward: -7.700, Length: 40, Loss: 0.4685, Epsilon: 0.100
2026-03-15 01:36:05 | INFO | Episode  410 - Reward: 9.650, Length: 8, Loss: 0.9720, Epsilon: 0.100
2026-03-15 01:36:05 | INFO | Episode  411 - Reward: 9.650, Length: 8, Loss: 0.7918, Epsilon: 0.100
2026-03-15 01:36:05 | INFO | Episode  412 - Reward: 7.200, Length: 15, Loss: 0.4155, Epsilon: 0.100
2026-03-15 01:36:06 | INFO | Episode  413 - Reward: 9.450, Length: 12, Loss: 0.7191, Epsilon: 0.100
2026-03-15 01:36:06 | INFO | Episode  414 - Reward: 9.550, Length: 10, Loss: 0.5687, Epsilon: 0.100
2026-03-15 01:36:06 | INFO | Episode  415 - Reward: 9.650, Length: 8, Loss: 0.0933, Epsilon: 0.100
2026-03-15 01:36:06 | INFO | Episode  416 - Reward: 9.650, Length: 8, Loss: 0.5823, Epsilon: 0.100
2026-03-15 01:36:07 | INFO | Episode  417 - Reward: 9.350, Length: 11, Loss: 0.6351, Epsilon: 0.100
2026-03-15 01:36:07 | INFO | Episode  418 - Reward: 9.450, Length: 9, Loss: 0.7322, Epsilon: 0.100
2026-03-15 01:36:07 | INFO | Episode  419 - Reward: 7.700, Length: 8, Loss: 0.3067, Epsilon: 0.100
2026-03-15 01:36:07 | INFO | Episode  420 - Reward: 9.650, Length: 8, Loss: 0.7702, Epsilon: 0.100
2026-03-15 01:36:08 | INFO | Episode  421 - Reward: 9.650, Length: 8, Loss: 0.7758, Epsilon: 0.100
2026-03-15 01:36:08 | INFO | Episode  422 - Reward: 9.650, Length: 8, Loss: 0.3907, Epsilon: 0.100
2026-03-15 01:36:08 | INFO | Episode  423 - Reward: 9.650, Length: 8, Loss: 0.1863, Epsilon: 0.100
2026-03-15 01:36:08 | INFO | Episode  424 - Reward: 9.150, Length: 12, Loss: 0.1208, Epsilon: 0.100
2026-03-15 01:36:09 | INFO | Episode  425 - Reward: 7.600, Length: 10, Loss: 0.3367, Epsilon: 0.100
2026-03-15 01:36:09 | INFO | Episode  426 - Reward: 9.450, Length: 9, Loss: 0.6987, Epsilon: 0.100
2026-03-15 01:36:09 | INFO | Episode  427 - Reward: 7.700, Length: 8, Loss: 0.3938, Epsilon: 0.100
2026-03-15 01:36:08 | INFO | Episode  428 - Reward: 9.450, Length: 9, Loss: 0.5960, Epsilon: 0.100
2026-03-15 01:36:08 | INFO | Episode  429 - Reward: 9.650, Length: 8, Loss: 1.1984, Epsilon: 0.100
2026-03-15 01:36:08 | INFO | Episode  430 - Reward: 9.650, Length: 8, Loss: 0.5667, Epsilon: 0.100
2026-03-15 01:36:09 | INFO | Episode  431 - Reward: 9.650, Length: 8, Loss: 0.1105, Epsilon: 0.100
2026-03-15 01:36:09 | INFO | Episode  432 - Reward: 9.650, Length: 8, Loss: 0.6159, Epsilon: 0.100
2026-03-15 01:36:09 | INFO | Episode  433 - Reward: 9.650, Length: 8, Loss: 0.2173, Epsilon: 0.100
2026-03-15 01:36:09 | INFO | Episode  434 - Reward: 7.600, Length: 10, Loss: 0.4576, Epsilon: 0.100
2026-03-15 01:36:09 | INFO | Episode  435 - Reward: 9.450, Length: 9, Loss: 0.6152, Epsilon: 0.100
2026-03-15 01:36:10 | INFO | Episode  436 - Reward: 9.350, Length: 11, Loss: 0.5067, Epsilon: 0.100
2026-03-15 01:36:10 | INFO | Episode  437 - Reward: 9.550, Length: 10, Loss: 0.2038, Epsilon: 0.100
2026-03-15 01:36:10 | INFO | Episode  438 - Reward: 5.450, Length: 14, Loss: 0.5194, Epsilon: 0.100
2026-03-15 01:36:12 | INFO | Episode  439 - Reward: 3.650, Length: 38, Loss: 0.3959, Epsilon: 0.100
2026-03-15 01:36:12 | INFO | Episode  440 - Reward: 9.550, Length: 10, Loss: 0.8077, Epsilon: 0.100
2026-03-15 01:36:12 | INFO | Episode  441 - Reward: 9.550, Length: 10, Loss: 0.9563, Epsilon: 0.100
2026-03-15 01:36:12 | INFO | Episode  442 - Reward: 9.650, Length: 8, Loss: 0.3635, Epsilon: 0.100
2026-03-15 01:36:13 | INFO | Episode  443 - Reward: 9.650, Length: 8, Loss: 0.4337, Epsilon: 0.100
2026-03-15 01:36:13 | INFO | Episode  444 - Reward: 9.650, Length: 8, Loss: 0.5523, Epsilon: 0.100
2026-03-15 01:36:13 | INFO | Episode  445 - Reward: 9.450, Length: 9, Loss: 0.4523, Epsilon: 0.100
2026-03-15 01:36:13 | INFO | Episode  446 - Reward: 9.250, Length: 10, Loss: 0.6292, Epsilon: 0.100
2026-03-15 01:36:14 | INFO | Episode  447 - Reward: 7.500, Length: 9, Loss: 0.1883, Epsilon: 0.100
2026-03-15 01:36:14 | INFO | Episode  448 - Reward: 9.650, Length: 8, Loss: 0.3026, Epsilon: 0.100
2026-03-15 01:36:14 | INFO | Episode  449 - Reward: 9.650, Length: 8, Loss: 0.3460, Epsilon: 0.100
2026-03-15 01:36:14 | INFO | Episode  450 - Reward: 9.550, Length: 10, Loss: 0.3158, Epsilon: 0.100
2026-03-15 01:36:17 | INFO | [Episode  450] eps=0.100  avg_reward=   8.744  avg_length= 10.22  avg_loss=  0.4860  eval_success=1.000
2026-03-15 01:36:17 | INFO | Episode  451 - Reward: 9.650, Length: 8, Loss: 0.3493, Epsilon: 0.100
2026-03-15 01:36:18 | INFO | Episode  452 - Reward: 9.450, Length: 9, Loss: 0.1194, Epsilon: 0.100
2026-03-15 01:36:18 | INFO | Episode  453 - Reward: 7.600, Length: 10, Loss: 0.6436, Epsilon: 0.100
2026-03-15 01:36:18 | INFO | Episode  454 - Reward: 9.550, Length: 10, Loss: 0.2880, Epsilon: 0.100
2026-03-15 01:36:18 | INFO | Episode  455 - Reward: 9.450, Length: 9, Loss: 0.1317, Epsilon: 0.100
2026-03-15 01:36:19 | INFO | Episode  456 - Reward: 7.400, Length: 11, Loss: 0.6595, Epsilon: 0.100
2026-03-15 01:36:19 | INFO | Episode  457 - Reward: 9.650, Length: 8, Loss: 0.2985, Epsilon: 0.100
2026-03-15 01:36:19 | INFO | Episode  458 - Reward: 9.650, Length: 8, Loss: 1.0013, Epsilon: 0.100
2026-03-15 01:36:19 | INFO | Episode  459 - Reward: 9.550, Length: 10, Loss: 0.3509, Epsilon: 0.100
2026-03-15 01:36:20 | INFO | Episode  460 - Reward: 9.650, Length: 8, Loss: 0.1564, Epsilon: 0.100
2026-03-15 01:36:20 | INFO | Episode  461 - Reward: 9.650, Length: 8, Loss: 0.4267, Epsilon: 0.100
2026-03-15 01:36:20 | INFO | Episode  462 - Reward: 9.650, Length: 8, Loss: 0.1581, Epsilon: 0.100
2026-03-15 01:36:20 | INFO | Episode  463 - Reward: 9.450, Length: 9, Loss: 0.4389, Epsilon: 0.100
2026-03-15 01:36:21 | INFO | Episode  464 - Reward: 9.350, Length: 11, Loss: 0.1987, Epsilon: 0.100
2026-03-15 01:36:21 | INFO | Episode  465 - Reward: 9.250, Length: 10, Loss: 0.3454, Epsilon: 0.100
2026-03-15 01:36:21 | INFO | Episode  466 - Reward: 9.450, Length: 9, Loss: 0.6790, Epsilon: 0.100
2026-03-15 01:36:22 | INFO | Episode  467 - Reward: 9.450, Length: 9, Loss: 0.3656, Epsilon: 0.100
2026-03-15 01:36:22 | INFO | Episode  468 - Reward: 9.650, Length: 8, Loss: 0.1661, Epsilon: 0.100
2026-03-15 01:36:22 | INFO | Episode  469 - Reward: 9.650, Length: 8, Loss: 0.0918, Epsilon: 0.100
2026-03-15 01:36:22 | INFO | Episode  470 - Reward: 5.650, Length: 10, Loss: 0.6766, Epsilon: 0.100
2026-03-15 01:36:22 | INFO | Episode  471 - Reward: 9.650, Length: 8, Loss: 0.0897, Epsilon: 0.100
2026-03-15 01:36:23 | INFO | Episode  472 - Reward: 9.250, Length: 10, Loss: 0.3950, Epsilon: 0.100
2026-03-15 01:36:23 | INFO | Episode  473 - Reward: 9.650, Length: 8, Loss: 0.2645, Epsilon: 0.100
2026-03-15 01:36:23 | INFO | Episode  474 - Reward: 9.650, Length: 8, Loss: 0.1194, Epsilon: 0.100
2026-03-15 01:36:23 | INFO | Episode  475 - Reward: 9.450, Length: 9, Loss: 0.1572, Epsilon: 0.100
2026-03-15 01:36:24 | INFO | Episode  476 - Reward: 9.350, Length: 14, Loss: 0.4020, Epsilon: 0.100
2026-03-15 01:36:24 | INFO | Episode  477 - Reward: 9.450, Length: 9, Loss: 0.1522, Epsilon: 0.100
2026-03-15 01:36:24 | INFO | Episode  478 - Reward: 9.550, Length: 10, Loss: 0.4630, Epsilon: 0.100
2026-03-15 01:36:24 | INFO | Episode  479 - Reward: 9.550, Length: 10, Loss: 0.0948, Epsilon: 0.100
2026-03-15 01:36:25 | INFO | Episode  480 - Reward: 9.650, Length: 8, Loss: 0.2468, Epsilon: 0.100
2026-03-15 01:36:25 | INFO | Episode  481 - Reward: 9.450, Length: 9, Loss: 0.4630, Epsilon: 0.100
2026-03-15 01:36:25 | INFO | Episode  482 - Reward: 9.650, Length: 8, Loss: 0.0701, Epsilon: 0.100
2026-03-15 01:36:25 | INFO | Episode  483 - Reward: 9.550, Length: 10, Loss: 0.5861, Epsilon: 0.100
2026-03-15 01:36:26 | INFO | Episode  484 - Reward: 9.650, Length: 8, Loss: 0.2082, Epsilon: 0.100
2026-03-15 01:36:26 | INFO | Episode  485 - Reward: 9.650, Length: 8, Loss: 0.3805, Epsilon: 0.100
2026-03-15 01:36:26 | INFO | Episode  486 - Reward: 9.650, Length: 8, Loss: 0.1344, Epsilon: 0.100
2026-03-15 01:36:26 | INFO | Episode  487 - Reward: 9.650, Length: 8, Loss: 0.1093, Epsilon: 0.100
2026-03-15 01:36:27 | INFO | Episode  488 - Reward: 9.350, Length: 11, Loss: 0.3880, Epsilon: 0.100
2026-03-15 01:36:27 | INFO | Episode  489 - Reward: 9.050, Length: 11, Loss: 0.1131, Epsilon: 0.100
2026-03-15 01:36:27 | INFO | Episode  490 - Reward: 9.550, Length: 10, Loss: 0.5537, Epsilon: 0.100
2026-03-15 01:36:27 | INFO | Episode  491 - Reward: 7.400, Length: 11, Loss: 0.3409, Epsilon: 0.100
2026-03-15 01:36:28 | INFO | Episode  492 - Reward: 9.650, Length: 8, Loss: 0.3633, Epsilon: 0.100
2026-03-15 01:36:28 | INFO | Episode  493 - Reward: 9.450, Length: 9, Loss: 0.3775, Epsilon: 0.100
2026-03-15 01:36:28 | INFO | Episode  494 - Reward: 9.250, Length: 10, Loss: 0.3311, Epsilon: 0.100
2026-03-15 01:36:28 | INFO | Episode  495 - Reward: 9.650, Length: 8, Loss: 0.1082, Epsilon: 0.100
2026-03-15 01:36:28 | INFO | Episode  496 - Reward: 9.650, Length: 8, Loss: 0.1296, Epsilon: 0.100
2026-03-15 01:36:29 | INFO | Episode  497 - Reward: 9.650, Length: 8, Loss: 0.7385, Epsilon: 0.100
2026-03-15 01:36:29 | INFO | Episode  498 - Reward: 9.650, Length: 8, Loss: 0.1209, Epsilon: 0.100
2026-03-15 01:36:29 | INFO | Episode  499 - Reward: 9.450, Length: 9, Loss: 0.1386, Epsilon: 0.100
2026-03-15 01:36:29 | INFO | Episode  500 - Reward: 9.650, Length: 8, Loss: 0.5310, Epsilon: 0.100
2026-03-15 01:36:32 | INFO | [Episode  500] eps=0.100  avg_reward=   9.333  avg_length=  9.06  avg_loss=  0.3223  eval_success=1.000
2026-03-15 01:36:42 | INFO | [Final Evaluation] eval_success=1.000
