2026-03-15 01:49:45 | INFO | JAX DEVICES: [CudaDevice(id=0)]
2026-03-15 01:49:45 | INFO | Starting training of DQN agent with seed=1, num_episodes=500, max_steps=50
2026-03-15 01:49:45 | INFO | Environment parameters: EnvParams(grid_rows=5, grid_cols=5, max_steps=40, start_row=4, start_col=0, goal_row=0, goal_col=4, trap_row=1, trap_col=3, step_penalty=-0.05, trap_penalty=-2.0, invalid_penalty=-0.2, goal_reward=10.0)
2026-03-15 01:49:46 | INFO | Episode    1 - Reward: -6.050, Length: 40, Loss: 0.0000, Epsilon: 0.997
2026-03-15 01:49:46 | INFO | Episode    2 - Reward: 4.700, Length: 32, Loss: 0.0000, Epsilon: 0.994
2026-03-15 01:49:48 | INFO | Episode    3 - Reward: -6.350, Length: 40, Loss: 0.7612, Epsilon: 0.991
2026-03-15 01:49:49 | INFO | Episode    4 - Reward: -4.400, Length: 40, Loss: 0.7722, Epsilon: 0.988
2026-03-15 01:49:50 | INFO | Episode    5 - Reward: -4.400, Length: 40, Loss: 0.5073, Epsilon: 0.985
2026-03-15 01:49:51 | INFO | Episode    6 - Reward: -4.400, Length: 40, Loss: 0.5548, Epsilon: 0.982
2026-03-15 01:49:52 | INFO | Episode    7 - Reward: -4.850, Length: 40, Loss: 0.1583, Epsilon: 0.979
2026-03-15 01:49:53 | INFO | Episode    8 - Reward: -8.150, Length: 40, Loss: 0.5266, Epsilon: 0.976
2026-03-15 01:49:54 | INFO | Episode    9 - Reward: -5.300, Length: 40, Loss: 0.3257, Epsilon: 0.973
2026-03-15 01:49:56 | INFO | Episode   10 - Reward: -4.700, Length: 40, Loss: 0.1281, Epsilon: 0.970
2026-03-15 01:49:57 | INFO | Episode   11 - Reward: -4.850, Length: 40, Loss: 0.2577, Epsilon: 0.967
2026-03-15 01:49:58 | INFO | Episode   12 - Reward: -4.400, Length: 40, Loss: 0.1803, Epsilon: 0.964
2026-03-15 01:49:59 | INFO | Episode   13 - Reward: -5.750, Length: 40, Loss: 0.1675, Epsilon: 0.961
2026-03-15 01:50:00 | INFO | Episode   14 - Reward: -5.150, Length: 40, Loss: 0.1768, Epsilon: 0.958
2026-03-15 01:50:01 | INFO | Episode   15 - Reward: -3.800, Length: 40, Loss: 0.2681, Epsilon: 0.955
2026-03-15 01:50:02 | INFO | Episode   16 - Reward: -5.150, Length: 40, Loss: 0.1309, Epsilon: 0.952
2026-03-15 01:50:03 | INFO | Episode   17 - Reward: -5.750, Length: 40, Loss: 0.2286, Epsilon: 0.949
2026-03-15 01:50:02 | INFO | Episode   18 - Reward: 5.400, Length: 27, Loss: 0.0898, Epsilon: 0.946
2026-03-15 01:50:04 | INFO | Episode   19 - Reward: -3.650, Length: 40, Loss: 0.2073, Epsilon: 0.943
2026-03-15 01:50:05 | INFO | Episode   20 - Reward: -3.950, Length: 40, Loss: 0.2240, Epsilon: 0.940
2026-03-15 01:50:06 | INFO | Episode   21 - Reward: -13.250, Length: 40, Loss: 0.0989, Epsilon: 0.937
2026-03-15 01:50:07 | INFO | Episode   22 - Reward: -4.400, Length: 40, Loss: 0.3007, Epsilon: 0.934
2026-03-15 01:50:09 | INFO | Episode   23 - Reward: -4.850, Length: 40, Loss: 0.3673, Epsilon: 0.931
2026-03-15 01:50:10 | INFO | Episode   24 - Reward: -4.850, Length: 40, Loss: 0.2134, Epsilon: 0.928
2026-03-15 01:50:12 | INFO | Episode   25 - Reward: -4.400, Length: 40, Loss: 0.2566, Epsilon: 0.925
2026-03-15 01:50:13 | INFO | Episode   26 - Reward: -6.050, Length: 40, Loss: 0.1614, Epsilon: 0.922
2026-03-15 01:50:15 | INFO | Episode   27 - Reward: -4.400, Length: 40, Loss: 0.1543, Epsilon: 0.919
2026-03-15 01:50:16 | INFO | Episode   28 - Reward: -5.300, Length: 40, Loss: 0.1744, Epsilon: 0.916
2026-03-15 01:50:17 | INFO | Episode   29 - Reward: -3.600, Length: 39, Loss: 0.2227, Epsilon: 0.913
2026-03-15 01:50:19 | INFO | Episode   30 - Reward: -4.250, Length: 40, Loss: 0.2367, Epsilon: 0.910
2026-03-15 01:50:20 | INFO | Episode   31 - Reward: -4.850, Length: 40, Loss: 0.2178, Epsilon: 0.907
2026-03-15 01:50:21 | INFO | Episode   32 - Reward: -5.300, Length: 40, Loss: 0.2465, Epsilon: 0.904
2026-03-15 01:50:23 | INFO | Episode   33 - Reward: -6.650, Length: 40, Loss: 0.2381, Epsilon: 0.901
2026-03-15 01:50:24 | INFO | Episode   34 - Reward: -14.000, Length: 40, Loss: 0.2054, Epsilon: 0.898
2026-03-15 01:50:25 | INFO | Episode   35 - Reward: -5.150, Length: 40, Loss: 0.3393, Epsilon: 0.895
2026-03-15 01:50:27 | INFO | Episode   36 - Reward: -7.550, Length: 40, Loss: 0.3168, Epsilon: 0.892
2026-03-15 01:50:27 | INFO | Episode   37 - Reward: 6.600, Length: 18, Loss: 0.9023, Epsilon: 0.889
2026-03-15 01:50:29 | INFO | Episode   38 - Reward: -5.300, Length: 40, Loss: 0.2655, Epsilon: 0.886
2026-03-15 01:50:30 | INFO | Episode   39 - Reward: -4.250, Length: 40, Loss: 0.2905, Epsilon: 0.883
2026-03-15 01:50:31 | INFO | Episode   40 - Reward: -4.400, Length: 40, Loss: 0.2395, Epsilon: 0.880
2026-03-15 01:50:32 | INFO | Episode   41 - Reward: 7.750, Length: 25, Loss: 0.3077, Epsilon: 0.877
2026-03-15 01:50:33 | INFO | Episode   42 - Reward: -5.450, Length: 40, Loss: 0.4839, Epsilon: 0.874
2026-03-15 01:50:33 | INFO | Episode   43 - Reward: -4.100, Length: 40, Loss: 0.3368, Epsilon: 0.871
2026-03-15 01:50:34 | INFO | Episode   44 - Reward: 6.550, Length: 28, Loss: 0.4996, Epsilon: 0.868
2026-03-15 01:50:35 | INFO | Episode   45 - Reward: -6.050, Length: 40, Loss: 0.3201, Epsilon: 0.865
2026-03-15 01:50:36 | INFO | Episode   46 - Reward: 3.050, Length: 32, Loss: 0.3373, Epsilon: 0.862
2026-03-15 01:50:38 | INFO | Episode   47 - Reward: -6.650, Length: 40, Loss: 0.1285, Epsilon: 0.859
2026-03-15 01:50:38 | INFO | Episode   48 - Reward: 7.250, Length: 23, Loss: 0.3247, Epsilon: 0.856
2026-03-15 01:50:40 | INFO | Episode   49 - Reward: -7.550, Length: 40, Loss: 0.5948, Epsilon: 0.853
2026-03-15 01:50:41 | INFO | Episode   50 - Reward: 6.250, Length: 37, Loss: 0.4845, Epsilon: 0.850
2026-03-15 01:50:44 | INFO | [Episode   50] eps=0.850  avg_reward=  -3.722  avg_length= 38.02  avg_loss=  0.2986  eval_success=1.000
2026-03-15 01:50:45 | INFO | Episode   51 - Reward: 5.800, Length: 28, Loss: 0.5162, Epsilon: 0.847
2026-03-15 01:50:46 | INFO | Episode   52 - Reward: -3.800, Length: 40, Loss: 0.5708, Epsilon: 0.844
2026-03-15 01:50:47 | INFO | Episode   53 - Reward: -5.900, Length: 40, Loss: 0.5124, Epsilon: 0.841
2026-03-15 01:50:48 | INFO | Episode   54 - Reward: -4.700, Length: 40, Loss: 0.4269, Epsilon: 0.838
2026-03-15 01:50:49 | INFO | Episode   55 - Reward: -8.450, Length: 40, Loss: 0.4016, Epsilon: 0.835
2026-03-15 01:50:51 | INFO | Episode   56 - Reward: -4.400, Length: 40, Loss: 0.3157, Epsilon: 0.832
2026-03-15 01:50:52 | INFO | Episode   57 - Reward: -3.650, Length: 40, Loss: 0.5752, Epsilon: 0.829
2026-03-15 01:50:53 | INFO | Episode   58 - Reward: -5.150, Length: 40, Loss: 0.4344, Epsilon: 0.826
2026-03-15 01:50:54 | INFO | Episode   59 - Reward: -5.300, Length: 40, Loss: 0.6082, Epsilon: 0.823
2026-03-15 01:50:55 | INFO | Episode   60 - Reward: 1.500, Length: 30, Loss: 0.2041, Epsilon: 0.820
2026-03-15 01:50:56 | INFO | Episode   61 - Reward: 8.350, Length: 19, Loss: 0.4500, Epsilon: 0.817
2026-03-15 01:50:57 | INFO | Episode   62 - Reward: -4.400, Length: 40, Loss: 0.4625, Epsilon: 0.814
2026-03-15 01:50:58 | INFO | Episode   63 - Reward: -5.000, Length: 40, Loss: 0.5378, Epsilon: 0.811
2026-03-15 01:50:59 | INFO | Episode   64 - Reward: -1.350, Length: 39, Loss: 0.4540, Epsilon: 0.808
2026-03-15 01:51:00 | INFO | Episode   65 - Reward: 6.750, Length: 36, Loss: 0.5496, Epsilon: 0.805
2026-03-15 01:51:01 | INFO | Episode   66 - Reward: -3.650, Length: 40, Loss: 0.4902, Epsilon: 0.802
2026-03-15 01:51:02 | INFO | Episode   67 - Reward: 6.850, Length: 31, Loss: 0.2734, Epsilon: 0.799
2026-03-15 01:51:03 | INFO | Episode   68 - Reward: 6.700, Length: 16, Loss: 0.3334, Epsilon: 0.796
2026-03-15 01:51:03 | INFO | Episode   69 - Reward: 6.500, Length: 26, Loss: 0.3347, Epsilon: 0.793
2026-03-15 01:51:04 | INFO | Episode   70 - Reward: -4.850, Length: 40, Loss: 0.3643, Epsilon: 0.790
2026-03-15 01:51:04 | INFO | Episode   71 - Reward: -3.800, Length: 40, Loss: 0.3996, Epsilon: 0.787
2026-03-15 01:51:05 | INFO | Episode   72 - Reward: -6.200, Length: 40, Loss: 0.6483, Epsilon: 0.784
2026-03-15 01:51:06 | INFO | Episode   73 - Reward: -4.100, Length: 40, Loss: 0.5182, Epsilon: 0.781
2026-03-15 01:51:07 | INFO | Episode   74 - Reward: 7.250, Length: 26, Loss: 0.3108, Epsilon: 0.778
2026-03-15 01:51:08 | INFO | Episode   75 - Reward: -4.250, Length: 40, Loss: 0.5003, Epsilon: 0.775
2026-03-15 01:51:09 | INFO | Episode   76 - Reward: -4.400, Length: 40, Loss: 0.6376, Epsilon: 0.772
2026-03-15 01:51:10 | INFO | Episode   77 - Reward: 2.900, Length: 17, Loss: 0.4592, Epsilon: 0.769
2026-03-15 01:51:10 | INFO | Episode   78 - Reward: -3.650, Length: 25, Loss: 0.5685, Epsilon: 0.766
2026-03-15 01:51:11 | INFO | Episode   79 - Reward: 7.250, Length: 26, Loss: 0.6517, Epsilon: 0.763
2026-03-15 01:51:12 | INFO | Episode   80 - Reward: -5.450, Length: 40, Loss: 0.5664, Epsilon: 0.760
2026-03-15 01:51:13 | INFO | Episode   81 - Reward: 7.850, Length: 23, Loss: 0.6296, Epsilon: 0.757
2026-03-15 01:51:14 | INFO | Episode   82 - Reward: -5.750, Length: 40, Loss: 0.5684, Epsilon: 0.754
2026-03-15 01:51:15 | INFO | Episode   83 - Reward: 3.550, Length: 28, Loss: 0.5079, Epsilon: 0.751
2026-03-15 01:51:16 | INFO | Episode   84 - Reward: 4.400, Length: 32, Loss: 0.3813, Epsilon: 0.748
2026-03-15 01:51:16 | INFO | Episode   85 - Reward: 7.000, Length: 16, Loss: 0.4535, Epsilon: 0.745
2026-03-15 01:51:17 | INFO | Episode   86 - Reward: 9.250, Length: 13, Loss: 0.5575, Epsilon: 0.742
2026-03-15 01:51:17 | INFO | Episode   87 - Reward: 8.750, Length: 17, Loss: 0.3415, Epsilon: 0.739
2026-03-15 01:51:18 | INFO | Episode   88 - Reward: -4.400, Length: 40, Loss: 0.4234, Epsilon: 0.736
2026-03-15 01:51:19 | INFO | Episode   89 - Reward: 6.500, Length: 17, Loss: 0.3229, Epsilon: 0.733
2026-03-15 01:51:19 | INFO | Episode   90 - Reward: -0.050, Length: 28, Loss: 0.4526, Epsilon: 0.730
2026-03-15 01:51:20 | INFO | Episode   91 - Reward: -6.350, Length: 40, Loss: 0.4782, Epsilon: 0.727
2026-03-15 01:51:21 | INFO | Episode   92 - Reward: -5.600, Length: 40, Loss: 0.5674, Epsilon: 0.724
2026-03-15 01:51:22 | INFO | Episode   93 - Reward: 6.900, Length: 12, Loss: 0.3444, Epsilon: 0.721
2026-03-15 01:51:22 | INFO | Episode   94 - Reward: 4.450, Length: 19, Loss: 0.6342, Epsilon: 0.718
2026-03-15 01:51:23 | INFO | Episode   95 - Reward: 8.550, Length: 18, Loss: 0.4092, Epsilon: 0.715
2026-03-15 01:51:24 | INFO | Episode   96 - Reward: -9.950, Length: 40, Loss: 0.3667, Epsilon: 0.712
2026-03-15 01:51:25 | INFO | Episode   97 - Reward: 8.150, Length: 23, Loss: 0.5018, Epsilon: 0.709
2026-03-15 01:51:26 | INFO | Episode   98 - Reward: -6.050, Length: 40, Loss: 0.4816, Epsilon: 0.706
2026-03-15 01:51:27 | INFO | Episode   99 - Reward: -5.000, Length: 40, Loss: 0.4645, Epsilon: 0.703
2026-03-15 01:51:28 | INFO | Episode  100 - Reward: 5.950, Length: 34, Loss: 0.5553, Epsilon: 0.700
2026-03-15 01:51:39 | INFO | [Episode  100] eps=0.700  avg_reward=   0.111  avg_length= 31.98  avg_loss=  0.4704  eval_success=0.000
2026-03-15 01:51:41 | INFO | Episode  101 - Reward: -9.800, Length: 40, Loss: 0.4357, Epsilon: 0.697
2026-03-15 01:51:42 | INFO | Episode  102 - Reward: 1.300, Length: 31, Loss: 0.4694, Epsilon: 0.694
2026-03-15 01:51:43 | INFO | Episode  103 - Reward: 2.150, Length: 35, Loss: 0.5421, Epsilon: 0.691
2026-03-15 01:51:44 | INFO | Episode  104 - Reward: 8.450, Length: 17, Loss: 0.4759, Epsilon: 0.688
2026-03-15 01:51:45 | INFO | Episode  105 - Reward: -7.700, Length: 40, Loss: 0.4417, Epsilon: 0.685
2026-03-15 01:51:46 | INFO | Episode  106 - Reward: 2.850, Length: 33, Loss: 0.4333, Epsilon: 0.682
2026-03-15 01:51:48 | INFO | Episode  107 - Reward: 2.350, Length: 37, Loss: 0.5350, Epsilon: 0.679
2026-03-15 01:51:48 | INFO | Episode  108 - Reward: 8.950, Length: 16, Loss: 0.5481, Epsilon: 0.676
2026-03-15 01:51:50 | INFO | Episode  109 - Reward: -4.850, Length: 40, Loss: 0.5308, Epsilon: 0.673
2026-03-15 01:51:51 | INFO | Episode  110 - Reward: 5.900, Length: 26, Loss: 0.5738, Epsilon: 0.670
2026-03-15 01:51:52 | INFO | Episode  111 - Reward: -6.050, Length: 40, Loss: 0.5917, Epsilon: 0.667
2026-03-15 01:51:53 | INFO | Episode  112 - Reward: -5.450, Length: 40, Loss: 0.6947, Epsilon: 0.664
2026-03-15 01:51:54 | INFO | Episode  113 - Reward: -5.750, Length: 40, Loss: 0.6420, Epsilon: 0.661
2026-03-15 01:51:54 | INFO | Episode  114 - Reward: 6.500, Length: 17, Loss: 0.7556, Epsilon: 0.658
2026-03-15 01:51:55 | INFO | Episode  115 - Reward: 8.650, Length: 16, Loss: 0.4965, Epsilon: 0.655
2026-03-15 01:51:56 | INFO | Episode  116 - Reward: 6.600, Length: 21, Loss: 0.7601, Epsilon: 0.652
2026-03-15 01:51:56 | INFO | Episode  117 - Reward: 4.650, Length: 24, Loss: 0.6867, Epsilon: 0.649
2026-03-15 01:51:57 | INFO | Episode  118 - Reward: -0.250, Length: 32, Loss: 0.4789, Epsilon: 0.646
2026-03-15 01:51:58 | INFO | Episode  119 - Reward: 7.700, Length: 8, Loss: 0.3680, Epsilon: 0.643
2026-03-15 01:51:58 | INFO | Episode  120 - Reward: 8.950, Length: 16, Loss: 0.5179, Epsilon: 0.640
2026-03-15 01:51:59 | INFO | Episode  121 - Reward: 9.350, Length: 11, Loss: 0.6682, Epsilon: 0.637
2026-03-15 01:51:59 | INFO | Episode  122 - Reward: 6.600, Length: 18, Loss: 0.4828, Epsilon: 0.634
2026-03-15 01:52:00 | INFO | Episode  123 - Reward: 8.950, Length: 13, Loss: 0.4787, Epsilon: 0.631
2026-03-15 01:52:01 | INFO | Episode  124 - Reward: -5.750, Length: 40, Loss: 0.5978, Epsilon: 0.628
2026-03-15 01:52:02 | INFO | Episode  125 - Reward: 6.000, Length: 21, Loss: 0.6287, Epsilon: 0.625
2026-03-15 01:52:03 | INFO | Episode  126 - Reward: 7.550, Length: 29, Loss: 0.6663, Epsilon: 0.622
2026-03-15 01:52:03 | INFO | Episode  127 - Reward: 5.500, Length: 25, Loss: 0.6472, Epsilon: 0.619
2026-03-15 01:52:04 | INFO | Episode  128 - Reward: 4.500, Length: 33, Loss: 0.8325, Epsilon: 0.616
2026-03-15 01:52:05 | INFO | Episode  129 - Reward: -4.250, Length: 40, Loss: 0.6900, Epsilon: 0.613
2026-03-15 01:52:06 | INFO | Episode  130 - Reward: 1.900, Length: 22, Loss: 0.5047, Epsilon: 0.610
2026-03-15 01:52:06 | INFO | Episode  131 - Reward: 6.600, Length: 18, Loss: 0.7197, Epsilon: 0.607
2026-03-15 01:52:06 | INFO | Episode  132 - Reward: 6.550, Length: 40, Loss: 0.5935, Epsilon: 0.604
2026-03-15 01:52:07 | INFO | Episode  133 - Reward: 6.700, Length: 19, Loss: 0.6602, Epsilon: 0.601
2026-03-15 01:52:07 | INFO | Episode  134 - Reward: 6.400, Length: 16, Loss: 0.5531, Epsilon: 0.598
2026-03-15 01:52:08 | INFO | Episode  135 - Reward: 4.300, Length: 34, Loss: 0.6187, Epsilon: 0.595
2026-03-15 01:52:09 | INFO | Episode  136 - Reward: 3.750, Length: 21, Loss: 0.8191, Epsilon: 0.592
2026-03-15 01:52:09 | INFO | Episode  137 - Reward: 7.500, Length: 9, Loss: 0.8054, Epsilon: 0.589
2026-03-15 01:52:10 | INFO | Episode  138 - Reward: 9.450, Length: 12, Loss: 0.6459, Epsilon: 0.586
2026-03-15 01:52:10 | INFO | Episode  139 - Reward: 5.350, Length: 13, Loss: 0.6098, Epsilon: 0.583
2026-03-15 01:52:11 | INFO | Episode  140 - Reward: 4.350, Length: 21, Loss: 1.0111, Epsilon: 0.580
2026-03-15 01:52:11 | INFO | Episode  141 - Reward: 9.050, Length: 14, Loss: 0.9539, Epsilon: 0.577
2026-03-15 01:52:13 | INFO | Episode  142 - Reward: -7.250, Length: 40, Loss: 0.9049, Epsilon: 0.574
2026-03-15 01:52:14 | INFO | Episode  143 - Reward: 1.700, Length: 26, Loss: 0.5802, Epsilon: 0.571
2026-03-15 01:52:14 | INFO | Episode  144 - Reward: 1.950, Length: 33, Loss: 0.6803, Epsilon: 0.568
2026-03-15 01:52:15 | INFO | Episode  145 - Reward: 8.750, Length: 17, Loss: 1.2680, Epsilon: 0.565
2026-03-15 01:52:16 | INFO | Episode  146 - Reward: -0.150, Length: 27, Loss: 0.9016, Epsilon: 0.562
2026-03-15 01:52:16 | INFO | Episode  147 - Reward: 7.000, Length: 13, Loss: 0.4426, Epsilon: 0.559
2026-03-15 01:52:16 | INFO | Episode  148 - Reward: 5.350, Length: 13, Loss: 0.7671, Epsilon: 0.556
2026-03-15 01:52:17 | INFO | Episode  149 - Reward: 6.800, Length: 17, Loss: 0.8146, Epsilon: 0.553
2026-03-15 01:52:17 | INFO | Episode  150 - Reward: 9.350, Length: 14, Loss: 0.9405, Epsilon: 0.550
2026-03-15 01:52:32 | INFO | [Episode  150] eps=0.550  avg_reward=   3.580  avg_length= 24.76  avg_loss=  0.6493  eval_success=0.000
2026-03-15 01:52:32 | INFO | Episode  151 - Reward: 5.550, Length: 12, Loss: 0.8812, Epsilon: 0.547
2026-03-15 01:52:33 | INFO | Episode  152 - Reward: -5.150, Length: 40, Loss: 1.1362, Epsilon: 0.544
2026-03-15 01:52:34 | INFO | Episode  153 - Reward: 5.500, Length: 22, Loss: 0.8539, Epsilon: 0.541
2026-03-15 01:52:34 | INFO | Episode  154 - Reward: 8.650, Length: 16, Loss: 0.9524, Epsilon: 0.538
2026-03-15 01:52:35 | INFO | Episode  155 - Reward: 8.250, Length: 15, Loss: 0.8750, Epsilon: 0.535
2026-03-15 01:52:35 | INFO | Episode  156 - Reward: 7.300, Length: 10, Loss: 1.1471, Epsilon: 0.532
2026-03-15 01:52:35 | INFO | Episode  157 - Reward: 6.300, Length: 21, Loss: 1.1255, Epsilon: 0.529
2026-03-15 01:52:36 | INFO | Episode  158 - Reward: 7.500, Length: 12, Loss: 0.7037, Epsilon: 0.526
2026-03-15 01:52:36 | INFO | Episode  159 - Reward: 4.750, Length: 16, Loss: 1.0131, Epsilon: 0.523
2026-03-15 01:52:37 | INFO | Episode  160 - Reward: -0.350, Length: 28, Loss: 1.1957, Epsilon: 0.520
2026-03-15 01:52:37 | INFO | Episode  161 - Reward: -5.300, Length: 40, Loss: 0.9024, Epsilon: 0.517
2026-03-15 01:52:37 | INFO | Episode  162 - Reward: 6.900, Length: 18, Loss: 1.1490, Epsilon: 0.514
2026-03-15 01:52:39 | INFO | Episode  163 - Reward: -6.950, Length: 40, Loss: 1.1950, Epsilon: 0.511
2026-03-15 01:52:40 | INFO | Episode  164 - Reward: 1.200, Length: 39, Loss: 0.9249, Epsilon: 0.508
2026-03-15 01:52:40 | INFO | Episode  165 - Reward: 5.900, Length: 20, Loss: 0.5876, Epsilon: 0.505
2026-03-15 01:52:41 | INFO | Episode  166 - Reward: 4.950, Length: 15, Loss: 0.5610, Epsilon: 0.502
2026-03-15 01:52:42 | INFO | Episode  167 - Reward: -11.750, Length: 40, Loss: 0.7508, Epsilon: 0.499
2026-03-15 01:52:43 | INFO | Episode  168 - Reward: -6.050, Length: 40, Loss: 0.8169, Epsilon: 0.496
2026-03-15 01:52:44 | INFO | Episode  169 - Reward: 6.600, Length: 18, Loss: 1.1514, Epsilon: 0.493
2026-03-15 01:52:44 | INFO | Episode  170 - Reward: 9.350, Length: 11, Loss: 0.4926, Epsilon: 0.490
2026-03-15 01:52:45 | INFO | Episode  171 - Reward: 7.550, Length: 23, Loss: 1.3875, Epsilon: 0.487
2026-03-15 01:52:45 | INFO | Episode  172 - Reward: 8.650, Length: 16, Loss: 0.7118, Epsilon: 0.484
2026-03-15 01:52:46 | INFO | Episode  173 - Reward: -4.700, Length: 40, Loss: 0.9708, Epsilon: 0.481
2026-03-15 01:52:47 | INFO | Episode  174 - Reward: 3.650, Length: 32, Loss: 1.0649, Epsilon: 0.478
2026-03-15 01:52:47 | INFO | Episode  175 - Reward: 9.550, Length: 10, Loss: 0.9324, Epsilon: 0.475
2026-03-15 01:52:48 | INFO | Episode  176 - Reward: 8.950, Length: 13, Loss: 1.1370, Epsilon: 0.472
2026-03-15 01:52:48 | INFO | Episode  177 - Reward: 8.750, Length: 17, Loss: 1.7844, Epsilon: 0.469
2026-03-15 01:52:49 | INFO | Episode  178 - Reward: 5.200, Length: 25, Loss: 1.2844, Epsilon: 0.466
2026-03-15 01:52:49 | INFO | Episode  179 - Reward: 7.500, Length: 9, Loss: 0.2784, Epsilon: 0.463
2026-03-15 01:52:50 | INFO | Episode  180 - Reward: 6.600, Length: 21, Loss: 0.7681, Epsilon: 0.460
2026-03-15 01:52:51 | INFO | Episode  181 - Reward: 5.650, Length: 31, Loss: 1.1252, Epsilon: 0.457
2026-03-15 01:52:52 | INFO | Episode  182 - Reward: -5.750, Length: 40, Loss: 1.1174, Epsilon: 0.454
2026-03-15 01:52:53 | INFO | Episode  183 - Reward: 4.800, Length: 33, Loss: 1.0479, Epsilon: 0.451
2026-03-15 01:52:54 | INFO | Episode  184 - Reward: -7.700, Length: 40, Loss: 1.2369, Epsilon: 0.448
2026-03-15 01:52:55 | INFO | Episode  185 - Reward: -5.900, Length: 40, Loss: 1.4023, Epsilon: 0.445
2026-03-15 01:52:56 | INFO | Episode  186 - Reward: -6.950, Length: 40, Loss: 0.9635, Epsilon: 0.442
2026-03-15 01:52:57 | INFO | Episode  187 - Reward: 8.850, Length: 15, Loss: 1.0670, Epsilon: 0.439
2026-03-15 01:52:57 | INFO | Episode  188 - Reward: 7.700, Length: 8, Loss: 1.4180, Epsilon: 0.436
2026-03-15 01:52:57 | INFO | Episode  189 - Reward: 7.700, Length: 8, Loss: 1.0586, Epsilon: 0.433
2026-03-15 01:52:58 | INFO | Episode  190 - Reward: -6.200, Length: 40, Loss: 0.9850, Epsilon: 0.430
2026-03-15 01:52:59 | INFO | Episode  191 - Reward: -8.900, Length: 40, Loss: 0.7001, Epsilon: 0.427
2026-03-15 01:53:00 | INFO | Episode  192 - Reward: 5.100, Length: 30, Loss: 0.5358, Epsilon: 0.424
2026-03-15 01:53:01 | INFO | Episode  193 - Reward: 9.450, Length: 12, Loss: 1.2518, Epsilon: 0.421
2026-03-15 01:53:01 | INFO | Episode  194 - Reward: 7.700, Length: 8, Loss: 0.7963, Epsilon: 0.418
2026-03-15 01:53:01 | INFO | Episode  195 - Reward: 7.600, Length: 10, Loss: 0.7638, Epsilon: 0.415
2026-03-15 01:53:01 | INFO | Episode  196 - Reward: 7.500, Length: 12, Loss: 1.3738, Epsilon: 0.412
2026-03-15 01:53:02 | INFO | Episode  197 - Reward: 7.700, Length: 8, Loss: 1.2146, Epsilon: 0.409
2026-03-15 01:53:03 | INFO | Episode  198 - Reward: -5.450, Length: 40, Loss: 1.2063, Epsilon: 0.406
2026-03-15 01:53:04 | INFO | Episode  199 - Reward: -6.050, Length: 40, Loss: 0.8525, Epsilon: 0.403
2026-03-15 01:53:04 | INFO | Episode  200 - Reward: 9.250, Length: 10, Loss: 1.1978, Epsilon: 0.400
2026-03-15 01:53:07 | INFO | [Episode  200] eps=0.400  avg_reward=   3.019  avg_length= 23.68  avg_loss=  1.0010  eval_success=1.000
2026-03-15 01:53:08 | INFO | Episode  201 - Reward: 6.950, Length: 32, Loss: 1.2124, Epsilon: 0.397
2026-03-15 01:53:08 | INFO | Episode  202 - Reward: 6.300, Length: 21, Loss: 0.8692, Epsilon: 0.394
2026-03-15 01:53:08 | INFO | Episode  203 - Reward: 8.350, Length: 16, Loss: 1.4516, Epsilon: 0.391
2026-03-15 01:53:09 | INFO | Episode  204 - Reward: -5.750, Length: 40, Loss: 0.7555, Epsilon: 0.388
2026-03-15 01:53:10 | INFO | Episode  205 - Reward: 3.100, Length: 34, Loss: 0.9538, Epsilon: 0.385
2026-03-15 01:53:12 | INFO | Episode  206 - Reward: -5.300, Length: 40, Loss: 0.8865, Epsilon: 0.382
2026-03-15 01:53:13 | INFO | Episode  207 - Reward: -5.300, Length: 40, Loss: 0.7841, Epsilon: 0.379
2026-03-15 01:53:13 | INFO | Episode  208 - Reward: 9.050, Length: 11, Loss: 0.9219, Epsilon: 0.376
2026-03-15 01:53:14 | INFO | Episode  209 - Reward: 7.700, Length: 8, Loss: 1.4542, Epsilon: 0.373
2026-03-15 01:53:14 | INFO | Episode  210 - Reward: 7.200, Length: 12, Loss: 1.0468, Epsilon: 0.370
2026-03-15 01:53:15 | INFO | Episode  211 - Reward: 4.000, Length: 31, Loss: 1.2465, Epsilon: 0.367
2026-03-15 01:53:15 | INFO | Episode  212 - Reward: 9.650, Length: 8, Loss: 1.1553, Epsilon: 0.364
2026-03-15 01:53:16 | INFO | Episode  213 - Reward: 7.400, Length: 11, Loss: 0.5062, Epsilon: 0.361
2026-03-15 01:53:16 | INFO | Episode  214 - Reward: 7.400, Length: 14, Loss: 0.9907, Epsilon: 0.358
2026-03-15 01:53:17 | INFO | Episode  215 - Reward: 7.350, Length: 21, Loss: 0.7365, Epsilon: 0.355
2026-03-15 01:53:17 | INFO | Episode  216 - Reward: 6.950, Length: 26, Loss: 0.8451, Epsilon: 0.352
2026-03-15 01:53:19 | INFO | Episode  217 - Reward: 2.600, Length: 38, Loss: 0.9883, Epsilon: 0.349
2026-03-15 01:53:19 | INFO | Episode  218 - Reward: 7.100, Length: 14, Loss: 0.7209, Epsilon: 0.346
2026-03-15 01:53:19 | INFO | Episode  219 - Reward: 7.400, Length: 11, Loss: 0.9974, Epsilon: 0.343
2026-03-15 01:53:20 | INFO | Episode  220 - Reward: 3.000, Length: 36, Loss: 0.5504, Epsilon: 0.340
2026-03-15 01:53:21 | INFO | Episode  221 - Reward: -5.900, Length: 40, Loss: 0.9493, Epsilon: 0.337
2026-03-15 01:53:22 | INFO | Episode  222 - Reward: -5.600, Length: 40, Loss: 1.2844, Epsilon: 0.334
2026-03-15 01:53:23 | INFO | Episode  223 - Reward: 5.450, Length: 11, Loss: 0.7187, Epsilon: 0.331
2026-03-15 01:53:23 | INFO | Episode  224 - Reward: 9.150, Length: 12, Loss: 1.0010, Epsilon: 0.328
2026-03-15 01:53:23 | INFO | Episode  225 - Reward: 9.250, Length: 10, Loss: 1.5912, Epsilon: 0.325
2026-03-15 01:53:24 | INFO | Episode  226 - Reward: -6.950, Length: 40, Loss: 0.7529, Epsilon: 0.322
2026-03-15 01:53:25 | INFO | Episode  227 - Reward: 9.250, Length: 10, Loss: 1.3196, Epsilon: 0.319
2026-03-15 01:53:26 | INFO | Episode  228 - Reward: -6.650, Length: 40, Loss: 0.7435, Epsilon: 0.316
2026-03-15 01:53:26 | INFO | Episode  229 - Reward: 7.400, Length: 14, Loss: 0.8072, Epsilon: 0.313
2026-03-15 01:53:26 | INFO | Episode  230 - Reward: 7.500, Length: 9, Loss: 1.6288, Epsilon: 0.310
2026-03-15 01:53:27 | INFO | Episode  231 - Reward: 8.850, Length: 15, Loss: 0.7539, Epsilon: 0.307
2026-03-15 01:53:27 | INFO | Episode  232 - Reward: 6.500, Length: 14, Loss: 1.0442, Epsilon: 0.304
2026-03-15 01:53:28 | INFO | Episode  233 - Reward: -7.250, Length: 40, Loss: 0.9166, Epsilon: 0.301
2026-03-15 01:53:29 | INFO | Episode  234 - Reward: 6.000, Length: 21, Loss: 1.0512, Epsilon: 0.298
2026-03-15 01:53:30 | INFO | Episode  235 - Reward: 3.800, Length: 29, Loss: 0.7317, Epsilon: 0.295
2026-03-15 01:53:30 | INFO | Episode  236 - Reward: 7.700, Length: 8, Loss: 1.2781, Epsilon: 0.292
2026-03-15 01:53:30 | INFO | Episode  237 - Reward: 9.650, Length: 8, Loss: 0.5734, Epsilon: 0.289
2026-03-15 01:53:30 | INFO | Episode  238 - Reward: 9.450, Length: 9, Loss: 0.4459, Epsilon: 0.286
2026-03-15 01:53:31 | INFO | Episode  239 - Reward: 9.250, Length: 10, Loss: 0.6771, Epsilon: 0.283
2026-03-15 01:53:31 | INFO | Episode  240 - Reward: 7.100, Length: 11, Loss: 1.0248, Epsilon: 0.280
2026-03-15 01:53:31 | INFO | Episode  241 - Reward: 7.700, Length: 8, Loss: 0.8987, Epsilon: 0.277
2026-03-15 01:53:31 | INFO | Episode  242 - Reward: 6.600, Length: 15, Loss: 0.6568, Epsilon: 0.274
2026-03-15 01:53:32 | INFO | Episode  243 - Reward: 9.450, Length: 9, Loss: 0.9308, Epsilon: 0.271
2026-03-15 01:53:33 | INFO | Episode  244 - Reward: -6.350, Length: 40, Loss: 0.6109, Epsilon: 0.268
2026-03-15 01:53:33 | INFO | Episode  245 - Reward: 5.450, Length: 14, Loss: 0.9074, Epsilon: 0.265
2026-03-15 01:53:34 | INFO | Episode  246 - Reward: 7.700, Length: 8, Loss: 0.4636, Epsilon: 0.262
2026-03-15 01:53:34 | INFO | Episode  247 - Reward: 7.700, Length: 8, Loss: 0.6770, Epsilon: 0.259
2026-03-15 01:53:34 | INFO | Episode  248 - Reward: 7.700, Length: 8, Loss: 0.7962, Epsilon: 0.256
2026-03-15 01:53:34 | INFO | Episode  249 - Reward: 7.400, Length: 11, Loss: 0.9402, Epsilon: 0.253
2026-03-15 01:53:35 | INFO | Episode  250 - Reward: 7.600, Length: 10, Loss: 0.7870, Epsilon: 0.250
2026-03-15 01:53:37 | INFO | [Episode  250] eps=0.250  avg_reward=   4.801  avg_length= 19.72  avg_loss=  0.9207  eval_success=1.000
2026-03-15 01:53:38 | INFO | Episode  251 - Reward: 7.700, Length: 8, Loss: 0.5890, Epsilon: 0.247
2026-03-15 01:53:38 | INFO | Episode  252 - Reward: 7.400, Length: 11, Loss: 1.2558, Epsilon: 0.244
2026-03-15 01:53:38 | INFO | Episode  253 - Reward: 7.500, Length: 9, Loss: 1.9243, Epsilon: 0.241
2026-03-15 01:53:39 | INFO | Episode  254 - Reward: 6.900, Length: 12, Loss: 1.2205, Epsilon: 0.238
2026-03-15 01:53:39 | INFO | Episode  255 - Reward: 9.650, Length: 8, Loss: 0.9005, Epsilon: 0.235
2026-03-15 01:53:39 | INFO | Episode  256 - Reward: 7.500, Length: 9, Loss: 1.2747, Epsilon: 0.232
2026-03-15 01:53:38 | INFO | Episode  257 - Reward: 6.800, Length: 20, Loss: 0.8125, Epsilon: 0.229
2026-03-15 01:53:39 | INFO | Episode  258 - Reward: 7.400, Length: 11, Loss: 0.9830, Epsilon: 0.226
2026-03-15 01:53:39 | INFO | Episode  259 - Reward: 9.650, Length: 8, Loss: 1.7219, Epsilon: 0.223
2026-03-15 01:53:39 | INFO | Episode  260 - Reward: 3.600, Length: 12, Loss: 1.3920, Epsilon: 0.220
2026-03-15 01:53:40 | INFO | Episode  261 - Reward: 9.650, Length: 8, Loss: 0.8311, Epsilon: 0.217
2026-03-15 01:53:41 | INFO | Episode  262 - Reward: 3.650, Length: 38, Loss: 0.9200, Epsilon: 0.214
2026-03-15 01:53:41 | INFO | Episode  263 - Reward: 7.700, Length: 8, Loss: 0.8973, Epsilon: 0.211
2026-03-15 01:53:41 | INFO | Episode  264 - Reward: 5.450, Length: 11, Loss: 0.6320, Epsilon: 0.208
2026-03-15 01:53:42 | INFO | Episode  265 - Reward: 7.700, Length: 8, Loss: 0.1340, Epsilon: 0.205
2026-03-15 01:53:42 | INFO | Episode  266 - Reward: 7.700, Length: 8, Loss: 0.9898, Epsilon: 0.202
2026-03-15 01:53:42 | INFO | Episode  267 - Reward: 5.250, Length: 12, Loss: 0.6797, Epsilon: 0.199
2026-03-15 01:53:43 | INFO | Episode  268 - Reward: 7.600, Length: 10, Loss: 1.0776, Epsilon: 0.196
2026-03-15 01:53:43 | INFO | Episode  269 - Reward: 5.550, Length: 12, Loss: 0.3207, Epsilon: 0.193
2026-03-15 01:53:43 | INFO | Episode  270 - Reward: 9.250, Length: 10, Loss: 1.1796, Epsilon: 0.190
2026-03-15 01:53:44 | INFO | Episode  271 - Reward: 7.700, Length: 8, Loss: 0.3948, Epsilon: 0.187
2026-03-15 01:53:44 | INFO | Episode  272 - Reward: 9.650, Length: 8, Loss: 0.6457, Epsilon: 0.184
2026-03-15 01:53:45 | INFO | Episode  273 - Reward: 4.000, Length: 28, Loss: 0.6872, Epsilon: 0.181
2026-03-15 01:53:45 | INFO | Episode  274 - Reward: 9.450, Length: 9, Loss: 1.7594, Epsilon: 0.178
2026-03-15 01:53:45 | INFO | Episode  275 - Reward: 7.500, Length: 12, Loss: 0.5173, Epsilon: 0.175
2026-03-15 01:53:45 | INFO | Episode  276 - Reward: 7.400, Length: 11, Loss: 0.2835, Epsilon: 0.172
2026-03-15 01:53:46 | INFO | Episode  277 - Reward: 9.650, Length: 8, Loss: 2.0328, Epsilon: 0.169
2026-03-15 01:53:46 | INFO | Episode  278 - Reward: 9.450, Length: 9, Loss: 0.3289, Epsilon: 0.166
2026-03-15 01:53:46 | INFO | Episode  279 - Reward: 9.550, Length: 10, Loss: 1.0449, Epsilon: 0.163
2026-03-15 01:53:47 | INFO | Episode  280 - Reward: 7.700, Length: 8, Loss: 1.1304, Epsilon: 0.160
2026-03-15 01:53:47 | INFO | Episode  281 - Reward: 9.650, Length: 8, Loss: 0.8744, Epsilon: 0.157
2026-03-15 01:53:47 | INFO | Episode  282 - Reward: 9.350, Length: 11, Loss: 0.5041, Epsilon: 0.154
2026-03-15 01:53:47 | INFO | Episode  283 - Reward: 7.700, Length: 8, Loss: 0.3912, Epsilon: 0.151
2026-03-15 01:53:48 | INFO | Episode  284 - Reward: 7.700, Length: 8, Loss: 0.6384, Epsilon: 0.148
2026-03-15 01:53:48 | INFO | Episode  285 - Reward: 7.700, Length: 8, Loss: 0.4964, Epsilon: 0.145
2026-03-15 01:53:48 | INFO | Episode  286 - Reward: 7.600, Length: 10, Loss: 0.6333, Epsilon: 0.142
2026-03-15 01:53:49 | INFO | Episode  287 - Reward: -9.950, Length: 40, Loss: 0.4242, Epsilon: 0.139
2026-03-15 01:53:50 | INFO | Episode  288 - Reward: 9.650, Length: 8, Loss: 0.6460, Epsilon: 0.136
2026-03-15 01:53:50 | INFO | Episode  289 - Reward: 9.550, Length: 10, Loss: 0.8297, Epsilon: 0.133
2026-03-15 01:53:50 | INFO | Episode  290 - Reward: 9.650, Length: 8, Loss: 0.4976, Epsilon: 0.130
2026-03-15 01:53:50 | INFO | Episode  291 - Reward: 5.250, Length: 12, Loss: 0.8834, Epsilon: 0.127
2026-03-15 01:53:51 | INFO | Episode  292 - Reward: 9.650, Length: 8, Loss: 1.3316, Epsilon: 0.124
2026-03-15 01:53:51 | INFO | Episode  293 - Reward: 5.650, Length: 10, Loss: 0.7841, Epsilon: 0.121
2026-03-15 01:53:51 | INFO | Episode  294 - Reward: 7.600, Length: 10, Loss: 1.5915, Epsilon: 0.118
2026-03-15 01:53:52 | INFO | Episode  295 - Reward: 7.700, Length: 8, Loss: 1.5278, Epsilon: 0.115
2026-03-15 01:53:52 | INFO | Episode  296 - Reward: 6.800, Length: 14, Loss: 0.7766, Epsilon: 0.112
2026-03-15 01:53:53 | INFO | Episode  297 - Reward: -7.250, Length: 40, Loss: 0.7460, Epsilon: 0.109
2026-03-15 01:53:53 | INFO | Episode  298 - Reward: 9.650, Length: 8, Loss: 0.9515, Epsilon: 0.106
2026-03-15 01:53:53 | INFO | Episode  299 - Reward: 9.650, Length: 8, Loss: 0.6253, Epsilon: 0.103
2026-03-15 01:53:54 | INFO | Episode  300 - Reward: 9.650, Length: 8, Loss: 0.6511, Epsilon: 0.100
2026-03-15 01:53:56 | INFO | [Episode  300] eps=0.100  avg_reward=   7.172  avg_length= 11.78  avg_loss=  0.8873  eval_success=1.000
2026-03-15 01:53:57 | INFO | Episode  301 - Reward: 9.450, Length: 9, Loss: 0.4161, Epsilon: 0.100
2026-03-15 01:53:57 | INFO | Episode  302 - Reward: 9.650, Length: 8, Loss: 0.1482, Epsilon: 0.100
2026-03-15 01:53:57 | INFO | Episode  303 - Reward: 9.650, Length: 8, Loss: 0.5086, Epsilon: 0.100
2026-03-15 01:53:57 | INFO | Episode  304 - Reward: 9.450, Length: 9, Loss: 0.6579, Epsilon: 0.100
2026-03-15 01:53:59 | INFO | Episode  305 - Reward: -7.100, Length: 40, Loss: 0.8970, Epsilon: 0.100
2026-03-15 01:53:59 | INFO | Episode  306 - Reward: 7.700, Length: 8, Loss: 0.1628, Epsilon: 0.100
2026-03-15 01:53:59 | INFO | Episode  307 - Reward: 9.250, Length: 10, Loss: 0.8705, Epsilon: 0.100
2026-03-15 01:53:59 | INFO | Episode  308 - Reward: 9.650, Length: 8, Loss: 0.5217, Epsilon: 0.100
2026-03-15 01:54:00 | INFO | Episode  309 - Reward: 9.450, Length: 9, Loss: 1.0616, Epsilon: 0.100
2026-03-15 01:54:00 | INFO | Episode  310 - Reward: 9.650, Length: 8, Loss: 0.6501, Epsilon: 0.100
2026-03-15 01:54:00 | INFO | Episode  311 - Reward: 7.700, Length: 8, Loss: 0.5019, Epsilon: 0.100
2026-03-15 01:54:00 | INFO | Episode  312 - Reward: 9.450, Length: 9, Loss: 0.7300, Epsilon: 0.100
2026-03-15 01:54:01 | INFO | Episode  313 - Reward: 7.600, Length: 10, Loss: 1.0148, Epsilon: 0.100
2026-03-15 01:54:02 | INFO | Episode  314 - Reward: -7.400, Length: 40, Loss: 0.6734, Epsilon: 0.100
2026-03-15 01:54:02 | INFO | Episode  315 - Reward: 7.700, Length: 8, Loss: 1.4847, Epsilon: 0.100
2026-03-15 01:54:02 | INFO | Episode  316 - Reward: 5.450, Length: 11, Loss: 0.9487, Epsilon: 0.100
2026-03-15 01:54:03 | INFO | Episode  317 - Reward: 7.600, Length: 10, Loss: 1.1701, Epsilon: 0.100
2026-03-15 01:54:03 | INFO | Episode  318 - Reward: 7.700, Length: 8, Loss: 0.4984, Epsilon: 0.100
2026-03-15 01:54:03 | INFO | Episode  319 - Reward: 9.650, Length: 8, Loss: 0.3031, Epsilon: 0.100
2026-03-15 01:54:03 | INFO | Episode  320 - Reward: 7.700, Length: 8, Loss: 0.3805, Epsilon: 0.100
2026-03-15 01:54:04 | INFO | Episode  321 - Reward: 7.400, Length: 11, Loss: 0.5283, Epsilon: 0.100
2026-03-15 01:54:04 | INFO | Episode  322 - Reward: 9.650, Length: 8, Loss: 0.3404, Epsilon: 0.100
2026-03-15 01:54:04 | INFO | Episode  323 - Reward: 9.650, Length: 8, Loss: 0.6101, Epsilon: 0.100
2026-03-15 01:54:04 | INFO | Episode  324 - Reward: 9.350, Length: 11, Loss: 0.4261, Epsilon: 0.100
2026-03-15 01:54:05 | INFO | Episode  325 - Reward: 9.650, Length: 8, Loss: 1.1111, Epsilon: 0.100
2026-03-15 01:54:05 | INFO | Episode  326 - Reward: 7.300, Length: 13, Loss: 0.4234, Epsilon: 0.100
2026-03-15 01:54:05 | INFO | Episode  327 - Reward: 9.450, Length: 9, Loss: 0.1343, Epsilon: 0.100
2026-03-15 01:54:05 | INFO | Episode  328 - Reward: 9.650, Length: 8, Loss: 0.8176, Epsilon: 0.100
2026-03-15 01:54:06 | INFO | Episode  329 - Reward: 9.650, Length: 8, Loss: 0.7762, Epsilon: 0.100
2026-03-15 01:54:06 | INFO | Episode  330 - Reward: 9.450, Length: 9, Loss: 0.5087, Epsilon: 0.100
2026-03-15 01:54:07 | INFO | Episode  331 - Reward: -6.800, Length: 40, Loss: 1.1130, Epsilon: 0.100
2026-03-15 01:54:07 | INFO | Episode  332 - Reward: 7.700, Length: 8, Loss: 0.5297, Epsilon: 0.100
2026-03-15 01:54:07 | INFO | Episode  333 - Reward: 9.650, Length: 8, Loss: 0.5484, Epsilon: 0.100
2026-03-15 01:54:08 | INFO | Episode  334 - Reward: 9.650, Length: 8, Loss: 0.7299, Epsilon: 0.100
2026-03-15 01:54:09 | INFO | Episode  335 - Reward: -6.950, Length: 40, Loss: 1.0407, Epsilon: 0.100
2026-03-15 01:54:09 | INFO | Episode  336 - Reward: 9.550, Length: 10, Loss: 0.5976, Epsilon: 0.100
2026-03-15 01:54:10 | INFO | Episode  337 - Reward: 6.050, Length: 26, Loss: 0.6473, Epsilon: 0.100
2026-03-15 01:54:10 | INFO | Episode  338 - Reward: 7.700, Length: 8, Loss: 0.7330, Epsilon: 0.100
2026-03-15 01:54:10 | INFO | Episode  339 - Reward: -9.650, Length: 40, Loss: 0.6621, Epsilon: 0.100
2026-03-15 01:54:10 | INFO | Episode  340 - Reward: 9.650, Length: 8, Loss: 0.1489, Epsilon: 0.100
2026-03-15 01:54:10 | INFO | Episode  341 - Reward: 9.650, Length: 8, Loss: 0.7595, Epsilon: 0.100
2026-03-15 01:54:11 | INFO | Episode  342 - Reward: 7.400, Length: 11, Loss: 0.7397, Epsilon: 0.100
2026-03-15 01:54:11 | INFO | Episode  343 - Reward: 9.650, Length: 8, Loss: 0.6366, Epsilon: 0.100
2026-03-15 01:54:11 | INFO | Episode  344 - Reward: 9.650, Length: 8, Loss: 1.6565, Epsilon: 0.100
2026-03-15 01:54:12 | INFO | Episode  345 - Reward: 9.650, Length: 8, Loss: 0.5498, Epsilon: 0.100
2026-03-15 01:54:12 | INFO | Episode  346 - Reward: 7.500, Length: 9, Loss: 0.3547, Epsilon: 0.100
2026-03-15 01:54:12 | INFO | Episode  347 - Reward: 9.650, Length: 8, Loss: 0.4896, Epsilon: 0.100
2026-03-15 01:54:12 | INFO | Episode  348 - Reward: 9.650, Length: 8, Loss: 0.1678, Epsilon: 0.100
2026-03-15 01:54:13 | INFO | Episode  349 - Reward: 7.700, Length: 8, Loss: 0.1113, Epsilon: 0.100
2026-03-15 01:54:13 | INFO | Episode  350 - Reward: 9.450, Length: 9, Loss: 1.0477, Epsilon: 0.100
2026-03-15 01:54:16 | INFO | [Episode  350] eps=0.100  avg_reward=   7.153  avg_length= 12.22  avg_loss=  0.6508  eval_success=1.000
2026-03-15 01:54:16 | INFO | Episode  351 - Reward: 9.650, Length: 8, Loss: 0.5519, Epsilon: 0.100
2026-03-15 01:54:16 | INFO | Episode  352 - Reward: 9.650, Length: 8, Loss: 1.2753, Epsilon: 0.100
2026-03-15 01:54:17 | INFO | Episode  353 - Reward: 9.650, Length: 8, Loss: 1.4053, Epsilon: 0.100
2026-03-15 01:54:17 | INFO | Episode  354 - Reward: 5.650, Length: 10, Loss: 1.7097, Epsilon: 0.100
2026-03-15 01:54:17 | INFO | Episode  355 - Reward: 7.600, Length: 10, Loss: 0.8471, Epsilon: 0.100
2026-03-15 01:54:17 | INFO | Episode  356 - Reward: 7.600, Length: 10, Loss: 0.5814, Epsilon: 0.100
2026-03-15 01:54:18 | INFO | Episode  357 - Reward: 9.650, Length: 8, Loss: 0.6086, Epsilon: 0.100
2026-03-15 01:54:18 | INFO | Episode  358 - Reward: 7.600, Length: 10, Loss: 0.6993, Epsilon: 0.100
2026-03-15 01:54:18 | INFO | Episode  359 - Reward: 9.150, Length: 12, Loss: 0.3408, Epsilon: 0.100
2026-03-15 01:54:19 | INFO | Episode  360 - Reward: 9.550, Length: 10, Loss: 0.5081, Epsilon: 0.100
2026-03-15 01:54:19 | INFO | Episode  361 - Reward: 9.550, Length: 10, Loss: 0.5135, Epsilon: 0.100
2026-03-15 01:54:19 | INFO | Episode  362 - Reward: 9.650, Length: 8, Loss: 1.4311, Epsilon: 0.100
2026-03-15 01:54:19 | INFO | Episode  363 - Reward: 7.700, Length: 8, Loss: 0.9827, Epsilon: 0.100
2026-03-15 01:54:20 | INFO | Episode  364 - Reward: 9.350, Length: 11, Loss: 1.0964, Epsilon: 0.100
2026-03-15 01:54:21 | INFO | Episode  365 - Reward: -7.550, Length: 40, Loss: 0.8315, Epsilon: 0.100
2026-03-15 01:54:21 | INFO | Episode  366 - Reward: 7.700, Length: 8, Loss: 0.2186, Epsilon: 0.100
2026-03-15 01:54:21 | INFO | Episode  367 - Reward: 6.900, Length: 15, Loss: 0.2858, Epsilon: 0.100
2026-03-15 01:54:22 | INFO | Episode  368 - Reward: 7.600, Length: 10, Loss: 1.2815, Epsilon: 0.100
2026-03-15 01:54:22 | INFO | Episode  369 - Reward: 9.650, Length: 8, Loss: 1.3174, Epsilon: 0.100
2026-03-15 01:54:22 | INFO | Episode  370 - Reward: 9.650, Length: 8, Loss: 0.1419, Epsilon: 0.100
2026-03-15 01:54:22 | INFO | Episode  371 - Reward: 9.450, Length: 9, Loss: 0.5237, Epsilon: 0.100
2026-03-15 01:54:22 | INFO | Episode  372 - Reward: 9.650, Length: 8, Loss: 1.6015, Epsilon: 0.100
2026-03-15 01:54:23 | INFO | Episode  373 - Reward: 9.650, Length: 8, Loss: 0.5653, Epsilon: 0.100
2026-03-15 01:54:23 | INFO | Episode  374 - Reward: 9.650, Length: 8, Loss: 0.6816, Epsilon: 0.100
2026-03-15 01:54:23 | INFO | Episode  375 - Reward: 9.650, Length: 8, Loss: 0.2709, Epsilon: 0.100
2026-03-15 01:54:23 | INFO | Episode  376 - Reward: 9.550, Length: 10, Loss: 0.4358, Epsilon: 0.100
2026-03-15 01:54:24 | INFO | Episode  377 - Reward: 7.600, Length: 10, Loss: 1.0590, Epsilon: 0.100
2026-03-15 01:54:24 | INFO | Episode  378 - Reward: 9.450, Length: 9, Loss: 0.3094, Epsilon: 0.100
2026-03-15 01:54:24 | INFO | Episode  379 - Reward: 9.350, Length: 11, Loss: 0.7304, Epsilon: 0.100
2026-03-15 01:54:25 | INFO | Episode  380 - Reward: -6.500, Length: 40, Loss: 0.8582, Epsilon: 0.100
2026-03-15 01:54:26 | INFO | Episode  381 - Reward: -10.250, Length: 40, Loss: 1.0704, Epsilon: 0.100
2026-03-15 01:54:26 | INFO | Episode  382 - Reward: 9.450, Length: 9, Loss: 0.3612, Epsilon: 0.100
2026-03-15 01:54:27 | INFO | Episode  383 - Reward: 7.700, Length: 8, Loss: 1.9998, Epsilon: 0.100
2026-03-15 01:54:27 | INFO | Episode  384 - Reward: 7.700, Length: 8, Loss: 0.9023, Epsilon: 0.100
2026-03-15 01:54:27 | INFO | Episode  385 - Reward: 9.650, Length: 8, Loss: 0.3597, Epsilon: 0.100
2026-03-15 01:54:27 | INFO | Episode  386 - Reward: 9.650, Length: 8, Loss: 0.2717, Epsilon: 0.100
2026-03-15 01:54:28 | INFO | Episode  387 - Reward: 7.400, Length: 11, Loss: 0.8364, Epsilon: 0.100
2026-03-15 01:54:28 | INFO | Episode  388 - Reward: 7.700, Length: 8, Loss: 1.5786, Epsilon: 0.100
2026-03-15 01:54:28 | INFO | Episode  389 - Reward: 9.650, Length: 8, Loss: 0.7842, Epsilon: 0.100
2026-03-15 01:54:28 | INFO | Episode  390 - Reward: 7.600, Length: 10, Loss: 0.4744, Epsilon: 0.100
2026-03-15 01:54:28 | INFO | Episode  391 - Reward: 9.650, Length: 8, Loss: 0.1154, Epsilon: 0.100
2026-03-15 01:54:29 | INFO | Episode  392 - Reward: 7.600, Length: 10, Loss: 1.0617, Epsilon: 0.100
2026-03-15 01:54:29 | INFO | Episode  393 - Reward: 7.700, Length: 8, Loss: 1.1191, Epsilon: 0.100
2026-03-15 01:54:29 | INFO | Episode  394 - Reward: 7.600, Length: 10, Loss: 0.4059, Epsilon: 0.100
2026-03-15 01:54:29 | INFO | Episode  395 - Reward: 9.650, Length: 8, Loss: 0.8614, Epsilon: 0.100
2026-03-15 01:54:30 | INFO | Episode  396 - Reward: 7.700, Length: 8, Loss: 1.0258, Epsilon: 0.100
2026-03-15 01:54:30 | INFO | Episode  397 - Reward: 7.600, Length: 10, Loss: 0.8789, Epsilon: 0.100
2026-03-15 01:54:30 | INFO | Episode  398 - Reward: 9.650, Length: 8, Loss: 0.7699, Epsilon: 0.100
2026-03-15 01:54:30 | INFO | Episode  399 - Reward: 9.650, Length: 8, Loss: 1.6675, Epsilon: 0.100
2026-03-15 01:54:31 | INFO | Episode  400 - Reward: -8.900, Length: 40, Loss: 0.6007, Epsilon: 0.100
2026-03-15 01:54:34 | INFO | [Episode  400] eps=0.100  avg_reward=   7.352  avg_length= 11.54  avg_loss=  0.8162  eval_success=1.000
2026-03-15 01:54:34 | INFO | Episode  401 - Reward: 9.650, Length: 8, Loss: 0.5930, Epsilon: 0.100
2026-03-15 01:54:34 | INFO | Episode  402 - Reward: 9.450, Length: 9, Loss: 0.8785, Epsilon: 0.100
2026-03-15 01:54:35 | INFO | Episode  403 - Reward: 9.450, Length: 9, Loss: 0.6257, Epsilon: 0.100
2026-03-15 01:54:35 | INFO | Episode  404 - Reward: 9.450, Length: 9, Loss: 0.8758, Epsilon: 0.100
2026-03-15 01:54:35 | INFO | Episode  405 - Reward: 9.450, Length: 9, Loss: 0.6624, Epsilon: 0.100
2026-03-15 01:54:35 | INFO | Episode  406 - Reward: 9.650, Length: 8, Loss: 0.5000, Epsilon: 0.100
2026-03-15 01:54:36 | INFO | Episode  407 - Reward: 7.950, Length: 18, Loss: 0.5358, Epsilon: 0.100
2026-03-15 01:54:36 | INFO | Episode  408 - Reward: 9.650, Length: 8, Loss: 0.3888, Epsilon: 0.100
2026-03-15 01:54:36 | INFO | Episode  409 - Reward: 9.050, Length: 11, Loss: 0.8292, Epsilon: 0.100
2026-03-15 01:54:37 | INFO | Episode  410 - Reward: 9.650, Length: 8, Loss: 0.8864, Epsilon: 0.100
2026-03-15 01:54:37 | INFO | Episode  411 - Reward: 7.700, Length: 8, Loss: 0.8537, Epsilon: 0.100
2026-03-15 01:54:37 | INFO | Episode  412 - Reward: 9.450, Length: 9, Loss: 1.1802, Epsilon: 0.100
2026-03-15 01:54:38 | INFO | Episode  413 - Reward: -7.400, Length: 40, Loss: 0.5335, Epsilon: 0.100
2026-03-15 01:54:38 | INFO | Episode  414 - Reward: 9.650, Length: 8, Loss: 0.5288, Epsilon: 0.100
2026-03-15 01:54:39 | INFO | Episode  415 - Reward: 9.650, Length: 8, Loss: 0.1637, Epsilon: 0.100
2026-03-15 01:54:39 | INFO | Episode  416 - Reward: 9.650, Length: 8, Loss: 0.5888, Epsilon: 0.100
2026-03-15 01:54:39 | INFO | Episode  417 - Reward: 9.650, Length: 8, Loss: 0.5407, Epsilon: 0.100
2026-03-15 01:54:39 | INFO | Episode  418 - Reward: 9.550, Length: 10, Loss: 0.8396, Epsilon: 0.100
2026-03-15 01:54:39 | INFO | Episode  419 - Reward: 9.650, Length: 8, Loss: 0.8135, Epsilon: 0.100
2026-03-15 01:54:40 | INFO | Episode  420 - Reward: 9.650, Length: 8, Loss: 0.6666, Epsilon: 0.100
2026-03-15 01:54:40 | INFO | Episode  421 - Reward: 9.650, Length: 8, Loss: 0.3598, Epsilon: 0.100
2026-03-15 01:54:40 | INFO | Episode  422 - Reward: 9.650, Length: 8, Loss: 0.1135, Epsilon: 0.100
2026-03-15 01:54:40 | INFO | Episode  423 - Reward: 9.250, Length: 10, Loss: 0.8735, Epsilon: 0.100
2026-03-15 01:54:41 | INFO | Episode  424 - Reward: 9.250, Length: 10, Loss: 0.4336, Epsilon: 0.100
2026-03-15 01:54:41 | INFO | Episode  425 - Reward: 9.550, Length: 10, Loss: 0.4593, Epsilon: 0.100
2026-03-15 01:54:41 | INFO | Episode  426 - Reward: 7.400, Length: 11, Loss: 0.3541, Epsilon: 0.100
2026-03-15 01:54:41 | INFO | Episode  427 - Reward: 9.650, Length: 8, Loss: 0.1460, Epsilon: 0.100
2026-03-15 01:54:40 | INFO | Episode  428 - Reward: 9.450, Length: 9, Loss: 0.7538, Epsilon: 0.100
2026-03-15 01:54:41 | INFO | Episode  429 - Reward: 9.250, Length: 10, Loss: 1.0637, Epsilon: 0.100
2026-03-15 01:54:41 | INFO | Episode  430 - Reward: 9.650, Length: 8, Loss: 0.9298, Epsilon: 0.100
2026-03-15 01:54:42 | INFO | Episode  431 - Reward: -7.400, Length: 40, Loss: 0.5761, Epsilon: 0.100
2026-03-15 01:54:42 | INFO | Episode  432 - Reward: 9.550, Length: 10, Loss: 0.5359, Epsilon: 0.100
2026-03-15 01:54:43 | INFO | Episode  433 - Reward: 9.650, Length: 8, Loss: 0.6546, Epsilon: 0.100
2026-03-15 01:54:43 | INFO | Episode  434 - Reward: 9.650, Length: 8, Loss: 0.8222, Epsilon: 0.100
2026-03-15 01:54:43 | INFO | Episode  435 - Reward: 9.650, Length: 8, Loss: 0.5768, Epsilon: 0.100
2026-03-15 01:54:43 | INFO | Episode  436 - Reward: 9.450, Length: 9, Loss: 1.1896, Epsilon: 0.100
2026-03-15 01:54:44 | INFO | Episode  437 - Reward: 7.500, Length: 9, Loss: 0.7979, Epsilon: 0.100
2026-03-15 01:54:44 | INFO | Episode  438 - Reward: 7.600, Length: 10, Loss: 0.8094, Epsilon: 0.100
2026-03-15 01:54:44 | INFO | Episode  439 - Reward: 9.650, Length: 8, Loss: 0.9835, Epsilon: 0.100
2026-03-15 01:54:44 | INFO | Episode  440 - Reward: 9.650, Length: 8, Loss: 0.5177, Epsilon: 0.100
2026-03-15 01:54:45 | INFO | Episode  441 - Reward: 9.650, Length: 8, Loss: 1.8896, Epsilon: 0.100
2026-03-15 01:54:45 | INFO | Episode  442 - Reward: 9.550, Length: 10, Loss: 0.1122, Epsilon: 0.100
2026-03-15 01:54:45 | INFO | Episode  443 - Reward: 9.650, Length: 8, Loss: 0.3517, Epsilon: 0.100
2026-03-15 01:54:45 | INFO | Episode  444 - Reward: 9.650, Length: 8, Loss: 0.6994, Epsilon: 0.100
2026-03-15 01:54:45 | INFO | Episode  445 - Reward: 7.700, Length: 8, Loss: 0.1871, Epsilon: 0.100
2026-03-15 01:54:46 | INFO | Episode  446 - Reward: 9.650, Length: 8, Loss: 0.4274, Epsilon: 0.100
2026-03-15 01:54:46 | INFO | Episode  447 - Reward: 9.650, Length: 8, Loss: 0.2944, Epsilon: 0.100
2026-03-15 01:54:46 | INFO | Episode  448 - Reward: 9.650, Length: 8, Loss: 0.5016, Epsilon: 0.100
2026-03-15 01:54:46 | INFO | Episode  449 - Reward: 7.600, Length: 10, Loss: 0.6938, Epsilon: 0.100
2026-03-15 01:54:47 | INFO | Episode  450 - Reward: 7.400, Length: 11, Loss: 0.9065, Epsilon: 0.100
2026-03-15 01:54:50 | INFO | [Episode  450] eps=0.100  avg_reward=   8.569  avg_length= 10.18  avg_loss=  0.6500  eval_success=1.000
2026-03-15 01:54:50 | INFO | Episode  451 - Reward: 9.450, Length: 9, Loss: 0.3302, Epsilon: 0.100
2026-03-15 01:54:51 | INFO | Episode  452 - Reward: 4.150, Length: 37, Loss: 0.8802, Epsilon: 0.100
2026-03-15 01:54:51 | INFO | Episode  453 - Reward: 9.650, Length: 8, Loss: 0.6276, Epsilon: 0.100
2026-03-15 01:54:51 | INFO | Episode  454 - Reward: 9.650, Length: 8, Loss: 0.7812, Epsilon: 0.100
2026-03-15 01:54:52 | INFO | Episode  455 - Reward: -7.400, Length: 40, Loss: 0.6316, Epsilon: 0.100
2026-03-15 01:54:53 | INFO | Episode  456 - Reward: 9.650, Length: 8, Loss: 0.8444, Epsilon: 0.100
2026-03-15 01:54:53 | INFO | Episode  457 - Reward: 9.450, Length: 9, Loss: 0.8211, Epsilon: 0.100
2026-03-15 01:54:53 | INFO | Episode  458 - Reward: 7.300, Length: 10, Loss: 0.8233, Epsilon: 0.100
2026-03-15 01:54:53 | INFO | Episode  459 - Reward: 9.650, Length: 8, Loss: 0.0869, Epsilon: 0.100
2026-03-15 01:54:54 | INFO | Episode  460 - Reward: 9.650, Length: 8, Loss: 0.1200, Epsilon: 0.100
2026-03-15 01:54:54 | INFO | Episode  461 - Reward: 7.300, Length: 13, Loss: 1.1665, Epsilon: 0.100
2026-03-15 01:54:54 | INFO | Episode  462 - Reward: 9.650, Length: 8, Loss: 0.0904, Epsilon: 0.100
2026-03-15 01:54:55 | INFO | Episode  463 - Reward: -7.850, Length: 40, Loss: 0.8344, Epsilon: 0.100
2026-03-15 01:54:56 | INFO | Episode  464 - Reward: 9.650, Length: 8, Loss: 0.1514, Epsilon: 0.100
2026-03-15 01:54:56 | INFO | Episode  465 - Reward: 7.600, Length: 10, Loss: 0.0919, Epsilon: 0.100
2026-03-15 01:54:56 | INFO | Episode  466 - Reward: 9.450, Length: 9, Loss: 0.6479, Epsilon: 0.100
2026-03-15 01:54:56 | INFO | Episode  467 - Reward: 9.650, Length: 8, Loss: 1.2611, Epsilon: 0.100
2026-03-15 01:54:57 | INFO | Episode  468 - Reward: 9.650, Length: 8, Loss: 0.6854, Epsilon: 0.100
2026-03-15 01:54:57 | INFO | Episode  469 - Reward: 9.350, Length: 11, Loss: 1.4273, Epsilon: 0.100
2026-03-15 01:54:57 | INFO | Episode  470 - Reward: 9.450, Length: 9, Loss: 0.3573, Epsilon: 0.100
2026-03-15 01:54:57 | INFO | Episode  471 - Reward: 9.650, Length: 8, Loss: 1.0612, Epsilon: 0.100
2026-03-15 01:54:58 | INFO | Episode  472 - Reward: 7.700, Length: 8, Loss: 0.8100, Epsilon: 0.100
2026-03-15 01:54:58 | INFO | Episode  473 - Reward: 7.500, Length: 9, Loss: 1.1714, Epsilon: 0.100
2026-03-15 01:54:58 | INFO | Episode  474 - Reward: 9.650, Length: 8, Loss: 0.9256, Epsilon: 0.100
2026-03-15 01:54:58 | INFO | Episode  475 - Reward: 9.650, Length: 8, Loss: 0.1106, Epsilon: 0.100
2026-03-15 01:54:58 | INFO | Episode  476 - Reward: 9.650, Length: 8, Loss: 0.2696, Epsilon: 0.100
2026-03-15 01:54:59 | INFO | Episode  477 - Reward: 9.650, Length: 8, Loss: 0.8124, Epsilon: 0.100
2026-03-15 01:54:59 | INFO | Episode  478 - Reward: 9.650, Length: 8, Loss: 1.2328, Epsilon: 0.100
2026-03-15 01:55:00 | INFO | Episode  479 - Reward: -8.300, Length: 40, Loss: 0.6253, Epsilon: 0.100
2026-03-15 01:55:00 | INFO | Episode  480 - Reward: 9.650, Length: 8, Loss: 0.1015, Epsilon: 0.100
2026-03-15 01:55:00 | INFO | Episode  481 - Reward: 9.650, Length: 8, Loss: 0.4914, Epsilon: 0.100
2026-03-15 01:55:01 | INFO | Episode  482 - Reward: 9.450, Length: 9, Loss: 0.1226, Epsilon: 0.100
2026-03-15 01:55:01 | INFO | Episode  483 - Reward: 9.650, Length: 8, Loss: 1.4785, Epsilon: 0.100
2026-03-15 01:55:02 | INFO | Episode  484 - Reward: -6.500, Length: 40, Loss: 0.4952, Epsilon: 0.100
2026-03-15 01:55:02 | INFO | Episode  485 - Reward: 9.650, Length: 8, Loss: 0.4364, Epsilon: 0.100
2026-03-15 01:55:02 | INFO | Episode  486 - Reward: 9.650, Length: 8, Loss: 0.8852, Epsilon: 0.100
2026-03-15 01:55:02 | INFO | Episode  487 - Reward: 9.450, Length: 9, Loss: 0.3303, Epsilon: 0.100
2026-03-15 01:55:03 | INFO | Episode  488 - Reward: 9.550, Length: 10, Loss: 0.9281, Epsilon: 0.100
2026-03-15 01:55:03 | INFO | Episode  489 - Reward: 9.650, Length: 8, Loss: 0.3331, Epsilon: 0.100
2026-03-15 01:55:03 | INFO | Episode  490 - Reward: 9.650, Length: 8, Loss: 1.5733, Epsilon: 0.100
2026-03-15 01:55:03 | INFO | Episode  491 - Reward: 9.250, Length: 10, Loss: 0.4550, Epsilon: 0.100
2026-03-15 01:55:04 | INFO | Episode  492 - Reward: 9.650, Length: 8, Loss: 0.3963, Epsilon: 0.100
2026-03-15 01:55:04 | INFO | Episode  493 - Reward: 9.350, Length: 14, Loss: 0.2393, Epsilon: 0.100
2026-03-15 01:55:04 | INFO | Episode  494 - Reward: 9.650, Length: 8, Loss: 0.8608, Epsilon: 0.100
2026-03-15 01:55:04 | INFO | Episode  495 - Reward: 9.650, Length: 8, Loss: 0.5324, Epsilon: 0.100
2026-03-15 01:55:05 | INFO | Episode  496 - Reward: 9.650, Length: 8, Loss: 0.1223, Epsilon: 0.100
2026-03-15 01:55:05 | INFO | Episode  497 - Reward: 9.650, Length: 8, Loss: 0.9069, Epsilon: 0.100
2026-03-15 01:55:05 | INFO | Episode  498 - Reward: 9.550, Length: 10, Loss: 0.2550, Epsilon: 0.100
2026-03-15 01:55:05 | INFO | Episode  499 - Reward: 9.650, Length: 8, Loss: 0.0764, Epsilon: 0.100
2026-03-15 01:55:06 | INFO | Episode  500 - Reward: 6.800, Length: 20, Loss: 0.5121, Epsilon: 0.100
2026-03-15 01:55:08 | INFO | [Episode  500] eps=0.100  avg_reward=   7.845  avg_length= 12.00  avg_loss=  0.6242  eval_success=1.000
2026-03-15 01:55:18 | INFO | [Final Evaluation] eval_success=1.000
